[0.011s] Invoking command in '/home/jack/work/build/hiwin_interfaces': CMAKE_PREFIX_PATH=/opt/ros/humble /usr/bin/cmake --build /home/jack/work/build/hiwin_interfaces -- -j16 -l16
[0.052s] [  2%] Built target hiwin_interfaces__cpp
[0.054s] [  5%] Built target hiwin_interfaces__rs
[0.054s] [ 15%] Built target hiwin_interfaces__rosidl_generator_c
[0.065s] [ 15%] Built target ament_cmake_python_copy_hiwin_interfaces
[0.081s] [ 35%] Built target hiwin_interfaces__rosidl_typesupport_cpp
[0.081s] [ 35%] Built target hiwin_interfaces__rosidl_typesupport_fastrtps_cpp
[0.088s] [ 45%] Built target hiwin_interfaces__rosidl_typesupport_introspection_cpp
[0.089s] [ 55%] Built target hiwin_interfaces__rosidl_typesupport_introspection_c
[0.089s] [ 65%] Built target hiwin_interfaces__rosidl_typesupport_fastrtps_c
[0.091s] [ 75%] Built target hiwin_interfaces__rosidl_typesupport_c
[0.109s] [ 75%] Built target hiwin_interfaces
[0.133s] [ 77%] Built target hiwin_interfaces__py
[0.146s] [35m[1mConsolidate compiler generated dependencies of target hiwin_interfaces__rosidl_generator_py[0m
[0.160s] [ 85%] Built target hiwin_interfaces__rosidl_generator_py
[0.184s] [ 90%] Built target hiwin_interfaces__rosidl_typesupport_c__pyext
[0.186s] [ 95%] Built target hiwin_interfaces__rosidl_typesupport_fastrtps_c__pyext
[0.186s] [100%] Built target hiwin_interfaces__rosidl_typesupport_introspection_c__pyext
[0.233s] running egg_info
[0.241s] writing hiwin_interfaces.egg-info/PKG-INFO
[0.241s] writing dependency_links to hiwin_interfaces.egg-info/dependency_links.txt
[0.242s] writing top-level names to hiwin_interfaces.egg-info/top_level.txt
[0.266s] reading manifest file 'hiwin_interfaces.egg-info/SOURCES.txt'
[0.267s] writing manifest file 'hiwin_interfaces.egg-info/SOURCES.txt'
[0.291s] [100%] Built target ament_cmake_python_build_hiwin_interfaces_egg
[0.302s] Invoked command in '/home/jack/work/build/hiwin_interfaces' returned '0': CMAKE_PREFIX_PATH=/opt/ros/humble /usr/bin/cmake --build /home/jack/work/build/hiwin_interfaces -- -j16 -l16
[0.309s] Invoking command in '/home/jack/work/build/hiwin_interfaces': CMAKE_PREFIX_PATH=/opt/ros/humble /usr/bin/cmake --install /home/jack/work/build/hiwin_interfaces
[0.317s] -- Install configuration: ""
[0.317s] -- Up-to-date: /home/jack/work/install/hiwin_interfaces/share/ament_index/resource_index/rosidl_interfaces/hiwin_interfaces
[0.317s] -- Up-to-date: /home/jack/work/install/hiwin_interfaces/include/hiwin_interfaces/hiwin_interfaces
[0.317s] -- Up-to-date: /home/jack/work/install/hiwin_interfaces/include/hiwin_interfaces/hiwin_interfaces/msg
[0.318s] -- Up-to-date: /home/jack/work/install/hiwin_interfaces/include/hiwin_interfaces/hiwin_interfaces/msg/rosidl_generator_c__visibility_control.h
[0.318s] -- Up-to-date: /home/jack/work/install/hiwin_interfaces/include/hiwin_interfaces/hiwin_interfaces/srv
[0.318s] -- Up-to-date: /home/jack/work/install/hiwin_interfaces/include/hiwin_interfaces/hiwin_interfaces/srv/robot_command.h
[0.318s] -- Up-to-date: /home/jack/work/install/hiwin_interfaces/include/hiwin_interfaces/hiwin_interfaces/srv/detail
[0.318s] -- Up-to-date: /home/jack/work/install/hiwin_interfaces/include/hiwin_interfaces/hiwin_interfaces/srv/detail/robot_command__type_support.h
[0.318s] -- Up-to-date: /home/jack/work/install/hiwin_interfaces/include/hiwin_interfaces/hiwin_interfaces/srv/detail/hiwinmodbus__functions.c
[0.318s] -- Up-to-date: /home/jack/work/install/hiwin_interfaces/include/hiwin_interfaces/hiwin_interfaces/srv/detail/hiwinmodbus__functions.h
[0.318s] -- Up-to-date: /home/jack/work/install/hiwin_interfaces/include/hiwin_interfaces/hiwin_interfaces/srv/detail/hiwinmodbus__type_support.h
[0.318s] -- Up-to-date: /home/jack/work/install/hiwin_interfaces/include/hiwin_interfaces/hiwin_interfaces/srv/detail/robot_command__functions.h
[0.318s] -- Up-to-date: /home/jack/work/install/hiwin_interfaces/include/hiwin_interfaces/hiwin_interfaces/srv/detail/robot_command__functions.c
[0.318s] -- Up-to-date: /home/jack/work/install/hiwin_interfaces/include/hiwin_interfaces/hiwin_interfaces/srv/detail/hiwinmodbus__struct.h
[0.319s] -- Up-to-date: /home/jack/work/install/hiwin_interfaces/include/hiwin_interfaces/hiwin_interfaces/srv/detail/robot_command__struct.h
[0.319s] -- Up-to-date: /home/jack/work/install/hiwin_interfaces/include/hiwin_interfaces/hiwin_interfaces/srv/hiwinmodbus.h
[0.319s] -- Up-to-date: /home/jack/work/install/hiwin_interfaces/share/hiwin_interfaces/environment/library_path.sh
[0.319s] -- Up-to-date: /home/jack/work/install/hiwin_interfaces/share/hiwin_interfaces/environment/library_path.dsv
[0.319s] -- Up-to-date: /home/jack/work/install/hiwin_interfaces/lib/libhiwin_interfaces__rosidl_generator_c.so
[0.319s] -- Up-to-date: /home/jack/work/install/hiwin_interfaces/include/hiwin_interfaces/hiwin_interfaces
[0.319s] -- Up-to-date: /home/jack/work/install/hiwin_interfaces/include/hiwin_interfaces/hiwin_interfaces/msg
[0.320s] -- Up-to-date: /home/jack/work/install/hiwin_interfaces/include/hiwin_interfaces/hiwin_interfaces/msg/rosidl_typesupport_fastrtps_c__visibility_control.h
[0.320s] -- Up-to-date: /home/jack/work/install/hiwin_interfaces/include/hiwin_interfaces/hiwin_interfaces/srv
[0.320s] -- Up-to-date: /home/jack/work/install/hiwin_interfaces/include/hiwin_interfaces/hiwin_interfaces/srv/detail
[0.320s] -- Up-to-date: /home/jack/work/install/hiwin_interfaces/include/hiwin_interfaces/hiwin_interfaces/srv/detail/robot_command__rosidl_typesupport_fastrtps_c.h
[0.320s] -- Up-to-date: /home/jack/work/install/hiwin_interfaces/include/hiwin_interfaces/hiwin_interfaces/srv/detail/hiwinmodbus__rosidl_typesupport_fastrtps_c.h
[0.320s] -- Up-to-date: /home/jack/work/install/hiwin_interfaces/lib/libhiwin_interfaces__rosidl_typesupport_fastrtps_c.so
[0.320s] -- Up-to-date: /home/jack/work/install/hiwin_interfaces/include/hiwin_interfaces/hiwin_interfaces
[0.320s] -- Up-to-date: /home/jack/work/install/hiwin_interfaces/include/hiwin_interfaces/hiwin_interfaces/msg
[0.320s] -- Up-to-date: /home/jack/work/install/hiwin_interfaces/include/hiwin_interfaces/hiwin_interfaces/msg/rosidl_generator_cpp__visibility_control.hpp
[0.321s] -- Up-to-date: /home/jack/work/install/hiwin_interfaces/include/hiwin_interfaces/hiwin_interfaces/srv
[0.321s] -- Up-to-date: /home/jack/work/install/hiwin_interfaces/include/hiwin_interfaces/hiwin_interfaces/srv/robot_command.hpp
[0.321s] -- Up-to-date: /home/jack/work/install/hiwin_interfaces/include/hiwin_interfaces/hiwin_interfaces/srv/hiwinmodbus.hpp
[0.321s] -- Up-to-date: /home/jack/work/install/hiwin_interfaces/include/hiwin_interfaces/hiwin_interfaces/srv/detail
[0.321s] -- Up-to-date: /home/jack/work/install/hiwin_interfaces/include/hiwin_interfaces/hiwin_interfaces/srv/detail/robot_command__type_support.hpp
[0.321s] -- Up-to-date: /home/jack/work/install/hiwin_interfaces/include/hiwin_interfaces/hiwin_interfaces/srv/detail/robot_command__struct.hpp
[0.321s] -- Up-to-date: /home/jack/work/install/hiwin_interfaces/include/hiwin_interfaces/hiwin_interfaces/srv/detail/robot_command__builder.hpp
[0.321s] -- Up-to-date: /home/jack/work/install/hiwin_interfaces/include/hiwin_interfaces/hiwin_interfaces/srv/detail/hiwinmodbus__type_support.hpp
[0.322s] -- Up-to-date: /home/jack/work/install/hiwin_interfaces/include/hiwin_interfaces/hiwin_interfaces/srv/detail/robot_command__traits.hpp
[0.322s] -- Up-to-date: /home/jack/work/install/hiwin_interfaces/include/hiwin_interfaces/hiwin_interfaces/srv/detail/hiwinmodbus__builder.hpp
[0.322s] -- Up-to-date: /home/jack/work/install/hiwin_interfaces/include/hiwin_interfaces/hiwin_interfaces/srv/detail/hiwinmodbus__struct.hpp
[0.322s] -- Up-to-date: /home/jack/work/install/hiwin_interfaces/include/hiwin_interfaces/hiwin_interfaces/srv/detail/hiwinmodbus__traits.hpp
[0.322s] -- Up-to-date: /home/jack/work/install/hiwin_interfaces/include/hiwin_interfaces/hiwin_interfaces
[0.322s] -- Up-to-date: /home/jack/work/install/hiwin_interfaces/include/hiwin_interfaces/hiwin_interfaces/msg
[0.322s] -- Up-to-date: /home/jack/work/install/hiwin_interfaces/include/hiwin_interfaces/hiwin_interfaces/msg/rosidl_typesupport_fastrtps_cpp__visibility_control.h
[0.322s] -- Up-to-date: /home/jack/work/install/hiwin_interfaces/include/hiwin_interfaces/hiwin_interfaces/srv
[0.322s] -- Up-to-date: /home/jack/work/install/hiwin_interfaces/include/hiwin_interfaces/hiwin_interfaces/srv/detail
[0.322s] -- Up-to-date: /home/jack/work/install/hiwin_interfaces/include/hiwin_interfaces/hiwin_interfaces/srv/detail/hiwinmodbus__rosidl_typesupport_fastrtps_cpp.hpp
[0.323s] -- Up-to-date: /home/jack/work/install/hiwin_interfaces/include/hiwin_interfaces/hiwin_interfaces/srv/detail/dds_fastrtps
[0.324s] -- Up-to-date: /home/jack/work/install/hiwin_interfaces/include/hiwin_interfaces/hiwin_interfaces/srv/detail/robot_command__rosidl_typesupport_fastrtps_cpp.hpp
[0.325s] -- Up-to-date: /home/jack/work/install/hiwin_interfaces/lib/libhiwin_interfaces__rosidl_typesupport_fastrtps_cpp.so
[0.325s] -- Up-to-date: /home/jack/work/install/hiwin_interfaces/include/hiwin_interfaces/hiwin_interfaces
[0.325s] -- Up-to-date: /home/jack/work/install/hiwin_interfaces/include/hiwin_interfaces/hiwin_interfaces/msg
[0.325s] -- Up-to-date: /home/jack/work/install/hiwin_interfaces/include/hiwin_interfaces/hiwin_interfaces/msg/rosidl_typesupport_introspection_c__visibility_control.h
[0.325s] -- Up-to-date: /home/jack/work/install/hiwin_interfaces/include/hiwin_interfaces/hiwin_interfaces/srv
[0.325s] -- Up-to-date: /home/jack/work/install/hiwin_interfaces/include/hiwin_interfaces/hiwin_interfaces/srv/detail
[0.326s] -- Up-to-date: /home/jack/work/install/hiwin_interfaces/include/hiwin_interfaces/hiwin_interfaces/srv/detail/hiwinmodbus__type_support.c
[0.326s] -- Up-to-date: /home/jack/work/install/hiwin_interfaces/include/hiwin_interfaces/hiwin_interfaces/srv/detail/hiwinmodbus__rosidl_typesupport_introspection_c.h
[0.326s] -- Up-to-date: /home/jack/work/install/hiwin_interfaces/include/hiwin_interfaces/hiwin_interfaces/srv/detail/robot_command__type_support.c
[0.326s] -- Up-to-date: /home/jack/work/install/hiwin_interfaces/include/hiwin_interfaces/hiwin_interfaces/srv/detail/robot_command__rosidl_typesupport_introspection_c.h
[0.328s] -- Up-to-date: /home/jack/work/install/hiwin_interfaces/lib/libhiwin_interfaces__rosidl_typesupport_introspection_c.so
[0.328s] -- Up-to-date: /home/jack/work/install/hiwin_interfaces/lib/libhiwin_interfaces__rosidl_typesupport_c.so
[0.329s] -- Up-to-date: /home/jack/work/install/hiwin_interfaces/include/hiwin_interfaces/hiwin_interfaces
[0.329s] -- Up-to-date: /home/jack/work/install/hiwin_interfaces/include/hiwin_interfaces/hiwin_interfaces/srv
[0.329s] -- Up-to-date: /home/jack/work/install/hiwin_interfaces/include/hiwin_interfaces/hiwin_interfaces/srv/detail
[0.329s] -- Up-to-date: /home/jack/work/install/hiwin_interfaces/include/hiwin_interfaces/hiwin_interfaces/srv/detail/hiwinmodbus__type_support.cpp
[0.329s] -- Up-to-date: /home/jack/work/install/hiwin_interfaces/include/hiwin_interfaces/hiwin_interfaces/srv/detail/hiwinmodbus__rosidl_typesupport_introspection_cpp.hpp
[0.329s] -- Up-to-date: /home/jack/work/install/hiwin_interfaces/include/hiwin_interfaces/hiwin_interfaces/srv/detail/robot_command__rosidl_typesupport_introspection_cpp.hpp
[0.329s] -- Up-to-date: /home/jack/work/install/hiwin_interfaces/include/hiwin_interfaces/hiwin_interfaces/srv/detail/robot_command__type_support.cpp
[0.329s] -- Up-to-date: /home/jack/work/install/hiwin_interfaces/lib/libhiwin_interfaces__rosidl_typesupport_introspection_cpp.so
[0.331s] -- Up-to-date: /home/jack/work/install/hiwin_interfaces/lib/libhiwin_interfaces__rosidl_typesupport_cpp.so
[0.331s] -- Up-to-date: /home/jack/work/install/hiwin_interfaces/share/hiwin_interfaces/environment/pythonpath.sh
[0.333s] -- Up-to-date: /home/jack/work/install/hiwin_interfaces/share/hiwin_interfaces/environment/pythonpath.dsv
[0.334s] -- Up-to-date: /home/jack/work/install/hiwin_interfaces/local/lib/python3.10/dist-packages/hiwin_interfaces-0.0.0-py3.10.egg-info
[0.334s] -- Installing: /home/jack/work/install/hiwin_interfaces/local/lib/python3.10/dist-packages/hiwin_interfaces-0.0.0-py3.10.egg-info/top_level.txt
[0.335s] -- Installing: /home/jack/work/install/hiwin_interfaces/local/lib/python3.10/dist-packages/hiwin_interfaces-0.0.0-py3.10.egg-info/PKG-INFO
[0.336s] -- Installing: /home/jack/work/install/hiwin_interfaces/local/lib/python3.10/dist-packages/hiwin_interfaces-0.0.0-py3.10.egg-info/dependency_links.txt
[0.336s] -- Installing: /home/jack/work/install/hiwin_interfaces/local/lib/python3.10/dist-packages/hiwin_interfaces-0.0.0-py3.10.egg-info/SOURCES.txt
[0.337s] -- Up-to-date: /home/jack/work/install/hiwin_interfaces/local/lib/python3.10/dist-packages/hiwin_interfaces
[0.337s] -- Up-to-date: /home/jack/work/install/hiwin_interfaces/local/lib/python3.10/dist-packages/hiwin_interfaces/__init__.py
[0.337s] -- Up-to-date: /home/jack/work/install/hiwin_interfaces/local/lib/python3.10/dist-packages/hiwin_interfaces/_hiwin_interfaces_s.ep.rosidl_typesupport_c.c
[0.337s] -- Up-to-date: /home/jack/work/install/hiwin_interfaces/local/lib/python3.10/dist-packages/hiwin_interfaces/_hiwin_interfaces_s.ep.rosidl_typesupport_introspection_c.c
[0.337s] -- Up-to-date: /home/jack/work/install/hiwin_interfaces/local/lib/python3.10/dist-packages/hiwin_interfaces/_hiwin_interfaces_s.ep.rosidl_typesupport_fastrtps_c.c
[0.337s] -- Up-to-date: /home/jack/work/install/hiwin_interfaces/local/lib/python3.10/dist-packages/hiwin_interfaces/hiwin_interfaces_s__rosidl_typesupport_c.cpython-310-x86_64-linux-gnu.so
[0.337s] -- Up-to-date: /home/jack/work/install/hiwin_interfaces/local/lib/python3.10/dist-packages/hiwin_interfaces/hiwin_interfaces_s__rosidl_typesupport_introspection_c.cpython-310-x86_64-linux-gnu.so
[0.337s] -- Up-to-date: /home/jack/work/install/hiwin_interfaces/local/lib/python3.10/dist-packages/hiwin_interfaces/srv
[0.337s] -- Up-to-date: /home/jack/work/install/hiwin_interfaces/local/lib/python3.10/dist-packages/hiwin_interfaces/srv/__init__.py
[0.337s] -- Up-to-date: /home/jack/work/install/hiwin_interfaces/local/lib/python3.10/dist-packages/hiwin_interfaces/srv/_robot_command_s.c
[0.338s] -- Up-to-date: /home/jack/work/install/hiwin_interfaces/local/lib/python3.10/dist-packages/hiwin_interfaces/srv/_hiwinmodbus_s.c
[0.338s] -- Up-to-date: /home/jack/work/install/hiwin_interfaces/local/lib/python3.10/dist-packages/hiwin_interfaces/srv/_robot_command.py
[0.338s] -- Up-to-date: /home/jack/work/install/hiwin_interfaces/local/lib/python3.10/dist-packages/hiwin_interfaces/srv/_hiwinmodbus.py
[0.338s] -- Up-to-date: /home/jack/work/install/hiwin_interfaces/local/lib/python3.10/dist-packages/hiwin_interfaces/libhiwin_interfaces__rosidl_generator_py.so
[0.338s] -- Up-to-date: /home/jack/work/install/hiwin_interfaces/local/lib/python3.10/dist-packages/hiwin_interfaces/hiwin_interfaces_s__rosidl_typesupport_fastrtps_c.cpython-310-x86_64-linux-gnu.so
[0.345s] Listing '/home/jack/work/install/hiwin_interfaces/local/lib/python3.10/dist-packages/hiwin_interfaces'...
[0.345s] Listing '/home/jack/work/install/hiwin_interfaces/local/lib/python3.10/dist-packages/hiwin_interfaces/srv'...
[0.350s] -- Up-to-date: /home/jack/work/install/hiwin_interfaces/local/lib/python3.10/dist-packages/hiwin_interfaces/hiwin_interfaces_s__rosidl_typesupport_fastrtps_c.cpython-310-x86_64-linux-gnu.so
[0.350s] -- Up-to-date: /home/jack/work/install/hiwin_interfaces/local/lib/python3.10/dist-packages/hiwin_interfaces/hiwin_interfaces_s__rosidl_typesupport_introspection_c.cpython-310-x86_64-linux-gnu.so
[0.350s] -- Up-to-date: /home/jack/work/install/hiwin_interfaces/local/lib/python3.10/dist-packages/hiwin_interfaces/hiwin_interfaces_s__rosidl_typesupport_c.cpython-310-x86_64-linux-gnu.so
[0.353s] -- Up-to-date: /home/jack/work/install/hiwin_interfaces/lib/libhiwin_interfaces__rosidl_generator_py.so
[0.354s] -- Up-to-date: /home/jack/work/install/hiwin_interfaces/share/ament_index/resource_index/rust_packages/hiwin_interfaces
[0.354s] -- Up-to-date: /home/jack/work/install/hiwin_interfaces/share/hiwin_interfaces/rust
[0.354s] -- Up-to-date: /home/jack/work/install/hiwin_interfaces/share/hiwin_interfaces/rust/Cargo.toml
[0.354s] -- Up-to-date: /home/jack/work/install/hiwin_interfaces/share/hiwin_interfaces/rust/src
[0.354s] -- Up-to-date: /home/jack/work/install/hiwin_interfaces/share/hiwin_interfaces/rust/src/srv
[0.354s] -- Up-to-date: /home/jack/work/install/hiwin_interfaces/share/hiwin_interfaces/rust/src/srv/rmw.rs
[0.354s] -- Up-to-date: /home/jack/work/install/hiwin_interfaces/share/hiwin_interfaces/rust/src/srv.rs
[0.354s] -- Up-to-date: /home/jack/work/install/hiwin_interfaces/share/hiwin_interfaces/rust/src/lib.rs
[0.354s] -- Up-to-date: /home/jack/work/install/hiwin_interfaces/share/hiwin_interfaces/rust/build.rs
[0.354s] -- Up-to-date: /home/jack/work/install/hiwin_interfaces/share/hiwin_interfaces/srv/Hiwinmodbus.idl
[0.354s] -- Up-to-date: /home/jack/work/install/hiwin_interfaces/share/hiwin_interfaces/srv/RobotCommand.idl
[0.354s] -- Up-to-date: /home/jack/work/install/hiwin_interfaces/share/hiwin_interfaces/srv/Hiwinmodbus.srv
[0.354s] -- Up-to-date: /home/jack/work/install/hiwin_interfaces/share/hiwin_interfaces/srv/Hiwinmodbus_Request.msg
[0.354s] -- Up-to-date: /home/jack/work/install/hiwin_interfaces/share/hiwin_interfaces/srv/Hiwinmodbus_Response.msg
[0.354s] -- Up-to-date: /home/jack/work/install/hiwin_interfaces/share/hiwin_interfaces/srv/RobotCommand.srv
[0.354s] -- Up-to-date: /home/jack/work/install/hiwin_interfaces/share/hiwin_interfaces/srv/RobotCommand_Request.msg
[0.354s] -- Up-to-date: /home/jack/work/install/hiwin_interfaces/share/hiwin_interfaces/srv/RobotCommand_Response.msg
[0.354s] -- Up-to-date: /home/jack/work/install/hiwin_interfaces/share/ament_index/resource_index/package_run_dependencies/hiwin_interfaces
[0.354s] -- Up-to-date: /home/jack/work/install/hiwin_interfaces/share/ament_index/resource_index/parent_prefix_path/hiwin_interfaces
[0.355s] -- Up-to-date: /home/jack/work/install/hiwin_interfaces/share/hiwin_interfaces/environment/ament_prefix_path.sh
[0.355s] -- Up-to-date: /home/jack/work/install/hiwin_interfaces/share/hiwin_interfaces/environment/ament_prefix_path.dsv
[0.355s] -- Up-to-date: /home/jack/work/install/hiwin_interfaces/share/hiwin_interfaces/environment/path.sh
[0.355s] -- Up-to-date: /home/jack/work/install/hiwin_interfaces/share/hiwin_interfaces/environment/path.dsv
[0.355s] -- Up-to-date: /home/jack/work/install/hiwin_interfaces/share/hiwin_interfaces/local_setup.bash
[0.355s] -- Up-to-date: /home/jack/work/install/hiwin_interfaces/share/hiwin_interfaces/local_setup.sh
[0.355s] -- Up-to-date: /home/jack/work/install/hiwin_interfaces/share/hiwin_interfaces/local_setup.zsh
[0.355s] -- Up-to-date: /home/jack/work/install/hiwin_interfaces/share/hiwin_interfaces/local_setup.dsv
[0.355s] -- Installing: /home/jack/work/install/hiwin_interfaces/share/hiwin_interfaces/package.dsv
[0.355s] -- Up-to-date: /home/jack/work/install/hiwin_interfaces/share/ament_index/resource_index/packages/hiwin_interfaces
[0.355s] -- Up-to-date: /home/jack/work/install/hiwin_interfaces/share/hiwin_interfaces/cmake/export_hiwin_interfaces__rosidl_generator_cExport.cmake
[0.355s] -- Up-to-date: /home/jack/work/install/hiwin_interfaces/share/hiwin_interfaces/cmake/export_hiwin_interfaces__rosidl_generator_cExport-noconfig.cmake
[0.355s] -- Up-to-date: /home/jack/work/install/hiwin_interfaces/share/hiwin_interfaces/cmake/export_hiwin_interfaces__rosidl_typesupport_fastrtps_cExport.cmake
[0.355s] -- Up-to-date: /home/jack/work/install/hiwin_interfaces/share/hiwin_interfaces/cmake/export_hiwin_interfaces__rosidl_typesupport_fastrtps_cExport-noconfig.cmake
[0.356s] -- Up-to-date: /home/jack/work/install/hiwin_interfaces/share/hiwin_interfaces/cmake/export_hiwin_interfaces__rosidl_generator_cppExport.cmake
[0.356s] -- Up-to-date: /home/jack/work/install/hiwin_interfaces/share/hiwin_interfaces/cmake/export_hiwin_interfaces__rosidl_typesupport_fastrtps_cppExport.cmake
[0.356s] -- Up-to-date: /home/jack/work/install/hiwin_interfaces/share/hiwin_interfaces/cmake/export_hiwin_interfaces__rosidl_typesupport_fastrtps_cppExport-noconfig.cmake
[0.356s] -- Up-to-date: /home/jack/work/install/hiwin_interfaces/share/hiwin_interfaces/cmake/hiwin_interfaces__rosidl_typesupport_introspection_cExport.cmake
[0.356s] -- Up-to-date: /home/jack/work/install/hiwin_interfaces/share/hiwin_interfaces/cmake/hiwin_interfaces__rosidl_typesupport_introspection_cExport-noconfig.cmake
[0.356s] -- Up-to-date: /home/jack/work/install/hiwin_interfaces/share/hiwin_interfaces/cmake/hiwin_interfaces__rosidl_typesupport_cExport.cmake
[0.356s] -- Up-to-date: /home/jack/work/install/hiwin_interfaces/share/hiwin_interfaces/cmake/hiwin_interfaces__rosidl_typesupport_cExport-noconfig.cmake
[0.356s] -- Up-to-date: /home/jack/work/install/hiwin_interfaces/share/hiwin_interfaces/cmake/hiwin_interfaces__rosidl_typesupport_introspection_cppExport.cmake
[0.356s] -- Up-to-date: /home/jack/work/install/hiwin_interfaces/share/hiwin_interfaces/cmake/hiwin_interfaces__rosidl_typesupport_introspection_cppExport-noconfig.cmake
[0.356s] -- Up-to-date: /home/jack/work/install/hiwin_interfaces/share/hiwin_interfaces/cmake/hiwin_interfaces__rosidl_typesupport_cppExport.cmake
[0.356s] -- Up-to-date: /home/jack/work/install/hiwin_interfaces/share/hiwin_interfaces/cmake/hiwin_interfaces__rosidl_typesupport_cppExport-noconfig.cmake
[0.356s] -- Up-to-date: /home/jack/work/install/hiwin_interfaces/share/hiwin_interfaces/cmake/export_hiwin_interfaces__rosidl_generator_pyExport.cmake
[0.356s] -- Up-to-date: /home/jack/work/install/hiwin_interfaces/share/hiwin_interfaces/cmake/export_hiwin_interfaces__rosidl_generator_pyExport-noconfig.cmake
[0.356s] -- Up-to-date: /home/jack/work/install/hiwin_interfaces/share/hiwin_interfaces/cmake/rosidl_cmake-extras.cmake
[0.356s] -- Up-to-date: /home/jack/work/install/hiwin_interfaces/share/hiwin_interfaces/cmake/ament_cmake_export_dependencies-extras.cmake
[0.356s] -- Up-to-date: /home/jack/work/install/hiwin_interfaces/share/hiwin_interfaces/cmake/ament_cmake_export_include_directories-extras.cmake
[0.356s] -- Up-to-date: /home/jack/work/install/hiwin_interfaces/share/hiwin_interfaces/cmake/ament_cmake_export_libraries-extras.cmake
[0.356s] -- Up-to-date: /home/jack/work/install/hiwin_interfaces/share/hiwin_interfaces/cmake/ament_cmake_export_targets-extras.cmake
[0.357s] -- Up-to-date: /home/jack/work/install/hiwin_interfaces/share/hiwin_interfaces/cmake/rosidl_cmake_export_typesupport_targets-extras.cmake
[0.357s] -- Up-to-date: /home/jack/work/install/hiwin_interfaces/share/hiwin_interfaces/cmake/rosidl_cmake_export_typesupport_libraries-extras.cmake
[0.357s] -- Up-to-date: /home/jack/work/install/hiwin_interfaces/share/hiwin_interfaces/cmake/hiwin_interfacesConfig.cmake
[0.357s] -- Up-to-date: /home/jack/work/install/hiwin_interfaces/share/hiwin_interfaces/cmake/hiwin_interfacesConfig-version.cmake
[0.357s] -- Up-to-date: /home/jack/work/install/hiwin_interfaces/share/hiwin_interfaces/package.xml
[0.357s] Invoked command in '/home/jack/work/build/hiwin_interfaces' returned '0': CMAKE_PREFIX_PATH=/opt/ros/humble /usr/bin/cmake --install /home/jack/work/build/hiwin_interfaces
