[  3%] Built target charuco_detector_interfaces__rs
[  6%] Built target charuco_detector_interfaces__cpp
[ 15%] Built target charuco_detector_interfaces__rosidl_generator_c
[ 15%] Built target ament_cmake_python_copy_charuco_detector_interfaces
[ 25%] Built target charuco_detector_interfaces__rosidl_typesupport_introspection_cpp
[ 34%] Built target charuco_detector_interfaces__rosidl_typesupport_fastrtps_cpp
[ 43%] Built target charuco_detector_interfaces__rosidl_typesupport_cpp
[ 53%] Built target charuco_detector_interfaces__rosidl_typesupport_introspection_c
[ 62%] Built target charuco_detector_interfaces__rosidl_typesupport_c
[ 71%] Built target charuco_detector_interfaces__rosidl_typesupport_fastrtps_c
[ 71%] Built target charuco_detector_interfaces
[ 75%] Built target charuco_detector_interfaces__py
[ 78%] [32mBuilding C object CMakeFiles/charuco_detector_interfaces__rosidl_generator_py.dir/rosidl_generator_py/charuco_detector_interfaces/srv/_eye2base_s.c.o[0m
[ 81%] [32m[1mLinking C shared library rosidl_generator_py/charuco_detector_interfaces/libcharuco_detector_interfaces__rosidl_generator_py.so[0m
running egg_info
writing charuco_detector_interfaces.egg-info/PKG-INFO
writing dependency_links to charuco_detector_interfaces.egg-info/dependency_links.txt
writing top-level names to charuco_detector_interfaces.egg-info/top_level.txt
[ 81%] Built target charuco_detector_interfaces__rosidl_generator_py
reading manifest file 'charuco_detector_interfaces.egg-info/SOURCES.txt'
writing manifest file 'charuco_detector_interfaces.egg-info/SOURCES.txt'
[ 84%] [32m[1mLinking C shared library rosidl_generator_py/charuco_detector_interfaces/charuco_detector_interfaces_s__rosidl_typesupport_fastrtps_c.cpython-310-x86_64-linux-gnu.so[0m
[ 87%] [32m[1mLinking C shared library rosidl_generator_py/charuco_detector_interfaces/charuco_detector_interfaces_s__rosidl_typesupport_introspection_c.cpython-310-x86_64-linux-gnu.so[0m
[ 90%] [32m[1mLinking C shared library rosidl_generator_py/charuco_detector_interfaces/charuco_detector_interfaces_s__rosidl_typesupport_c.cpython-310-x86_64-linux-gnu.so[0m
[ 90%] Built target ament_cmake_python_build_charuco_detector_interfaces_egg
[ 93%] Built target charuco_detector_interfaces__rosidl_typesupport_introspection_c__pyext
[ 96%] Built target charuco_detector_interfaces__rosidl_typesupport_fastrtps_c__pyext
[100%] Built target charuco_detector_interfaces__rosidl_typesupport_c__pyext
