[0.035s] Invoking command in '/home/jack/work/build/charuco_detector_interfaces': CMAKE_PREFIX_PATH=${CMAKE_PREFIX_PATH}:/home/jack/work/install/yolov7_obj_detect:/home/jack/work/install/hiwin_example:/home/jack/work/install/hiwin_control:/home/jack/work/install/center:/opt/ros/humble /usr/bin/cmake --build /home/jack/work/build/charuco_detector_interfaces -- -j16 -l16
[0.116s] [  3%] Built target charuco_detector_interfaces__rs
[0.117s] [  6%] Built target charuco_detector_interfaces__cpp
[0.132s] [ 15%] Built target charuco_detector_interfaces__rosidl_generator_c
[0.146s] [ 15%] Built target ament_cmake_python_copy_charuco_detector_interfaces
[0.189s] [ 25%] Built target charuco_detector_interfaces__rosidl_typesupport_introspection_cpp
[0.195s] [ 34%] Built target charuco_detector_interfaces__rosidl_typesupport_fastrtps_cpp
[0.195s] [ 43%] Built target charuco_detector_interfaces__rosidl_typesupport_cpp
[0.212s] [ 53%] Built target charuco_detector_interfaces__rosidl_typesupport_introspection_c
[0.230s] [ 62%] Built target charuco_detector_interfaces__rosidl_typesupport_c
[0.234s] [ 71%] Built target charuco_detector_interfaces__rosidl_typesupport_fastrtps_c
[0.273s] [ 71%] Built target charuco_detector_interfaces
[0.305s] [ 75%] Built target charuco_detector_interfaces__py
[0.346s] [ 78%] [32mBuilding C object CMakeFiles/charuco_detector_interfaces__rosidl_generator_py.dir/rosidl_generator_py/charuco_detector_interfaces/srv/_eye2base_s.c.o[0m
[0.587s] [ 81%] [32m[1mLinking C shared library rosidl_generator_py/charuco_detector_interfaces/libcharuco_detector_interfaces__rosidl_generator_py.so[0m
[0.643s] running egg_info
[0.652s] writing charuco_detector_interfaces.egg-info/PKG-INFO
[0.652s] writing dependency_links to charuco_detector_interfaces.egg-info/dependency_links.txt
[0.652s] writing top-level names to charuco_detector_interfaces.egg-info/top_level.txt
[0.668s] [ 81%] Built target charuco_detector_interfaces__rosidl_generator_py
[0.691s] reading manifest file 'charuco_detector_interfaces.egg-info/SOURCES.txt'
[0.692s] writing manifest file 'charuco_detector_interfaces.egg-info/SOURCES.txt'
[0.697s] [ 84%] [32m[1mLinking C shared library rosidl_generator_py/charuco_detector_interfaces/charuco_detector_interfaces_s__rosidl_typesupport_fastrtps_c.cpython-310-x86_64-linux-gnu.so[0m
[0.704s] [ 87%] [32m[1mLinking C shared library rosidl_generator_py/charuco_detector_interfaces/charuco_detector_interfaces_s__rosidl_typesupport_introspection_c.cpython-310-x86_64-linux-gnu.so[0m
[0.717s] [ 90%] [32m[1mLinking C shared library rosidl_generator_py/charuco_detector_interfaces/charuco_detector_interfaces_s__rosidl_typesupport_c.cpython-310-x86_64-linux-gnu.so[0m
[0.719s] [ 90%] Built target ament_cmake_python_build_charuco_detector_interfaces_egg
[0.754s] [ 93%] Built target charuco_detector_interfaces__rosidl_typesupport_introspection_c__pyext
[0.759s] [ 96%] Built target charuco_detector_interfaces__rosidl_typesupport_fastrtps_c__pyext
[0.767s] [100%] Built target charuco_detector_interfaces__rosidl_typesupport_c__pyext
