[0.012s] Invoking command in '/home/jack/work/build/detect_interface': CMAKE_PREFIX_PATH=${CMAKE_PREFIX_PATH}:/home/jack/work/install/yolov7_obj_detect:/home/jack/work/install/hiwin_example:/home/jack/work/install/hiwin_control:/home/jack/work/install/center:/opt/ros/humble /usr/bin/cmake /home/jack/work/src/pool/detect/detect_interface -DCMAKE_INSTALL_PREFIX=/home/jack/work/install/detect_interface
[0.117s] -- The C compiler identification is GNU 11.4.0
[0.174s] -- The CXX compiler identification is GNU 11.4.0
[0.181s] -- Detecting C compiler ABI info
[0.251s] -- Detecting C compiler ABI info - done
[0.260s] -- Check for working C compiler: /usr/bin/cc - skipped
[0.260s] -- Detecting C compile features
[0.261s] -- Detecting C compile features - done
[0.264s] -- Detecting CXX compiler ABI info
[0.353s] -- Detecting CXX compiler ABI info - done
[0.362s] -- Check for working CXX compiler: /usr/bin/c++ - skipped
[0.362s] -- Detecting CXX compile features
[0.363s] -- Detecting CXX compile features - done
[0.365s] -- Found ament_cmake: 1.3.14 (/opt/ros/humble/share/ament_cmake/cmake)
[0.703s] -- Found Python3: /usr/bin/python3 (found version "3.10.12") found components: Interpreter 
[0.784s] -- Found geometry_msgs: 4.9.1 (/opt/ros/humble/share/geometry_msgs/cmake)
[0.811s] -- Found rosidl_generator_c: 3.1.8 (/opt/ros/humble/share/rosidl_generator_c/cmake)
[0.815s] -- Found rosidl_adapter: 3.1.8 (/opt/ros/humble/share/rosidl_adapter/cmake)
[0.821s] -- Found rosidl_generator_cpp: 3.1.8 (/opt/ros/humble/share/rosidl_generator_cpp/cmake)
[0.831s] -- Using all available rosidl_typesupport_c: rosidl_typesupport_fastrtps_c;rosidl_typesupport_introspection_c
[0.844s] -- Using all available rosidl_typesupport_cpp: rosidl_typesupport_fastrtps_cpp;rosidl_typesupport_introspection_cpp
[0.876s] -- Found rosidl_default_generators: 1.2.1 (/opt/ros/humble/share/rosidl_default_generators/cmake)
[1.141s] -- Found ament_cmake_ros: 0.10.0 (/opt/ros/humble/share/ament_cmake_ros/cmake)
[1.504s] -- Using all available rosidl_typesupport_c: rosidl_typesupport_fastrtps_c;rosidl_typesupport_introspection_c
[1.651s] -- Using all available rosidl_typesupport_cpp: rosidl_typesupport_fastrtps_cpp;rosidl_typesupport_introspection_cpp
[1.672s] -- Found PythonInterp: /usr/bin/python3 (found suitable version "3.10.12", minimum required is "3.6") 
[1.673s] -- Found python_cmake_module: 0.10.0 (/opt/ros/humble/share/python_cmake_module/cmake)
[1.694s] -- Found PythonLibs: /usr/lib/x86_64-linux-gnu/libpython3.10.so (found suitable version "3.10.12", minimum required is "3.5") 
[1.694s] -- Using PYTHON_EXECUTABLE: /usr/bin/python3
[1.695s] -- Using PYTHON_INCLUDE_DIRS: /usr/include/python3.10
[1.695s] -- Using PYTHON_LIBRARIES: /usr/lib/x86_64-linux-gnu/libpython3.10.so
[1.717s] -- Found PythonExtra: .so  
[1.905s] -- Using numpy include directory: /home/jack/.local/lib/python3.10/site-packages/numpy/core/include
[1.994s] -- Found ament_lint_auto: 0.12.15 (/opt/ros/humble/share/ament_lint_auto/cmake)
[2.017s] -- Added test 'lint_cmake' to check CMake code style
[2.017s] -- Added test 'xmllint' to check XML markup files
[2.020s] -- Configuring done
[2.060s] -- Generating done
[2.070s] -- Build files have been written to: /home/jack/work/build/detect_interface
[2.076s] Invoked command in '/home/jack/work/build/detect_interface' returned '0': CMAKE_PREFIX_PATH=${CMAKE_PREFIX_PATH}:/home/jack/work/install/yolov7_obj_detect:/home/jack/work/install/hiwin_example:/home/jack/work/install/hiwin_control:/home/jack/work/install/center:/opt/ros/humble /usr/bin/cmake /home/jack/work/src/pool/detect/detect_interface -DCMAKE_INSTALL_PREFIX=/home/jack/work/install/detect_interface
[2.078s] Invoking command in '/home/jack/work/build/detect_interface': CMAKE_PREFIX_PATH=${CMAKE_PREFIX_PATH}:/home/jack/work/install/yolov7_obj_detect:/home/jack/work/install/hiwin_example:/home/jack/work/install/hiwin_control:/home/jack/work/install/center:/opt/ros/humble /usr/bin/cmake --build /home/jack/work/build/detect_interface -- -j16 -l16
[2.109s] [  2%] [34m[1mGenerating C code for ROS interfaces[0m
[2.123s] [  5%] [34m[1mGenerating C++ code for ROS interfaces[0m
[2.125s] [  7%] [34m[1mGenerating Rust code for ROS interfaces[0m
[2.133s] [  7%] Built target ament_cmake_python_copy_detect_interface
[2.322s] running egg_info
[2.323s] creating detect_interface.egg-info
[2.334s] writing detect_interface.egg-info/PKG-INFO
[2.334s] writing dependency_links to detect_interface.egg-info/dependency_links.txt
[2.334s] writing top-level names to detect_interface.egg-info/top_level.txt
[2.334s] writing manifest file 'detect_interface.egg-info/SOURCES.txt'
[2.374s] reading manifest file 'detect_interface.egg-info/SOURCES.txt'
[2.375s] writing manifest file 'detect_interface.egg-info/SOURCES.txt'
[2.408s] [  7%] Built target ament_cmake_python_build_detect_interface_egg
[2.500s] [  7%] Built target detect_interface__rs
[2.548s] [  7%] Built target detect_interface__cpp
[2.556s] [ 10%] [32mBuilding C object CMakeFiles/detect_interface__rosidl_generator_c.dir/rosidl_generator_c/detect_interface/msg/detail/detection_results__functions.c.o[0m
[2.556s] [ 12%] [32mBuilding C object CMakeFiles/detect_interface__rosidl_generator_c.dir/rosidl_generator_c/detect_interface/msg/detail/bounding_box__functions.c.o[0m
[2.561s] [ 20%] [34m[1mGenerating C++ type support for eProsima Fast-RTPS[0m
[2.561s] [ 20%] [34m[1mGenerating C++ type support dispatch for ROS interfaces[0m
[2.561s] [ 20%] [34m[1mGenerating C++ introspection for ROS interfaces[0m
[2.625s] [ 22%] [32m[1mLinking C shared library libdetect_interface__rosidl_generator_c.so[0m
[2.667s] [ 22%] Built target detect_interface__rosidl_generator_c
[2.680s] [ 25%] [34m[1mGenerating C type support dispatch for ROS interfaces[0m
[2.681s] [ 27%] [34m[1mGenerating C type support for eProsima Fast-RTPS[0m
[2.685s] [ 30%] [34m[1mGenerating C introspection for ROS interfaces[0m
[2.958s] [ 32%] [32mBuilding CXX object CMakeFiles/detect_interface__rosidl_typesupport_cpp.dir/rosidl_typesupport_cpp/detect_interface/msg/bounding_box__type_support.cpp.o[0m
[2.959s] [ 35%] [32mBuilding CXX object CMakeFiles/detect_interface__rosidl_typesupport_cpp.dir/rosidl_typesupport_cpp/detect_interface/msg/detection_results__type_support.cpp.o[0m
[3.035s] [ 37%] [32mBuilding CXX object CMakeFiles/detect_interface__rosidl_typesupport_introspection_cpp.dir/rosidl_typesupport_introspection_cpp/detect_interface/msg/detail/detection_results__type_support.cpp.o[0m
[3.035s] [ 40%] [32mBuilding CXX object CMakeFiles/detect_interface__rosidl_typesupport_introspection_cpp.dir/rosidl_typesupport_introspection_cpp/detect_interface/msg/detail/bounding_box__type_support.cpp.o[0m
[3.047s] [ 42%] [32mBuilding CXX object CMakeFiles/detect_interface__rosidl_typesupport_fastrtps_cpp.dir/rosidl_typesupport_fastrtps_cpp/detect_interface/msg/detail/dds_fastrtps/detection_results__type_support.cpp.o[0m
[3.063s] [ 45%] [32mBuilding CXX object CMakeFiles/detect_interface__rosidl_typesupport_fastrtps_cpp.dir/rosidl_typesupport_fastrtps_cpp/detect_interface/msg/detail/dds_fastrtps/bounding_box__type_support.cpp.o[0m
[3.089s] [ 47%] [32mBuilding CXX object CMakeFiles/detect_interface__rosidl_typesupport_fastrtps_c.dir/rosidl_typesupport_fastrtps_c/detect_interface/msg/detail/detection_results__type_support_c.cpp.o[0m
[3.090s] [ 50%] [32mBuilding CXX object CMakeFiles/detect_interface__rosidl_typesupport_fastrtps_c.dir/rosidl_typesupport_fastrtps_c/detect_interface/msg/detail/bounding_box__type_support_c.cpp.o[0m
[3.099s] [ 52%] [32mBuilding CXX object CMakeFiles/detect_interface__rosidl_typesupport_c.dir/rosidl_typesupport_c/detect_interface/msg/bounding_box__type_support.cpp.o[0m
[3.116s] [ 55%] [32mBuilding CXX object CMakeFiles/detect_interface__rosidl_typesupport_c.dir/rosidl_typesupport_c/detect_interface/msg/detection_results__type_support.cpp.o[0m
[3.156s] [ 57%] [32mBuilding C object CMakeFiles/detect_interface__rosidl_typesupport_introspection_c.dir/rosidl_typesupport_introspection_c/detect_interface/msg/detail/bounding_box__type_support.c.o[0m
[3.159s] [ 60%] [32mBuilding C object CMakeFiles/detect_interface__rosidl_typesupport_introspection_c.dir/rosidl_typesupport_introspection_c/detect_interface/msg/detail/detection_results__type_support.c.o[0m
[3.216s] [ 62%] [32m[1mLinking CXX shared library libdetect_interface__rosidl_typesupport_c.so[0m
[3.251s] [ 65%] [32m[1mLinking C shared library libdetect_interface__rosidl_typesupport_introspection_c.so[0m
[3.342s] [ 65%] Built target detect_interface__rosidl_typesupport_introspection_c
[3.342s] [ 65%] Built target detect_interface__rosidl_typesupport_c
[3.364s] [ 67%] [32m[1mLinking CXX shared library libdetect_interface__rosidl_typesupport_cpp.so[0m
[3.434s] [ 67%] Built target detect_interface__rosidl_typesupport_cpp
[3.897s] [ 70%] [32m[1mLinking CXX shared library libdetect_interface__rosidl_typesupport_introspection_cpp.so[0m
[3.915s] [ 72%] [32m[1mLinking CXX shared library libdetect_interface__rosidl_typesupport_fastrtps_c.so[0m
[4.076s] [ 72%] Built target detect_interface__rosidl_typesupport_introspection_cpp
[4.106s] [ 72%] Built target detect_interface__rosidl_typesupport_fastrtps_c
[4.120s] [ 75%] [32m[1mLinking CXX shared library libdetect_interface__rosidl_typesupport_fastrtps_cpp.so[0m
[4.286s] [ 75%] Built target detect_interface__rosidl_typesupport_fastrtps_cpp
[4.309s] [ 75%] Built target detect_interface
[4.361s] [ 77%] [34m[1mGenerating Python code for ROS interfaces[0m
[5.081s] [ 77%] Built target detect_interface__py
[5.101s] [ 80%] [32mBuilding C object CMakeFiles/detect_interface__rosidl_generator_py.dir/rosidl_generator_py/detect_interface/msg/_detection_results_s.c.o[0m
[5.101s] [ 82%] [32mBuilding C object CMakeFiles/detect_interface__rosidl_generator_py.dir/rosidl_generator_py/detect_interface/msg/_bounding_box_s.c.o[0m
[5.195s] [ 85%] [32m[1mLinking C shared library rosidl_generator_py/detect_interface/libdetect_interface__rosidl_generator_py.so[0m
[5.234s] [ 85%] Built target detect_interface__rosidl_generator_py
[5.256s] [ 87%] [32mBuilding C object CMakeFiles/detect_interface__rosidl_typesupport_fastrtps_c__pyext.dir/rosidl_generator_py/detect_interface/_detect_interface_s.ep.rosidl_typesupport_fastrtps_c.c.o[0m
[5.257s] [ 90%] [32mBuilding C object CMakeFiles/detect_interface__rosidl_typesupport_introspection_c__pyext.dir/rosidl_generator_py/detect_interface/_detect_interface_s.ep.rosidl_typesupport_introspection_c.c.o[0m
[5.258s] [ 92%] [32mBuilding C object CMakeFiles/detect_interface__rosidl_typesupport_c__pyext.dir/rosidl_generator_py/detect_interface/_detect_interface_s.ep.rosidl_typesupport_c.c.o[0m
[5.343s] [ 95%] [32m[1mLinking C shared library rosidl_generator_py/detect_interface/detect_interface_s__rosidl_typesupport_introspection_c.cpython-310-x86_64-linux-gnu.so[0m
[5.371s] [ 97%] [32m[1mLinking C shared library rosidl_generator_py/detect_interface/detect_interface_s__rosidl_typesupport_c.cpython-310-x86_64-linux-gnu.so[0m
[5.375s] [100%] [32m[1mLinking C shared library rosidl_generator_py/detect_interface/detect_interface_s__rosidl_typesupport_fastrtps_c.cpython-310-x86_64-linux-gnu.so[0m
[5.395s] [100%] Built target detect_interface__rosidl_typesupport_introspection_c__pyext
[5.411s] [100%] Built target detect_interface__rosidl_typesupport_c__pyext
[5.425s] [100%] Built target detect_interface__rosidl_typesupport_fastrtps_c__pyext
[5.436s] Invoked command in '/home/jack/work/build/detect_interface' returned '0': CMAKE_PREFIX_PATH=${CMAKE_PREFIX_PATH}:/home/jack/work/install/yolov7_obj_detect:/home/jack/work/install/hiwin_example:/home/jack/work/install/hiwin_control:/home/jack/work/install/center:/opt/ros/humble /usr/bin/cmake --build /home/jack/work/build/detect_interface -- -j16 -l16
[5.445s] Invoking command in '/home/jack/work/build/detect_interface': CMAKE_PREFIX_PATH=${CMAKE_PREFIX_PATH}:/home/jack/work/install/yolov7_obj_detect:/home/jack/work/install/hiwin_example:/home/jack/work/install/hiwin_control:/home/jack/work/install/center:/opt/ros/humble /usr/bin/cmake --install /home/jack/work/build/detect_interface
[5.455s] -- Install configuration: ""
[5.455s] -- Installing: /home/jack/work/install/detect_interface/share/ament_index/resource_index/rosidl_interfaces/detect_interface
[5.455s] -- Installing: /home/jack/work/install/detect_interface/include/detect_interface/detect_interface
[5.455s] -- Installing: /home/jack/work/install/detect_interface/include/detect_interface/detect_interface/msg
[5.455s] -- Installing: /home/jack/work/install/detect_interface/include/detect_interface/detect_interface/msg/rosidl_generator_c__visibility_control.h
[5.455s] -- Installing: /home/jack/work/install/detect_interface/include/detect_interface/detect_interface/msg/detection_results.h
[5.455s] -- Installing: /home/jack/work/install/detect_interface/include/detect_interface/detect_interface/msg/bounding_box.h
[5.456s] -- Installing: /home/jack/work/install/detect_interface/include/detect_interface/detect_interface/msg/detail
[5.456s] -- Installing: /home/jack/work/install/detect_interface/include/detect_interface/detect_interface/msg/detail/bounding_box__functions.h
[5.456s] -- Installing: /home/jack/work/install/detect_interface/include/detect_interface/detect_interface/msg/detail/bounding_box__type_support.h
[5.456s] -- Installing: /home/jack/work/install/detect_interface/include/detect_interface/detect_interface/msg/detail/detection_results__functions.h
[5.456s] -- Installing: /home/jack/work/install/detect_interface/include/detect_interface/detect_interface/msg/detail/bounding_box__struct.h
[5.456s] -- Installing: /home/jack/work/install/detect_interface/include/detect_interface/detect_interface/msg/detail/detection_results__type_support.h
[5.456s] -- Installing: /home/jack/work/install/detect_interface/include/detect_interface/detect_interface/msg/detail/detection_results__struct.h
[5.456s] -- Installing: /home/jack/work/install/detect_interface/include/detect_interface/detect_interface/msg/detail/bounding_box__functions.c
[5.456s] -- Installing: /home/jack/work/install/detect_interface/include/detect_interface/detect_interface/msg/detail/detection_results__functions.c
[5.457s] -- Installing: /home/jack/work/install/detect_interface/share/detect_interface/environment/library_path.sh
[5.457s] -- Installing: /home/jack/work/install/detect_interface/share/detect_interface/environment/library_path.dsv
[5.457s] -- Installing: /home/jack/work/install/detect_interface/lib/libdetect_interface__rosidl_generator_c.so
[5.458s] -- Set runtime path of "/home/jack/work/install/detect_interface/lib/libdetect_interface__rosidl_generator_c.so" to ""
[5.458s] -- Up-to-date: /home/jack/work/install/detect_interface/include/detect_interface/detect_interface
[5.458s] -- Up-to-date: /home/jack/work/install/detect_interface/include/detect_interface/detect_interface/msg
[5.458s] -- Installing: /home/jack/work/install/detect_interface/include/detect_interface/detect_interface/msg/rosidl_typesupport_fastrtps_c__visibility_control.h
[5.458s] -- Up-to-date: /home/jack/work/install/detect_interface/include/detect_interface/detect_interface/msg/detail
[5.458s] -- Installing: /home/jack/work/install/detect_interface/include/detect_interface/detect_interface/msg/detail/bounding_box__rosidl_typesupport_fastrtps_c.h
[5.458s] -- Installing: /home/jack/work/install/detect_interface/include/detect_interface/detect_interface/msg/detail/detection_results__rosidl_typesupport_fastrtps_c.h
[5.458s] -- Installing: /home/jack/work/install/detect_interface/lib/libdetect_interface__rosidl_typesupport_fastrtps_c.so
[5.459s] -- Set runtime path of "/home/jack/work/install/detect_interface/lib/libdetect_interface__rosidl_typesupport_fastrtps_c.so" to ""
[5.459s] -- Up-to-date: /home/jack/work/install/detect_interface/include/detect_interface/detect_interface
[5.459s] -- Up-to-date: /home/jack/work/install/detect_interface/include/detect_interface/detect_interface/msg
[5.459s] -- Installing: /home/jack/work/install/detect_interface/include/detect_interface/detect_interface/msg/bounding_box.hpp
[5.459s] -- Installing: /home/jack/work/install/detect_interface/include/detect_interface/detect_interface/msg/rosidl_generator_cpp__visibility_control.hpp
[5.459s] -- Up-to-date: /home/jack/work/install/detect_interface/include/detect_interface/detect_interface/msg/detail
[5.459s] -- Installing: /home/jack/work/install/detect_interface/include/detect_interface/detect_interface/msg/detail/detection_results__struct.hpp
[5.459s] -- Installing: /home/jack/work/install/detect_interface/include/detect_interface/detect_interface/msg/detail/bounding_box__type_support.hpp
[5.459s] -- Installing: /home/jack/work/install/detect_interface/include/detect_interface/detect_interface/msg/detail/bounding_box__struct.hpp
[5.460s] -- Installing: /home/jack/work/install/detect_interface/include/detect_interface/detect_interface/msg/detail/detection_results__traits.hpp
[5.460s] -- Installing: /home/jack/work/install/detect_interface/include/detect_interface/detect_interface/msg/detail/detection_results__builder.hpp
[5.460s] -- Installing: /home/jack/work/install/detect_interface/include/detect_interface/detect_interface/msg/detail/bounding_box__traits.hpp
[5.460s] -- Installing: /home/jack/work/install/detect_interface/include/detect_interface/detect_interface/msg/detail/bounding_box__builder.hpp
[5.460s] -- Installing: /home/jack/work/install/detect_interface/include/detect_interface/detect_interface/msg/detail/detection_results__type_support.hpp
[5.460s] -- Installing: /home/jack/work/install/detect_interface/include/detect_interface/detect_interface/msg/detection_results.hpp
[5.460s] -- Up-to-date: /home/jack/work/install/detect_interface/include/detect_interface/detect_interface
[5.460s] -- Up-to-date: /home/jack/work/install/detect_interface/include/detect_interface/detect_interface/msg
[5.460s] -- Installing: /home/jack/work/install/detect_interface/include/detect_interface/detect_interface/msg/rosidl_typesupport_fastrtps_cpp__visibility_control.h
[5.461s] -- Up-to-date: /home/jack/work/install/detect_interface/include/detect_interface/detect_interface/msg/detail
[5.461s] -- Installing: /home/jack/work/install/detect_interface/include/detect_interface/detect_interface/msg/detail/bounding_box__rosidl_typesupport_fastrtps_cpp.hpp
[5.461s] -- Installing: /home/jack/work/install/detect_interface/include/detect_interface/detect_interface/msg/detail/dds_fastrtps
[5.461s] -- Installing: /home/jack/work/install/detect_interface/include/detect_interface/detect_interface/msg/detail/detection_results__rosidl_typesupport_fastrtps_cpp.hpp
[5.461s] -- Installing: /home/jack/work/install/detect_interface/lib/libdetect_interface__rosidl_typesupport_fastrtps_cpp.so
[5.461s] -- Set runtime path of "/home/jack/work/install/detect_interface/lib/libdetect_interface__rosidl_typesupport_fastrtps_cpp.so" to ""
[5.461s] -- Up-to-date: /home/jack/work/install/detect_interface/include/detect_interface/detect_interface
[5.462s] -- Up-to-date: /home/jack/work/install/detect_interface/include/detect_interface/detect_interface/msg
[5.462s] -- Installing: /home/jack/work/install/detect_interface/include/detect_interface/detect_interface/msg/rosidl_typesupport_introspection_c__visibility_control.h
[5.462s] -- Up-to-date: /home/jack/work/install/detect_interface/include/detect_interface/detect_interface/msg/detail
[5.462s] -- Installing: /home/jack/work/install/detect_interface/include/detect_interface/detect_interface/msg/detail/detection_results__type_support.c
[5.462s] -- Installing: /home/jack/work/install/detect_interface/include/detect_interface/detect_interface/msg/detail/bounding_box__rosidl_typesupport_introspection_c.h
[5.462s] -- Installing: /home/jack/work/install/detect_interface/include/detect_interface/detect_interface/msg/detail/bounding_box__type_support.c
[5.462s] -- Installing: /home/jack/work/install/detect_interface/include/detect_interface/detect_interface/msg/detail/detection_results__rosidl_typesupport_introspection_c.h
[5.462s] -- Installing: /home/jack/work/install/detect_interface/lib/libdetect_interface__rosidl_typesupport_introspection_c.so
[5.463s] -- Set runtime path of "/home/jack/work/install/detect_interface/lib/libdetect_interface__rosidl_typesupport_introspection_c.so" to ""
[5.463s] -- Installing: /home/jack/work/install/detect_interface/lib/libdetect_interface__rosidl_typesupport_c.so
[5.463s] -- Set runtime path of "/home/jack/work/install/detect_interface/lib/libdetect_interface__rosidl_typesupport_c.so" to ""
[5.463s] -- Up-to-date: /home/jack/work/install/detect_interface/include/detect_interface/detect_interface
[5.463s] -- Up-to-date: /home/jack/work/install/detect_interface/include/detect_interface/detect_interface/msg
[5.463s] -- Up-to-date: /home/jack/work/install/detect_interface/include/detect_interface/detect_interface/msg/detail
[5.464s] -- Installing: /home/jack/work/install/detect_interface/include/detect_interface/detect_interface/msg/detail/bounding_box__rosidl_typesupport_introspection_cpp.hpp
[5.464s] -- Installing: /home/jack/work/install/detect_interface/include/detect_interface/detect_interface/msg/detail/detection_results__rosidl_typesupport_introspection_cpp.hpp
[5.464s] -- Installing: /home/jack/work/install/detect_interface/include/detect_interface/detect_interface/msg/detail/bounding_box__type_support.cpp
[5.464s] -- Installing: /home/jack/work/install/detect_interface/include/detect_interface/detect_interface/msg/detail/detection_results__type_support.cpp
[5.464s] -- Installing: /home/jack/work/install/detect_interface/lib/libdetect_interface__rosidl_typesupport_introspection_cpp.so
[5.464s] -- Set runtime path of "/home/jack/work/install/detect_interface/lib/libdetect_interface__rosidl_typesupport_introspection_cpp.so" to ""
[5.464s] -- Installing: /home/jack/work/install/detect_interface/lib/libdetect_interface__rosidl_typesupport_cpp.so
[5.465s] -- Set runtime path of "/home/jack/work/install/detect_interface/lib/libdetect_interface__rosidl_typesupport_cpp.so" to ""
[5.465s] -- Installing: /home/jack/work/install/detect_interface/share/detect_interface/environment/pythonpath.sh
[5.465s] -- Installing: /home/jack/work/install/detect_interface/share/detect_interface/environment/pythonpath.dsv
[5.465s] -- Installing: /home/jack/work/install/detect_interface/local/lib/python3.10/dist-packages/detect_interface-0.0.0-py3.10.egg-info
[5.465s] -- Installing: /home/jack/work/install/detect_interface/local/lib/python3.10/dist-packages/detect_interface-0.0.0-py3.10.egg-info/top_level.txt
[5.465s] -- Installing: /home/jack/work/install/detect_interface/local/lib/python3.10/dist-packages/detect_interface-0.0.0-py3.10.egg-info/PKG-INFO
[5.466s] -- Installing: /home/jack/work/install/detect_interface/local/lib/python3.10/dist-packages/detect_interface-0.0.0-py3.10.egg-info/dependency_links.txt
[5.466s] -- Installing: /home/jack/work/install/detect_interface/local/lib/python3.10/dist-packages/detect_interface-0.0.0-py3.10.egg-info/SOURCES.txt
[5.466s] -- Installing: /home/jack/work/install/detect_interface/local/lib/python3.10/dist-packages/detect_interface
[5.466s] -- Installing: /home/jack/work/install/detect_interface/local/lib/python3.10/dist-packages/detect_interface/__init__.py
[5.466s] -- Installing: /home/jack/work/install/detect_interface/local/lib/python3.10/dist-packages/detect_interface/_detect_interface_s.ep.rosidl_typesupport_introspection_c.c
[5.466s] -- Installing: /home/jack/work/install/detect_interface/local/lib/python3.10/dist-packages/detect_interface/detect_interface_s__rosidl_typesupport_introspection_c.cpython-310-x86_64-linux-gnu.so
[5.466s] -- Installing: /home/jack/work/install/detect_interface/local/lib/python3.10/dist-packages/detect_interface/detect_interface_s__rosidl_typesupport_fastrtps_c.cpython-310-x86_64-linux-gnu.so
[5.467s] -- Installing: /home/jack/work/install/detect_interface/local/lib/python3.10/dist-packages/detect_interface/libdetect_interface__rosidl_generator_py.so
[5.467s] -- Installing: /home/jack/work/install/detect_interface/local/lib/python3.10/dist-packages/detect_interface/_detect_interface_s.ep.rosidl_typesupport_c.c
[5.467s] -- Installing: /home/jack/work/install/detect_interface/local/lib/python3.10/dist-packages/detect_interface/detect_interface_s__rosidl_typesupport_c.cpython-310-x86_64-linux-gnu.so
[5.467s] -- Installing: /home/jack/work/install/detect_interface/local/lib/python3.10/dist-packages/detect_interface/msg
[5.467s] -- Installing: /home/jack/work/install/detect_interface/local/lib/python3.10/dist-packages/detect_interface/msg/__init__.py
[5.467s] -- Installing: /home/jack/work/install/detect_interface/local/lib/python3.10/dist-packages/detect_interface/msg/_bounding_box.py
[5.467s] -- Installing: /home/jack/work/install/detect_interface/local/lib/python3.10/dist-packages/detect_interface/msg/_detection_results.py
[5.467s] -- Installing: /home/jack/work/install/detect_interface/local/lib/python3.10/dist-packages/detect_interface/msg/_bounding_box_s.c
[5.468s] -- Installing: /home/jack/work/install/detect_interface/local/lib/python3.10/dist-packages/detect_interface/msg/_detection_results_s.c
[5.468s] -- Installing: /home/jack/work/install/detect_interface/local/lib/python3.10/dist-packages/detect_interface/_detect_interface_s.ep.rosidl_typesupport_fastrtps_c.c
[5.504s] Listing '/home/jack/work/install/detect_interface/local/lib/python3.10/dist-packages/detect_interface'...
[5.504s] Compiling '/home/jack/work/install/detect_interface/local/lib/python3.10/dist-packages/detect_interface/__init__.py'...
[5.504s] Listing '/home/jack/work/install/detect_interface/local/lib/python3.10/dist-packages/detect_interface/msg'...
[5.504s] Compiling '/home/jack/work/install/detect_interface/local/lib/python3.10/dist-packages/detect_interface/msg/__init__.py'...
[5.504s] Compiling '/home/jack/work/install/detect_interface/local/lib/python3.10/dist-packages/detect_interface/msg/_bounding_box.py'...
[5.504s] Compiling '/home/jack/work/install/detect_interface/local/lib/python3.10/dist-packages/detect_interface/msg/_detection_results.py'...
[5.508s] -- Installing: /home/jack/work/install/detect_interface/local/lib/python3.10/dist-packages/detect_interface/detect_interface_s__rosidl_typesupport_fastrtps_c.cpython-310-x86_64-linux-gnu.so
[5.508s] -- Set runtime path of "/home/jack/work/install/detect_interface/local/lib/python3.10/dist-packages/detect_interface/detect_interface_s__rosidl_typesupport_fastrtps_c.cpython-310-x86_64-linux-gnu.so" to ""
[5.508s] -- Installing: /home/jack/work/install/detect_interface/local/lib/python3.10/dist-packages/detect_interface/detect_interface_s__rosidl_typesupport_introspection_c.cpython-310-x86_64-linux-gnu.so
[5.508s] -- Set runtime path of "/home/jack/work/install/detect_interface/local/lib/python3.10/dist-packages/detect_interface/detect_interface_s__rosidl_typesupport_introspection_c.cpython-310-x86_64-linux-gnu.so" to ""
[5.508s] -- Installing: /home/jack/work/install/detect_interface/local/lib/python3.10/dist-packages/detect_interface/detect_interface_s__rosidl_typesupport_c.cpython-310-x86_64-linux-gnu.so
[5.508s] -- Set runtime path of "/home/jack/work/install/detect_interface/local/lib/python3.10/dist-packages/detect_interface/detect_interface_s__rosidl_typesupport_c.cpython-310-x86_64-linux-gnu.so" to ""
[5.509s] -- Installing: /home/jack/work/install/detect_interface/lib/libdetect_interface__rosidl_generator_py.so
[5.509s] -- Set runtime path of "/home/jack/work/install/detect_interface/lib/libdetect_interface__rosidl_generator_py.so" to ""
[5.509s] -- Installing: /home/jack/work/install/detect_interface/share/ament_index/resource_index/rust_packages/detect_interface
[5.509s] -- Installing: /home/jack/work/install/detect_interface/share/detect_interface/rust
[5.509s] -- Installing: /home/jack/work/install/detect_interface/share/detect_interface/rust/Cargo.toml
[5.509s] -- Installing: /home/jack/work/install/detect_interface/share/detect_interface/rust/src
[5.509s] -- Installing: /home/jack/work/install/detect_interface/share/detect_interface/rust/src/msg.rs
[5.509s] -- Installing: /home/jack/work/install/detect_interface/share/detect_interface/rust/src/msg
[5.510s] -- Installing: /home/jack/work/install/detect_interface/share/detect_interface/rust/src/msg/rmw.rs
[5.510s] -- Installing: /home/jack/work/install/detect_interface/share/detect_interface/rust/src/lib.rs
[5.510s] -- Installing: /home/jack/work/install/detect_interface/share/detect_interface/rust/build.rs
[5.510s] -- Installing: /home/jack/work/install/detect_interface/share/detect_interface/msg/DetectionResults.idl
[5.510s] -- Installing: /home/jack/work/install/detect_interface/share/detect_interface/msg/BoundingBox.idl
[5.510s] -- Installing: /home/jack/work/install/detect_interface/share/detect_interface/msg/DetectionResults.msg
[5.510s] -- Installing: /home/jack/work/install/detect_interface/share/detect_interface/msg/BoundingBox.msg
[5.510s] -- Installing: /home/jack/work/install/detect_interface/share/ament_index/resource_index/package_run_dependencies/detect_interface
[5.510s] -- Installing: /home/jack/work/install/detect_interface/share/ament_index/resource_index/parent_prefix_path/detect_interface
[5.510s] -- Installing: /home/jack/work/install/detect_interface/share/detect_interface/environment/ament_prefix_path.sh
[5.511s] -- Installing: /home/jack/work/install/detect_interface/share/detect_interface/environment/ament_prefix_path.dsv
[5.511s] -- Installing: /home/jack/work/install/detect_interface/share/detect_interface/environment/path.sh
[5.511s] -- Installing: /home/jack/work/install/detect_interface/share/detect_interface/environment/path.dsv
[5.511s] -- Installing: /home/jack/work/install/detect_interface/share/detect_interface/local_setup.bash
[5.511s] -- Installing: /home/jack/work/install/detect_interface/share/detect_interface/local_setup.sh
[5.511s] -- Installing: /home/jack/work/install/detect_interface/share/detect_interface/local_setup.zsh
[5.511s] -- Installing: /home/jack/work/install/detect_interface/share/detect_interface/local_setup.dsv
[5.511s] -- Installing: /home/jack/work/install/detect_interface/share/detect_interface/package.dsv
[5.511s] -- Installing: /home/jack/work/install/detect_interface/share/ament_index/resource_index/packages/detect_interface
[5.511s] -- Installing: /home/jack/work/install/detect_interface/share/detect_interface/cmake/export_detect_interface__rosidl_generator_cExport.cmake
[5.512s] -- Installing: /home/jack/work/install/detect_interface/share/detect_interface/cmake/export_detect_interface__rosidl_generator_cExport-noconfig.cmake
[5.512s] -- Installing: /home/jack/work/install/detect_interface/share/detect_interface/cmake/export_detect_interface__rosidl_typesupport_fastrtps_cExport.cmake
[5.512s] -- Installing: /home/jack/work/install/detect_interface/share/detect_interface/cmake/export_detect_interface__rosidl_typesupport_fastrtps_cExport-noconfig.cmake
[5.512s] -- Installing: /home/jack/work/install/detect_interface/share/detect_interface/cmake/export_detect_interface__rosidl_generator_cppExport.cmake
[5.512s] -- Installing: /home/jack/work/install/detect_interface/share/detect_interface/cmake/export_detect_interface__rosidl_typesupport_fastrtps_cppExport.cmake
[5.512s] -- Installing: /home/jack/work/install/detect_interface/share/detect_interface/cmake/export_detect_interface__rosidl_typesupport_fastrtps_cppExport-noconfig.cmake
[5.512s] -- Installing: /home/jack/work/install/detect_interface/share/detect_interface/cmake/detect_interface__rosidl_typesupport_introspection_cExport.cmake
[5.512s] -- Installing: /home/jack/work/install/detect_interface/share/detect_interface/cmake/detect_interface__rosidl_typesupport_introspection_cExport-noconfig.cmake
[5.512s] -- Installing: /home/jack/work/install/detect_interface/share/detect_interface/cmake/detect_interface__rosidl_typesupport_cExport.cmake
[5.512s] -- Installing: /home/jack/work/install/detect_interface/share/detect_interface/cmake/detect_interface__rosidl_typesupport_cExport-noconfig.cmake
[5.512s] -- Installing: /home/jack/work/install/detect_interface/share/detect_interface/cmake/detect_interface__rosidl_typesupport_introspection_cppExport.cmake
[5.512s] -- Installing: /home/jack/work/install/detect_interface/share/detect_interface/cmake/detect_interface__rosidl_typesupport_introspection_cppExport-noconfig.cmake
[5.513s] -- Installing: /home/jack/work/install/detect_interface/share/detect_interface/cmake/detect_interface__rosidl_typesupport_cppExport.cmake
[5.513s] -- Installing: /home/jack/work/install/detect_interface/share/detect_interface/cmake/detect_interface__rosidl_typesupport_cppExport-noconfig.cmake
[5.513s] -- Installing: /home/jack/work/install/detect_interface/share/detect_interface/cmake/export_detect_interface__rosidl_generator_pyExport.cmake
[5.513s] -- Installing: /home/jack/work/install/detect_interface/share/detect_interface/cmake/export_detect_interface__rosidl_generator_pyExport-noconfig.cmake
[5.513s] -- Installing: /home/jack/work/install/detect_interface/share/detect_interface/cmake/rosidl_cmake-extras.cmake
[5.513s] -- Installing: /home/jack/work/install/detect_interface/share/detect_interface/cmake/ament_cmake_export_dependencies-extras.cmake
[5.513s] -- Installing: /home/jack/work/install/detect_interface/share/detect_interface/cmake/ament_cmake_export_include_directories-extras.cmake
[5.513s] -- Installing: /home/jack/work/install/detect_interface/share/detect_interface/cmake/ament_cmake_export_libraries-extras.cmake
[5.513s] -- Installing: /home/jack/work/install/detect_interface/share/detect_interface/cmake/ament_cmake_export_targets-extras.cmake
[5.513s] -- Installing: /home/jack/work/install/detect_interface/share/detect_interface/cmake/rosidl_cmake_export_typesupport_targets-extras.cmake
[5.513s] -- Installing: /home/jack/work/install/detect_interface/share/detect_interface/cmake/rosidl_cmake_export_typesupport_libraries-extras.cmake
[5.514s] -- Installing: /home/jack/work/install/detect_interface/share/detect_interface/cmake/detect_interfaceConfig.cmake
[5.514s] -- Installing: /home/jack/work/install/detect_interface/share/detect_interface/cmake/detect_interfaceConfig-version.cmake
[5.514s] -- Installing: /home/jack/work/install/detect_interface/share/detect_interface/package.xml
[5.515s] Invoked command in '/home/jack/work/build/detect_interface' returned '0': CMAKE_PREFIX_PATH=${CMAKE_PREFIX_PATH}:/home/jack/work/install/yolov7_obj_detect:/home/jack/work/install/hiwin_example:/home/jack/work/install/hiwin_control:/home/jack/work/install/center:/opt/ros/humble /usr/bin/cmake --install /home/jack/work/build/detect_interface
