[0.011s] Invoking command in '/home/jack/work/build/hiwin_service_client': AMENT_PREFIX_PATH=/home/jack/work/install/hiwin_libmodbus:/home/jack/work/install/hiwin_interfaces:${AMENT_PREFIX_PATH} CMAKE_PREFIX_PATH=/home/jack/work/install/hiwin_libmodbus:/home/jack/work/install/hiwin_interfaces:/opt/ros/humble LD_LIBRARY_PATH=/home/jack/work/install/hiwin_libmodbus/lib:/home/jack/work/install/hiwin_interfaces/lib:${LD_LIBRARY_PATH} PYTHONPATH=/home/jack/work/install/hiwin_libmodbus/local/lib/python3.10/dist-packages:/home/jack/work/install/hiwin_interfaces/local/lib/python3.10/dist-packages:${PYTHONPATH} /usr/bin/cmake --build /home/jack/work/build/hiwin_service_client -- -j16 -l16
[0.047s] Invoked command in '/home/jack/work/build/hiwin_service_client' returned '0': AMENT_PREFIX_PATH=/home/jack/work/install/hiwin_libmodbus:/home/jack/work/install/hiwin_interfaces:${AMENT_PREFIX_PATH} CMAKE_PREFIX_PATH=/home/jack/work/install/hiwin_libmodbus:/home/jack/work/install/hiwin_interfaces:/opt/ros/humble LD_LIBRARY_PATH=/home/jack/work/install/hiwin_libmodbus/lib:/home/jack/work/install/hiwin_interfaces/lib:${LD_LIBRARY_PATH} PYTHONPATH=/home/jack/work/install/hiwin_libmodbus/local/lib/python3.10/dist-packages:/home/jack/work/install/hiwin_interfaces/local/lib/python3.10/dist-packages:${PYTHONPATH} /usr/bin/cmake --build /home/jack/work/build/hiwin_service_client -- -j16 -l16
[0.049s] Invoking command in '/home/jack/work/build/hiwin_service_client': AMENT_PREFIX_PATH=/home/jack/work/install/hiwin_libmodbus:/home/jack/work/install/hiwin_interfaces:${AMENT_PREFIX_PATH} CMAKE_PREFIX_PATH=/home/jack/work/install/hiwin_libmodbus:/home/jack/work/install/hiwin_interfaces:/opt/ros/humble LD_LIBRARY_PATH=/home/jack/work/install/hiwin_libmodbus/lib:/home/jack/work/install/hiwin_interfaces/lib:${LD_LIBRARY_PATH} PYTHONPATH=/home/jack/work/install/hiwin_libmodbus/local/lib/python3.10/dist-packages:/home/jack/work/install/hiwin_interfaces/local/lib/python3.10/dist-packages:${PYTHONPATH} /usr/bin/cmake --install /home/jack/work/build/hiwin_service_client
[0.055s] -- Install configuration: ""
[0.055s] -- Up-to-date: /home/jack/work/install/hiwin_service_client/share/ament_index/resource_index/package_run_dependencies/hiwin_service_client
[0.055s] -- Up-to-date: /home/jack/work/install/hiwin_service_client/share/ament_index/resource_index/parent_prefix_path/hiwin_service_client
[0.055s] -- Up-to-date: /home/jack/work/install/hiwin_service_client/share/hiwin_service_client/environment/ament_prefix_path.sh
[0.055s] -- Up-to-date: /home/jack/work/install/hiwin_service_client/share/hiwin_service_client/environment/ament_prefix_path.dsv
[0.055s] -- Up-to-date: /home/jack/work/install/hiwin_service_client/share/hiwin_service_client/environment/path.sh
[0.055s] -- Up-to-date: /home/jack/work/install/hiwin_service_client/share/hiwin_service_client/environment/path.dsv
[0.055s] -- Up-to-date: /home/jack/work/install/hiwin_service_client/share/hiwin_service_client/local_setup.bash
[0.055s] -- Up-to-date: /home/jack/work/install/hiwin_service_client/share/hiwin_service_client/local_setup.sh
[0.055s] -- Up-to-date: /home/jack/work/install/hiwin_service_client/share/hiwin_service_client/local_setup.zsh
[0.055s] -- Up-to-date: /home/jack/work/install/hiwin_service_client/share/hiwin_service_client/local_setup.dsv
[0.055s] -- Installing: /home/jack/work/install/hiwin_service_client/share/hiwin_service_client/package.dsv
[0.055s] -- Up-to-date: /home/jack/work/install/hiwin_service_client/share/ament_index/resource_index/packages/hiwin_service_client
[0.055s] -- Up-to-date: /home/jack/work/install/hiwin_service_client/share/hiwin_service_client/cmake/hiwin_service_clientConfig.cmake
[0.055s] -- Up-to-date: /home/jack/work/install/hiwin_service_client/share/hiwin_service_client/cmake/hiwin_service_clientConfig-version.cmake
[0.055s] -- Up-to-date: /home/jack/work/install/hiwin_service_client/share/hiwin_service_client/package.xml
[0.057s] Invoked command in '/home/jack/work/build/hiwin_service_client' returned '0': AMENT_PREFIX_PATH=/home/jack/work/install/hiwin_libmodbus:/home/jack/work/install/hiwin_interfaces:${AMENT_PREFIX_PATH} CMAKE_PREFIX_PATH=/home/jack/work/install/hiwin_libmodbus:/home/jack/work/install/hiwin_interfaces:/opt/ros/humble LD_LIBRARY_PATH=/home/jack/work/install/hiwin_libmodbus/lib:/home/jack/work/install/hiwin_interfaces/lib:${LD_LIBRARY_PATH} PYTHONPATH=/home/jack/work/install/hiwin_libmodbus/local/lib/python3.10/dist-packages:/home/jack/work/install/hiwin_interfaces/local/lib/python3.10/dist-packages:${PYTHONPATH} /usr/bin/cmake --install /home/jack/work/build/hiwin_service_client
