/home/jack/work/install/yolov7_obj_detect/lib/python3.10/site-packages/yolov7_obj_detect/__init__.py
/home/jack/work/install/yolov7_obj_detect/lib/python3.10/site-packages/yolov7_obj_detect/len.py
/home/jack/work/install/yolov7_obj_detect/lib/python3.10/site-packages/yolov7_obj_detect/object_detection.py
/home/jack/work/install/yolov7_obj_detect/lib/python3.10/site-packages/models/__init__.py
/home/jack/work/install/yolov7_obj_detect/lib/python3.10/site-packages/models/experimental.py
/home/jack/work/install/yolov7_obj_detect/lib/python3.10/site-packages/models/yolo.py
/home/jack/work/install/yolov7_obj_detect/lib/python3.10/site-packages/models/common.py
/home/jack/work/install/yolov7_obj_detect/lib/python3.10/site-packages/utils/loss.py
/home/jack/work/install/yolov7_obj_detect/lib/python3.10/site-packages/utils/general.py
/home/jack/work/install/yolov7_obj_detect/lib/python3.10/site-packages/utils/activations.py
/home/jack/work/install/yolov7_obj_detect/lib/python3.10/site-packages/utils/__init__.py
/home/jack/work/install/yolov7_obj_detect/lib/python3.10/site-packages/utils/add_nms.py
/home/jack/work/install/yolov7_obj_detect/lib/python3.10/site-packages/utils/metrics.py
/home/jack/work/install/yolov7_obj_detect/lib/python3.10/site-packages/utils/plots.py
/home/jack/work/install/yolov7_obj_detect/lib/python3.10/site-packages/utils/torch_utils.py
/home/jack/work/install/yolov7_obj_detect/lib/python3.10/site-packages/utils/datasets.py
/home/jack/work/install/yolov7_obj_detect/lib/python3.10/site-packages/utils/autoanchor.py
/home/jack/work/install/yolov7_obj_detect/lib/python3.10/site-packages/utils/google_utils.py
/home/jack/work/install/yolov7_obj_detect/lib/python3.10/site-packages/utils/aws/__init__.py
/home/jack/work/install/yolov7_obj_detect/lib/python3.10/site-packages/utils/aws/resume.py
/home/jack/work/install/yolov7_obj_detect/lib/python3.10/site-packages/utils/wandb_logging/__init__.py
/home/jack/work/install/yolov7_obj_detect/lib/python3.10/site-packages/utils/wandb_logging/log_dataset.py
/home/jack/work/install/yolov7_obj_detect/lib/python3.10/site-packages/utils/wandb_logging/wandb_utils.py
/home/jack/work/install/yolov7_obj_detect/lib/python3.10/site-packages/yolov7_obj_detect/__pycache__/__init__.cpython-310.pyc
/home/jack/work/install/yolov7_obj_detect/lib/python3.10/site-packages/yolov7_obj_detect/__pycache__/len.cpython-310.pyc
/home/jack/work/install/yolov7_obj_detect/lib/python3.10/site-packages/yolov7_obj_detect/__pycache__/object_detection.cpython-310.pyc
/home/jack/work/install/yolov7_obj_detect/lib/python3.10/site-packages/models/__pycache__/__init__.cpython-310.pyc
/home/jack/work/install/yolov7_obj_detect/lib/python3.10/site-packages/models/__pycache__/experimental.cpython-310.pyc
/home/jack/work/install/yolov7_obj_detect/lib/python3.10/site-packages/models/__pycache__/yolo.cpython-310.pyc
/home/jack/work/install/yolov7_obj_detect/lib/python3.10/site-packages/models/__pycache__/common.cpython-310.pyc
/home/jack/work/install/yolov7_obj_detect/lib/python3.10/site-packages/utils/__pycache__/loss.cpython-310.pyc
/home/jack/work/install/yolov7_obj_detect/lib/python3.10/site-packages/utils/__pycache__/general.cpython-310.pyc
/home/jack/work/install/yolov7_obj_detect/lib/python3.10/site-packages/utils/__pycache__/activations.cpython-310.pyc
/home/jack/work/install/yolov7_obj_detect/lib/python3.10/site-packages/utils/__pycache__/__init__.cpython-310.pyc
/home/jack/work/install/yolov7_obj_detect/lib/python3.10/site-packages/utils/__pycache__/add_nms.cpython-310.pyc
/home/jack/work/install/yolov7_obj_detect/lib/python3.10/site-packages/utils/__pycache__/metrics.cpython-310.pyc
/home/jack/work/install/yolov7_obj_detect/lib/python3.10/site-packages/utils/__pycache__/plots.cpython-310.pyc
/home/jack/work/install/yolov7_obj_detect/lib/python3.10/site-packages/utils/__pycache__/torch_utils.cpython-310.pyc
/home/jack/work/install/yolov7_obj_detect/lib/python3.10/site-packages/utils/__pycache__/datasets.cpython-310.pyc
/home/jack/work/install/yolov7_obj_detect/lib/python3.10/site-packages/utils/__pycache__/autoanchor.cpython-310.pyc
/home/jack/work/install/yolov7_obj_detect/lib/python3.10/site-packages/utils/__pycache__/google_utils.cpython-310.pyc
/home/jack/work/install/yolov7_obj_detect/lib/python3.10/site-packages/utils/aws/__pycache__/__init__.cpython-310.pyc
/home/jack/work/install/yolov7_obj_detect/lib/python3.10/site-packages/utils/aws/__pycache__/resume.cpython-310.pyc
/home/jack/work/install/yolov7_obj_detect/lib/python3.10/site-packages/utils/wandb_logging/__pycache__/__init__.cpython-310.pyc
/home/jack/work/install/yolov7_obj_detect/lib/python3.10/site-packages/utils/wandb_logging/__pycache__/log_dataset.cpython-310.pyc
/home/jack/work/install/yolov7_obj_detect/lib/python3.10/site-packages/utils/wandb_logging/__pycache__/wandb_utils.cpython-310.pyc
/home/jack/work/install/yolov7_obj_detect/share/ament_index/resource_index/packages/yolov7_obj_detect
/home/jack/work/install/yolov7_obj_detect/share/yolov7_obj_detect/package.xml
/home/jack/work/install/yolov7_obj_detect/share/yolov7_obj_detect/launch/object_detection_launch.py
/home/jack/work/install/yolov7_obj_detect/share/yolov7_obj_detect/weights/best.pt
/home/jack/work/install/yolov7_obj_detect/share/yolov7_obj_detect/weights/alldone.pt
/home/jack/work/install/yolov7_obj_detect/share/yolov7_obj_detect/weights/yolov7.pt
/home/jack/work/install/yolov7_obj_detect/lib/yolov7_obj_detect/models/experimental.py
/home/jack/work/install/yolov7_obj_detect/lib/yolov7_obj_detect/models/common.py
/home/jack/work/install/yolov7_obj_detect/lib/yolov7_obj_detect/models/yolo.py
/home/jack/work/install/yolov7_obj_detect/lib/yolov7_obj_detect/utils/general.py
/home/jack/work/install/yolov7_obj_detect/lib/yolov7_obj_detect/utils/torch_utils.py
/home/jack/work/install/yolov7_obj_detect/lib/yolov7_obj_detect/utils/plots.py
/home/jack/work/install/yolov7_obj_detect/lib/yolov7_obj_detect/utils/datasets.py
/home/jack/work/install/yolov7_obj_detect/lib/yolov7_obj_detect/utils/google_utils.py
/home/jack/work/install/yolov7_obj_detect/lib/yolov7_obj_detect/utils/activations.py
/home/jack/work/install/yolov7_obj_detect/lib/yolov7_obj_detect/utils/add_nms.py
/home/jack/work/install/yolov7_obj_detect/lib/yolov7_obj_detect/utils/autoanchor.py
/home/jack/work/install/yolov7_obj_detect/lib/yolov7_obj_detect/utils/loss.py
/home/jack/work/install/yolov7_obj_detect/lib/yolov7_obj_detect/utils/metrics.py
/home/jack/work/install/yolov7_obj_detect/lib/python3.10/site-packages/yolov7_obj_detect-0.0.0-py3.10.egg-info/top_level.txt
/home/jack/work/install/yolov7_obj_detect/lib/python3.10/site-packages/yolov7_obj_detect-0.0.0-py3.10.egg-info/PKG-INFO
/home/jack/work/install/yolov7_obj_detect/lib/python3.10/site-packages/yolov7_obj_detect-0.0.0-py3.10.egg-info/dependency_links.txt
/home/jack/work/install/yolov7_obj_detect/lib/python3.10/site-packages/yolov7_obj_detect-0.0.0-py3.10.egg-info/entry_points.txt
/home/jack/work/install/yolov7_obj_detect/lib/python3.10/site-packages/yolov7_obj_detect-0.0.0-py3.10.egg-info/SOURCES.txt
/home/jack/work/install/yolov7_obj_detect/lib/python3.10/site-packages/yolov7_obj_detect-0.0.0-py3.10.egg-info/requires.txt
/home/jack/work/install/yolov7_obj_detect/lib/python3.10/site-packages/yolov7_obj_detect-0.0.0-py3.10.egg-info/zip-safe
/home/jack/work/install/yolov7_obj_detect/lib/yolov7_obj_detect/object_detection
