[0.025s] Invoking command in '/home/jack/work/build/realsense2_camera_msgs': CMAKE_PREFIX_PATH=${CMAKE_PREFIX_PATH}:/home/jack/work/install/yolov7_obj_detect:/home/jack/work/install/hiwin_example:/home/jack/work/install/hiwin_control:/home/jack/work/install/center:/opt/ros/humble /usr/bin/cmake --build /home/jack/work/build/realsense2_camera_msgs -- -j16 -l16
[0.092s] [  1%] Built target realsense2_camera_msgs__rs
[0.101s] [  3%] Built target realsense2_camera_msgs__cpp
[0.115s] [ 14%] Built target realsense2_camera_msgs__rosidl_generator_c
[0.131s] [ 14%] Built target ament_cmake_python_copy_realsense2_camera_msgs
[0.192s] [ 25%] Built target realsense2_camera_msgs__rosidl_typesupport_cpp
[0.196s] [ 35%] Built target realsense2_camera_msgs__rosidl_typesupport_fastrtps_cpp
[0.226s] [ 46%] Built target realsense2_camera_msgs__rosidl_typesupport_introspection_cpp
[0.231s] [ 57%] Built target realsense2_camera_msgs__rosidl_typesupport_c
[0.251s] [ 68%] Built target realsense2_camera_msgs__rosidl_typesupport_introspection_c
[0.267s] [ 79%] Built target realsense2_camera_msgs__rosidl_typesupport_fastrtps_c
[0.328s] [ 79%] Built target realsense2_camera_msgs
[0.391s] [ 81%] Built target realsense2_camera_msgs__py
[0.475s] [ 84%] [32mBuilding C object CMakeFiles/realsense2_camera_msgs__rosidl_generator_py.dir/rosidl_generator_py/realsense2_camera_msgs/msg/_extrinsics_s.c.o[0m
[0.475s] [ 84%] [32mBuilding C object CMakeFiles/realsense2_camera_msgs__rosidl_generator_py.dir/rosidl_generator_py/realsense2_camera_msgs/msg/_imu_info_s.c.o[0m
[0.481s] [ 85%] [32mBuilding C object CMakeFiles/realsense2_camera_msgs__rosidl_generator_py.dir/rosidl_generator_py/realsense2_camera_msgs/msg/_metadata_s.c.o[0m
[0.487s] [ 87%] [32mBuilding C object CMakeFiles/realsense2_camera_msgs__rosidl_generator_py.dir/rosidl_generator_py/realsense2_camera_msgs/msg/_rgbd_s.c.o[0m
[0.498s] [ 89%] [32mBuilding C object CMakeFiles/realsense2_camera_msgs__rosidl_generator_py.dir/rosidl_generator_py/realsense2_camera_msgs/srv/_device_info_s.c.o[0m
[0.730s] [01m[K/home/jack/work/build/realsense2_camera_msgs/rosidl_generator_py/realsense2_camera_msgs/msg/_metadata_s.c:11:10:[m[K [01;31m[Kfatal error: [m[Knumpy/ndarrayobject.h: No such file or directory
[0.730s]    11 | #include [01;31m[K"numpy/ndarrayobject.h"[m[K
[0.731s]       |          [01;31m[K^~~~~~~~~~~~~~~~~~~~~~~[m[K
[0.731s] compilation terminated.
[0.731s] [01m[K/home/jack/work/build/realsense2_camera_msgs/rosidl_generator_py/realsense2_camera_msgs/msg/_imu_info_s.c:11:10:[m[K [01;31m[Kfatal error: [m[Knumpy/ndarrayobject.h: No such file or directory
[0.731s]    11 | #include [01;31m[K"numpy/ndarrayobject.h"[m[K
[0.731s]       |          [01;31m[K^~~~~~~~~~~~~~~~~~~~~~~[m[K
[0.732s] compilation terminated.
[0.733s] gmake[2]: *** [CMakeFiles/realsense2_camera_msgs__rosidl_generator_py.dir/build.make:104: CMakeFiles/realsense2_camera_msgs__rosidl_generator_py.dir/rosidl_generator_py/realsense2_camera_msgs/msg/_metadata_s.c.o] Error 1
[0.734s] gmake[2]: *** Waiting for unfinished jobs....
[0.734s] [01m[K/home/jack/work/build/realsense2_camera_msgs/rosidl_generator_py/realsense2_camera_msgs/msg/_rgbd_s.c:11:10:[m[K [01;31m[Kfatal error: [m[Knumpy/ndarrayobject.h: No such file or directory
[0.734s]    11 | #include [01;31m[K"numpy/ndarrayobject.h"[m[K
[0.734s]       |          [01;31m[K^~~~~~~~~~~~~~~~~~~~~~~[m[K
[0.734s] compilation terminated.
[0.735s] gmake[2]: *** [CMakeFiles/realsense2_camera_msgs__rosidl_generator_py.dir/build.make:76: CMakeFiles/realsense2_camera_msgs__rosidl_generator_py.dir/rosidl_generator_py/realsense2_camera_msgs/msg/_imu_info_s.c.o] Error 1
[0.744s] gmake[2]: *** [CMakeFiles/realsense2_camera_msgs__rosidl_generator_py.dir/build.make:118: CMakeFiles/realsense2_camera_msgs__rosidl_generator_py.dir/rosidl_generator_py/realsense2_camera_msgs/msg/_rgbd_s.c.o] Error 1
[0.785s] [01m[K/home/jack/work/build/realsense2_camera_msgs/rosidl_generator_py/realsense2_camera_msgs/msg/_extrinsics_s.c:11:10:[m[K [01;31m[Kfatal error: [m[Knumpy/ndarrayobject.h: No such file or directory
[0.785s]    11 | #include [01;31m[K"numpy/ndarrayobject.h"[m[K
[0.785s]       |          [01;31m[K^~~~~~~~~~~~~~~~~~~~~~~[m[K
[0.786s] compilation terminated.
[0.788s] gmake[2]: *** [CMakeFiles/realsense2_camera_msgs__rosidl_generator_py.dir/build.make:90: CMakeFiles/realsense2_camera_msgs__rosidl_generator_py.dir/rosidl_generator_py/realsense2_camera_msgs/msg/_extrinsics_s.c.o] Error 1
[0.842s] [01m[K/home/jack/work/build/realsense2_camera_msgs/rosidl_generator_py/realsense2_camera_msgs/srv/_device_info_s.c:11:10:[m[K [01;31m[Kfatal error: [m[Knumpy/ndarrayobject.h: No such file or directory
[0.843s]    11 | #include [01;31m[K"numpy/ndarrayobject.h"[m[K
[0.843s]       |          [01;31m[K^~~~~~~~~~~~~~~~~~~~~~~[m[K
[0.843s] compilation terminated.
[0.845s] gmake[2]: *** [CMakeFiles/realsense2_camera_msgs__rosidl_generator_py.dir/build.make:132: CMakeFiles/realsense2_camera_msgs__rosidl_generator_py.dir/rosidl_generator_py/realsense2_camera_msgs/srv/_device_info_s.c.o] Error 1
[0.846s] gmake[1]: *** [CMakeFiles/Makefile2:494: CMakeFiles/realsense2_camera_msgs__rosidl_generator_py.dir/all] Error 2
[0.846s] gmake[1]: *** Waiting for unfinished jobs....
[0.925s] running egg_info
[0.975s] writing realsense2_camera_msgs.egg-info/PKG-INFO
[0.977s] writing dependency_links to realsense2_camera_msgs.egg-info/dependency_links.txt
[0.977s] writing top-level names to realsense2_camera_msgs.egg-info/top_level.txt
[1.117s] reading manifest file 'realsense2_camera_msgs.egg-info/SOURCES.txt'
[1.119s] writing manifest file 'realsense2_camera_msgs.egg-info/SOURCES.txt'
[1.185s] [ 89%] Built target ament_cmake_python_build_realsense2_camera_msgs_egg
[1.187s] gmake: *** [Makefile:146: all] Error 2
