[0.008s] Invoking command in '/home/jack/work/build/visp_bridge': CMAKE_PREFIX_PATH=${CMAKE_PREFIX_PATH}:/home/jack/work/install/yolov7_obj_detect:/home/jack/work/install/hiwin_example:/home/jack/work/install/hiwin_control:/home/jack/work/install/center:/opt/ros/humble /usr/bin/cmake /home/jack/work/src/vision_visp/visp_bridge -DCMAKE_INSTALL_PREFIX=/home/jack/work/install/visp_bridge
[0.019s] -- Found ament_cmake_ros: 0.10.0 (/opt/ros/humble/share/ament_cmake_ros/cmake)
[0.120s] -- Found geometry_msgs: 4.9.1 (/opt/ros/humble/share/geometry_msgs/cmake)
[0.139s] -- Found rosidl_generator_c: 3.1.8 (/opt/ros/humble/share/rosidl_generator_c/cmake)
[0.140s] -- Found rosidl_adapter: 3.1.8 (/opt/ros/humble/share/rosidl_adapter/cmake)
[0.146s] -- Found rosidl_generator_cpp: 3.1.8 (/opt/ros/humble/share/rosidl_generator_cpp/cmake)
[0.152s] -- Using all available rosidl_typesupport_c: rosidl_typesupport_fastrtps_c;rosidl_typesupport_introspection_c
[0.160s] -- Using all available rosidl_typesupport_cpp: rosidl_typesupport_fastrtps_cpp;rosidl_typesupport_introspection_cpp
[0.187s] -- Found sensor_msgs: 4.9.1 (/opt/ros/humble/share/sensor_msgs/cmake)
[0.201s] -- Found camera_calibration_parsers: 3.1.12 (/opt/ros/humble/share/camera_calibration_parsers/cmake)
[0.238s] -- Found rmw_implementation_cmake: 6.1.2 (/opt/ros/humble/share/rmw_implementation_cmake/cmake)
[0.241s] -- Found rmw_cyclonedds_cpp: 1.3.4 (/opt/ros/humble/share/rmw_cyclonedds_cpp/cmake)
[0.260s] -- Using RMW implementation 'rmw_cyclonedds_cpp' as default
[0.268s] -- Looking for pthread.h
[0.327s] -- Looking for pthread.h - found
[0.327s] -- Performing Test CMAKE_HAVE_LIBC_PTHREAD
[0.385s] -- Performing Test CMAKE_HAVE_LIBC_PTHREAD - Success
[0.386s] -- Found Threads: TRUE  
[0.428s] -- Performing Test COMPILER_HAS_HIDDEN_VISIBILITY
[0.489s] -- Performing Test COMPILER_HAS_HIDDEN_VISIBILITY - Success
[0.490s] -- Performing Test COMPILER_HAS_HIDDEN_INLINE_VISIBILITY
[0.550s] -- Performing Test COMPILER_HAS_HIDDEN_INLINE_VISIBILITY - Success
[0.550s] -- Performing Test COMPILER_HAS_DEPRECATED_ATTR
[0.612s] -- Performing Test COMPILER_HAS_DEPRECATED_ATTR - Success
[0.663s] -- Configuring done
[0.673s] -- Generating done
[0.677s] -- Build files have been written to: /home/jack/work/build/visp_bridge
[0.682s] Invoked command in '/home/jack/work/build/visp_bridge' returned '0': CMAKE_PREFIX_PATH=${CMAKE_PREFIX_PATH}:/home/jack/work/install/yolov7_obj_detect:/home/jack/work/install/hiwin_example:/home/jack/work/install/hiwin_control:/home/jack/work/install/center:/opt/ros/humble /usr/bin/cmake /home/jack/work/src/vision_visp/visp_bridge -DCMAKE_INSTALL_PREFIX=/home/jack/work/install/visp_bridge
[0.683s] Invoking command in '/home/jack/work/build/visp_bridge': CMAKE_PREFIX_PATH=${CMAKE_PREFIX_PATH}:/home/jack/work/install/yolov7_obj_detect:/home/jack/work/install/hiwin_example:/home/jack/work/install/hiwin_control:/home/jack/work/install/center:/opt/ros/humble /usr/bin/cmake --build /home/jack/work/build/visp_bridge -- -j16 -l16
[0.725s] [ 16%] [32mBuilding CXX object src/CMakeFiles/visp_bridge.dir/3dpose.cpp.o[0m
[0.725s] [ 33%] [32mBuilding CXX object src/CMakeFiles/visp_bridge.dir/image.cpp.o[0m
[0.725s] [ 50%] [32mBuilding CXX object src/CMakeFiles/visp_bridge.dir/camera.cpp.o[0m
[1.466s] In file included from [01m[K/home/jack/work/src/vision_visp/visp_bridge/src/3dpose.cpp:50[m[K:
[1.466s] [01m[K/home/jack/work/src/vision_visp/visp_bridge/src/../include/visp_bridge/3dpose.h:59:1:[m[K [01;31m[Kerror: [m[K‘[01m[KvpHomogeneousMatrix[m[K’ does not name a type
[1.466s]    59 | [01;31m[KvpHomogeneousMatrix[m[K toVispHomogeneousMatrix(const geometry_msgs::msg::Transform &trans);
[1.466s]       | [01;31m[K^~~~~~~~~~~~~~~~~~~[m[K
[1.467s] [01m[K/home/jack/work/src/vision_visp/visp_bridge/src/../include/visp_bridge/3dpose.h:65:1:[m[K [01;31m[Kerror: [m[K‘[01m[KvpHomogeneousMatrix[m[K’ does not name a type
[1.468s]    65 | [01;31m[KvpHomogeneousMatrix[m[K toVispHomogeneousMatrix(const geometry_msgs::msg::Transform::ConstSharedPtr &trans);
[1.468s]       | [01;31m[K^~~~~~~~~~~~~~~~~~~[m[K
[1.469s] [01m[K/home/jack/work/src/vision_visp/visp_bridge/src/../include/visp_bridge/3dpose.h:72:1:[m[K [01;31m[Kerror: [m[K‘[01m[KvpHomogeneousMatrix[m[K’ does not name a type
[1.469s]    72 | [01;31m[KvpHomogeneousMatrix[m[K toVispHomogeneousMatrix(const geometry_msgs::msg::Pose &pose);
[1.469s]       | [01;31m[K^~~~~~~~~~~~~~~~~~~[m[K
[1.470s] [01m[K/home/jack/work/src/vision_visp/visp_bridge/src/../include/visp_bridge/3dpose.h:79:1:[m[K [01;31m[Kerror: [m[K‘[01m[KvpHomogeneousMatrix[m[K’ does not name a type
[1.470s]    79 | [01;31m[KvpHomogeneousMatrix[m[K toVispHomogeneousMatrix(const geometry_msgs::msg::Pose::ConstSharedPtr &pose);
[1.471s]       | [01;31m[K^~~~~~~~~~~~~~~~~~~[m[K
[1.472s] [01m[K/home/jack/work/src/vision_visp/visp_bridge/src/../include/visp_bridge/3dpose.h:86:61:[m[K [01;31m[Kerror: [m[K‘[01m[KvpHomogeneousMatrix[m[K’ does not name a type
[1.472s]    86 | eometry_msgs::msg::Transform toGeometryMsgsTransform(const [01;31m[KvpHomogeneousMatrix[m[K &mat);
[1.472s]       |                                                            [01;31m[K^~~~~~~~~~~~~~~~~~~[m[K
[1.472s] 
[1.473s] In file included from [01m[K/home/jack/work/src/vision_visp/visp_bridge/src/camera.cpp:46[m[K:
[1.473s] [01m[K/home/jack/work/src/vision_visp/visp_bridge/src/../include/visp_bridge/camera.h:58:1:[m[K [01;31m[Kerror: [m[K‘[01m[KvpCameraParameters[m[K’ does not name a type
[1.473s]    58 | [01;31m[KvpCameraParameters[m[K toVispCameraParameters(const sensor_msgs::msg::CameraInfo &cam_info);
[1.473s]       | [01;31m[K^~~~~~~~~~~~~~~~~~[m[K
[1.474s] [01m[K/home/jack/work/src/vision_visp/visp_bridge/src/../include/visp_bridge/3dpose.h:93:51:[m[K [01;31m[Kerror: [m[K‘[01m[KvpHomogeneousMatrix[m[K’ does not name a type
[1.474s]    93 | geometry_msgs::msg::Pose toGeometryMsgsPose(const [01;31m[KvpHomogeneousMatrix[m[K &mat);
[1.474s]       |                                                   [01;31m[K^~~~~~~~~~~~~~~~~~~[m[K
[1.474s] [01m[K/home/jack/work/src/vision_visp/visp_bridge/src/../include/visp_bridge/camera.h:64:1:[m[K [01;31m[Kerror: [m[K‘[01m[KvpCameraParameters[m[K’ does not name a type
[1.474s]    64 | [01;31m[KvpCameraParameters[m[K toVispCameraParameters(const sensor_msgs::msg::CameraInfo::ConstSharedPtr &cam_info);
[1.474s]       | [01;31m[K^~~~~~~~~~~~~~~~~~[m[K
[1.475s] [01m[K/home/jack/work/src/vision_visp/visp_bridge/src/../include/visp_bridge/camera.h:72:53:[m[K [01;31m[Kerror: [m[K‘[01m[KvpCameraParameters[m[K’ was not declared in this scope; did you mean ‘[01m[Kvisp::vpCameraParameters[m[K’?
[1.475s]    72 | sensor_msgs::msg::CameraInfo toSensorMsgsCameraInfo([01;31m[KvpCameraParameters[m[K &cam_info, unsigned int cam_image_width,
[1.475s]       |                                                     [01;31m[K^~~~~~~~~~~~~~~~~~[m[K
[1.475s]       |                                                     [32m[Kvisp::vpCameraParameters[m[K
[1.475s] In file included from [01m[K/home/jack/work/src/vision_visp/visp_bridge/src/../include/visp_bridge/camera.h:49[m[K,
[1.475s]                  from [01m[K/home/jack/work/src/vision_visp/visp_bridge/src/camera.cpp:46[m[K:
[1.475s] [01m[K/opt/ros/humble/include/visp3/core/vpCameraParameters.h:310:19:[m[K [01;36m[Knote: [m[K‘[01m[Kvisp::vpCameraParameters[m[K’ declared here
[1.475s]   310 | class VISP_EXPORT [01;36m[KvpCameraParameters[m[K
[1.475s]       |                   [01;36m[K^~~~~~~~~~~~~~~~~~[m[K
[1.476s] [01m[K/home/jack/work/src/vision_visp/visp_bridge/src/3dpose.cpp:54:1:[m[K [01;31m[Kerror: [m[K‘[01m[KvpHomogeneousMatrix[m[K’ does not name a type
[1.476s]    54 | [01;31m[KvpHomogeneousMatrix[m[K toVispHomogeneousMatrix(const geometry_msgs::msg::Pose &pose)
[1.476s]       | [01;31m[K^~~~~~~~~~~~~~~~~~~[m[K
[1.477s] In file included from [01m[K/home/jack/work/src/vision_visp/visp_bridge/src/camera.cpp:46[m[K:
[1.477s] [01m[K/home/jack/work/src/vision_visp/visp_bridge/src/../include/visp_bridge/camera.h:72:73:[m[K [01;31m[Kerror: [m[K‘[01m[Kcam_info[m[K’ was not declared in this scope
[1.477s]    72 | sensor_msgs::msg::CameraInfo toSensorMsgsCameraInfo(vpCameraParameters &[01;31m[Kcam_info[m[K, unsigned int cam_image_width,
[1.477s]       |                                                                         [01;31m[K^~~~~~~~[m[K
[1.477s] [01m[K/home/jack/work/src/vision_visp/visp_bridge/src/../include/visp_bridge/camera.h:72:83:[m[K [01;31m[Kerror: [m[Kexpected primary-expression before ‘[01m[Kunsigned[m[K’
[1.477s]    72 | sensor_msgs::msg::CameraInfo toSensorMsgsCameraInfo(vpCameraParameters &cam_info, [01;31m[Kunsigned[m[K int cam_image_width,
[1.477s]       |                                                                                   [01;31m[K^~~~~~~~[m[K
[1.477s] [01m[K/home/jack/work/src/vision_visp/visp_bridge/src/../include/visp_bridge/camera.h:73:53:[m[K [01;31m[Kerror: [m[Kexpected primary-expression before ‘[01m[Kunsigned[m[K’
[1.477s]    73 |                                                     [01;31m[Kunsigned[m[K int cam_image_height);
[1.477s]       |                                                     [01;31m[K^~~~~~~~[m[K
[1.477s] [01m[K/home/jack/work/src/vision_visp/visp_bridge/src/3dpose.cpp:64:1:[m[K [01;31m[Kerror: [m[K‘[01m[KvpHomogeneousMatrix[m[K’ does not name a type
[1.477s]    64 | [01;31m[KvpHomogeneousMatrix[m[K toVispHomogeneousMatrix(const geometry_msgs::msg::Pose::ConstSharedPtr &pose)
[1.477s]       | [01;31m[K^~~~~~~~~~~~~~~~~~~[m[K
[1.478s] [01m[K/home/jack/work/src/vision_visp/visp_bridge/src/camera.cpp:50:1:[m[K [01;31m[Kerror: [m[K‘[01m[KvpCameraParameters[m[K’ does not name a type
[1.478s]    50 | [01;31m[KvpCameraParameters[m[K toVispCameraParameters(const sensor_msgs::msg::CameraInfo &cam_info)
[1.478s]       | [01;31m[K^~~~~~~~~~~~~~~~~~[m[K
[1.479s] [01m[K/home/jack/work/src/vision_visp/visp_bridge/src/camera.cpp:84:1:[m[K [01;31m[Kerror: [m[K‘[01m[KvpCameraParameters[m[K’ does not name a type
[1.479s]    84 | [01;31m[KvpCameraParameters[m[K toVispCameraParameters(const sensor_msgs::msg::CameraInfo::ConstSharedPtr &cam_info)
[1.479s]       | [01;31m[K^~~~~~~~~~~~~~~~~~[m[K
[1.479s] [01m[K/home/jack/work/src/vision_visp/visp_bridge/src/3dpose.cpp:74:1:[m[K [01;31m[Kerror: [m[K‘[01m[KvpHomogeneousMatrix[m[K’ does not name a type
[1.479s]    74 | [01;31m[KvpHomogeneousMatrix[m[K toVispHomogeneousMatrix(const geometry_msgs::msg::Transform &trans)
[1.479s]       | [01;31m[K^~~~~~~~~~~~~~~~~~~[m[K
[1.479s] [01m[K/home/jack/work/src/vision_visp/visp_bridge/src/camera.cpp:118:30:[m[K [01;31m[Kerror: [m[Kredefinition of ‘[01m[Ksensor_msgs::msg::CameraInfo visp_bridge::toSensorMsgsCameraInfo[m[K’
[1.479s]   118 | sensor_msgs::msg::CameraInfo [01;31m[KtoSensorMsgsCameraInfo[m[K(vpCameraParameters &cam_info, unsigned int cam_image_width,
[1.479s]       |                              [01;31m[K^~~~~~~~~~~~~~~~~~~~~~[m[K
[1.479s] In file included from [01m[K/home/jack/work/src/vision_visp/visp_bridge/src/camera.cpp:46[m[K:
[1.479s] [01m[K/home/jack/work/src/vision_visp/visp_bridge/src/../include/visp_bridge/camera.h:72:30:[m[K [01;36m[Knote: [m[K‘[01m[Ksensor_msgs::msg::CameraInfo visp_bridge::toSensorMsgsCameraInfo[m[K’ previously declared here
[1.479s]    72 | sensor_msgs::msg::CameraInfo [01;36m[KtoSensorMsgsCameraInfo[m[K(vpCameraParameters &cam_info, unsigned int cam_image_width,
[1.480s]       |                              [01;36m[K^~~~~~~~~~~~~~~~~~~~~~[m[K
[1.480s] [01m[K/home/jack/work/src/vision_visp/visp_bridge/src/camera.cpp:118:53:[m[K [01;31m[Kerror: [m[K‘[01m[KvpCameraParameters[m[K’ was not declared in this scope; did you mean ‘[01m[Kvisp::vpCameraParameters[m[K’?
[1.480s]   118 | sensor_msgs::msg::CameraInfo toSensorMsgsCameraInfo([01;31m[KvpCameraParameters[m[K &cam_info, unsigned int cam_image_width,
[1.480s]       |                                                     [01;31m[K^~~~~~~~~~~~~~~~~~[m[K
[1.480s]       |                                                     [32m[Kvisp::vpCameraParameters[m[K
[1.480s] In file included from [01m[K/home/jack/work/src/vision_visp/visp_bridge/src/../include/visp_bridge/camera.h:49[m[K,
[1.480s]                  from [01m[K/home/jack/work/src/vision_visp/visp_bridge/src/camera.cpp:46[m[K:
[1.480s] [01m[K/opt/ros/humble/include/visp3/core/vpCameraParameters.h:310:19:[m[K [01;36m[Knote: [m[K‘[01m[Kvisp::vpCameraParameters[m[K’ declared here
[1.480s]   310 | class VISP_EXPORT [01;36m[KvpCameraParameters[m[K
[1.480s]       |                   [01;36m[K^~~~~~~~~~~~~~~~~~[m[K
[1.481s] [01m[K/home/jack/work/src/vision_visp/visp_bridge/src/3dpose.cpp:84:1:[m[K [01;31m[Kerror: [m[K‘[01m[KvpHomogeneousMatrix[m[K’ does not name a type
[1.481s]    84 | [01;31m[KvpHomogeneousMatrix[m[K toVispHomogeneousMatrix(const geometry_msgs::msg::Transform::ConstSharedPtr &trans)
[1.481s]       | [01;31m[K^~~~~~~~~~~~~~~~~~~[m[K
[1.482s] [01m[K/home/jack/work/src/vision_visp/visp_bridge/src/3dpose.cpp:94:61:[m[K [01;31m[Kerror: [m[K‘[01m[KvpHomogeneousMatrix[m[K’ does not name a type
[1.482s]    94 | eometry_msgs::msg::Transform toGeometryMsgsTransform(const [01;31m[KvpHomogeneousMatrix[m[K &mat)
[1.482s]       |                                                            [01;31m[K^~~~~~~~~~~~~~~~~~~[m[K
[1.482s] 
[1.482s] [01m[K/home/jack/work/src/vision_visp/visp_bridge/src/camera.cpp:118:73:[m[K [01;31m[Kerror: [m[K‘[01m[Kcam_info[m[K’ was not declared in this scope
[1.482s]   118 | sensor_msgs::msg::CameraInfo toSensorMsgsCameraInfo(vpCameraParameters &[01;31m[Kcam_info[m[K, unsigned int cam_image_width,
[1.482s]       |                                                                         [01;31m[K^~~~~~~~[m[K
[1.483s] [01m[K/home/jack/work/src/vision_visp/visp_bridge/src/camera.cpp:118:83:[m[K [01;31m[Kerror: [m[Kexpected primary-expression before ‘[01m[Kunsigned[m[K’
[1.483s]   118 | sensor_msgs::msg::CameraInfo toSensorMsgsCameraInfo(vpCameraParameters &cam_info, [01;31m[Kunsigned[m[K int cam_image_width,
[1.483s]       |                                                                                   [01;31m[K^~~~~~~~[m[K
[1.483s] [01m[K/home/jack/work/src/vision_visp/visp_bridge/src/camera.cpp:119:53:[m[K [01;31m[Kerror: [m[Kexpected primary-expression before ‘[01m[Kunsigned[m[K’
[1.483s]   119 |                                                     [01;31m[Kunsigned[m[K int cam_image_height)
[1.483s]       |                                                     [01;31m[K^~~~~~~~[m[K
[1.483s] [01m[K/home/jack/work/src/vision_visp/visp_bridge/src/3dpose.cpp:[m[K In function ‘[01m[Kgeometry_msgs::msg::Transform visp_bridge::toGeometryMsgsTransform(const int&)[m[K’:
[1.483s] [01m[K/home/jack/work/src/vision_visp/visp_bridge/src/3dpose.cpp:97:3:[m[K [01;31m[Kerror: [m[K‘[01m[KvpQuaternionVector[m[K’ was not declared in this scope; did you mean ‘[01m[Kvisp::vpQuaternionVector[m[K’?
[1.483s]    97 |   [01;31m[KvpQuaternionVector[m[K q;
[1.483s]       |   [01;31m[K^~~~~~~~~~~~~~~~~~[m[K
[1.483s]       |   [32m[Kvisp::vpQuaternionVector[m[K
[1.483s] In file included from [01m[K/home/jack/work/src/vision_visp/visp_bridge/src/3dpose.cpp:46[m[K:
[1.483s] [01m[K/opt/ros/humble/include/visp3/core/vpQuaternionVector.h:105:19:[m[K [01;36m[Knote: [m[K‘[01m[Kvisp::vpQuaternionVector[m[K’ declared here
[1.484s]   105 | class VISP_EXPORT [01;36m[KvpQuaternionVector[m[K : public vpRotationVector
[1.484s]       |                   [01;36m[K^~~~~~~~~~~~~~~~~~[m[K
[1.484s] [01m[K/home/jack/work/src/vision_visp/visp_bridge/src/3dpose.cpp:98:7:[m[K [01;31m[Kerror: [m[Krequest for member ‘[01m[Kextract[m[K’ in ‘[01m[Kmat[m[K’, which is of non-class type ‘[01m[Kconst int[m[K’
[1.484s]    98 |   mat.[01;31m[Kextract[m[K(q);
[1.484s]       |       [01;31m[K^~~~~~~[m[K
[1.484s] [01m[K/home/jack/work/src/vision_visp/visp_bridge/src/3dpose.cpp:98:15:[m[K [01;31m[Kerror: [m[K‘[01m[Kq[m[K’ was not declared in this scope
[1.484s]    98 |   mat.extract([01;31m[Kq[m[K);
[1.485s]       |               [01;31m[K^[m[K
[1.485s] [01m[K/home/jack/work/src/vision_visp/visp_bridge/src/3dpose.cpp:104:28:[m[K [01;31m[Kerror: [m[Kinvalid types ‘[01m[Kconst int[int][m[K’ for array subscript
[1.485s]   104 |   trans.translation.x = mat[01;31m[K[[m[K0][3];
[1.485s]       |                            [01;31m[K^[m[K
[1.485s] [01m[K/home/jack/work/src/vision_visp/visp_bridge/src/3dpose.cpp:105:28:[m[K [01;31m[Kerror: [m[Kinvalid types ‘[01m[Kconst int[int][m[K’ for array subscript
[1.485s]   105 |   trans.translation.y = mat[01;31m[K[[m[K1][3];
[1.485s]       |                            [01;31m[K^[m[K
[1.485s] [01m[K/home/jack/work/src/vision_visp/visp_bridge/src/3dpose.cpp:106:28:[m[K [01;31m[Kerror: [m[Kinvalid types ‘[01m[Kconst int[int][m[K’ for array subscript
[1.485s]   106 |   trans.translation.z = mat[01;31m[K[[m[K2][3];
[1.485s]       |                            [01;31m[K^[m[K
[1.485s] [01m[K/home/jack/work/src/vision_visp/visp_bridge/src/3dpose.cpp:[m[K At global scope:
[1.486s] [01m[K/home/jack/work/src/vision_visp/visp_bridge/src/3dpose.cpp:111:51:[m[K [01;31m[Kerror: [m[K‘[01m[KvpHomogeneousMatrix[m[K’ does not name a type
[1.486s]   111 | geometry_msgs::msg::Pose toGeometryMsgsPose(const [01;31m[KvpHomogeneousMatrix[m[K &mat)
[1.486s]       |                                                   [01;31m[K^~~~~~~~~~~~~~~~~~~[m[K
[1.486s] [01m[K/home/jack/work/src/vision_visp/visp_bridge/src/3dpose.cpp:[m[K In function ‘[01m[Kgeometry_msgs::msg::Pose visp_bridge::toGeometryMsgsPose(const int&)[m[K’:
[1.486s] [01m[K/home/jack/work/src/vision_visp/visp_bridge/src/3dpose.cpp:115:3:[m[K [01;31m[Kerror: [m[K‘[01m[KvpThetaUVector[m[K’ was not declared in this scope; did you mean ‘[01m[Kvisp::vpThetaUVector[m[K’?
[1.486s]   115 |   [01;31m[KvpThetaUVector[m[K tu(mat);
[1.486s]       |   [01;31m[K^~~~~~~~~~~~~~[m[K
[1.486s]       |   [32m[Kvisp::vpThetaUVector[m[K
[1.486s] In file included from [01m[K/opt/ros/humble/include/visp3/core/vpHomogeneousMatrix.h:62[m[K,
[1.486s]                  from [01m[K/opt/ros/humble/include/visp3/core/vpRotationMatrix.h:44[m[K,
[1.487s]                  from [01m[K/opt/ros/humble/include/visp3/core/vpQuaternionVector.h:45[m[K,
[1.487s]                  from [01m[K/home/jack/work/src/vision_visp/visp_bridge/src/3dpose.cpp:46[m[K:
[1.487s] [01m[K/opt/ros/humble/include/visp3/core/vpThetaUVector.h:171:19:[m[K [01;36m[Knote: [m[K‘[01m[Kvisp::vpThetaUVector[m[K’ declared here
[1.487s]   171 | class VISP_EXPORT [01;36m[KvpThetaUVector[m[K : public vpRotationVector
[1.487s]       |                   [01;36m[K^~~~~~~~~~~~~~[m[K
[1.487s] [01m[K/home/jack/work/src/vision_visp/visp_bridge/src/3dpose.cpp:116:3:[m[K [01;31m[Kerror: [m[K‘[01m[KvpColVector[m[K’ was not declared in this scope; did you mean ‘[01m[Kvisp::vpColVector[m[K’?
[1.487s]   116 |   [01;31m[KvpColVector[m[K u;
[1.487s]       |   [01;31m[K^~~~~~~~~~~[m[K
[1.487s]       |   [32m[Kvisp::vpColVector[m[K
[1.487s] In file included from [01m[K/opt/ros/humble/include/visp3/core/vpThetaUVector.h:43[m[K,
[1.487s]                  from [01m[K/opt/ros/humble/include/visp3/core/vpHomogeneousMatrix.h:62[m[K,
[1.487s]                  from [01m[K/opt/ros/humble/include/visp3/core/vpRotationMatrix.h:44[m[K,
[1.487s]                  from [01m[K/opt/ros/humble/include/visp3/core/vpQuaternionVector.h:45[m[K,
[1.488s]                  from [01m[K/home/jack/work/src/vision_visp/visp_bridge/src/3dpose.cpp:46[m[K:
[1.488s] [01m[K/opt/ros/humble/include/visp3/core/vpColVector.h:190:19:[m[K [01;36m[Knote: [m[K‘[01m[Kvisp::vpColVector[m[K’ declared here
[1.488s]   190 | class VISP_EXPORT [01;36m[KvpColVector[m[K : public vpArray2D<double>
[1.488s]       |                   [01;36m[K^~~~~~~~~~~[m[K
[1.488s] [01m[K/home/jack/work/src/vision_visp/visp_bridge/src/3dpose.cpp:118:3:[m[K [01;31m[Kerror: [m[K‘[01m[Ktu[m[K’ was not declared in this scope; did you mean ‘[01m[Ktm[m[K’?
[1.488s]   118 |   [01;31m[Ktu[m[K.extract(theta, u);
[1.488s]       |   [01;31m[K^~[m[K
[1.488s]       |   [32m[Ktm[m[K
[1.489s] [01m[K/home/jack/work/src/vision_visp/visp_bridge/src/3dpose.cpp:118:21:[m[K [01;31m[Kerror: [m[K‘[01m[Ku[m[K’ was not declared in this scope
[1.489s]   118 |   tu.extract(theta, [01;31m[Ku[m[K);
[1.489s]       |                     [01;31m[K^[m[K
[1.489s] [01m[K/home/jack/work/src/vision_visp/visp_bridge/src/3dpose.cpp:129:24:[m[K [01;31m[Kerror: [m[Kinvalid types ‘[01m[Kconst int[int][m[K’ for array subscript
[1.489s]   129 |   pose.position.x = mat[01;31m[K[[m[K0][3];
[1.489s]       |                        [01;31m[K^[m[K
[1.489s] [01m[K/home/jack/work/src/vision_visp/visp_bridge/src/3dpose.cpp:130:24:[m[K [01;31m[Kerror: [m[Kinvalid types ‘[01m[Kconst int[int][m[K’ for array subscript
[1.489s]   130 |   pose.position.y = mat[01;31m[K[[m[K1][3];
[1.489s]       |                        [01;31m[K^[m[K
[1.489s] [01m[K/home/jack/work/src/vision_visp/visp_bridge/src/3dpose.cpp:131:24:[m[K [01;31m[Kerror: [m[Kinvalid types ‘[01m[Kconst int[int][m[K’ for array subscript
[1.489s]   131 |   pose.position.z = mat[01;31m[K[[m[K2][3];
[1.489s]       |                        [01;31m[K^[m[K
[1.645s] In file included from [01m[K/home/jack/work/src/vision_visp/visp_bridge/src/image.cpp:50[m[K:
[1.645s] [01m[K/home/jack/work/src/vision_visp/visp_bridge/src/../include/visp_bridge/image.h:59:49:[m[K [01;31m[Kerror: [m[K‘[01m[KvpImage[m[K’ does not name a type
[1.646s]    59 | sensor_msgs::msg::Image toSensorMsgsImage(const [01;31m[KvpImage[m[K<unsigned char> &src);
[1.646s]       |                                                 [01;31m[K^~~~~~~[m[K
[1.646s] [01m[K/home/jack/work/src/vision_visp/visp_bridge/src/../include/visp_bridge/image.h:59:56:[m[K [01;31m[Kerror: [m[Kexpected ‘[01m[K,[m[K’ or ‘[01m[K...[m[K’ before ‘[01m[K<[m[K’ token
[1.646s]    59 | sensor_msgs::msg::Image toSensorMsgsImage(const vpImage[01;31m[K<[m[Kunsigned char> &src);
[1.646s]       |                                                        [01;31m[K^[m[K
[1.647s] [01m[K/home/jack/work/src/vision_visp/visp_bridge/src/../include/visp_bridge/image.h:60:49:[m[K [01;31m[Kerror: [m[K‘[01m[KvpImage[m[K’ does not name a type
[1.647s]    60 | sensor_msgs::msg::Image toSensorMsgsImage(const [01;31m[KvpImage[m[K<vpRGBa> &src);
[1.647s]       |                                                 [01;31m[K^~~~~~~[m[K
[1.647s] [01m[K/home/jack/work/src/vision_visp/visp_bridge/src/../include/visp_bridge/image.h:60:56:[m[K [01;31m[Kerror: [m[Kexpected ‘[01m[K,[m[K’ or ‘[01m[K...[m[K’ before ‘[01m[K<[m[K’ token
[1.647s]    60 | sensor_msgs::msg::Image toSensorMsgsImage(const vpImage[01;31m[K<[m[KvpRGBa> &src);
[1.647s]       |                                                        [01;31m[K^[m[K
[1.648s] [01m[K/home/jack/work/src/vision_visp/visp_bridge/src/../include/visp_bridge/image.h:66:1:[m[K [01;31m[Kerror: [m[K‘[01m[KvpImage[m[K’ does not name a type
[1.648s]    66 | [01;31m[KvpImage[m[K<unsigned char> toVispImage(const sensor_msgs::msg::Image &src);
[1.648s]       | [01;31m[K^~~~~~~[m[K
[1.650s] [01m[K/home/jack/work/src/vision_visp/visp_bridge/src/../include/visp_bridge/image.h:67:1:[m[K [01;31m[Kerror: [m[K‘[01m[KvpImage[m[K’ does not name a type
[1.650s]    67 | [01;31m[KvpImage[m[K<vpRGBa> toVispImageRGBa(const sensor_msgs::msg::Image &src);
[1.650s]       | [01;31m[K^~~~~~~[m[K
[1.651s] [01m[K/home/jack/work/src/vision_visp/visp_bridge/src/image.cpp:54:49:[m[K [01;31m[Kerror: [m[K‘[01m[KvpImage[m[K’ does not name a type
[1.652s]    54 | sensor_msgs::msg::Image toSensorMsgsImage(const [01;31m[KvpImage[m[K<unsigned char> &src)
[1.652s]       |                                                 [01;31m[K^~~~~~~[m[K
[1.652s] [01m[K/home/jack/work/src/vision_visp/visp_bridge/src/image.cpp:54:56:[m[K [01;31m[Kerror: [m[Kexpected ‘[01m[K,[m[K’ or ‘[01m[K...[m[K’ before ‘[01m[K<[m[K’ token
[1.652s]    54 | sensor_msgs::msg::Image toSensorMsgsImage(const vpImage[01;31m[K<[m[Kunsigned char> &src)
[1.652s]       |                                                        [01;31m[K^[m[K
[1.654s] [01m[K/home/jack/work/src/vision_visp/visp_bridge/src/image.cpp:[m[K In function ‘[01m[Ksensor_msgs::msg::Image visp_bridge::toSensorMsgsImage(int)[m[K’:
[1.654s] [01m[K/home/jack/work/src/vision_visp/visp_bridge/src/image.cpp:57:15:[m[K [01;31m[Kerror: [m[K‘[01m[Ksrc[m[K’ was not declared in this scope
[1.654s]    57 |   dst.width = [01;31m[Ksrc[m[K.getWidth();
[1.654s]       |               [01;31m[K^~~[m[K
[1.656s] [01m[K/home/jack/work/src/vision_visp/visp_bridge/src/image.cpp:[m[K At global scope:
[1.656s] [01m[K/home/jack/work/src/vision_visp/visp_bridge/src/image.cpp:67:1:[m[K [01;31m[Kerror: [m[K‘[01m[KvpImage[m[K’ does not name a type
[1.656s]    67 | [01;31m[KvpImage[m[K<unsigned char> toVispImage(const sensor_msgs::msg::Image &src)
[1.656s]       | [01;31m[K^~~~~~~[m[K
[1.658s] [01m[K/home/jack/work/src/vision_visp/visp_bridge/src/image.cpp:95:1:[m[K [01;31m[Kerror: [m[K‘[01m[KvpImage[m[K’ does not name a type
[1.658s]    95 | [01;31m[KvpImage[m[K<vpRGBa> toVispImageRGBa(const sensor_msgs::msg::Image &src)
[1.658s]       | [01;31m[K^~~~~~~[m[K
[1.659s] [01m[K/home/jack/work/src/vision_visp/visp_bridge/src/image.cpp:125:49:[m[K [01;31m[Kerror: [m[K‘[01m[KvpImage[m[K’ does not name a type
[1.660s]   125 | sensor_msgs::msg::Image toSensorMsgsImage(const [01;31m[KvpImage[m[K<vpRGBa> &src)
[1.660s]       |                                                 [01;31m[K^~~~~~~[m[K
[1.660s] [01m[K/home/jack/work/src/vision_visp/visp_bridge/src/image.cpp:125:56:[m[K [01;31m[Kerror: [m[Kexpected ‘[01m[K,[m[K’ or ‘[01m[K...[m[K’ before ‘[01m[K<[m[K’ token
[1.660s]   125 | sensor_msgs::msg::Image toSensorMsgsImage(const vpImage[01;31m[K<[m[KvpRGBa> &src)
[1.660s]       |                                                        [01;31m[K^[m[K
[1.660s] [01m[K/home/jack/work/src/vision_visp/visp_bridge/src/image.cpp:125:25:[m[K [01;31m[Kerror: [m[Kredefinition of ‘[01m[Ksensor_msgs::msg::Image visp_bridge::toSensorMsgsImage(int)[m[K’
[1.660s]   125 | sensor_msgs::msg::Image [01;31m[KtoSensorMsgsImage[m[K(const vpImage<vpRGBa> &src)
[1.660s]       |                         [01;31m[K^~~~~~~~~~~~~~~~~[m[K
[1.660s] [01m[K/home/jack/work/src/vision_visp/visp_bridge/src/image.cpp:54:25:[m[K [01;36m[Knote: [m[K‘[01m[Ksensor_msgs::msg::Image visp_bridge::toSensorMsgsImage(int)[m[K’ previously defined here
[1.660s]    54 | sensor_msgs::msg::Image [01;36m[KtoSensorMsgsImage[m[K(const vpImage<unsigned char> &src)
[1.660s]       |                         [01;36m[K^~~~~~~~~~~~~~~~~[m[K
[1.662s] [01m[K/home/jack/work/src/vision_visp/visp_bridge/src/image.cpp:[m[K In function ‘[01m[Ksensor_msgs::msg::Image visp_bridge::toSensorMsgsImage(int)[m[K’:
[1.662s] [01m[K/home/jack/work/src/vision_visp/visp_bridge/src/image.cpp:128:15:[m[K [01;31m[Kerror: [m[K‘[01m[Ksrc[m[K’ was not declared in this scope
[1.662s]   128 |   dst.width = [01;31m[Ksrc[m[K.getWidth();
[1.662s]       |               [01;31m[K^~~[m[K
[1.923s] gmake[2]: *** [src/CMakeFiles/visp_bridge.dir/build.make:76: src/CMakeFiles/visp_bridge.dir/3dpose.cpp.o] Error 1
[1.924s] gmake[2]: *** Waiting for unfinished jobs....
[1.986s] gmake[2]: *** [src/CMakeFiles/visp_bridge.dir/build.make:90: src/CMakeFiles/visp_bridge.dir/camera.cpp.o] Error 1
[2.124s] gmake[2]: *** [src/CMakeFiles/visp_bridge.dir/build.make:104: src/CMakeFiles/visp_bridge.dir/image.cpp.o] Error 1
[2.124s] gmake[1]: *** [CMakeFiles/Makefile2:170: src/CMakeFiles/visp_bridge.dir/all] Error 2
[2.124s] gmake: *** [Makefile:146: all] Error 2
[2.126s] Invoked command in '/home/jack/work/build/visp_bridge' returned '2': CMAKE_PREFIX_PATH=${CMAKE_PREFIX_PATH}:/home/jack/work/install/yolov7_obj_detect:/home/jack/work/install/hiwin_example:/home/jack/work/install/hiwin_control:/home/jack/work/install/center:/opt/ros/humble /usr/bin/cmake --build /home/jack/work/build/visp_bridge -- -j16 -l16
