[0.044s] Invoking command in '/home/jack/work/build/charuco_detector_interfaces': CMAKE_PREFIX_PATH=${CMAKE_PREFIX_PATH}:/home/jack/work/install/yolov7_obj_detect:/home/jack/work/install/hiwin_example:/home/jack/work/install/hiwin_control:/home/jack/work/install/center:/opt/ros/humble /usr/bin/cmake --build /home/jack/work/build/charuco_detector_interfaces -- -j16 -l16
[0.129s] [  3%] Built target charuco_detector_interfaces__rs
[0.151s] [ 12%] Built target charuco_detector_interfaces__rosidl_generator_c
[0.155s] [ 15%] Built target charuco_detector_interfaces__cpp
[0.192s] [ 15%] Built target ament_cmake_python_copy_charuco_detector_interfaces
[0.221s] [ 25%] Built target charuco_detector_interfaces__rosidl_typesupport_fastrtps_c
[0.255s] [ 34%] Built target charuco_detector_interfaces__rosidl_typesupport_introspection_c
[0.256s] [ 43%] Built target charuco_detector_interfaces__rosidl_typesupport_cpp
[0.257s] [ 53%] Built target charuco_detector_interfaces__rosidl_typesupport_fastrtps_cpp
[0.264s] [ 62%] Built target charuco_detector_interfaces__rosidl_typesupport_introspection_cpp
[0.265s] [ 71%] Built target charuco_detector_interfaces__rosidl_typesupport_c
[0.300s] [ 71%] Built target charuco_detector_interfaces
[0.351s] [ 75%] Built target charuco_detector_interfaces__py
[0.369s] [35m[1mConsolidate compiler generated dependencies of target charuco_detector_interfaces__rosidl_generator_py[0m
[0.400s] [ 81%] Built target charuco_detector_interfaces__rosidl_generator_py
[0.476s] [ 87%] Built target charuco_detector_interfaces__rosidl_typesupport_c__pyext
[0.476s] [ 93%] Built target charuco_detector_interfaces__rosidl_typesupport_fastrtps_c__pyext
[0.485s] [100%] Built target charuco_detector_interfaces__rosidl_typesupport_introspection_c__pyext
[0.571s] running egg_info
[0.590s] writing charuco_detector_interfaces.egg-info/PKG-INFO
[0.591s] writing dependency_links to charuco_detector_interfaces.egg-info/dependency_links.txt
[0.591s] writing top-level names to charuco_detector_interfaces.egg-info/top_level.txt
[0.642s] reading manifest file 'charuco_detector_interfaces.egg-info/SOURCES.txt'
[0.644s] writing manifest file 'charuco_detector_interfaces.egg-info/SOURCES.txt'
[0.678s] [100%] Built target ament_cmake_python_build_charuco_detector_interfaces_egg
