[0.017s] Invoking command in '/home/jack/work/build/detect_interface': CMAKE_PREFIX_PATH=/opt/ros/humble /usr/bin/cmake --build /home/jack/work/build/detect_interface -- -j16 -l16
[0.097s] [  2%] Built target detect_interface__rs
[0.099s] [  5%] Built target detect_interface__cpp
[0.109s] [  5%] Built target ament_cmake_python_copy_detect_interface
[0.114s] [ 15%] Built target detect_interface__rosidl_generator_c
[0.141s] [ 25%] Built target detect_interface__rosidl_typesupport_cpp
[0.141s] [ 35%] Built target detect_interface__rosidl_typesupport_fastrtps_cpp
[0.148s] [ 45%] Built target detect_interface__rosidl_typesupport_c
[0.148s] [ 55%] Built target detect_interface__rosidl_typesupport_fastrtps_c
[0.153s] [ 65%] Built target detect_interface__rosidl_typesupport_introspection_cpp
[0.159s] [ 75%] Built target detect_interface__rosidl_typesupport_introspection_c
[0.174s] [ 75%] Built target detect_interface
[0.187s] [ 77%] Built target detect_interface__py
[0.204s] [ 80%] [32mBuilding C object CMakeFiles/detect_interface__rosidl_generator_py.dir/rosidl_generator_py/detect_interface/msg/_detection_results_s.c.o[0m
[0.207s] [ 82%] [32mBuilding C object CMakeFiles/detect_interface__rosidl_generator_py.dir/rosidl_generator_py/detect_interface/msg/_bounding_box_s.c.o[0m
[0.301s] running egg_info
[0.315s] writing detect_interface.egg-info/PKG-INFO
[0.316s] writing dependency_links to detect_interface.egg-info/dependency_links.txt
[0.316s] writing top-level names to detect_interface.egg-info/top_level.txt
[0.320s] [01m[K/home/jack/work/build/detect_interface/rosidl_generator_py/detect_interface/msg/_detection_results_s.c:11:10:[m[K [01;31m[Kfatal error: [m[Knumpy/ndarrayobject.h: No such file or directory
[0.320s]    11 | #include [01;31m[K"numpy/ndarrayobject.h"[m[K
[0.320s]       |          [01;31m[K^~~~~~~~~~~~~~~~~~~~~~~[m[K
[0.320s] compilation terminated.
[0.320s] [01m[K/home/jack/work/build/detect_interface/rosidl_generator_py/detect_interface/msg/_bounding_box_s.c:11:10:[m[K [01;31m[Kfatal error: [m[Knumpy/ndarrayobject.h: No such file or directory
[0.320s]    11 | #include [01;31m[K"numpy/ndarrayobject.h"[m[K
[0.321s]       |          [01;31m[K^~~~~~~~~~~~~~~~~~~~~~~[m[K
[0.321s] compilation terminated.
[0.325s] gmake[2]: *** [CMakeFiles/detect_interface__rosidl_generator_py.dir/build.make:90: CMakeFiles/detect_interface__rosidl_generator_py.dir/rosidl_generator_py/detect_interface/msg/_bounding_box_s.c.o] Error 1
[0.326s] gmake[2]: *** Waiting for unfinished jobs....
[0.326s] gmake[2]: *** [CMakeFiles/detect_interface__rosidl_generator_py.dir/build.make:76: CMakeFiles/detect_interface__rosidl_generator_py.dir/rosidl_generator_py/detect_interface/msg/_detection_results_s.c.o] Error 1
[0.326s] gmake[1]: *** [CMakeFiles/Makefile2:494: CMakeFiles/detect_interface__rosidl_generator_py.dir/all] Error 2
[0.326s] gmake[1]: *** Waiting for unfinished jobs....
[0.341s] reading manifest file 'detect_interface.egg-info/SOURCES.txt'
[0.342s] writing manifest file 'detect_interface.egg-info/SOURCES.txt'
[0.363s] [ 82%] Built target ament_cmake_python_build_detect_interface_egg
[0.364s] gmake: *** [Makefile:146: all] Error 2
[0.366s] Invoked command in '/home/jack/work/build/detect_interface' returned '2': CMAKE_PREFIX_PATH=/opt/ros/humble /usr/bin/cmake --build /home/jack/work/build/detect_interface -- -j16 -l16
