[  3%] Built target charuco_detector_interfaces__cpp
[ 12%] Built target charuco_detector_interfaces__rosidl_generator_c
[ 15%] Built target charuco_detector_interfaces__rs
[ 15%] Built target ament_cmake_python_copy_charuco_detector_interfaces
[ 25%] Built target charuco_detector_interfaces__rosidl_typesupport_fastrtps_c
[ 34%] Built target charuco_detector_interfaces__rosidl_typesupport_fastrtps_cpp
[ 43%] Built target charuco_detector_interfaces__rosidl_typesupport_introspection_c
[ 53%] Built target charuco_detector_interfaces__rosidl_typesupport_c
[ 62%] Built target charuco_detector_interfaces__rosidl_typesupport_introspection_cpp
[ 71%] Built target charuco_detector_interfaces__rosidl_typesupport_cpp
[ 71%] Built target charuco_detector_interfaces
[ 75%] Built target charuco_detector_interfaces__py
[ 78%] [32mBuilding C object CMakeFiles/charuco_detector_interfaces__rosidl_generator_py.dir/rosidl_generator_py/charuco_detector_interfaces/srv/_eye2base_s.c.o[0m
running egg_info
writing charuco_detector_interfaces.egg-info/PKG-INFO
writing dependency_links to charuco_detector_interfaces.egg-info/dependency_links.txt
writing top-level names to charuco_detector_interfaces.egg-info/top_level.txt
reading manifest file 'charuco_detector_interfaces.egg-info/SOURCES.txt'
writing manifest file 'charuco_detector_interfaces.egg-info/SOURCES.txt'
[ 78%] Built target ament_cmake_python_build_charuco_detector_interfaces_egg
