[0.014s] Invoking command in '/home/jack/work/build/charuco_detector_interfaces': CMAKE_PREFIX_PATH=/opt/ros/humble /usr/bin/cmake --build /home/jack/work/build/charuco_detector_interfaces -- -j16 -l16
[0.050s] [  3%] Built target charuco_detector_interfaces__cpp
[0.053s] [ 12%] Built target charuco_detector_interfaces__rosidl_generator_c
[0.054s] [ 15%] Built target charuco_detector_interfaces__rs
[0.057s] [ 15%] Built target ament_cmake_python_copy_charuco_detector_interfaces
[0.089s] [ 25%] Built target charuco_detector_interfaces__rosidl_typesupport_fastrtps_c
[0.093s] [ 34%] Built target charuco_detector_interfaces__rosidl_typesupport_fastrtps_cpp
[0.094s] [ 43%] Built target charuco_detector_interfaces__rosidl_typesupport_introspection_c
[0.098s] [ 53%] Built target charuco_detector_interfaces__rosidl_typesupport_c
[0.099s] [ 62%] Built target charuco_detector_interfaces__rosidl_typesupport_introspection_cpp
[0.099s] [ 71%] Built target charuco_detector_interfaces__rosidl_typesupport_cpp
[0.118s] [ 71%] Built target charuco_detector_interfaces
[0.132s] [ 75%] Built target charuco_detector_interfaces__py
[0.149s] [ 78%] [32mBuilding C object CMakeFiles/charuco_detector_interfaces__rosidl_generator_py.dir/rosidl_generator_py/charuco_detector_interfaces/srv/_eye2base_s.c.o[0m
[0.234s] [01m[K/home/jack/work/build/charuco_detector_interfaces/rosidl_generator_py/charuco_detector_interfaces/srv/_eye2base_s.c:11:10:[m[K [01;31m[Kfatal error: [m[Knumpy/ndarrayobject.h: No such file or directory
[0.234s]    11 | #include [01;31m[K"numpy/ndarrayobject.h"[m[K
[0.234s]       |          [01;31m[K^~~~~~~~~~~~~~~~~~~~~~~[m[K
[0.234s] compilation terminated.
[0.235s] gmake[2]: *** [CMakeFiles/charuco_detector_interfaces__rosidl_generator_py.dir/build.make:76: CMakeFiles/charuco_detector_interfaces__rosidl_generator_py.dir/rosidl_generator_py/charuco_detector_interfaces/srv/_eye2base_s.c.o] Error 1
[0.235s] gmake[1]: *** [CMakeFiles/Makefile2:494: CMakeFiles/charuco_detector_interfaces__rosidl_generator_py.dir/all] Error 2
[0.235s] gmake[1]: *** Waiting for unfinished jobs....
[0.327s] running egg_info
[0.342s] writing charuco_detector_interfaces.egg-info/PKG-INFO
[0.342s] writing dependency_links to charuco_detector_interfaces.egg-info/dependency_links.txt
[0.342s] writing top-level names to charuco_detector_interfaces.egg-info/top_level.txt
[0.377s] reading manifest file 'charuco_detector_interfaces.egg-info/SOURCES.txt'
[0.377s] writing manifest file 'charuco_detector_interfaces.egg-info/SOURCES.txt'
[0.399s] [ 78%] Built target ament_cmake_python_build_charuco_detector_interfaces_egg
[0.399s] gmake: *** [Makefile:146: all] Error 2
