[0.027s] Invoking command in '/home/jack/work/build/realsense2_camera_msgs': CMAKE_PREFIX_PATH=${CMAKE_PREFIX_PATH}:/home/jack/work/install/yolov7_obj_detect:/home/jack/work/install/hiwin_example:/home/jack/work/install/hiwin_control:/home/jack/work/install/center:/opt/ros/humble /usr/bin/cmake --build /home/jack/work/build/realsense2_camera_msgs -- -j16 -l16
[0.095s] [  1%] Built target realsense2_camera_msgs__rs
[0.099s] [  3%] Built target realsense2_camera_msgs__cpp
[0.101s] [ 14%] Built target realsense2_camera_msgs__rosidl_generator_c
[0.112s] [ 14%] Built target ament_cmake_python_copy_realsense2_camera_msgs
[0.158s] [ 25%] Built target realsense2_camera_msgs__rosidl_typesupport_introspection_cpp
[0.161s] [ 35%] Built target realsense2_camera_msgs__rosidl_typesupport_cpp
[0.165s] [ 46%] Built target realsense2_camera_msgs__rosidl_typesupport_c
[0.166s] [ 57%] Built target realsense2_camera_msgs__rosidl_typesupport_fastrtps_cpp
[0.169s] [ 68%] Built target realsense2_camera_msgs__rosidl_typesupport_fastrtps_c
[0.174s] [ 79%] Built target realsense2_camera_msgs__rosidl_typesupport_introspection_c
[0.209s] [ 79%] Built target realsense2_camera_msgs
[0.246s] [ 81%] Built target realsense2_camera_msgs__py
[0.294s] [ 82%] [32mBuilding C object CMakeFiles/realsense2_camera_msgs__rosidl_generator_py.dir/rosidl_generator_py/realsense2_camera_msgs/srv/_device_info_s.c.o[0m
[0.295s] [ 84%] [32mBuilding C object CMakeFiles/realsense2_camera_msgs__rosidl_generator_py.dir/rosidl_generator_py/realsense2_camera_msgs/msg/_metadata_s.c.o[0m
[0.295s] [ 85%] [32mBuilding C object CMakeFiles/realsense2_camera_msgs__rosidl_generator_py.dir/rosidl_generator_py/realsense2_camera_msgs/msg/_imu_info_s.c.o[0m
[0.296s] [ 89%] [32mBuilding C object CMakeFiles/realsense2_camera_msgs__rosidl_generator_py.dir/rosidl_generator_py/realsense2_camera_msgs/msg/_extrinsics_s.c.o[0m
[0.296s] [ 89%] [32mBuilding C object CMakeFiles/realsense2_camera_msgs__rosidl_generator_py.dir/rosidl_generator_py/realsense2_camera_msgs/msg/_rgbd_s.c.o[0m
[0.569s] [ 90%] [32m[1mLinking C shared library rosidl_generator_py/realsense2_camera_msgs/librealsense2_camera_msgs__rosidl_generator_py.so[0m
[0.646s] running egg_info
[0.649s] [ 90%] Built target realsense2_camera_msgs__rosidl_generator_py
[0.689s] writing realsense2_camera_msgs.egg-info/PKG-INFO
[0.690s] writing dependency_links to realsense2_camera_msgs.egg-info/dependency_links.txt
[0.691s] writing top-level names to realsense2_camera_msgs.egg-info/top_level.txt
[0.703s] [ 92%] [32m[1mLinking C shared library rosidl_generator_py/realsense2_camera_msgs/realsense2_camera_msgs_s__rosidl_typesupport_fastrtps_c.cpython-310-x86_64-linux-gnu.so[0m
[0.719s] [ 93%] [32m[1mLinking C shared library rosidl_generator_py/realsense2_camera_msgs/realsense2_camera_msgs_s__rosidl_typesupport_introspection_c.cpython-310-x86_64-linux-gnu.so[0m
[0.719s] [ 95%] [32m[1mLinking C shared library rosidl_generator_py/realsense2_camera_msgs/realsense2_camera_msgs_s__rosidl_typesupport_c.cpython-310-x86_64-linux-gnu.so[0m
[0.798s] [ 96%] Built target realsense2_camera_msgs__rosidl_typesupport_fastrtps_c__pyext
[0.806s] [ 98%] Built target realsense2_camera_msgs__rosidl_typesupport_c__pyext
[0.813s] [100%] Built target realsense2_camera_msgs__rosidl_typesupport_introspection_c__pyext
[0.821s] reading manifest file 'realsense2_camera_msgs.egg-info/SOURCES.txt'
[0.823s] writing manifest file 'realsense2_camera_msgs.egg-info/SOURCES.txt'
[0.881s] [100%] Built target ament_cmake_python_build_realsense2_camera_msgs_egg
[0.900s] Invoked command in '/home/jack/work/build/realsense2_camera_msgs' returned '0': CMAKE_PREFIX_PATH=${CMAKE_PREFIX_PATH}:/home/jack/work/install/yolov7_obj_detect:/home/jack/work/install/hiwin_example:/home/jack/work/install/hiwin_control:/home/jack/work/install/center:/opt/ros/humble /usr/bin/cmake --build /home/jack/work/build/realsense2_camera_msgs -- -j16 -l16
[0.902s] Invoking command in '/home/jack/work/build/realsense2_camera_msgs': CMAKE_PREFIX_PATH=${CMAKE_PREFIX_PATH}:/home/jack/work/install/yolov7_obj_detect:/home/jack/work/install/hiwin_example:/home/jack/work/install/hiwin_control:/home/jack/work/install/center:/opt/ros/humble /usr/bin/cmake --install /home/jack/work/build/realsense2_camera_msgs
[0.923s] -- Install configuration: ""
[0.927s] -- Up-to-date: /home/jack/work/install/realsense2_camera_msgs/share/ament_index/resource_index/rosidl_interfaces/realsense2_camera_msgs
[0.927s] -- Up-to-date: /home/jack/work/install/realsense2_camera_msgs/include/realsense2_camera_msgs/realsense2_camera_msgs
[0.927s] -- Up-to-date: /home/jack/work/install/realsense2_camera_msgs/include/realsense2_camera_msgs/realsense2_camera_msgs/msg
[0.927s] -- Up-to-date: /home/jack/work/install/realsense2_camera_msgs/include/realsense2_camera_msgs/realsense2_camera_msgs/msg/rosidl_generator_c__visibility_control.h
[0.928s] -- Up-to-date: /home/jack/work/install/realsense2_camera_msgs/include/realsense2_camera_msgs/realsense2_camera_msgs/msg/imu_info.h
[0.928s] -- Up-to-date: /home/jack/work/install/realsense2_camera_msgs/include/realsense2_camera_msgs/realsense2_camera_msgs/msg/detail
[0.928s] -- Up-to-date: /home/jack/work/install/realsense2_camera_msgs/include/realsense2_camera_msgs/realsense2_camera_msgs/msg/detail/rgbd__functions.c
[0.928s] -- Up-to-date: /home/jack/work/install/realsense2_camera_msgs/include/realsense2_camera_msgs/realsense2_camera_msgs/msg/detail/metadata__struct.h
[0.928s] -- Up-to-date: /home/jack/work/install/realsense2_camera_msgs/include/realsense2_camera_msgs/realsense2_camera_msgs/msg/detail/rgbd__functions.h
[0.928s] -- Up-to-date: /home/jack/work/install/realsense2_camera_msgs/include/realsense2_camera_msgs/realsense2_camera_msgs/msg/detail/metadata__type_support.h
[0.928s] -- Up-to-date: /home/jack/work/install/realsense2_camera_msgs/include/realsense2_camera_msgs/realsense2_camera_msgs/msg/detail/imu_info__struct.h
[0.928s] -- Up-to-date: /home/jack/work/install/realsense2_camera_msgs/include/realsense2_camera_msgs/realsense2_camera_msgs/msg/detail/metadata__functions.c
[0.929s] -- Up-to-date: /home/jack/work/install/realsense2_camera_msgs/include/realsense2_camera_msgs/realsense2_camera_msgs/msg/detail/rgbd__type_support.h
[0.929s] -- Up-to-date: /home/jack/work/install/realsense2_camera_msgs/include/realsense2_camera_msgs/realsense2_camera_msgs/msg/detail/extrinsics__type_support.h
[0.929s] -- Up-to-date: /home/jack/work/install/realsense2_camera_msgs/include/realsense2_camera_msgs/realsense2_camera_msgs/msg/detail/imu_info__type_support.h
[0.929s] -- Up-to-date: /home/jack/work/install/realsense2_camera_msgs/include/realsense2_camera_msgs/realsense2_camera_msgs/msg/detail/imu_info__functions.h
[0.929s] -- Up-to-date: /home/jack/work/install/realsense2_camera_msgs/include/realsense2_camera_msgs/realsense2_camera_msgs/msg/detail/extrinsics__functions.h
[0.929s] -- Up-to-date: /home/jack/work/install/realsense2_camera_msgs/include/realsense2_camera_msgs/realsense2_camera_msgs/msg/detail/metadata__functions.h
[0.929s] -- Up-to-date: /home/jack/work/install/realsense2_camera_msgs/include/realsense2_camera_msgs/realsense2_camera_msgs/msg/detail/rgbd__struct.h
[0.930s] -- Up-to-date: /home/jack/work/install/realsense2_camera_msgs/include/realsense2_camera_msgs/realsense2_camera_msgs/msg/detail/imu_info__functions.c
[0.930s] -- Up-to-date: /home/jack/work/install/realsense2_camera_msgs/include/realsense2_camera_msgs/realsense2_camera_msgs/msg/detail/extrinsics__struct.h
[0.930s] -- Up-to-date: /home/jack/work/install/realsense2_camera_msgs/include/realsense2_camera_msgs/realsense2_camera_msgs/msg/detail/extrinsics__functions.c
[0.930s] -- Up-to-date: /home/jack/work/install/realsense2_camera_msgs/include/realsense2_camera_msgs/realsense2_camera_msgs/msg/extrinsics.h
[0.930s] -- Up-to-date: /home/jack/work/install/realsense2_camera_msgs/include/realsense2_camera_msgs/realsense2_camera_msgs/msg/rgbd.h
[0.930s] -- Up-to-date: /home/jack/work/install/realsense2_camera_msgs/include/realsense2_camera_msgs/realsense2_camera_msgs/msg/metadata.h
[0.930s] -- Up-to-date: /home/jack/work/install/realsense2_camera_msgs/include/realsense2_camera_msgs/realsense2_camera_msgs/srv
[0.931s] -- Up-to-date: /home/jack/work/install/realsense2_camera_msgs/include/realsense2_camera_msgs/realsense2_camera_msgs/srv/device_info.h
[0.931s] -- Up-to-date: /home/jack/work/install/realsense2_camera_msgs/include/realsense2_camera_msgs/realsense2_camera_msgs/srv/detail
[0.931s] -- Up-to-date: /home/jack/work/install/realsense2_camera_msgs/include/realsense2_camera_msgs/realsense2_camera_msgs/srv/detail/device_info__functions.c
[0.931s] -- Up-to-date: /home/jack/work/install/realsense2_camera_msgs/include/realsense2_camera_msgs/realsense2_camera_msgs/srv/detail/device_info__struct.h
[0.931s] -- Up-to-date: /home/jack/work/install/realsense2_camera_msgs/include/realsense2_camera_msgs/realsense2_camera_msgs/srv/detail/device_info__functions.h
[0.931s] -- Up-to-date: /home/jack/work/install/realsense2_camera_msgs/include/realsense2_camera_msgs/realsense2_camera_msgs/srv/detail/device_info__type_support.h
[0.931s] -- Up-to-date: /home/jack/work/install/realsense2_camera_msgs/share/realsense2_camera_msgs/environment/library_path.sh
[0.931s] -- Up-to-date: /home/jack/work/install/realsense2_camera_msgs/share/realsense2_camera_msgs/environment/library_path.dsv
[0.932s] -- Up-to-date: /home/jack/work/install/realsense2_camera_msgs/lib/librealsense2_camera_msgs__rosidl_generator_c.so
[0.932s] -- Up-to-date: /home/jack/work/install/realsense2_camera_msgs/include/realsense2_camera_msgs/realsense2_camera_msgs
[0.932s] -- Up-to-date: /home/jack/work/install/realsense2_camera_msgs/include/realsense2_camera_msgs/realsense2_camera_msgs/msg
[0.932s] -- Up-to-date: /home/jack/work/install/realsense2_camera_msgs/include/realsense2_camera_msgs/realsense2_camera_msgs/msg/rosidl_typesupport_fastrtps_c__visibility_control.h
[0.932s] -- Up-to-date: /home/jack/work/install/realsense2_camera_msgs/include/realsense2_camera_msgs/realsense2_camera_msgs/msg/detail
[0.932s] -- Up-to-date: /home/jack/work/install/realsense2_camera_msgs/include/realsense2_camera_msgs/realsense2_camera_msgs/msg/detail/rgbd__rosidl_typesupport_fastrtps_c.h
[0.933s] -- Up-to-date: /home/jack/work/install/realsense2_camera_msgs/include/realsense2_camera_msgs/realsense2_camera_msgs/msg/detail/imu_info__rosidl_typesupport_fastrtps_c.h
[0.933s] -- Up-to-date: /home/jack/work/install/realsense2_camera_msgs/include/realsense2_camera_msgs/realsense2_camera_msgs/msg/detail/extrinsics__rosidl_typesupport_fastrtps_c.h
[0.933s] -- Up-to-date: /home/jack/work/install/realsense2_camera_msgs/include/realsense2_camera_msgs/realsense2_camera_msgs/msg/detail/metadata__rosidl_typesupport_fastrtps_c.h
[0.933s] -- Up-to-date: /home/jack/work/install/realsense2_camera_msgs/include/realsense2_camera_msgs/realsense2_camera_msgs/srv
[0.933s] -- Up-to-date: /home/jack/work/install/realsense2_camera_msgs/include/realsense2_camera_msgs/realsense2_camera_msgs/srv/detail
[0.933s] -- Up-to-date: /home/jack/work/install/realsense2_camera_msgs/include/realsense2_camera_msgs/realsense2_camera_msgs/srv/detail/device_info__rosidl_typesupport_fastrtps_c.h
[0.933s] -- Up-to-date: /home/jack/work/install/realsense2_camera_msgs/lib/librealsense2_camera_msgs__rosidl_typesupport_fastrtps_c.so
[0.933s] -- Up-to-date: /home/jack/work/install/realsense2_camera_msgs/include/realsense2_camera_msgs/realsense2_camera_msgs
[0.934s] -- Up-to-date: /home/jack/work/install/realsense2_camera_msgs/include/realsense2_camera_msgs/realsense2_camera_msgs/msg
[0.934s] -- Up-to-date: /home/jack/work/install/realsense2_camera_msgs/include/realsense2_camera_msgs/realsense2_camera_msgs/msg/rosidl_typesupport_introspection_c__visibility_control.h
[0.934s] -- Up-to-date: /home/jack/work/install/realsense2_camera_msgs/include/realsense2_camera_msgs/realsense2_camera_msgs/msg/detail
[0.934s] -- Up-to-date: /home/jack/work/install/realsense2_camera_msgs/include/realsense2_camera_msgs/realsense2_camera_msgs/msg/detail/rgbd__rosidl_typesupport_introspection_c.h
[0.934s] -- Up-to-date: /home/jack/work/install/realsense2_camera_msgs/include/realsense2_camera_msgs/realsense2_camera_msgs/msg/detail/metadata__rosidl_typesupport_introspection_c.h
[0.934s] -- Up-to-date: /home/jack/work/install/realsense2_camera_msgs/include/realsense2_camera_msgs/realsense2_camera_msgs/msg/detail/rgbd__type_support.c
[0.934s] -- Up-to-date: /home/jack/work/install/realsense2_camera_msgs/include/realsense2_camera_msgs/realsense2_camera_msgs/msg/detail/imu_info__type_support.c
[0.935s] -- Up-to-date: /home/jack/work/install/realsense2_camera_msgs/include/realsense2_camera_msgs/realsense2_camera_msgs/msg/detail/metadata__type_support.c
[0.935s] -- Up-to-date: /home/jack/work/install/realsense2_camera_msgs/include/realsense2_camera_msgs/realsense2_camera_msgs/msg/detail/imu_info__rosidl_typesupport_introspection_c.h
[0.935s] -- Up-to-date: /home/jack/work/install/realsense2_camera_msgs/include/realsense2_camera_msgs/realsense2_camera_msgs/msg/detail/extrinsics__rosidl_typesupport_introspection_c.h
[0.935s] -- Up-to-date: /home/jack/work/install/realsense2_camera_msgs/include/realsense2_camera_msgs/realsense2_camera_msgs/msg/detail/extrinsics__type_support.c
[0.935s] -- Up-to-date: /home/jack/work/install/realsense2_camera_msgs/include/realsense2_camera_msgs/realsense2_camera_msgs/srv
[0.935s] -- Up-to-date: /home/jack/work/install/realsense2_camera_msgs/include/realsense2_camera_msgs/realsense2_camera_msgs/srv/detail
[0.936s] -- Up-to-date: /home/jack/work/install/realsense2_camera_msgs/include/realsense2_camera_msgs/realsense2_camera_msgs/srv/detail/device_info__rosidl_typesupport_introspection_c.h
[0.936s] -- Up-to-date: /home/jack/work/install/realsense2_camera_msgs/include/realsense2_camera_msgs/realsense2_camera_msgs/srv/detail/device_info__type_support.c
[0.936s] -- Up-to-date: /home/jack/work/install/realsense2_camera_msgs/lib/librealsense2_camera_msgs__rosidl_typesupport_introspection_c.so
[0.936s] -- Up-to-date: /home/jack/work/install/realsense2_camera_msgs/lib/librealsense2_camera_msgs__rosidl_typesupport_c.so
[0.936s] -- Up-to-date: /home/jack/work/install/realsense2_camera_msgs/include/realsense2_camera_msgs/realsense2_camera_msgs
[0.936s] -- Up-to-date: /home/jack/work/install/realsense2_camera_msgs/include/realsense2_camera_msgs/realsense2_camera_msgs/msg
[0.936s] -- Up-to-date: /home/jack/work/install/realsense2_camera_msgs/include/realsense2_camera_msgs/realsense2_camera_msgs/msg/rosidl_generator_cpp__visibility_control.hpp
[0.937s] -- Up-to-date: /home/jack/work/install/realsense2_camera_msgs/include/realsense2_camera_msgs/realsense2_camera_msgs/msg/detail
[0.937s] -- Up-to-date: /home/jack/work/install/realsense2_camera_msgs/include/realsense2_camera_msgs/realsense2_camera_msgs/msg/detail/extrinsics__type_support.hpp
[0.937s] -- Up-to-date: /home/jack/work/install/realsense2_camera_msgs/include/realsense2_camera_msgs/realsense2_camera_msgs/msg/detail/metadata__builder.hpp
[0.937s] -- Up-to-date: /home/jack/work/install/realsense2_camera_msgs/include/realsense2_camera_msgs/realsense2_camera_msgs/msg/detail/rgbd__builder.hpp
[0.937s] -- Up-to-date: /home/jack/work/install/realsense2_camera_msgs/include/realsense2_camera_msgs/realsense2_camera_msgs/msg/detail/extrinsics__builder.hpp
[0.937s] -- Up-to-date: /home/jack/work/install/realsense2_camera_msgs/include/realsense2_camera_msgs/realsense2_camera_msgs/msg/detail/extrinsics__traits.hpp
[0.937s] -- Up-to-date: /home/jack/work/install/realsense2_camera_msgs/include/realsense2_camera_msgs/realsense2_camera_msgs/msg/detail/imu_info__struct.hpp
[0.938s] -- Up-to-date: /home/jack/work/install/realsense2_camera_msgs/include/realsense2_camera_msgs/realsense2_camera_msgs/msg/detail/metadata__struct.hpp
[0.938s] -- Up-to-date: /home/jack/work/install/realsense2_camera_msgs/include/realsense2_camera_msgs/realsense2_camera_msgs/msg/detail/extrinsics__struct.hpp
[0.938s] -- Up-to-date: /home/jack/work/install/realsense2_camera_msgs/include/realsense2_camera_msgs/realsense2_camera_msgs/msg/detail/rgbd__traits.hpp
[0.938s] -- Up-to-date: /home/jack/work/install/realsense2_camera_msgs/include/realsense2_camera_msgs/realsense2_camera_msgs/msg/detail/imu_info__builder.hpp
[0.938s] -- Up-to-date: /home/jack/work/install/realsense2_camera_msgs/include/realsense2_camera_msgs/realsense2_camera_msgs/msg/detail/metadata__traits.hpp
[0.938s] -- Up-to-date: /home/jack/work/install/realsense2_camera_msgs/include/realsense2_camera_msgs/realsense2_camera_msgs/msg/detail/imu_info__traits.hpp
[0.938s] -- Up-to-date: /home/jack/work/install/realsense2_camera_msgs/include/realsense2_camera_msgs/realsense2_camera_msgs/msg/detail/imu_info__type_support.hpp
[0.939s] -- Up-to-date: /home/jack/work/install/realsense2_camera_msgs/include/realsense2_camera_msgs/realsense2_camera_msgs/msg/detail/rgbd__struct.hpp
[0.939s] -- Up-to-date: /home/jack/work/install/realsense2_camera_msgs/include/realsense2_camera_msgs/realsense2_camera_msgs/msg/detail/rgbd__type_support.hpp
[0.939s] -- Up-to-date: /home/jack/work/install/realsense2_camera_msgs/include/realsense2_camera_msgs/realsense2_camera_msgs/msg/detail/metadata__type_support.hpp
[0.939s] -- Up-to-date: /home/jack/work/install/realsense2_camera_msgs/include/realsense2_camera_msgs/realsense2_camera_msgs/msg/extrinsics.hpp
[0.939s] -- Up-to-date: /home/jack/work/install/realsense2_camera_msgs/include/realsense2_camera_msgs/realsense2_camera_msgs/msg/imu_info.hpp
[0.939s] -- Up-to-date: /home/jack/work/install/realsense2_camera_msgs/include/realsense2_camera_msgs/realsense2_camera_msgs/msg/metadata.hpp
[0.939s] -- Up-to-date: /home/jack/work/install/realsense2_camera_msgs/include/realsense2_camera_msgs/realsense2_camera_msgs/msg/rgbd.hpp
[0.939s] -- Up-to-date: /home/jack/work/install/realsense2_camera_msgs/include/realsense2_camera_msgs/realsense2_camera_msgs/srv
[0.940s] -- Up-to-date: /home/jack/work/install/realsense2_camera_msgs/include/realsense2_camera_msgs/realsense2_camera_msgs/srv/device_info.hpp
[0.940s] -- Up-to-date: /home/jack/work/install/realsense2_camera_msgs/include/realsense2_camera_msgs/realsense2_camera_msgs/srv/detail
[0.941s] -- Up-to-date: /home/jack/work/install/realsense2_camera_msgs/include/realsense2_camera_msgs/realsense2_camera_msgs/srv/detail/device_info__traits.hpp
[0.941s] -- Up-to-date: /home/jack/work/install/realsense2_camera_msgs/include/realsense2_camera_msgs/realsense2_camera_msgs/srv/detail/device_info__type_support.hpp
[0.941s] -- Up-to-date: /home/jack/work/install/realsense2_camera_msgs/include/realsense2_camera_msgs/realsense2_camera_msgs/srv/detail/device_info__struct.hpp
[0.941s] -- Up-to-date: /home/jack/work/install/realsense2_camera_msgs/include/realsense2_camera_msgs/realsense2_camera_msgs/srv/detail/device_info__builder.hpp
[0.942s] -- Up-to-date: /home/jack/work/install/realsense2_camera_msgs/include/realsense2_camera_msgs/realsense2_camera_msgs
[0.942s] -- Up-to-date: /home/jack/work/install/realsense2_camera_msgs/include/realsense2_camera_msgs/realsense2_camera_msgs/msg
[0.942s] -- Up-to-date: /home/jack/work/install/realsense2_camera_msgs/include/realsense2_camera_msgs/realsense2_camera_msgs/msg/rosidl_typesupport_fastrtps_cpp__visibility_control.h
[0.942s] -- Up-to-date: /home/jack/work/install/realsense2_camera_msgs/include/realsense2_camera_msgs/realsense2_camera_msgs/msg/detail
[0.942s] -- Up-to-date: /home/jack/work/install/realsense2_camera_msgs/include/realsense2_camera_msgs/realsense2_camera_msgs/msg/detail/rgbd__rosidl_typesupport_fastrtps_cpp.hpp
[0.942s] -- Up-to-date: /home/jack/work/install/realsense2_camera_msgs/include/realsense2_camera_msgs/realsense2_camera_msgs/msg/detail/metadata__rosidl_typesupport_fastrtps_cpp.hpp
[0.943s] -- Up-to-date: /home/jack/work/install/realsense2_camera_msgs/include/realsense2_camera_msgs/realsense2_camera_msgs/msg/detail/imu_info__rosidl_typesupport_fastrtps_cpp.hpp
[0.943s] -- Up-to-date: /home/jack/work/install/realsense2_camera_msgs/include/realsense2_camera_msgs/realsense2_camera_msgs/msg/detail/dds_fastrtps
[0.943s] -- Up-to-date: /home/jack/work/install/realsense2_camera_msgs/include/realsense2_camera_msgs/realsense2_camera_msgs/msg/detail/extrinsics__rosidl_typesupport_fastrtps_cpp.hpp
[0.943s] -- Up-to-date: /home/jack/work/install/realsense2_camera_msgs/include/realsense2_camera_msgs/realsense2_camera_msgs/srv
[0.943s] -- Up-to-date: /home/jack/work/install/realsense2_camera_msgs/include/realsense2_camera_msgs/realsense2_camera_msgs/srv/detail
[0.943s] -- Up-to-date: /home/jack/work/install/realsense2_camera_msgs/include/realsense2_camera_msgs/realsense2_camera_msgs/srv/detail/device_info__rosidl_typesupport_fastrtps_cpp.hpp
[0.944s] -- Up-to-date: /home/jack/work/install/realsense2_camera_msgs/include/realsense2_camera_msgs/realsense2_camera_msgs/srv/detail/dds_fastrtps
[0.944s] -- Up-to-date: /home/jack/work/install/realsense2_camera_msgs/lib/librealsense2_camera_msgs__rosidl_typesupport_fastrtps_cpp.so
[0.944s] -- Up-to-date: /home/jack/work/install/realsense2_camera_msgs/include/realsense2_camera_msgs/realsense2_camera_msgs
[0.944s] -- Up-to-date: /home/jack/work/install/realsense2_camera_msgs/include/realsense2_camera_msgs/realsense2_camera_msgs/msg
[0.944s] -- Up-to-date: /home/jack/work/install/realsense2_camera_msgs/include/realsense2_camera_msgs/realsense2_camera_msgs/msg/detail
[0.945s] -- Up-to-date: /home/jack/work/install/realsense2_camera_msgs/include/realsense2_camera_msgs/realsense2_camera_msgs/msg/detail/metadata__rosidl_typesupport_introspection_cpp.hpp
[0.945s] -- Up-to-date: /home/jack/work/install/realsense2_camera_msgs/include/realsense2_camera_msgs/realsense2_camera_msgs/msg/detail/extrinsics__type_support.cpp
[0.945s] -- Up-to-date: /home/jack/work/install/realsense2_camera_msgs/include/realsense2_camera_msgs/realsense2_camera_msgs/msg/detail/rgbd__type_support.cpp
[0.945s] -- Up-to-date: /home/jack/work/install/realsense2_camera_msgs/include/realsense2_camera_msgs/realsense2_camera_msgs/msg/detail/imu_info__rosidl_typesupport_introspection_cpp.hpp
[0.945s] -- Up-to-date: /home/jack/work/install/realsense2_camera_msgs/include/realsense2_camera_msgs/realsense2_camera_msgs/msg/detail/imu_info__type_support.cpp
[0.945s] -- Up-to-date: /home/jack/work/install/realsense2_camera_msgs/include/realsense2_camera_msgs/realsense2_camera_msgs/msg/detail/metadata__type_support.cpp
[0.946s] -- Up-to-date: /home/jack/work/install/realsense2_camera_msgs/include/realsense2_camera_msgs/realsense2_camera_msgs/msg/detail/extrinsics__rosidl_typesupport_introspection_cpp.hpp
[0.946s] -- Up-to-date: /home/jack/work/install/realsense2_camera_msgs/include/realsense2_camera_msgs/realsense2_camera_msgs/msg/detail/rgbd__rosidl_typesupport_introspection_cpp.hpp
[0.946s] -- Up-to-date: /home/jack/work/install/realsense2_camera_msgs/include/realsense2_camera_msgs/realsense2_camera_msgs/srv
[0.946s] -- Up-to-date: /home/jack/work/install/realsense2_camera_msgs/include/realsense2_camera_msgs/realsense2_camera_msgs/srv/detail
[0.946s] -- Up-to-date: /home/jack/work/install/realsense2_camera_msgs/include/realsense2_camera_msgs/realsense2_camera_msgs/srv/detail/device_info__type_support.cpp
[0.947s] -- Up-to-date: /home/jack/work/install/realsense2_camera_msgs/include/realsense2_camera_msgs/realsense2_camera_msgs/srv/detail/device_info__rosidl_typesupport_introspection_cpp.hpp
[0.947s] -- Up-to-date: /home/jack/work/install/realsense2_camera_msgs/lib/librealsense2_camera_msgs__rosidl_typesupport_introspection_cpp.so
[0.947s] -- Up-to-date: /home/jack/work/install/realsense2_camera_msgs/lib/librealsense2_camera_msgs__rosidl_typesupport_cpp.so
[0.947s] -- Up-to-date: /home/jack/work/install/realsense2_camera_msgs/share/realsense2_camera_msgs/environment/pythonpath.sh
[0.947s] -- Up-to-date: /home/jack/work/install/realsense2_camera_msgs/share/realsense2_camera_msgs/environment/pythonpath.dsv
[0.947s] -- Up-to-date: /home/jack/work/install/realsense2_camera_msgs/local/lib/python3.10/dist-packages/realsense2_camera_msgs-4.54.1-py3.10.egg-info
[0.948s] -- Installing: /home/jack/work/install/realsense2_camera_msgs/local/lib/python3.10/dist-packages/realsense2_camera_msgs-4.54.1-py3.10.egg-info/top_level.txt
[0.948s] -- Installing: /home/jack/work/install/realsense2_camera_msgs/local/lib/python3.10/dist-packages/realsense2_camera_msgs-4.54.1-py3.10.egg-info/PKG-INFO
[0.948s] -- Installing: /home/jack/work/install/realsense2_camera_msgs/local/lib/python3.10/dist-packages/realsense2_camera_msgs-4.54.1-py3.10.egg-info/dependency_links.txt
[0.948s] -- Installing: /home/jack/work/install/realsense2_camera_msgs/local/lib/python3.10/dist-packages/realsense2_camera_msgs-4.54.1-py3.10.egg-info/SOURCES.txt
[0.948s] -- Up-to-date: /home/jack/work/install/realsense2_camera_msgs/local/lib/python3.10/dist-packages/realsense2_camera_msgs
[0.948s] -- Installing: /home/jack/work/install/realsense2_camera_msgs/local/lib/python3.10/dist-packages/realsense2_camera_msgs/realsense2_camera_msgs_s__rosidl_typesupport_introspection_c.cpython-310-x86_64-linux-gnu.so
[0.949s] -- Up-to-date: /home/jack/work/install/realsense2_camera_msgs/local/lib/python3.10/dist-packages/realsense2_camera_msgs/_realsense2_camera_msgs_s.ep.rosidl_typesupport_introspection_c.c
[0.951s] -- Up-to-date: /home/jack/work/install/realsense2_camera_msgs/local/lib/python3.10/dist-packages/realsense2_camera_msgs/__init__.py
[0.951s] -- Installing: /home/jack/work/install/realsense2_camera_msgs/local/lib/python3.10/dist-packages/realsense2_camera_msgs/realsense2_camera_msgs_s__rosidl_typesupport_fastrtps_c.cpython-310-x86_64-linux-gnu.so
[0.951s] -- Installing: /home/jack/work/install/realsense2_camera_msgs/local/lib/python3.10/dist-packages/realsense2_camera_msgs/librealsense2_camera_msgs__rosidl_generator_py.so
[0.951s] -- Installing: /home/jack/work/install/realsense2_camera_msgs/local/lib/python3.10/dist-packages/realsense2_camera_msgs/realsense2_camera_msgs_s__rosidl_typesupport_c.cpython-310-x86_64-linux-gnu.so
[0.951s] -- Up-to-date: /home/jack/work/install/realsense2_camera_msgs/local/lib/python3.10/dist-packages/realsense2_camera_msgs/_realsense2_camera_msgs_s.ep.rosidl_typesupport_fastrtps_c.c
[0.951s] -- Up-to-date: /home/jack/work/install/realsense2_camera_msgs/local/lib/python3.10/dist-packages/realsense2_camera_msgs/msg
[0.952s] -- Up-to-date: /home/jack/work/install/realsense2_camera_msgs/local/lib/python3.10/dist-packages/realsense2_camera_msgs/msg/_extrinsics.py
[0.952s] -- Up-to-date: /home/jack/work/install/realsense2_camera_msgs/local/lib/python3.10/dist-packages/realsense2_camera_msgs/msg/_extrinsics_s.c
[0.952s] -- Up-to-date: /home/jack/work/install/realsense2_camera_msgs/local/lib/python3.10/dist-packages/realsense2_camera_msgs/msg/__init__.py
[0.952s] -- Up-to-date: /home/jack/work/install/realsense2_camera_msgs/local/lib/python3.10/dist-packages/realsense2_camera_msgs/msg/_metadata_s.c
[0.952s] -- Up-to-date: /home/jack/work/install/realsense2_camera_msgs/local/lib/python3.10/dist-packages/realsense2_camera_msgs/msg/_imu_info.py
[0.952s] -- Up-to-date: /home/jack/work/install/realsense2_camera_msgs/local/lib/python3.10/dist-packages/realsense2_camera_msgs/msg/_rgbd_s.c
[0.952s] -- Up-to-date: /home/jack/work/install/realsense2_camera_msgs/local/lib/python3.10/dist-packages/realsense2_camera_msgs/msg/_imu_info_s.c
[0.952s] -- Up-to-date: /home/jack/work/install/realsense2_camera_msgs/local/lib/python3.10/dist-packages/realsense2_camera_msgs/msg/_metadata.py
[0.952s] -- Up-to-date: /home/jack/work/install/realsense2_camera_msgs/local/lib/python3.10/dist-packages/realsense2_camera_msgs/msg/_rgbd.py
[0.952s] -- Up-to-date: /home/jack/work/install/realsense2_camera_msgs/local/lib/python3.10/dist-packages/realsense2_camera_msgs/srv
[0.952s] -- Up-to-date: /home/jack/work/install/realsense2_camera_msgs/local/lib/python3.10/dist-packages/realsense2_camera_msgs/srv/__init__.py
[0.952s] -- Up-to-date: /home/jack/work/install/realsense2_camera_msgs/local/lib/python3.10/dist-packages/realsense2_camera_msgs/srv/_device_info.py
[0.953s] -- Up-to-date: /home/jack/work/install/realsense2_camera_msgs/local/lib/python3.10/dist-packages/realsense2_camera_msgs/srv/_device_info_s.c
[0.953s] -- Up-to-date: /home/jack/work/install/realsense2_camera_msgs/local/lib/python3.10/dist-packages/realsense2_camera_msgs/_realsense2_camera_msgs_s.ep.rosidl_typesupport_c.c
[0.971s] Listing '/home/jack/work/install/realsense2_camera_msgs/local/lib/python3.10/dist-packages/realsense2_camera_msgs'...
[0.971s] Listing '/home/jack/work/install/realsense2_camera_msgs/local/lib/python3.10/dist-packages/realsense2_camera_msgs/msg'...
[0.971s] Listing '/home/jack/work/install/realsense2_camera_msgs/local/lib/python3.10/dist-packages/realsense2_camera_msgs/srv'...
[0.976s] -- Installing: /home/jack/work/install/realsense2_camera_msgs/local/lib/python3.10/dist-packages/realsense2_camera_msgs/realsense2_camera_msgs_s__rosidl_typesupport_fastrtps_c.cpython-310-x86_64-linux-gnu.so
[0.977s] -- Set runtime path of "/home/jack/work/install/realsense2_camera_msgs/local/lib/python3.10/dist-packages/realsense2_camera_msgs/realsense2_camera_msgs_s__rosidl_typesupport_fastrtps_c.cpython-310-x86_64-linux-gnu.so" to ""
[0.977s] -- Installing: /home/jack/work/install/realsense2_camera_msgs/local/lib/python3.10/dist-packages/realsense2_camera_msgs/realsense2_camera_msgs_s__rosidl_typesupport_introspection_c.cpython-310-x86_64-linux-gnu.so
[0.978s] -- Set runtime path of "/home/jack/work/install/realsense2_camera_msgs/local/lib/python3.10/dist-packages/realsense2_camera_msgs/realsense2_camera_msgs_s__rosidl_typesupport_introspection_c.cpython-310-x86_64-linux-gnu.so" to ""
[0.978s] -- Installing: /home/jack/work/install/realsense2_camera_msgs/local/lib/python3.10/dist-packages/realsense2_camera_msgs/realsense2_camera_msgs_s__rosidl_typesupport_c.cpython-310-x86_64-linux-gnu.so
[0.978s] -- Set runtime path of "/home/jack/work/install/realsense2_camera_msgs/local/lib/python3.10/dist-packages/realsense2_camera_msgs/realsense2_camera_msgs_s__rosidl_typesupport_c.cpython-310-x86_64-linux-gnu.so" to ""
[0.979s] -- Installing: /home/jack/work/install/realsense2_camera_msgs/lib/librealsense2_camera_msgs__rosidl_generator_py.so
[0.980s] -- Set runtime path of "/home/jack/work/install/realsense2_camera_msgs/lib/librealsense2_camera_msgs__rosidl_generator_py.so" to ""
[0.980s] -- Up-to-date: /home/jack/work/install/realsense2_camera_msgs/share/ament_index/resource_index/rust_packages/realsense2_camera_msgs
[0.980s] -- Up-to-date: /home/jack/work/install/realsense2_camera_msgs/share/realsense2_camera_msgs/rust
[0.981s] -- Up-to-date: /home/jack/work/install/realsense2_camera_msgs/share/realsense2_camera_msgs/rust/Cargo.toml
[0.981s] -- Up-to-date: /home/jack/work/install/realsense2_camera_msgs/share/realsense2_camera_msgs/rust/src
[0.982s] -- Up-to-date: /home/jack/work/install/realsense2_camera_msgs/share/realsense2_camera_msgs/rust/src/msg.rs
[0.982s] -- Up-to-date: /home/jack/work/install/realsense2_camera_msgs/share/realsense2_camera_msgs/rust/src/msg
[0.982s] -- Up-to-date: /home/jack/work/install/realsense2_camera_msgs/share/realsense2_camera_msgs/rust/src/msg/rmw.rs
[0.983s] -- Up-to-date: /home/jack/work/install/realsense2_camera_msgs/share/realsense2_camera_msgs/rust/src/srv
[0.983s] -- Up-to-date: /home/jack/work/install/realsense2_camera_msgs/share/realsense2_camera_msgs/rust/src/srv/rmw.rs
[0.983s] -- Up-to-date: /home/jack/work/install/realsense2_camera_msgs/share/realsense2_camera_msgs/rust/src/srv.rs
[0.984s] -- Up-to-date: /home/jack/work/install/realsense2_camera_msgs/share/realsense2_camera_msgs/rust/src/lib.rs
[0.984s] -- Up-to-date: /home/jack/work/install/realsense2_camera_msgs/share/realsense2_camera_msgs/rust/build.rs
[0.984s] -- Up-to-date: /home/jack/work/install/realsense2_camera_msgs/share/realsense2_camera_msgs/msg/IMUInfo.idl
[0.984s] -- Up-to-date: /home/jack/work/install/realsense2_camera_msgs/share/realsense2_camera_msgs/msg/Extrinsics.idl
[0.984s] -- Up-to-date: /home/jack/work/install/realsense2_camera_msgs/share/realsense2_camera_msgs/msg/Metadata.idl
[0.984s] -- Up-to-date: /home/jack/work/install/realsense2_camera_msgs/share/realsense2_camera_msgs/msg/RGBD.idl
[0.985s] -- Up-to-date: /home/jack/work/install/realsense2_camera_msgs/share/realsense2_camera_msgs/srv/DeviceInfo.idl
[0.985s] -- Up-to-date: /home/jack/work/install/realsense2_camera_msgs/share/realsense2_camera_msgs/msg/IMUInfo.msg
[0.985s] -- Up-to-date: /home/jack/work/install/realsense2_camera_msgs/share/realsense2_camera_msgs/msg/Extrinsics.msg
[0.985s] -- Up-to-date: /home/jack/work/install/realsense2_camera_msgs/share/realsense2_camera_msgs/msg/Metadata.msg
[0.987s] -- Up-to-date: /home/jack/work/install/realsense2_camera_msgs/share/realsense2_camera_msgs/msg/RGBD.msg
[0.988s] -- Up-to-date: /home/jack/work/install/realsense2_camera_msgs/share/realsense2_camera_msgs/srv/DeviceInfo.srv
[0.988s] -- Up-to-date: /home/jack/work/install/realsense2_camera_msgs/share/realsense2_camera_msgs/srv/DeviceInfo_Request.msg
[0.988s] -- Up-to-date: /home/jack/work/install/realsense2_camera_msgs/share/realsense2_camera_msgs/srv/DeviceInfo_Response.msg
[0.988s] -- Up-to-date: /home/jack/work/install/realsense2_camera_msgs/share/ament_index/resource_index/package_run_dependencies/realsense2_camera_msgs
[0.989s] -- Up-to-date: /home/jack/work/install/realsense2_camera_msgs/share/ament_index/resource_index/parent_prefix_path/realsense2_camera_msgs
[0.989s] -- Up-to-date: /home/jack/work/install/realsense2_camera_msgs/share/realsense2_camera_msgs/environment/ament_prefix_path.sh
[0.989s] -- Up-to-date: /home/jack/work/install/realsense2_camera_msgs/share/realsense2_camera_msgs/environment/ament_prefix_path.dsv
[0.990s] -- Up-to-date: /home/jack/work/install/realsense2_camera_msgs/share/realsense2_camera_msgs/environment/path.sh
[0.990s] -- Up-to-date: /home/jack/work/install/realsense2_camera_msgs/share/realsense2_camera_msgs/environment/path.dsv
[0.990s] -- Up-to-date: /home/jack/work/install/realsense2_camera_msgs/share/realsense2_camera_msgs/local_setup.bash
[0.991s] -- Up-to-date: /home/jack/work/install/realsense2_camera_msgs/share/realsense2_camera_msgs/local_setup.sh
[0.991s] -- Up-to-date: /home/jack/work/install/realsense2_camera_msgs/share/realsense2_camera_msgs/local_setup.zsh
[0.991s] -- Up-to-date: /home/jack/work/install/realsense2_camera_msgs/share/realsense2_camera_msgs/local_setup.dsv
[0.991s] -- Installing: /home/jack/work/install/realsense2_camera_msgs/share/realsense2_camera_msgs/package.dsv
[0.991s] -- Up-to-date: /home/jack/work/install/realsense2_camera_msgs/share/ament_index/resource_index/packages/realsense2_camera_msgs
[0.991s] -- Up-to-date: /home/jack/work/install/realsense2_camera_msgs/share/realsense2_camera_msgs/cmake/export_realsense2_camera_msgs__rosidl_generator_cExport.cmake
[0.993s] -- Up-to-date: /home/jack/work/install/realsense2_camera_msgs/share/realsense2_camera_msgs/cmake/export_realsense2_camera_msgs__rosidl_generator_cExport-noconfig.cmake
[0.994s] -- Up-to-date: /home/jack/work/install/realsense2_camera_msgs/share/realsense2_camera_msgs/cmake/export_realsense2_camera_msgs__rosidl_typesupport_fastrtps_cExport.cmake
[0.995s] -- Up-to-date: /home/jack/work/install/realsense2_camera_msgs/share/realsense2_camera_msgs/cmake/export_realsense2_camera_msgs__rosidl_typesupport_fastrtps_cExport-noconfig.cmake
[0.996s] -- Up-to-date: /home/jack/work/install/realsense2_camera_msgs/share/realsense2_camera_msgs/cmake/realsense2_camera_msgs__rosidl_typesupport_introspection_cExport.cmake
[0.996s] -- Up-to-date: /home/jack/work/install/realsense2_camera_msgs/share/realsense2_camera_msgs/cmake/realsense2_camera_msgs__rosidl_typesupport_introspection_cExport-noconfig.cmake
[0.997s] -- Up-to-date: /home/jack/work/install/realsense2_camera_msgs/share/realsense2_camera_msgs/cmake/realsense2_camera_msgs__rosidl_typesupport_cExport.cmake
[0.997s] -- Up-to-date: /home/jack/work/install/realsense2_camera_msgs/share/realsense2_camera_msgs/cmake/realsense2_camera_msgs__rosidl_typesupport_cExport-noconfig.cmake
[0.998s] -- Up-to-date: /home/jack/work/install/realsense2_camera_msgs/share/realsense2_camera_msgs/cmake/export_realsense2_camera_msgs__rosidl_generator_cppExport.cmake
[0.998s] -- Up-to-date: /home/jack/work/install/realsense2_camera_msgs/share/realsense2_camera_msgs/cmake/export_realsense2_camera_msgs__rosidl_typesupport_fastrtps_cppExport.cmake
[0.998s] -- Up-to-date: /home/jack/work/install/realsense2_camera_msgs/share/realsense2_camera_msgs/cmake/export_realsense2_camera_msgs__rosidl_typesupport_fastrtps_cppExport-noconfig.cmake
[0.998s] -- Up-to-date: /home/jack/work/install/realsense2_camera_msgs/share/realsense2_camera_msgs/cmake/realsense2_camera_msgs__rosidl_typesupport_introspection_cppExport.cmake
[0.998s] -- Up-to-date: /home/jack/work/install/realsense2_camera_msgs/share/realsense2_camera_msgs/cmake/realsense2_camera_msgs__rosidl_typesupport_introspection_cppExport-noconfig.cmake
[0.999s] -- Up-to-date: /home/jack/work/install/realsense2_camera_msgs/share/realsense2_camera_msgs/cmake/realsense2_camera_msgs__rosidl_typesupport_cppExport.cmake
[0.999s] -- Up-to-date: /home/jack/work/install/realsense2_camera_msgs/share/realsense2_camera_msgs/cmake/realsense2_camera_msgs__rosidl_typesupport_cppExport-noconfig.cmake
[0.999s] -- Up-to-date: /home/jack/work/install/realsense2_camera_msgs/share/realsense2_camera_msgs/cmake/export_realsense2_camera_msgs__rosidl_generator_pyExport.cmake
[0.999s] -- Up-to-date: /home/jack/work/install/realsense2_camera_msgs/share/realsense2_camera_msgs/cmake/export_realsense2_camera_msgs__rosidl_generator_pyExport-noconfig.cmake
[0.999s] -- Up-to-date: /home/jack/work/install/realsense2_camera_msgs/share/realsense2_camera_msgs/cmake/rosidl_cmake-extras.cmake
[0.999s] -- Up-to-date: /home/jack/work/install/realsense2_camera_msgs/share/realsense2_camera_msgs/cmake/ament_cmake_export_dependencies-extras.cmake
[0.999s] -- Up-to-date: /home/jack/work/install/realsense2_camera_msgs/share/realsense2_camera_msgs/cmake/ament_cmake_export_include_directories-extras.cmake
[1.000s] -- Up-to-date: /home/jack/work/install/realsense2_camera_msgs/share/realsense2_camera_msgs/cmake/ament_cmake_export_libraries-extras.cmake
[1.000s] -- Up-to-date: /home/jack/work/install/realsense2_camera_msgs/share/realsense2_camera_msgs/cmake/ament_cmake_export_targets-extras.cmake
[1.000s] -- Up-to-date: /home/jack/work/install/realsense2_camera_msgs/share/realsense2_camera_msgs/cmake/rosidl_cmake_export_typesupport_targets-extras.cmake
[1.000s] -- Up-to-date: /home/jack/work/install/realsense2_camera_msgs/share/realsense2_camera_msgs/cmake/rosidl_cmake_export_typesupport_libraries-extras.cmake
[1.001s] -- Up-to-date: /home/jack/work/install/realsense2_camera_msgs/share/realsense2_camera_msgs/cmake/realsense2_camera_msgsConfig.cmake
[1.001s] -- Up-to-date: /home/jack/work/install/realsense2_camera_msgs/share/realsense2_camera_msgs/cmake/realsense2_camera_msgsConfig-version.cmake
[1.001s] -- Up-to-date: /home/jack/work/install/realsense2_camera_msgs/share/realsense2_camera_msgs/package.xml
[1.039s] Invoked command in '/home/jack/work/build/realsense2_camera_msgs' returned '0': CMAKE_PREFIX_PATH=${CMAKE_PREFIX_PATH}:/home/jack/work/install/yolov7_obj_detect:/home/jack/work/install/hiwin_example:/home/jack/work/install/hiwin_control:/home/jack/work/install/center:/opt/ros/humble /usr/bin/cmake --install /home/jack/work/build/realsense2_camera_msgs
