[1.379s] Invoking command in '/home/jack/work/build/hiwin_control': CMAKE_PREFIX_PATH=/home/jack/work/install/detect_interface:/home/jack/work/install/realsense2_description:/home/jack/work/install/realsense2_camera:/home/jack/work/install/realsense2_camera_msgs:/home/jack/work/install/hiwin_service_client:/home/jack/work/install/hiwin_libmodbus:/home/jack/work/install/hiwin_interfaces LD_LIBRARY_PATH=/home/jack/work/install/detect_interface/lib:/home/jack/work/install/realsense2_camera/lib:/home/jack/work/install/realsense2_camera_msgs/lib:/home/jack/work/install/hiwin_libmodbus/lib:/home/jack/work/install/hiwin_interfaces/lib:/opt/ros/humble/opt/rviz_ogre_vendor/lib:/opt/ros/humble/lib/x86_64-linux-gnu:/opt/ros/humble/lib:/usr/local/nvidia/lib:/usr/local/nvidia/lib64 PYTHONPATH=/home/jack/work/build/hiwin_control/prefix_override:/usr/lib/python3/dist-packages/colcon_core/task/python/colcon_distutils_commands:/home/jack/work/install/hiwin_control/lib/python3.10/site-packages:${PYTHONPATH} /usr/bin/python3 -W ignore:setup.py install is deprecated -W ignore:easy_install command is deprecated setup.py develop --uninstall --editable --build-directory /home/jack/work/build/hiwin_control/build
[1.709s] running develop
[1.885s] Removing /home/jack/work/install/hiwin_control/lib/python3.10/site-packages/hiwin-control.egg-link (link to .)
[1.920s] Invoked command in '/home/jack/work/build/hiwin_control' returned '0': CMAKE_PREFIX_PATH=/home/jack/work/install/detect_interface:/home/jack/work/install/realsense2_description:/home/jack/work/install/realsense2_camera:/home/jack/work/install/realsense2_camera_msgs:/home/jack/work/install/hiwin_service_client:/home/jack/work/install/hiwin_libmodbus:/home/jack/work/install/hiwin_interfaces LD_LIBRARY_PATH=/home/jack/work/install/detect_interface/lib:/home/jack/work/install/realsense2_camera/lib:/home/jack/work/install/realsense2_camera_msgs/lib:/home/jack/work/install/hiwin_libmodbus/lib:/home/jack/work/install/hiwin_interfaces/lib:/opt/ros/humble/opt/rviz_ogre_vendor/lib:/opt/ros/humble/lib/x86_64-linux-gnu:/opt/ros/humble/lib:/usr/local/nvidia/lib:/usr/local/nvidia/lib64 PYTHONPATH=/home/jack/work/build/hiwin_control/prefix_override:/usr/lib/python3/dist-packages/colcon_core/task/python/colcon_distutils_commands:/home/jack/work/install/hiwin_control/lib/python3.10/site-packages:${PYTHONPATH} /usr/bin/python3 -W ignore:setup.py install is deprecated -W ignore:easy_install command is deprecated setup.py develop --uninstall --editable --build-directory /home/jack/work/build/hiwin_control/build
[1.921s] Invoking command in '/home/jack/work/src/hiwin_control': CMAKE_PREFIX_PATH=/home/jack/work/install/detect_interface:/home/jack/work/install/realsense2_description:/home/jack/work/install/realsense2_camera:/home/jack/work/install/realsense2_camera_msgs:/home/jack/work/install/hiwin_service_client:/home/jack/work/install/hiwin_libmodbus:/home/jack/work/install/hiwin_interfaces LD_LIBRARY_PATH=/home/jack/work/install/detect_interface/lib:/home/jack/work/install/realsense2_camera/lib:/home/jack/work/install/realsense2_camera_msgs/lib:/home/jack/work/install/hiwin_libmodbus/lib:/home/jack/work/install/hiwin_interfaces/lib:/opt/ros/humble/opt/rviz_ogre_vendor/lib:/opt/ros/humble/lib/x86_64-linux-gnu:/opt/ros/humble/lib:/usr/local/nvidia/lib:/usr/local/nvidia/lib64 PYTHONPATH=/home/jack/work/build/hiwin_control/prefix_override:/usr/lib/python3/dist-packages/colcon_core/task/python/colcon_distutils_commands:/home/jack/work/install/hiwin_control/lib/python3.10/site-packages:${PYTHONPATH} /usr/bin/python3 -W ignore:setup.py install is deprecated -W ignore:easy_install command is deprecated setup.py egg_info --egg-base ../../build/hiwin_control build --build-base /home/jack/work/build/hiwin_control/build install --record /home/jack/work/build/hiwin_control/install.log --single-version-externally-managed install_data --force
[2.199s] running egg_info
[2.216s] writing ../../build/hiwin_control/hiwin_control.egg-info/PKG-INFO
[2.217s] writing dependency_links to ../../build/hiwin_control/hiwin_control.egg-info/dependency_links.txt
[2.218s] writing entry points to ../../build/hiwin_control/hiwin_control.egg-info/entry_points.txt
[2.218s] writing requirements to ../../build/hiwin_control/hiwin_control.egg-info/requires.txt
[2.218s] writing top-level names to ../../build/hiwin_control/hiwin_control.egg-info/top_level.txt
[2.257s] reading manifest file '../../build/hiwin_control/hiwin_control.egg-info/SOURCES.txt'
[2.258s] adding license file 'LICENSE'
[2.261s] writing manifest file '../../build/hiwin_control/hiwin_control.egg-info/SOURCES.txt'
[2.261s] running build
[2.261s] running build_py
[2.261s] copying hiwin_control/billiards_planner_ui.py -> /home/jack/work/build/hiwin_control/build/lib/hiwin_control
[2.262s] copying hiwin_control/pool_strat_v2.py -> /home/jack/work/build/hiwin_control/build/lib/hiwin_control
[2.262s] copying hiwin_control/__init__.py -> /home/jack/work/build/hiwin_control/build/lib/hiwin_control
[2.263s] copying hiwin_control/base_strat.py -> /home/jack/work/build/hiwin_control/build/lib/hiwin_control
[2.263s] copying hiwin_control/nine_arm_controller.py -> /home/jack/work/build/hiwin_control/build/lib/hiwin_control
[2.263s] copying hiwin_control/pool_arm_controller.py -> /home/jack/work/build/hiwin_control/build/lib/hiwin_control
[2.265s] copying hiwin_control/aruco_arm_controller.py -> /home/jack/work/build/hiwin_control/build/lib/hiwin_control
[2.265s] copying hiwin_control/team_selection.py -> /home/jack/work/build/hiwin_control/build/lib/hiwin_control
[2.265s] copying hiwin_control/arm_controller_copy.py -> /home/jack/work/build/hiwin_control/build/lib/hiwin_control
[2.265s] copying hiwin_control/my_pool_1.py -> /home/jack/work/build/hiwin_control/build/lib/hiwin_control
[2.266s] copying hiwin_control/pool_arm_controller_copy.py -> /home/jack/work/build/hiwin_control/build/lib/hiwin_control
[2.266s] copying hiwin_control/testbeat_arm_controller.py -> /home/jack/work/build/hiwin_control/build/lib/hiwin_control
[2.266s] copying hiwin_control/nine_ball_pool0805.py -> /home/jack/work/build/hiwin_control/build/lib/hiwin_control
[2.266s] copying hiwin_control/yaml_test.py -> /home/jack/work/build/hiwin_control/build/lib/hiwin_control
[2.267s] copying hiwin_control/rush_arm_controller.py -> /home/jack/work/build/hiwin_control/build/lib/hiwin_control
[2.267s] copying hiwin_control/aruco_table_cali.py -> /home/jack/work/build/hiwin_control/build/lib/hiwin_control
[2.267s] copying hiwin_control/transformations.py -> /home/jack/work/build/hiwin_control/build/lib/hiwin_control
[2.268s] copying hiwin_control/test_function.py -> /home/jack/work/build/hiwin_control/build/lib/hiwin_control
[2.268s] copying hiwin_control/quaternion_to_rotation.py -> /home/jack/work/build/hiwin_control/build/lib/hiwin_control
[2.269s] copying hiwin_control/yyy_arm_controller.py -> /home/jack/work/build/hiwin_control/build/lib/hiwin_control
[2.269s] copying hiwin_control/aruco_pose_estimator.py -> /home/jack/work/build/hiwin_control/build/lib/hiwin_control
[2.269s] copying hiwin_control/nine_ball_strat.py -> /home/jack/work/build/hiwin_control/build/lib/hiwin_control
[2.269s] copying hiwin_control/stream_rs.py -> /home/jack/work/build/hiwin_control/build/lib/hiwin_control
[2.271s] copying hiwin_control/arm_controller.py -> /home/jack/work/build/hiwin_control/build/lib/hiwin_control
[2.271s] running install
[2.276s] running install_lib
[2.294s] creating /home/jack/work/install/hiwin_control/lib/python3.10/site-packages/hiwin_control
[2.295s] copying /home/jack/work/build/hiwin_control/build/lib/hiwin_control/billiards_planner_ui.py -> /home/jack/work/install/hiwin_control/lib/python3.10/site-packages/hiwin_control
[2.295s] copying /home/jack/work/build/hiwin_control/build/lib/hiwin_control/pool_strat_v2.py -> /home/jack/work/install/hiwin_control/lib/python3.10/site-packages/hiwin_control
[2.295s] copying /home/jack/work/build/hiwin_control/build/lib/hiwin_control/__init__.py -> /home/jack/work/install/hiwin_control/lib/python3.10/site-packages/hiwin_control
[2.295s] copying /home/jack/work/build/hiwin_control/build/lib/hiwin_control/base_strat.py -> /home/jack/work/install/hiwin_control/lib/python3.10/site-packages/hiwin_control
[2.295s] copying /home/jack/work/build/hiwin_control/build/lib/hiwin_control/nine_arm_controller.py -> /home/jack/work/install/hiwin_control/lib/python3.10/site-packages/hiwin_control
[2.295s] copying /home/jack/work/build/hiwin_control/build/lib/hiwin_control/pool_arm_controller.py -> /home/jack/work/install/hiwin_control/lib/python3.10/site-packages/hiwin_control
[2.296s] copying /home/jack/work/build/hiwin_control/build/lib/hiwin_control/aruco_arm_controller.py -> /home/jack/work/install/hiwin_control/lib/python3.10/site-packages/hiwin_control
[2.296s] copying /home/jack/work/build/hiwin_control/build/lib/hiwin_control/team_selection.py -> /home/jack/work/install/hiwin_control/lib/python3.10/site-packages/hiwin_control
[2.296s] copying /home/jack/work/build/hiwin_control/build/lib/hiwin_control/arm_controller_copy.py -> /home/jack/work/install/hiwin_control/lib/python3.10/site-packages/hiwin_control
[2.296s] copying /home/jack/work/build/hiwin_control/build/lib/hiwin_control/my_pool_1.py -> /home/jack/work/install/hiwin_control/lib/python3.10/site-packages/hiwin_control
[2.296s] copying /home/jack/work/build/hiwin_control/build/lib/hiwin_control/pool_arm_controller_copy.py -> /home/jack/work/install/hiwin_control/lib/python3.10/site-packages/hiwin_control
[2.296s] copying /home/jack/work/build/hiwin_control/build/lib/hiwin_control/testbeat_arm_controller.py -> /home/jack/work/install/hiwin_control/lib/python3.10/site-packages/hiwin_control
[2.297s] copying /home/jack/work/build/hiwin_control/build/lib/hiwin_control/nine_ball_pool0805.py -> /home/jack/work/install/hiwin_control/lib/python3.10/site-packages/hiwin_control
[2.297s] copying /home/jack/work/build/hiwin_control/build/lib/hiwin_control/yaml_test.py -> /home/jack/work/install/hiwin_control/lib/python3.10/site-packages/hiwin_control
[2.297s] copying /home/jack/work/build/hiwin_control/build/lib/hiwin_control/rush_arm_controller.py -> /home/jack/work/install/hiwin_control/lib/python3.10/site-packages/hiwin_control
[2.297s] copying /home/jack/work/build/hiwin_control/build/lib/hiwin_control/aruco_table_cali.py -> /home/jack/work/install/hiwin_control/lib/python3.10/site-packages/hiwin_control
[2.297s] copying /home/jack/work/build/hiwin_control/build/lib/hiwin_control/transformations.py -> /home/jack/work/install/hiwin_control/lib/python3.10/site-packages/hiwin_control
[2.297s] copying /home/jack/work/build/hiwin_control/build/lib/hiwin_control/test_function.py -> /home/jack/work/install/hiwin_control/lib/python3.10/site-packages/hiwin_control
[2.298s] copying /home/jack/work/build/hiwin_control/build/lib/hiwin_control/quaternion_to_rotation.py -> /home/jack/work/install/hiwin_control/lib/python3.10/site-packages/hiwin_control
[2.298s] copying /home/jack/work/build/hiwin_control/build/lib/hiwin_control/yyy_arm_controller.py -> /home/jack/work/install/hiwin_control/lib/python3.10/site-packages/hiwin_control
[2.298s] copying /home/jack/work/build/hiwin_control/build/lib/hiwin_control/aruco_pose_estimator.py -> /home/jack/work/install/hiwin_control/lib/python3.10/site-packages/hiwin_control
[2.298s] copying /home/jack/work/build/hiwin_control/build/lib/hiwin_control/nine_ball_strat.py -> /home/jack/work/install/hiwin_control/lib/python3.10/site-packages/hiwin_control
[2.298s] copying /home/jack/work/build/hiwin_control/build/lib/hiwin_control/stream_rs.py -> /home/jack/work/install/hiwin_control/lib/python3.10/site-packages/hiwin_control
[2.298s] copying /home/jack/work/build/hiwin_control/build/lib/hiwin_control/arm_controller.py -> /home/jack/work/install/hiwin_control/lib/python3.10/site-packages/hiwin_control
[2.302s] byte-compiling /home/jack/work/install/hiwin_control/lib/python3.10/site-packages/hiwin_control/billiards_planner_ui.py to billiards_planner_ui.cpython-310.pyc
[2.307s] byte-compiling /home/jack/work/install/hiwin_control/lib/python3.10/site-packages/hiwin_control/pool_strat_v2.py to pool_strat_v2.cpython-310.pyc
[2.319s] byte-compiling /home/jack/work/install/hiwin_control/lib/python3.10/site-packages/hiwin_control/__init__.py to __init__.cpython-310.pyc
[2.319s] byte-compiling /home/jack/work/install/hiwin_control/lib/python3.10/site-packages/hiwin_control/base_strat.py to base_strat.cpython-310.pyc
[2.323s] byte-compiling /home/jack/work/install/hiwin_control/lib/python3.10/site-packages/hiwin_control/nine_arm_controller.py to nine_arm_controller.cpython-310.pyc
[2.332s] byte-compiling /home/jack/work/install/hiwin_control/lib/python3.10/site-packages/hiwin_control/pool_arm_controller.py to pool_arm_controller.cpython-310.pyc
[2.338s] byte-compiling /home/jack/work/install/hiwin_control/lib/python3.10/site-packages/hiwin_control/aruco_arm_controller.py to aruco_arm_controller.cpython-310.pyc
[2.340s] byte-compiling /home/jack/work/install/hiwin_control/lib/python3.10/site-packages/hiwin_control/team_selection.py to team_selection.cpython-310.pyc
[2.342s] byte-compiling /home/jack/work/install/hiwin_control/lib/python3.10/site-packages/hiwin_control/arm_controller_copy.py to arm_controller_copy.cpython-310.pyc
[2.348s] byte-compiling /home/jack/work/install/hiwin_control/lib/python3.10/site-packages/hiwin_control/my_pool_1.py to my_pool_1.cpython-310.pyc
[2.353s] byte-compiling /home/jack/work/install/hiwin_control/lib/python3.10/site-packages/hiwin_control/pool_arm_controller_copy.py to pool_arm_controller_copy.cpython-310.pyc
[2.357s] byte-compiling /home/jack/work/install/hiwin_control/lib/python3.10/site-packages/hiwin_control/testbeat_arm_controller.py to testbeat_arm_controller.cpython-310.pyc
[2.362s] byte-compiling /home/jack/work/install/hiwin_control/lib/python3.10/site-packages/hiwin_control/nine_ball_pool0805.py to nine_ball_pool0805.cpython-310.pyc
[2.369s] byte-compiling /home/jack/work/install/hiwin_control/lib/python3.10/site-packages/hiwin_control/yaml_test.py to yaml_test.cpython-310.pyc
[2.369s] byte-compiling /home/jack/work/install/hiwin_control/lib/python3.10/site-packages/hiwin_control/rush_arm_controller.py to rush_arm_controller.cpython-310.pyc
[2.378s] byte-compiling /home/jack/work/install/hiwin_control/lib/python3.10/site-packages/hiwin_control/aruco_table_cali.py to aruco_table_cali.cpython-310.pyc
[2.382s] byte-compiling /home/jack/work/install/hiwin_control/lib/python3.10/site-packages/hiwin_control/transformations.py to transformations.cpython-310.pyc
[2.391s] byte-compiling /home/jack/work/install/hiwin_control/lib/python3.10/site-packages/hiwin_control/test_function.py to test_function.cpython-310.pyc
[2.392s] byte-compiling /home/jack/work/install/hiwin_control/lib/python3.10/site-packages/hiwin_control/quaternion_to_rotation.py to quaternion_to_rotation.cpython-310.pyc
[2.392s] byte-compiling /home/jack/work/install/hiwin_control/lib/python3.10/site-packages/hiwin_control/yyy_arm_controller.py to yyy_arm_controller.cpython-310.pyc
[2.397s] byte-compiling /home/jack/work/install/hiwin_control/lib/python3.10/site-packages/hiwin_control/aruco_pose_estimator.py to aruco_pose_estimator.cpython-310.pyc
[2.399s] byte-compiling /home/jack/work/install/hiwin_control/lib/python3.10/site-packages/hiwin_control/nine_ball_strat.py to nine_ball_strat.cpython-310.pyc
[2.409s] byte-compiling /home/jack/work/install/hiwin_control/lib/python3.10/site-packages/hiwin_control/stream_rs.py to stream_rs.cpython-310.pyc
[2.410s] byte-compiling /home/jack/work/install/hiwin_control/lib/python3.10/site-packages/hiwin_control/arm_controller.py to arm_controller.cpython-310.pyc
[2.424s] running install_data
[2.424s] copying resource/hiwin_control -> /home/jack/work/install/hiwin_control/share/ament_index/resource_index/packages
[2.424s] copying package.xml -> /home/jack/work/install/hiwin_control/share/hiwin_control
[2.425s] running install_egg_info
[2.446s] Copying ../../build/hiwin_control/hiwin_control.egg-info to /home/jack/work/install/hiwin_control/lib/python3.10/site-packages/hiwin_control-0.0.0-py3.10.egg-info
[2.447s] running install_scripts
[2.585s] Installing arm_controller script to /home/jack/work/install/hiwin_control/lib/hiwin_control
[2.585s] Installing aruco_table_cali script to /home/jack/work/install/hiwin_control/lib/hiwin_control
[2.585s] Installing billiards_planner script to /home/jack/work/install/hiwin_control/lib/hiwin_control
[2.586s] Installing my_pool script to /home/jack/work/install/hiwin_control/lib/hiwin_control
[2.586s] Installing nine_arm_controller script to /home/jack/work/install/hiwin_control/lib/hiwin_control
[2.586s] Installing pool_arm_controller script to /home/jack/work/install/hiwin_control/lib/hiwin_control
[2.586s] Installing rush_arm_controller script to /home/jack/work/install/hiwin_control/lib/hiwin_control
[2.586s] Installing stream_rs script to /home/jack/work/install/hiwin_control/lib/hiwin_control
[2.586s] Installing team_selection script to /home/jack/work/install/hiwin_control/lib/hiwin_control
[2.586s] Installing testbeat_arm_controller script to /home/jack/work/install/hiwin_control/lib/hiwin_control
[2.586s] Installing yyy_arm_controller script to /home/jack/work/install/hiwin_control/lib/hiwin_control
[2.586s] writing list of installed files to '/home/jack/work/build/hiwin_control/install.log'
[2.631s] Invoked command in '/home/jack/work/src/hiwin_control' returned '0': CMAKE_PREFIX_PATH=/home/jack/work/install/detect_interface:/home/jack/work/install/realsense2_description:/home/jack/work/install/realsense2_camera:/home/jack/work/install/realsense2_camera_msgs:/home/jack/work/install/hiwin_service_client:/home/jack/work/install/hiwin_libmodbus:/home/jack/work/install/hiwin_interfaces LD_LIBRARY_PATH=/home/jack/work/install/detect_interface/lib:/home/jack/work/install/realsense2_camera/lib:/home/jack/work/install/realsense2_camera_msgs/lib:/home/jack/work/install/hiwin_libmodbus/lib:/home/jack/work/install/hiwin_interfaces/lib:/opt/ros/humble/opt/rviz_ogre_vendor/lib:/opt/ros/humble/lib/x86_64-linux-gnu:/opt/ros/humble/lib:/usr/local/nvidia/lib:/usr/local/nvidia/lib64 PYTHONPATH=/home/jack/work/build/hiwin_control/prefix_override:/usr/lib/python3/dist-packages/colcon_core/task/python/colcon_distutils_commands:/home/jack/work/install/hiwin_control/lib/python3.10/site-packages:${PYTHONPATH} /usr/bin/python3 -W ignore:setup.py install is deprecated -W ignore:easy_install command is deprecated setup.py egg_info --egg-base ../../build/hiwin_control build --build-base /home/jack/work/build/hiwin_control/build install --record /home/jack/work/build/hiwin_control/install.log --single-version-externally-managed install_data --force
