[0.047s] Invoking command in '/home/jack/work/build/realsense2_camera_msgs': CMAKE_PREFIX_PATH=${CMAKE_PREFIX_PATH}:/home/jack/work/install/yolov7_obj_detect:/home/jack/work/install/hiwin_example:/home/jack/work/install/hiwin_control:/home/jack/work/install/center:/opt/ros/humble /usr/bin/cmake --build /home/jack/work/build/realsense2_camera_msgs -- -j16 -l16
[0.141s] [  1%] Built target realsense2_camera_msgs__rs
[0.151s] [  3%] Built target realsense2_camera_msgs__cpp
[0.162s] [ 14%] Built target realsense2_camera_msgs__rosidl_generator_c
[0.208s] [ 14%] Built target ament_cmake_python_copy_realsense2_camera_msgs
[0.215s] [ 25%] Built target realsense2_camera_msgs__rosidl_typesupport_introspection_cpp
[0.218s] [ 35%] Built target realsense2_camera_msgs__rosidl_typesupport_cpp
[0.239s] [ 46%] Built target realsense2_camera_msgs__rosidl_typesupport_fastrtps_cpp
[0.270s] [ 57%] Built target realsense2_camera_msgs__rosidl_typesupport_fastrtps_c
[0.275s] [ 68%] Built target realsense2_camera_msgs__rosidl_typesupport_introspection_c
[0.278s] [ 79%] Built target realsense2_camera_msgs__rosidl_typesupport_c
[0.318s] [ 79%] Built target realsense2_camera_msgs
[0.377s] [ 81%] Built target realsense2_camera_msgs__py
[0.436s] [ 82%] [32mBuilding C object CMakeFiles/realsense2_camera_msgs__rosidl_generator_py.dir/rosidl_generator_py/realsense2_camera_msgs/msg/_imu_info_s.c.o[0m
[0.440s] [ 85%] [32mBuilding C object CMakeFiles/realsense2_camera_msgs__rosidl_generator_py.dir/rosidl_generator_py/realsense2_camera_msgs/msg/_metadata_s.c.o[0m
[0.440s] [ 84%] [32mBuilding C object CMakeFiles/realsense2_camera_msgs__rosidl_generator_py.dir/rosidl_generator_py/realsense2_camera_msgs/msg/_extrinsics_s.c.o[0m
[0.441s] [ 87%] [32mBuilding C object CMakeFiles/realsense2_camera_msgs__rosidl_generator_py.dir/rosidl_generator_py/realsense2_camera_msgs/msg/_rgbd_s.c.o[0m
[0.442s] [ 89%] [32mBuilding C object CMakeFiles/realsense2_camera_msgs__rosidl_generator_py.dir/rosidl_generator_py/realsense2_camera_msgs/srv/_device_info_s.c.o[0m
[0.478s] running egg_info
[0.493s] writing realsense2_camera_msgs.egg-info/PKG-INFO
[0.494s] writing dependency_links to realsense2_camera_msgs.egg-info/dependency_links.txt
[0.494s] writing top-level names to realsense2_camera_msgs.egg-info/top_level.txt
[0.546s] reading manifest file 'realsense2_camera_msgs.egg-info/SOURCES.txt'
[0.546s] writing manifest file 'realsense2_camera_msgs.egg-info/SOURCES.txt'
[0.593s] [ 89%] Built target ament_cmake_python_build_realsense2_camera_msgs_egg
[0.605s] [01m[K/home/jack/work/build/realsense2_camera_msgs/rosidl_generator_py/realsense2_camera_msgs/msg/_rgbd_s.c:11:10:[m[K [01;31m[Kfatal error: [m[Knumpy/ndarrayobject.h: No such file or directory
[0.605s]    11 | #include [01;31m[K"numpy/ndarrayobject.h"[m[K
[0.605s]       |          [01;31m[K^~~~~~~~~~~~~~~~~~~~~~~[m[K
[0.605s] compilation terminated.
[0.605s] gmake[2]: *** [CMakeFiles/realsense2_camera_msgs__rosidl_generator_py.dir/build.make:118: CMakeFiles/realsense2_camera_msgs__rosidl_generator_py.dir/rosidl_generator_py/realsense2_camera_msgs/msg/_rgbd_s.c.o] Error 1
[0.605s] gmake[2]: *** Waiting for unfinished jobs....
[0.616s] [01m[K/home/jack/work/build/realsense2_camera_msgs/rosidl_generator_py/realsense2_camera_msgs/srv/_device_info_s.c:11:10:[m[K [01;31m[Kfatal error: [m[Knumpy/ndarrayobject.h: No such file or directory
[0.616s]    11 | #include [01;31m[K"numpy/ndarrayobject.h"[m[K
[0.616s]       |          [01;31m[K^~~~~~~~~~~~~~~~~~~~~~~[m[K
[0.616s] compilation terminated.
[0.618s] gmake[2]: *** [CMakeFiles/realsense2_camera_msgs__rosidl_generator_py.dir/build.make:132: CMakeFiles/realsense2_camera_msgs__rosidl_generator_py.dir/rosidl_generator_py/realsense2_camera_msgs/srv/_device_info_s.c.o] Error 1
[0.634s] [01m[K/home/jack/work/build/realsense2_camera_msgs/rosidl_generator_py/realsense2_camera_msgs/msg/_extrinsics_s.c:11:10:[m[K [01;31m[Kfatal error: [m[Knumpy/ndarrayobject.h: No such file or directory
[0.634s]    11 | #include [01;31m[K"numpy/ndarrayobject.h"[m[K
[0.634s]       |          [01;31m[K^~~~~~~~~~~~~~~~~~~~~~~[m[K
[0.634s] compilation terminated.
[0.635s] gmake[2]: *** [CMakeFiles/realsense2_camera_msgs__rosidl_generator_py.dir/build.make:90: CMakeFiles/realsense2_camera_msgs__rosidl_generator_py.dir/rosidl_generator_py/realsense2_camera_msgs/msg/_extrinsics_s.c.o] Error 1
[0.639s] [01m[K/home/jack/work/build/realsense2_camera_msgs/rosidl_generator_py/realsense2_camera_msgs/msg/_metadata_s.c:11:10:[m[K [01;31m[Kfatal error: [m[Knumpy/ndarrayobject.h: No such file or directory
[0.639s]    11 | #include [01;31m[K"numpy/ndarrayobject.h"[m[K
[0.639s]       |          [01;31m[K^~~~~~~~~~~~~~~~~~~~~~~[m[K
[0.639s] compilation terminated.
[0.641s] gmake[2]: *** [CMakeFiles/realsense2_camera_msgs__rosidl_generator_py.dir/build.make:104: CMakeFiles/realsense2_camera_msgs__rosidl_generator_py.dir/rosidl_generator_py/realsense2_camera_msgs/msg/_metadata_s.c.o] Error 1
[0.673s] [01m[K/home/jack/work/build/realsense2_camera_msgs/rosidl_generator_py/realsense2_camera_msgs/msg/_imu_info_s.c:11:10:[m[K [01;31m[Kfatal error: [m[Knumpy/ndarrayobject.h: No such file or directory
[0.673s]    11 | #include [01;31m[K"numpy/ndarrayobject.h"[m[K
[0.673s]       |          [01;31m[K^~~~~~~~~~~~~~~~~~~~~~~[m[K
[0.673s] compilation terminated.
[0.674s] gmake[2]: *** [CMakeFiles/realsense2_camera_msgs__rosidl_generator_py.dir/build.make:76: CMakeFiles/realsense2_camera_msgs__rosidl_generator_py.dir/rosidl_generator_py/realsense2_camera_msgs/msg/_imu_info_s.c.o] Error 1
[0.677s] gmake[1]: *** [CMakeFiles/Makefile2:494: CMakeFiles/realsense2_camera_msgs__rosidl_generator_py.dir/all] Error 2
[0.679s] gmake: *** [Makefile:146: all] Error 2
