[0.026s] Invoking command in '/home/jack/work/build/hiwin_libmodbus': AMENT_PREFIX_PATH=/home/jack/work/install/hiwin_interfaces:${AMENT_PREFIX_PATH} CMAKE_PREFIX_PATH=/home/jack/work/install/hiwin_interfaces:/opt/ros/humble LD_LIBRARY_PATH=/home/jack/work/install/hiwin_interfaces/lib:${LD_LIBRARY_PATH} PYTHONPATH=/home/jack/work/install/hiwin_interfaces/local/lib/python3.10/dist-packages:${PYTHONPATH} /usr/bin/cmake --build /home/jack/work/build/hiwin_libmodbus -- -j16 -l16
[0.071s] [ 42%] Built target hiwin_libmodbus
[0.079s] [ 42%] Built target ament_cmake_python_copy_hiwin_libmodbus
[0.086s] [ 57%] Built target hiwin_libmodbus_ctype_wrapper
[0.091s] [ 71%] Built target hiwin_libmodbus_node
[0.092s] [ 85%] Built target hiwinmodbus_server
[0.094s] [100%] Built target hiwinlibmodbus_server
[0.211s] running egg_info
[0.218s] writing hiwin_libmodbus.egg-info/PKG-INFO
[0.218s] writing dependency_links to hiwin_libmodbus.egg-info/dependency_links.txt
[0.219s] writing top-level names to hiwin_libmodbus.egg-info/top_level.txt
[0.240s] reading manifest file 'hiwin_libmodbus.egg-info/SOURCES.txt'
[0.240s] writing manifest file 'hiwin_libmodbus.egg-info/SOURCES.txt'
[0.262s] [100%] Built target ament_cmake_python_build_hiwin_libmodbus_egg
[0.452s] Invoked command in '/home/jack/work/build/hiwin_libmodbus' returned '0': AMENT_PREFIX_PATH=/home/jack/work/install/hiwin_interfaces:${AMENT_PREFIX_PATH} CMAKE_PREFIX_PATH=/home/jack/work/install/hiwin_interfaces:/opt/ros/humble LD_LIBRARY_PATH=/home/jack/work/install/hiwin_interfaces/lib:${LD_LIBRARY_PATH} PYTHONPATH=/home/jack/work/install/hiwin_interfaces/local/lib/python3.10/dist-packages:${PYTHONPATH} /usr/bin/cmake --build /home/jack/work/build/hiwin_libmodbus -- -j16 -l16
[0.453s] Invoking command in '/home/jack/work/build/hiwin_libmodbus': AMENT_PREFIX_PATH=/home/jack/work/install/hiwin_interfaces:${AMENT_PREFIX_PATH} CMAKE_PREFIX_PATH=/home/jack/work/install/hiwin_interfaces:/opt/ros/humble LD_LIBRARY_PATH=/home/jack/work/install/hiwin_interfaces/lib:${LD_LIBRARY_PATH} PYTHONPATH=/home/jack/work/install/hiwin_interfaces/local/lib/python3.10/dist-packages:${PYTHONPATH} /usr/bin/cmake --install /home/jack/work/build/hiwin_libmodbus
[0.465s] -- Install configuration: ""
[0.465s] -- Up-to-date: /home/jack/work/install/hiwin_libmodbus/include
[0.465s] -- Up-to-date: /home/jack/work/install/hiwin_libmodbus/include/hiwin_libmodbus
[0.465s] -- Up-to-date: /home/jack/work/install/hiwin_libmodbus/include/hiwin_libmodbus/visibility_control.h
[0.465s] -- Up-to-date: /home/jack/work/install/hiwin_libmodbus/include/hiwin_libmodbus/hiwin_libmodbus.hpp
[0.465s] -- Up-to-date: /home/jack/work/install/hiwin_libmodbus/lib/libhiwin_libmodbus.so
[0.465s] -- Up-to-date: /home/jack/work/install/hiwin_libmodbus/lib/libhiwin_libmodbus_ctype_wrapper.so
[0.465s] -- Up-to-date: /home/jack/work/install/hiwin_libmodbus/lib/hiwin_libmodbus/hiwinmodbus_server
[0.465s] -- Up-to-date: /home/jack/work/install/hiwin_libmodbus/lib/hiwin_libmodbus/hiwinlibmodbus_server
[0.466s] -- Up-to-date: /home/jack/work/install/hiwin_libmodbus/lib/hiwin_libmodbus/hiwin_libmodbus_node
[0.466s] -- Up-to-date: /home/jack/work/install/hiwin_libmodbus/share/hiwin_libmodbus/environment/pythonpath.sh
[0.466s] -- Up-to-date: /home/jack/work/install/hiwin_libmodbus/share/hiwin_libmodbus/environment/pythonpath.dsv
[0.466s] -- Up-to-date: /home/jack/work/install/hiwin_libmodbus/local/lib/python3.10/dist-packages/hiwin_libmodbus-0.0.0-py3.10.egg-info
[0.466s] -- Installing: /home/jack/work/install/hiwin_libmodbus/local/lib/python3.10/dist-packages/hiwin_libmodbus-0.0.0-py3.10.egg-info/top_level.txt
[0.466s] -- Installing: /home/jack/work/install/hiwin_libmodbus/local/lib/python3.10/dist-packages/hiwin_libmodbus-0.0.0-py3.10.egg-info/PKG-INFO
[0.466s] -- Installing: /home/jack/work/install/hiwin_libmodbus/local/lib/python3.10/dist-packages/hiwin_libmodbus-0.0.0-py3.10.egg-info/dependency_links.txt
[0.466s] -- Installing: /home/jack/work/install/hiwin_libmodbus/local/lib/python3.10/dist-packages/hiwin_libmodbus-0.0.0-py3.10.egg-info/SOURCES.txt
[0.467s] -- Up-to-date: /home/jack/work/install/hiwin_libmodbus/local/lib/python3.10/dist-packages/hiwin_libmodbus
[0.467s] -- Up-to-date: /home/jack/work/install/hiwin_libmodbus/local/lib/python3.10/dist-packages/hiwin_libmodbus/__init__.py
[0.467s] -- Up-to-date: /home/jack/work/install/hiwin_libmodbus/local/lib/python3.10/dist-packages/hiwin_libmodbus/hiwin_libmodbus.py
[0.499s] Listing '/home/jack/work/install/hiwin_libmodbus/local/lib/python3.10/dist-packages/hiwin_libmodbus'...
[0.502s] -- Up-to-date: /home/jack/work/install/hiwin_libmodbus/lib/hiwin_libmodbus/Hiwin_API_test.py
[0.502s] -- Up-to-date: /home/jack/work/install/hiwin_libmodbus/share/hiwin_libmodbus/environment/library_path.sh
[0.502s] -- Up-to-date: /home/jack/work/install/hiwin_libmodbus/share/hiwin_libmodbus/environment/library_path.dsv
[0.502s] -- Up-to-date: /home/jack/work/install/hiwin_libmodbus/share/ament_index/resource_index/package_run_dependencies/hiwin_libmodbus
[0.502s] -- Up-to-date: /home/jack/work/install/hiwin_libmodbus/share/ament_index/resource_index/parent_prefix_path/hiwin_libmodbus
[0.502s] -- Up-to-date: /home/jack/work/install/hiwin_libmodbus/share/hiwin_libmodbus/environment/ament_prefix_path.sh
[0.503s] -- Up-to-date: /home/jack/work/install/hiwin_libmodbus/share/hiwin_libmodbus/environment/ament_prefix_path.dsv
[0.503s] -- Up-to-date: /home/jack/work/install/hiwin_libmodbus/share/hiwin_libmodbus/environment/path.sh
[0.503s] -- Up-to-date: /home/jack/work/install/hiwin_libmodbus/share/hiwin_libmodbus/environment/path.dsv
[0.503s] -- Up-to-date: /home/jack/work/install/hiwin_libmodbus/share/hiwin_libmodbus/local_setup.bash
[0.503s] -- Up-to-date: /home/jack/work/install/hiwin_libmodbus/share/hiwin_libmodbus/local_setup.sh
[0.503s] -- Up-to-date: /home/jack/work/install/hiwin_libmodbus/share/hiwin_libmodbus/local_setup.zsh
[0.503s] -- Up-to-date: /home/jack/work/install/hiwin_libmodbus/share/hiwin_libmodbus/local_setup.dsv
[0.503s] -- Installing: /home/jack/work/install/hiwin_libmodbus/share/hiwin_libmodbus/package.dsv
[0.504s] -- Up-to-date: /home/jack/work/install/hiwin_libmodbus/share/ament_index/resource_index/packages/hiwin_libmodbus
[0.504s] -- Up-to-date: /home/jack/work/install/hiwin_libmodbus/share/hiwin_libmodbus/cmake/export_hiwin_libmodbusExport.cmake
[0.504s] -- Up-to-date: /home/jack/work/install/hiwin_libmodbus/share/hiwin_libmodbus/cmake/export_hiwin_libmodbusExport-noconfig.cmake
[0.504s] -- Up-to-date: /home/jack/work/install/hiwin_libmodbus/share/hiwin_libmodbus/cmake/ament_cmake_export_include_directories-extras.cmake
[0.504s] -- Up-to-date: /home/jack/work/install/hiwin_libmodbus/share/hiwin_libmodbus/cmake/ament_cmake_export_libraries-extras.cmake
[0.504s] -- Up-to-date: /home/jack/work/install/hiwin_libmodbus/share/hiwin_libmodbus/cmake/ament_cmake_export_targets-extras.cmake
[0.504s] -- Up-to-date: /home/jack/work/install/hiwin_libmodbus/share/hiwin_libmodbus/cmake/hiwin_libmodbusConfig.cmake
[0.504s] -- Up-to-date: /home/jack/work/install/hiwin_libmodbus/share/hiwin_libmodbus/cmake/hiwin_libmodbusConfig-version.cmake
[0.505s] -- Up-to-date: /home/jack/work/install/hiwin_libmodbus/share/hiwin_libmodbus/package.xml
[0.521s] Invoked command in '/home/jack/work/build/hiwin_libmodbus' returned '0': AMENT_PREFIX_PATH=/home/jack/work/install/hiwin_interfaces:${AMENT_PREFIX_PATH} CMAKE_PREFIX_PATH=/home/jack/work/install/hiwin_interfaces:/opt/ros/humble LD_LIBRARY_PATH=/home/jack/work/install/hiwin_interfaces/lib:${LD_LIBRARY_PATH} PYTHONPATH=/home/jack/work/install/hiwin_interfaces/local/lib/python3.10/dist-packages:${PYTHONPATH} /usr/bin/cmake --install /home/jack/work/build/hiwin_libmodbus
