[0.755s] Invoking command in '/home/jack/work/src/pool/detect/yolov7_obj_detect': AMENT_PREFIX_PATH=/home/jack/work/install/detect_interface:${AMENT_PREFIX_PATH} CMAKE_PREFIX_PATH=/home/jack/work/install/detect_interface LD_LIBRARY_PATH=/home/jack/work/install/detect_interface/lib:${LD_LIBRARY_PATH} PYTHONPATH=/home/jack/work/build/yolov7_obj_detect/prefix_override:/usr/lib/python3/dist-packages/colcon_core/task/python/colcon_distutils_commands:/home/jack/work/install/yolov7_obj_detect/lib/python3.10/site-packages:/home/jack/work/install/detect_interface/local/lib/python3.10/dist-packages:${PYTHONPATH} /usr/bin/python3 -W ignore:setup.py install is deprecated -W ignore:easy_install command is deprecated setup.py egg_info --egg-base ../../../../build/yolov7_obj_detect build --build-base /home/jack/work/build/yolov7_obj_detect/build install --record /home/jack/work/build/yolov7_obj_detect/install.log --single-version-externally-managed install_data
[0.899s] running egg_info
[0.906s] writing ../../../../build/yolov7_obj_detect/yolov7_obj_detect.egg-info/PKG-INFO
[0.906s] writing dependency_links to ../../../../build/yolov7_obj_detect/yolov7_obj_detect.egg-info/dependency_links.txt
[0.906s] writing entry points to ../../../../build/yolov7_obj_detect/yolov7_obj_detect.egg-info/entry_points.txt
[0.907s] writing requirements to ../../../../build/yolov7_obj_detect/yolov7_obj_detect.egg-info/requires.txt
[0.907s] writing top-level names to ../../../../build/yolov7_obj_detect/yolov7_obj_detect.egg-info/top_level.txt
[0.922s] reading manifest file '../../../../build/yolov7_obj_detect/yolov7_obj_detect.egg-info/SOURCES.txt'
[0.923s] writing manifest file '../../../../build/yolov7_obj_detect/yolov7_obj_detect.egg-info/SOURCES.txt'
[0.923s] running build
[0.923s] running build_py
[0.923s] copying yolov7_obj_detect/__init__.py -> /home/jack/work/build/yolov7_obj_detect/build/lib/yolov7_obj_detect
[0.923s] copying yolov7_obj_detect/len.py -> /home/jack/work/build/yolov7_obj_detect/build/lib/yolov7_obj_detect
[0.923s] copying yolov7_obj_detect/object_detection.py -> /home/jack/work/build/yolov7_obj_detect/build/lib/yolov7_obj_detect
[0.923s] copying models/__init__.py -> /home/jack/work/build/yolov7_obj_detect/build/lib/models
[0.924s] copying models/experimental.py -> /home/jack/work/build/yolov7_obj_detect/build/lib/models
[0.924s] copying models/yolo.py -> /home/jack/work/build/yolov7_obj_detect/build/lib/models
[0.924s] copying models/common.py -> /home/jack/work/build/yolov7_obj_detect/build/lib/models
[0.924s] copying utils/loss.py -> /home/jack/work/build/yolov7_obj_detect/build/lib/utils
[0.924s] copying utils/general.py -> /home/jack/work/build/yolov7_obj_detect/build/lib/utils
[0.924s] copying utils/activations.py -> /home/jack/work/build/yolov7_obj_detect/build/lib/utils
[0.924s] copying utils/__init__.py -> /home/jack/work/build/yolov7_obj_detect/build/lib/utils
[0.924s] copying utils/add_nms.py -> /home/jack/work/build/yolov7_obj_detect/build/lib/utils
[0.924s] copying utils/metrics.py -> /home/jack/work/build/yolov7_obj_detect/build/lib/utils
[0.924s] copying utils/plots.py -> /home/jack/work/build/yolov7_obj_detect/build/lib/utils
[0.925s] copying utils/torch_utils.py -> /home/jack/work/build/yolov7_obj_detect/build/lib/utils
[0.925s] copying utils/datasets.py -> /home/jack/work/build/yolov7_obj_detect/build/lib/utils
[0.925s] copying utils/autoanchor.py -> /home/jack/work/build/yolov7_obj_detect/build/lib/utils
[0.925s] copying utils/google_utils.py -> /home/jack/work/build/yolov7_obj_detect/build/lib/utils
[0.925s] copying utils/aws/__init__.py -> /home/jack/work/build/yolov7_obj_detect/build/lib/utils/aws
[0.925s] copying utils/aws/resume.py -> /home/jack/work/build/yolov7_obj_detect/build/lib/utils/aws
[0.925s] copying utils/wandb_logging/__init__.py -> /home/jack/work/build/yolov7_obj_detect/build/lib/utils/wandb_logging
[0.925s] copying utils/wandb_logging/log_dataset.py -> /home/jack/work/build/yolov7_obj_detect/build/lib/utils/wandb_logging
[0.925s] copying utils/wandb_logging/wandb_utils.py -> /home/jack/work/build/yolov7_obj_detect/build/lib/utils/wandb_logging
[0.925s] running install
[0.928s] running install_lib
[0.937s] running install_data
[0.937s] copying resource/yolov7_obj_detect -> /home/jack/work/install/yolov7_obj_detect/share/ament_index/resource_index/packages
[0.938s] copying package.xml -> /home/jack/work/install/yolov7_obj_detect/share/yolov7_obj_detect
[0.939s] copying launch/object_detection_launch.py -> /home/jack/work/install/yolov7_obj_detect/share/yolov7_obj_detect/launch
[0.940s] copying weights/best.pt -> /home/jack/work/install/yolov7_obj_detect/share/yolov7_obj_detect/weights
[0.983s] copying weights/alldone.pt -> /home/jack/work/install/yolov7_obj_detect/share/yolov7_obj_detect/weights
[1.019s] copying weights/yolov7.pt -> /home/jack/work/install/yolov7_obj_detect/share/yolov7_obj_detect/weights
[1.056s] copying models/experimental.py -> /home/jack/work/install/yolov7_obj_detect/lib/yolov7_obj_detect/models/
[1.057s] copying models/common.py -> /home/jack/work/install/yolov7_obj_detect/lib/yolov7_obj_detect/models/
[1.057s] copying models/yolo.py -> /home/jack/work/install/yolov7_obj_detect/lib/yolov7_obj_detect/models/
[1.057s] copying utils/general.py -> /home/jack/work/install/yolov7_obj_detect/lib/yolov7_obj_detect/utils/
[1.057s] copying utils/torch_utils.py -> /home/jack/work/install/yolov7_obj_detect/lib/yolov7_obj_detect/utils/
[1.057s] copying utils/plots.py -> /home/jack/work/install/yolov7_obj_detect/lib/yolov7_obj_detect/utils/
[1.057s] copying utils/datasets.py -> /home/jack/work/install/yolov7_obj_detect/lib/yolov7_obj_detect/utils/
[1.058s] copying utils/google_utils.py -> /home/jack/work/install/yolov7_obj_detect/lib/yolov7_obj_detect/utils/
[1.058s] copying utils/activations.py -> /home/jack/work/install/yolov7_obj_detect/lib/yolov7_obj_detect/utils/
[1.058s] copying utils/add_nms.py -> /home/jack/work/install/yolov7_obj_detect/lib/yolov7_obj_detect/utils/
[1.058s] copying utils/autoanchor.py -> /home/jack/work/install/yolov7_obj_detect/lib/yolov7_obj_detect/utils/
[1.058s] copying utils/loss.py -> /home/jack/work/install/yolov7_obj_detect/lib/yolov7_obj_detect/utils/
[1.058s] copying utils/metrics.py -> /home/jack/work/install/yolov7_obj_detect/lib/yolov7_obj_detect/utils/
[1.058s] running install_egg_info
[1.066s] removing '/home/jack/work/install/yolov7_obj_detect/lib/python3.10/site-packages/yolov7_obj_detect-0.0.0-py3.10.egg-info' (and everything under it)
[1.066s] Copying ../../../../build/yolov7_obj_detect/yolov7_obj_detect.egg-info to /home/jack/work/install/yolov7_obj_detect/lib/python3.10/site-packages/yolov7_obj_detect-0.0.0-py3.10.egg-info
[1.067s] running install_scripts
[1.131s] Installing object_detection script to /home/jack/work/install/yolov7_obj_detect/lib/yolov7_obj_detect
[1.131s] writing list of installed files to '/home/jack/work/build/yolov7_obj_detect/install.log'
[1.146s] Invoked command in '/home/jack/work/src/pool/detect/yolov7_obj_detect' returned '0': AMENT_PREFIX_PATH=/home/jack/work/install/detect_interface:${AMENT_PREFIX_PATH} CMAKE_PREFIX_PATH=/home/jack/work/install/detect_interface LD_LIBRARY_PATH=/home/jack/work/install/detect_interface/lib:${LD_LIBRARY_PATH} PYTHONPATH=/home/jack/work/build/yolov7_obj_detect/prefix_override:/usr/lib/python3/dist-packages/colcon_core/task/python/colcon_distutils_commands:/home/jack/work/install/yolov7_obj_detect/lib/python3.10/site-packages:/home/jack/work/install/detect_interface/local/lib/python3.10/dist-packages:${PYTHONPATH} /usr/bin/python3 -W ignore:setup.py install is deprecated -W ignore:easy_install command is deprecated setup.py egg_info --egg-base ../../../../build/yolov7_obj_detect build --build-base /home/jack/work/build/yolov7_obj_detect/build install --record /home/jack/work/build/yolov7_obj_detect/install.log --single-version-externally-managed install_data
