[0.000000] (-) TimerEvent: {}
[0.000177] (-) JobUnselected: {'identifier': 'center'}
[0.000217] (-) JobUnselected: {'identifier': 'charuco_detector'}
[0.000393] (-) JobUnselected: {'identifier': 'charuco_detector_interfaces'}
[0.000413] (-) JobUnselected: {'identifier': 'detect_interface'}
[0.000432] (-) JobUnselected: {'identifier': 'hiwin_control'}
[0.000451] (-) JobUnselected: {'identifier': 'hiwin_example'}
[0.000470] (-) JobUnselected: {'identifier': 'hiwin_interfaces'}
[0.000489] (-) JobUnselected: {'identifier': 'hiwin_libmodbus'}
[0.000512] (-) JobUnselected: {'identifier': 'hiwin_service_client'}
[0.000533] (-) JobUnselected: {'identifier': 'realsense2_camera'}
[0.000559] (-) JobUnselected: {'identifier': 'realsense2_camera_msgs'}
[0.000578] (-) JobUnselected: {'identifier': 'realsense2_description'}
[0.000597] (-) JobUnselected: {'identifier': 'visp_bridge'}
[0.000616] (-) JobUnselected: {'identifier': 'visp_camera_calibration'}
[0.000634] (-) JobUnselected: {'identifier': 'yolov7_obj_detect'}
[0.000654] (visp_hand2eye_calibration) JobQueued: {'identifier': 'visp_hand2eye_calibration', 'dependencies': OrderedDict([('visp_bridge', '/home/jack/work/install/visp_bridge')])}
[0.000781] (visp_hand2eye_calibration) JobStarted: {'identifier': 'visp_hand2eye_calibration'}
[0.008662] (visp_hand2eye_calibration) JobEnded: {'identifier': 'visp_hand2eye_calibration', 'rc': 1}
[0.019217] (-) EventReactorShutdown: {}
