[0.012s] Invoking command in '/home/jack/work/build/realsense2_camera_msgs': CMAKE_PREFIX_PATH=/opt/ros/humble /usr/bin/cmake --build /home/jack/work/build/realsense2_camera_msgs -- -j16 -l16
[0.052s] [ 10%] Built target realsense2_camera_msgs__rosidl_generator_c
[0.056s] [ 12%] Built target realsense2_camera_msgs__rs
[0.059s] [ 12%] Built target ament_cmake_python_copy_realsense2_camera_msgs
[0.061s] [ 14%] Built target realsense2_camera_msgs__cpp
[0.079s] [ 25%] Built target realsense2_camera_msgs__rosidl_typesupport_introspection_c
[0.080s] [ 35%] Built target realsense2_camera_msgs__rosidl_typesupport_fastrtps_cpp
[0.081s] [ 46%] Built target realsense2_camera_msgs__rosidl_typesupport_fastrtps_c
[0.081s] [ 57%] Built target realsense2_camera_msgs__rosidl_typesupport_c
[0.085s] [ 68%] Built target realsense2_camera_msgs__rosidl_typesupport_introspection_cpp
[0.089s] [ 79%] Built target realsense2_camera_msgs__rosidl_typesupport_cpp
[0.105s] [ 79%] Built target realsense2_camera_msgs
[0.122s] [ 81%] Built target realsense2_camera_msgs__py
[0.142s] [ 82%] [32mBuilding C object CMakeFiles/realsense2_camera_msgs__rosidl_generator_py.dir/rosidl_generator_py/realsense2_camera_msgs/msg/_extrinsics_s.c.o[0m
[0.143s] [ 87%] [32mBuilding C object CMakeFiles/realsense2_camera_msgs__rosidl_generator_py.dir/rosidl_generator_py/realsense2_camera_msgs/msg/_imu_info_s.c.o[0m
[0.144s] [ 87%] [32mBuilding C object CMakeFiles/realsense2_camera_msgs__rosidl_generator_py.dir/rosidl_generator_py/realsense2_camera_msgs/msg/_metadata_s.c.o[0m
[0.144s] [ 87%] [32mBuilding C object CMakeFiles/realsense2_camera_msgs__rosidl_generator_py.dir/rosidl_generator_py/realsense2_camera_msgs/srv/_device_info_s.c.o[0m
[0.144s] [ 89%] [32mBuilding C object CMakeFiles/realsense2_camera_msgs__rosidl_generator_py.dir/rosidl_generator_py/realsense2_camera_msgs/msg/_rgbd_s.c.o[0m
[0.196s] [01m[K/home/jack/work/build/realsense2_camera_msgs/rosidl_generator_py/realsense2_camera_msgs/msg/_metadata_s.c:11:10:[m[K [01;31m[Kfatal error: [m[Knumpy/ndarrayobject.h: No such file or directory
[0.196s]    11 | #include [01;31m[K"numpy/ndarrayobject.h"[m[K
[0.196s]       |          [01;31m[K^~~~~~~~~~~~~~~~~~~~~~~[m[K
[0.196s] compilation terminated.
[0.197s] gmake[2]: *** [CMakeFiles/realsense2_camera_msgs__rosidl_generator_py.dir/build.make:104: CMakeFiles/realsense2_camera_msgs__rosidl_generator_py.dir/rosidl_generator_py/realsense2_camera_msgs/msg/_metadata_s.c.o] Error 1
[0.197s] gmake[2]: *** Waiting for unfinished jobs....
[0.205s] [01m[K/home/jack/work/build/realsense2_camera_msgs/rosidl_generator_py/realsense2_camera_msgs/srv/_device_info_s.c:11:10:[m[K [01;31m[Kfatal error: [m[Knumpy/ndarrayobject.h: No such file or directory
[0.205s]    11 | #include [01;31m[K"numpy/ndarrayobject.h"[m[K
[0.205s]       |          [01;31m[K^~~~~~~~~~~~~~~~~~~~~~~[m[K
[0.205s] compilation terminated.
[0.207s] [01m[K/home/jack/work/build/realsense2_camera_msgs/rosidl_generator_py/realsense2_camera_msgs/msg/_imu_info_s.c:11:10:[m[K [01;31m[Kfatal error: [m[Knumpy/ndarrayobject.h: No such file or directory
[0.207s]    11 | #include [01;31m[K"numpy/ndarrayobject.h"[m[K
[0.207s]       |          [01;31m[K^~~~~~~~~~~~~~~~~~~~~~~[m[K
[0.207s] compilation terminated.
[0.207s] gmake[2]: *** [CMakeFiles/realsense2_camera_msgs__rosidl_generator_py.dir/build.make:132: CMakeFiles/realsense2_camera_msgs__rosidl_generator_py.dir/rosidl_generator_py/realsense2_camera_msgs/srv/_device_info_s.c.o] Error 1
[0.208s] gmake[2]: *** [CMakeFiles/realsense2_camera_msgs__rosidl_generator_py.dir/build.make:76: CMakeFiles/realsense2_camera_msgs__rosidl_generator_py.dir/rosidl_generator_py/realsense2_camera_msgs/msg/_imu_info_s.c.o] Error 1
[0.213s] [01m[K/home/jack/work/build/realsense2_camera_msgs/rosidl_generator_py/realsense2_camera_msgs/msg/_extrinsics_s.c:11:10:[m[K [01;31m[Kfatal error: [m[Knumpy/ndarrayobject.h: No such file or directory
[0.213s]    11 | #include [01;31m[K"numpy/ndarrayobject.h"[m[K
[0.213s]       |          [01;31m[K^~~~~~~~~~~~~~~~~~~~~~~[m[K
[0.213s] compilation terminated.
[0.215s] gmake[2]: *** [CMakeFiles/realsense2_camera_msgs__rosidl_generator_py.dir/build.make:90: CMakeFiles/realsense2_camera_msgs__rosidl_generator_py.dir/rosidl_generator_py/realsense2_camera_msgs/msg/_extrinsics_s.c.o] Error 1
[0.215s] [01m[K/home/jack/work/build/realsense2_camera_msgs/rosidl_generator_py/realsense2_camera_msgs/msg/_rgbd_s.c:11:10:[m[K [01;31m[Kfatal error: [m[Knumpy/ndarrayobject.h: No such file or directory
[0.215s]    11 | #include [01;31m[K"numpy/ndarrayobject.h"[m[K
[0.215s]       |          [01;31m[K^~~~~~~~~~~~~~~~~~~~~~~[m[K
[0.215s] compilation terminated.
[0.216s] gmake[2]: *** [CMakeFiles/realsense2_camera_msgs__rosidl_generator_py.dir/build.make:118: CMakeFiles/realsense2_camera_msgs__rosidl_generator_py.dir/rosidl_generator_py/realsense2_camera_msgs/msg/_rgbd_s.c.o] Error 1
[0.216s] gmake[1]: *** [CMakeFiles/Makefile2:494: CMakeFiles/realsense2_camera_msgs__rosidl_generator_py.dir/all] Error 2
[0.216s] gmake[1]: *** Waiting for unfinished jobs....
[0.239s] running egg_info
[0.247s] writing realsense2_camera_msgs.egg-info/PKG-INFO
[0.247s] writing dependency_links to realsense2_camera_msgs.egg-info/dependency_links.txt
[0.247s] writing top-level names to realsense2_camera_msgs.egg-info/top_level.txt
[0.270s] reading manifest file 'realsense2_camera_msgs.egg-info/SOURCES.txt'
[0.270s] writing manifest file 'realsense2_camera_msgs.egg-info/SOURCES.txt'
[0.292s] [ 89%] Built target ament_cmake_python_build_realsense2_camera_msgs_egg
[0.293s] gmake: *** [Makefile:146: all] Error 2
[0.295s] Invoked command in '/home/jack/work/build/realsense2_camera_msgs' returned '2': CMAKE_PREFIX_PATH=/opt/ros/humble /usr/bin/cmake --build /home/jack/work/build/realsense2_camera_msgs -- -j16 -l16
