[35m[1mConsolidate compiler generated dependencies of target charuco_detector_interfaces__rosidl_generator_c[0m
[  3%] Built target charuco_detector_interfaces__rs
[  6%] Built target charuco_detector_interfaces__cpp
[ 15%] Built target charuco_detector_interfaces__rosidl_generator_c
[ 15%] Built target ament_cmake_python_copy_charuco_detector_interfaces
[35m[1mConsolidate compiler generated dependencies of target charuco_detector_interfaces__rosidl_typesupport_introspection_cpp[0m
[35m[1mConsolidate compiler generated dependencies of target charuco_detector_interfaces__rosidl_typesupport_fastrtps_cpp[0m
[35m[1mConsolidate compiler generated dependencies of target charuco_detector_interfaces__rosidl_typesupport_fastrtps_c[0m
[35m[1mConsolidate compiler generated dependencies of target charuco_detector_interfaces__rosidl_typesupport_cpp[0m
[35m[1mConsolidate compiler generated dependencies of target charuco_detector_interfaces__rosidl_typesupport_introspection_c[0m
[35m[1mConsolidate compiler generated dependencies of target charuco_detector_interfaces__rosidl_typesupport_c[0m
[ 25%] Built target charuco_detector_interfaces__rosidl_typesupport_fastrtps_cpp
[ 34%] Built target charuco_detector_interfaces__rosidl_typesupport_introspection_cpp
[ 43%] Built target charuco_detector_interfaces__rosidl_typesupport_cpp
[ 53%] Built target charuco_detector_interfaces__rosidl_typesupport_c
[ 62%] Built target charuco_detector_interfaces__rosidl_typesupport_fastrtps_c
[ 71%] Built target charuco_detector_interfaces__rosidl_typesupport_introspection_c
[ 71%] Built target charuco_detector_interfaces
[ 75%] Built target charuco_detector_interfaces__py
[35m[1mConsolidate compiler generated dependencies of target charuco_detector_interfaces__rosidl_generator_py[0m
[ 81%] Built target charuco_detector_interfaces__rosidl_generator_py
[35m[1mConsolidate compiler generated dependencies of target charuco_detector_interfaces__rosidl_typesupport_introspection_c__pyext[0m
[35m[1mConsolidate compiler generated dependencies of target charuco_detector_interfaces__rosidl_typesupport_c__pyext[0m
[35m[1mConsolidate compiler generated dependencies of target charuco_detector_interfaces__rosidl_typesupport_fastrtps_c__pyext[0m
[ 93%] Built target charuco_detector_interfaces__rosidl_typesupport_c__pyext
[ 93%] Built target charuco_detector_interfaces__rosidl_typesupport_fastrtps_c__pyext
[100%] Built target charuco_detector_interfaces__rosidl_typesupport_introspection_c__pyext
running egg_info
writing charuco_detector_interfaces.egg-info/PKG-INFO
writing dependency_links to charuco_detector_interfaces.egg-info/dependency_links.txt
writing top-level names to charuco_detector_interfaces.egg-info/top_level.txt
reading manifest file 'charuco_detector_interfaces.egg-info/SOURCES.txt'
writing manifest file 'charuco_detector_interfaces.egg-info/SOURCES.txt'
[100%] Built target ament_cmake_python_build_charuco_detector_interfaces_egg
-- Install configuration: ""
-- Up-to-date: /home/jack/work/install/charuco_detector_interfaces/share/ament_index/resource_index/rosidl_interfaces/charuco_detector_interfaces
-- Up-to-date: /home/jack/work/install/charuco_detector_interfaces/include/charuco_detector_interfaces/charuco_detector_interfaces
-- Up-to-date: /home/jack/work/install/charuco_detector_interfaces/include/charuco_detector_interfaces/charuco_detector_interfaces/msg
-- Up-to-date: /home/jack/work/install/charuco_detector_interfaces/include/charuco_detector_interfaces/charuco_detector_interfaces/msg/rosidl_generator_c__visibility_control.h
-- Up-to-date: /home/jack/work/install/charuco_detector_interfaces/include/charuco_detector_interfaces/charuco_detector_interfaces/srv
-- Up-to-date: /home/jack/work/install/charuco_detector_interfaces/include/charuco_detector_interfaces/charuco_detector_interfaces/srv/eye2base.h
-- Up-to-date: /home/jack/work/install/charuco_detector_interfaces/include/charuco_detector_interfaces/charuco_detector_interfaces/srv/detail
-- Up-to-date: /home/jack/work/install/charuco_detector_interfaces/include/charuco_detector_interfaces/charuco_detector_interfaces/srv/detail/eye2base__type_support.h
-- Up-to-date: /home/jack/work/install/charuco_detector_interfaces/include/charuco_detector_interfaces/charuco_detector_interfaces/srv/detail/eye2base__functions.c
-- Up-to-date: /home/jack/work/install/charuco_detector_interfaces/include/charuco_detector_interfaces/charuco_detector_interfaces/srv/detail/eye2base__struct.h
-- Up-to-date: /home/jack/work/install/charuco_detector_interfaces/include/charuco_detector_interfaces/charuco_detector_interfaces/srv/detail/eye2base__functions.h
-- Up-to-date: /home/jack/work/install/charuco_detector_interfaces/share/charuco_detector_interfaces/environment/library_path.sh
-- Up-to-date: /home/jack/work/install/charuco_detector_interfaces/share/charuco_detector_interfaces/environment/library_path.dsv
-- Up-to-date: /home/jack/work/install/charuco_detector_interfaces/lib/libcharuco_detector_interfaces__rosidl_generator_c.so
-- Up-to-date: /home/jack/work/install/charuco_detector_interfaces/include/charuco_detector_interfaces/charuco_detector_interfaces
-- Up-to-date: /home/jack/work/install/charuco_detector_interfaces/include/charuco_detector_interfaces/charuco_detector_interfaces/msg
-- Up-to-date: /home/jack/work/install/charuco_detector_interfaces/include/charuco_detector_interfaces/charuco_detector_interfaces/msg/rosidl_typesupport_fastrtps_c__visibility_control.h
-- Up-to-date: /home/jack/work/install/charuco_detector_interfaces/include/charuco_detector_interfaces/charuco_detector_interfaces/srv
-- Up-to-date: /home/jack/work/install/charuco_detector_interfaces/include/charuco_detector_interfaces/charuco_detector_interfaces/srv/detail
-- Up-to-date: /home/jack/work/install/charuco_detector_interfaces/include/charuco_detector_interfaces/charuco_detector_interfaces/srv/detail/eye2base__rosidl_typesupport_fastrtps_c.h
-- Up-to-date: /home/jack/work/install/charuco_detector_interfaces/lib/libcharuco_detector_interfaces__rosidl_typesupport_fastrtps_c.so
-- Up-to-date: /home/jack/work/install/charuco_detector_interfaces/include/charuco_detector_interfaces/charuco_detector_interfaces
-- Up-to-date: /home/jack/work/install/charuco_detector_interfaces/include/charuco_detector_interfaces/charuco_detector_interfaces/msg
-- Up-to-date: /home/jack/work/install/charuco_detector_interfaces/include/charuco_detector_interfaces/charuco_detector_interfaces/msg/rosidl_generator_cpp__visibility_control.hpp
-- Up-to-date: /home/jack/work/install/charuco_detector_interfaces/include/charuco_detector_interfaces/charuco_detector_interfaces/srv
-- Up-to-date: /home/jack/work/install/charuco_detector_interfaces/include/charuco_detector_interfaces/charuco_detector_interfaces/srv/detail
-- Up-to-date: /home/jack/work/install/charuco_detector_interfaces/include/charuco_detector_interfaces/charuco_detector_interfaces/srv/detail/eye2base__type_support.hpp
-- Up-to-date: /home/jack/work/install/charuco_detector_interfaces/include/charuco_detector_interfaces/charuco_detector_interfaces/srv/detail/eye2base__struct.hpp
-- Up-to-date: /home/jack/work/install/charuco_detector_interfaces/include/charuco_detector_interfaces/charuco_detector_interfaces/srv/detail/eye2base__builder.hpp
-- Up-to-date: /home/jack/work/install/charuco_detector_interfaces/include/charuco_detector_interfaces/charuco_detector_interfaces/srv/detail/eye2base__traits.hpp
-- Up-to-date: /home/jack/work/install/charuco_detector_interfaces/include/charuco_detector_interfaces/charuco_detector_interfaces/srv/eye2base.hpp
-- Up-to-date: /home/jack/work/install/charuco_detector_interfaces/include/charuco_detector_interfaces/charuco_detector_interfaces
-- Up-to-date: /home/jack/work/install/charuco_detector_interfaces/include/charuco_detector_interfaces/charuco_detector_interfaces/msg
-- Up-to-date: /home/jack/work/install/charuco_detector_interfaces/include/charuco_detector_interfaces/charuco_detector_interfaces/msg/rosidl_typesupport_fastrtps_cpp__visibility_control.h
-- Up-to-date: /home/jack/work/install/charuco_detector_interfaces/include/charuco_detector_interfaces/charuco_detector_interfaces/srv
-- Up-to-date: /home/jack/work/install/charuco_detector_interfaces/include/charuco_detector_interfaces/charuco_detector_interfaces/srv/detail
-- Up-to-date: /home/jack/work/install/charuco_detector_interfaces/include/charuco_detector_interfaces/charuco_detector_interfaces/srv/detail/eye2base__rosidl_typesupport_fastrtps_cpp.hpp
-- Up-to-date: /home/jack/work/install/charuco_detector_interfaces/include/charuco_detector_interfaces/charuco_detector_interfaces/srv/detail/dds_fastrtps
-- Up-to-date: /home/jack/work/install/charuco_detector_interfaces/lib/libcharuco_detector_interfaces__rosidl_typesupport_fastrtps_cpp.so
-- Up-to-date: /home/jack/work/install/charuco_detector_interfaces/include/charuco_detector_interfaces/charuco_detector_interfaces
-- Up-to-date: /home/jack/work/install/charuco_detector_interfaces/include/charuco_detector_interfaces/charuco_detector_interfaces/msg
-- Up-to-date: /home/jack/work/install/charuco_detector_interfaces/include/charuco_detector_interfaces/charuco_detector_interfaces/msg/rosidl_typesupport_introspection_c__visibility_control.h
-- Up-to-date: /home/jack/work/install/charuco_detector_interfaces/include/charuco_detector_interfaces/charuco_detector_interfaces/srv
-- Up-to-date: /home/jack/work/install/charuco_detector_interfaces/include/charuco_detector_interfaces/charuco_detector_interfaces/srv/detail
-- Up-to-date: /home/jack/work/install/charuco_detector_interfaces/include/charuco_detector_interfaces/charuco_detector_interfaces/srv/detail/eye2base__type_support.c
-- Up-to-date: /home/jack/work/install/charuco_detector_interfaces/include/charuco_detector_interfaces/charuco_detector_interfaces/srv/detail/eye2base__rosidl_typesupport_introspection_c.h
-- Up-to-date: /home/jack/work/install/charuco_detector_interfaces/lib/libcharuco_detector_interfaces__rosidl_typesupport_introspection_c.so
-- Up-to-date: /home/jack/work/install/charuco_detector_interfaces/lib/libcharuco_detector_interfaces__rosidl_typesupport_c.so
-- Up-to-date: /home/jack/work/install/charuco_detector_interfaces/include/charuco_detector_interfaces/charuco_detector_interfaces
-- Up-to-date: /home/jack/work/install/charuco_detector_interfaces/include/charuco_detector_interfaces/charuco_detector_interfaces/srv
-- Up-to-date: /home/jack/work/install/charuco_detector_interfaces/include/charuco_detector_interfaces/charuco_detector_interfaces/srv/detail
-- Up-to-date: /home/jack/work/install/charuco_detector_interfaces/include/charuco_detector_interfaces/charuco_detector_interfaces/srv/detail/eye2base__rosidl_typesupport_introspection_cpp.hpp
-- Up-to-date: /home/jack/work/install/charuco_detector_interfaces/include/charuco_detector_interfaces/charuco_detector_interfaces/srv/detail/eye2base__type_support.cpp
-- Up-to-date: /home/jack/work/install/charuco_detector_interfaces/lib/libcharuco_detector_interfaces__rosidl_typesupport_introspection_cpp.so
-- Up-to-date: /home/jack/work/install/charuco_detector_interfaces/lib/libcharuco_detector_interfaces__rosidl_typesupport_cpp.so
-- Up-to-date: /home/jack/work/install/charuco_detector_interfaces/share/charuco_detector_interfaces/environment/pythonpath.sh
-- Up-to-date: /home/jack/work/install/charuco_detector_interfaces/share/charuco_detector_interfaces/environment/pythonpath.dsv
-- Up-to-date: /home/jack/work/install/charuco_detector_interfaces/local/lib/python3.10/dist-packages/charuco_detector_interfaces-0.0.0-py3.10.egg-info
-- Installing: /home/jack/work/install/charuco_detector_interfaces/local/lib/python3.10/dist-packages/charuco_detector_interfaces-0.0.0-py3.10.egg-info/top_level.txt
-- Installing: /home/jack/work/install/charuco_detector_interfaces/local/lib/python3.10/dist-packages/charuco_detector_interfaces-0.0.0-py3.10.egg-info/PKG-INFO
-- Installing: /home/jack/work/install/charuco_detector_interfaces/local/lib/python3.10/dist-packages/charuco_detector_interfaces-0.0.0-py3.10.egg-info/dependency_links.txt
-- Installing: /home/jack/work/install/charuco_detector_interfaces/local/lib/python3.10/dist-packages/charuco_detector_interfaces-0.0.0-py3.10.egg-info/SOURCES.txt
-- Up-to-date: /home/jack/work/install/charuco_detector_interfaces/local/lib/python3.10/dist-packages/charuco_detector_interfaces
-- Up-to-date: /home/jack/work/install/charuco_detector_interfaces/local/lib/python3.10/dist-packages/charuco_detector_interfaces/__init__.py
-- Up-to-date: /home/jack/work/install/charuco_detector_interfaces/local/lib/python3.10/dist-packages/charuco_detector_interfaces/_charuco_detector_interfaces_s.ep.rosidl_typesupport_fastrtps_c.c
-- Up-to-date: /home/jack/work/install/charuco_detector_interfaces/local/lib/python3.10/dist-packages/charuco_detector_interfaces/_charuco_detector_interfaces_s.ep.rosidl_typesupport_c.c
-- Up-to-date: /home/jack/work/install/charuco_detector_interfaces/local/lib/python3.10/dist-packages/charuco_detector_interfaces/charuco_detector_interfaces_s__rosidl_typesupport_c.cpython-310-x86_64-linux-gnu.so
-- Up-to-date: /home/jack/work/install/charuco_detector_interfaces/local/lib/python3.10/dist-packages/charuco_detector_interfaces/_charuco_detector_interfaces_s.ep.rosidl_typesupport_introspection_c.c
-- Up-to-date: /home/jack/work/install/charuco_detector_interfaces/local/lib/python3.10/dist-packages/charuco_detector_interfaces/libcharuco_detector_interfaces__rosidl_generator_py.so
-- Up-to-date: /home/jack/work/install/charuco_detector_interfaces/local/lib/python3.10/dist-packages/charuco_detector_interfaces/srv
-- Up-to-date: /home/jack/work/install/charuco_detector_interfaces/local/lib/python3.10/dist-packages/charuco_detector_interfaces/srv/__init__.py
-- Up-to-date: /home/jack/work/install/charuco_detector_interfaces/local/lib/python3.10/dist-packages/charuco_detector_interfaces/srv/_eye2base.py
-- Up-to-date: /home/jack/work/install/charuco_detector_interfaces/local/lib/python3.10/dist-packages/charuco_detector_interfaces/srv/_eye2base_s.c
-- Up-to-date: /home/jack/work/install/charuco_detector_interfaces/local/lib/python3.10/dist-packages/charuco_detector_interfaces/charuco_detector_interfaces_s__rosidl_typesupport_fastrtps_c.cpython-310-x86_64-linux-gnu.so
-- Up-to-date: /home/jack/work/install/charuco_detector_interfaces/local/lib/python3.10/dist-packages/charuco_detector_interfaces/charuco_detector_interfaces_s__rosidl_typesupport_introspection_c.cpython-310-x86_64-linux-gnu.so
Listing '/home/jack/work/install/charuco_detector_interfaces/local/lib/python3.10/dist-packages/charuco_detector_interfaces'...
Listing '/home/jack/work/install/charuco_detector_interfaces/local/lib/python3.10/dist-packages/charuco_detector_interfaces/srv'...
-- Up-to-date: /home/jack/work/install/charuco_detector_interfaces/local/lib/python3.10/dist-packages/charuco_detector_interfaces/charuco_detector_interfaces_s__rosidl_typesupport_fastrtps_c.cpython-310-x86_64-linux-gnu.so
-- Up-to-date: /home/jack/work/install/charuco_detector_interfaces/local/lib/python3.10/dist-packages/charuco_detector_interfaces/charuco_detector_interfaces_s__rosidl_typesupport_introspection_c.cpython-310-x86_64-linux-gnu.so
-- Up-to-date: /home/jack/work/install/charuco_detector_interfaces/local/lib/python3.10/dist-packages/charuco_detector_interfaces/charuco_detector_interfaces_s__rosidl_typesupport_c.cpython-310-x86_64-linux-gnu.so
-- Up-to-date: /home/jack/work/install/charuco_detector_interfaces/lib/libcharuco_detector_interfaces__rosidl_generator_py.so
-- Up-to-date: /home/jack/work/install/charuco_detector_interfaces/share/ament_index/resource_index/rust_packages/charuco_detector_interfaces
-- Up-to-date: /home/jack/work/install/charuco_detector_interfaces/share/charuco_detector_interfaces/rust
-- Up-to-date: /home/jack/work/install/charuco_detector_interfaces/share/charuco_detector_interfaces/rust/Cargo.toml
-- Up-to-date: /home/jack/work/install/charuco_detector_interfaces/share/charuco_detector_interfaces/rust/src
-- Up-to-date: /home/jack/work/install/charuco_detector_interfaces/share/charuco_detector_interfaces/rust/src/srv
-- Up-to-date: /home/jack/work/install/charuco_detector_interfaces/share/charuco_detector_interfaces/rust/src/srv/rmw.rs
-- Up-to-date: /home/jack/work/install/charuco_detector_interfaces/share/charuco_detector_interfaces/rust/src/srv.rs
-- Up-to-date: /home/jack/work/install/charuco_detector_interfaces/share/charuco_detector_interfaces/rust/src/lib.rs
-- Up-to-date: /home/jack/work/install/charuco_detector_interfaces/share/charuco_detector_interfaces/rust/build.rs
-- Up-to-date: /home/jack/work/install/charuco_detector_interfaces/share/charuco_detector_interfaces/srv/Eye2base.idl
-- Up-to-date: /home/jack/work/install/charuco_detector_interfaces/share/charuco_detector_interfaces/srv/Eye2base.srv
-- Up-to-date: /home/jack/work/install/charuco_detector_interfaces/share/charuco_detector_interfaces/srv/Eye2base_Request.msg
-- Up-to-date: /home/jack/work/install/charuco_detector_interfaces/share/charuco_detector_interfaces/srv/Eye2base_Response.msg
-- Up-to-date: /home/jack/work/install/charuco_detector_interfaces/share/ament_index/resource_index/package_run_dependencies/charuco_detector_interfaces
-- Up-to-date: /home/jack/work/install/charuco_detector_interfaces/share/ament_index/resource_index/parent_prefix_path/charuco_detector_interfaces
-- Up-to-date: /home/jack/work/install/charuco_detector_interfaces/share/charuco_detector_interfaces/environment/ament_prefix_path.sh
-- Up-to-date: /home/jack/work/install/charuco_detector_interfaces/share/charuco_detector_interfaces/environment/ament_prefix_path.dsv
-- Up-to-date: /home/jack/work/install/charuco_detector_interfaces/share/charuco_detector_interfaces/environment/path.sh
-- Up-to-date: /home/jack/work/install/charuco_detector_interfaces/share/charuco_detector_interfaces/environment/path.dsv
-- Up-to-date: /home/jack/work/install/charuco_detector_interfaces/share/charuco_detector_interfaces/local_setup.bash
-- Up-to-date: /home/jack/work/install/charuco_detector_interfaces/share/charuco_detector_interfaces/local_setup.sh
-- Up-to-date: /home/jack/work/install/charuco_detector_interfaces/share/charuco_detector_interfaces/local_setup.zsh
-- Up-to-date: /home/jack/work/install/charuco_detector_interfaces/share/charuco_detector_interfaces/local_setup.dsv
-- Installing: /home/jack/work/install/charuco_detector_interfaces/share/charuco_detector_interfaces/package.dsv
-- Up-to-date: /home/jack/work/install/charuco_detector_interfaces/share/ament_index/resource_index/packages/charuco_detector_interfaces
-- Up-to-date: /home/jack/work/install/charuco_detector_interfaces/share/charuco_detector_interfaces/cmake/export_charuco_detector_interfaces__rosidl_generator_cExport.cmake
-- Up-to-date: /home/jack/work/install/charuco_detector_interfaces/share/charuco_detector_interfaces/cmake/export_charuco_detector_interfaces__rosidl_generator_cExport-noconfig.cmake
-- Up-to-date: /home/jack/work/install/charuco_detector_interfaces/share/charuco_detector_interfaces/cmake/export_charuco_detector_interfaces__rosidl_typesupport_fastrtps_cExport.cmake
-- Up-to-date: /home/jack/work/install/charuco_detector_interfaces/share/charuco_detector_interfaces/cmake/export_charuco_detector_interfaces__rosidl_typesupport_fastrtps_cExport-noconfig.cmake
-- Up-to-date: /home/jack/work/install/charuco_detector_interfaces/share/charuco_detector_interfaces/cmake/export_charuco_detector_interfaces__rosidl_generator_cppExport.cmake
-- Up-to-date: /home/jack/work/install/charuco_detector_interfaces/share/charuco_detector_interfaces/cmake/export_charuco_detector_interfaces__rosidl_typesupport_fastrtps_cppExport.cmake
-- Up-to-date: /home/jack/work/install/charuco_detector_interfaces/share/charuco_detector_interfaces/cmake/export_charuco_detector_interfaces__rosidl_typesupport_fastrtps_cppExport-noconfig.cmake
-- Up-to-date: /home/jack/work/install/charuco_detector_interfaces/share/charuco_detector_interfaces/cmake/charuco_detector_interfaces__rosidl_typesupport_introspection_cExport.cmake
-- Up-to-date: /home/jack/work/install/charuco_detector_interfaces/share/charuco_detector_interfaces/cmake/charuco_detector_interfaces__rosidl_typesupport_introspection_cExport-noconfig.cmake
-- Up-to-date: /home/jack/work/install/charuco_detector_interfaces/share/charuco_detector_interfaces/cmake/charuco_detector_interfaces__rosidl_typesupport_cExport.cmake
-- Up-to-date: /home/jack/work/install/charuco_detector_interfaces/share/charuco_detector_interfaces/cmake/charuco_detector_interfaces__rosidl_typesupport_cExport-noconfig.cmake
-- Up-to-date: /home/jack/work/install/charuco_detector_interfaces/share/charuco_detector_interfaces/cmake/charuco_detector_interfaces__rosidl_typesupport_introspection_cppExport.cmake
-- Up-to-date: /home/jack/work/install/charuco_detector_interfaces/share/charuco_detector_interfaces/cmake/charuco_detector_interfaces__rosidl_typesupport_introspection_cppExport-noconfig.cmake
-- Up-to-date: /home/jack/work/install/charuco_detector_interfaces/share/charuco_detector_interfaces/cmake/charuco_detector_interfaces__rosidl_typesupport_cppExport.cmake
-- Up-to-date: /home/jack/work/install/charuco_detector_interfaces/share/charuco_detector_interfaces/cmake/charuco_detector_interfaces__rosidl_typesupport_cppExport-noconfig.cmake
-- Up-to-date: /home/jack/work/install/charuco_detector_interfaces/share/charuco_detector_interfaces/cmake/export_charuco_detector_interfaces__rosidl_generator_pyExport.cmake
-- Up-to-date: /home/jack/work/install/charuco_detector_interfaces/share/charuco_detector_interfaces/cmake/export_charuco_detector_interfaces__rosidl_generator_pyExport-noconfig.cmake
-- Up-to-date: /home/jack/work/install/charuco_detector_interfaces/share/charuco_detector_interfaces/cmake/rosidl_cmake-extras.cmake
-- Up-to-date: /home/jack/work/install/charuco_detector_interfaces/share/charuco_detector_interfaces/cmake/ament_cmake_export_dependencies-extras.cmake
-- Up-to-date: /home/jack/work/install/charuco_detector_interfaces/share/charuco_detector_interfaces/cmake/ament_cmake_export_include_directories-extras.cmake
-- Up-to-date: /home/jack/work/install/charuco_detector_interfaces/share/charuco_detector_interfaces/cmake/ament_cmake_export_libraries-extras.cmake
-- Up-to-date: /home/jack/work/install/charuco_detector_interfaces/share/charuco_detector_interfaces/cmake/ament_cmake_export_targets-extras.cmake
-- Up-to-date: /home/jack/work/install/charuco_detector_interfaces/share/charuco_detector_interfaces/cmake/rosidl_cmake_export_typesupport_targets-extras.cmake
-- Up-to-date: /home/jack/work/install/charuco_detector_interfaces/share/charuco_detector_interfaces/cmake/rosidl_cmake_export_typesupport_libraries-extras.cmake
-- Up-to-date: /home/jack/work/install/charuco_detector_interfaces/share/charuco_detector_interfaces/cmake/charuco_detector_interfacesConfig.cmake
-- Up-to-date: /home/jack/work/install/charuco_detector_interfaces/share/charuco_detector_interfaces/cmake/charuco_detector_interfacesConfig-version.cmake
-- Up-to-date: /home/jack/work/install/charuco_detector_interfaces/share/charuco_detector_interfaces/package.xml
