[0.007s] Invoking command in '/home/jack/work/build/charuco_detector_interfaces': CMAKE_PREFIX_PATH=${CMAKE_PREFIX_PATH}:/home/jack/work/install/yolov7_obj_detect:/home/jack/work/install/hiwin_example:/home/jack/work/install/hiwin_control:/home/jack/work/install/center:/opt/ros/humble /usr/bin/cmake --build /home/jack/work/build/charuco_detector_interfaces -- -j16 -l16
[0.044s] [35m[1mConsolidate compiler generated dependencies of target charuco_detector_interfaces__rosidl_generator_c[0m
[0.052s] [  3%] Built target charuco_detector_interfaces__rs
[0.052s] [  6%] Built target charuco_detector_interfaces__cpp
[0.053s] [ 15%] Built target charuco_detector_interfaces__rosidl_generator_c
[0.057s] [ 15%] Built target ament_cmake_python_copy_charuco_detector_interfaces
[0.059s] [35m[1mConsolidate compiler generated dependencies of target charuco_detector_interfaces__rosidl_typesupport_introspection_cpp[0m
[0.060s] [35m[1mConsolidate compiler generated dependencies of target charuco_detector_interfaces__rosidl_typesupport_fastrtps_cpp[0m
[0.060s] [35m[1mConsolidate compiler generated dependencies of target charuco_detector_interfaces__rosidl_typesupport_fastrtps_c[0m
[0.062s] [35m[1mConsolidate compiler generated dependencies of target charuco_detector_interfaces__rosidl_typesupport_cpp[0m
[0.062s] [35m[1mConsolidate compiler generated dependencies of target charuco_detector_interfaces__rosidl_typesupport_introspection_c[0m
[0.063s] [35m[1mConsolidate compiler generated dependencies of target charuco_detector_interfaces__rosidl_typesupport_c[0m
[0.068s] [ 25%] Built target charuco_detector_interfaces__rosidl_typesupport_fastrtps_cpp
[0.069s] [ 34%] Built target charuco_detector_interfaces__rosidl_typesupport_introspection_cpp
[0.070s] [ 43%] Built target charuco_detector_interfaces__rosidl_typesupport_cpp
[0.072s] [ 53%] Built target charuco_detector_interfaces__rosidl_typesupport_c
[0.072s] [ 62%] Built target charuco_detector_interfaces__rosidl_typesupport_fastrtps_c
[0.072s] [ 71%] Built target charuco_detector_interfaces__rosidl_typesupport_introspection_c
[0.094s] [ 71%] Built target charuco_detector_interfaces
[0.114s] [ 75%] Built target charuco_detector_interfaces__py
[0.122s] [35m[1mConsolidate compiler generated dependencies of target charuco_detector_interfaces__rosidl_generator_py[0m
[0.132s] [ 81%] Built target charuco_detector_interfaces__rosidl_generator_py
[0.141s] [35m[1mConsolidate compiler generated dependencies of target charuco_detector_interfaces__rosidl_typesupport_introspection_c__pyext[0m
[0.141s] [35m[1mConsolidate compiler generated dependencies of target charuco_detector_interfaces__rosidl_typesupport_c__pyext[0m
[0.142s] [35m[1mConsolidate compiler generated dependencies of target charuco_detector_interfaces__rosidl_typesupport_fastrtps_c__pyext[0m
[0.151s] [ 93%] Built target charuco_detector_interfaces__rosidl_typesupport_c__pyext
[0.151s] [ 93%] Built target charuco_detector_interfaces__rosidl_typesupport_fastrtps_c__pyext
[0.154s] [100%] Built target charuco_detector_interfaces__rosidl_typesupport_introspection_c__pyext
[0.209s] running egg_info
[0.218s] writing charuco_detector_interfaces.egg-info/PKG-INFO
[0.219s] writing dependency_links to charuco_detector_interfaces.egg-info/dependency_links.txt
[0.219s] writing top-level names to charuco_detector_interfaces.egg-info/top_level.txt
[0.245s] reading manifest file 'charuco_detector_interfaces.egg-info/SOURCES.txt'
[0.245s] writing manifest file 'charuco_detector_interfaces.egg-info/SOURCES.txt'
[0.267s] [100%] Built target ament_cmake_python_build_charuco_detector_interfaces_egg
[0.277s] Invoked command in '/home/jack/work/build/charuco_detector_interfaces' returned '0': CMAKE_PREFIX_PATH=${CMAKE_PREFIX_PATH}:/home/jack/work/install/yolov7_obj_detect:/home/jack/work/install/hiwin_example:/home/jack/work/install/hiwin_control:/home/jack/work/install/center:/opt/ros/humble /usr/bin/cmake --build /home/jack/work/build/charuco_detector_interfaces -- -j16 -l16
[0.286s] Invoking command in '/home/jack/work/build/charuco_detector_interfaces': CMAKE_PREFIX_PATH=${CMAKE_PREFIX_PATH}:/home/jack/work/install/yolov7_obj_detect:/home/jack/work/install/hiwin_example:/home/jack/work/install/hiwin_control:/home/jack/work/install/center:/opt/ros/humble /usr/bin/cmake --install /home/jack/work/build/charuco_detector_interfaces
[0.292s] -- Install configuration: ""
[0.292s] -- Up-to-date: /home/jack/work/install/charuco_detector_interfaces/share/ament_index/resource_index/rosidl_interfaces/charuco_detector_interfaces
[0.293s] -- Up-to-date: /home/jack/work/install/charuco_detector_interfaces/include/charuco_detector_interfaces/charuco_detector_interfaces
[0.293s] -- Up-to-date: /home/jack/work/install/charuco_detector_interfaces/include/charuco_detector_interfaces/charuco_detector_interfaces/msg
[0.293s] -- Up-to-date: /home/jack/work/install/charuco_detector_interfaces/include/charuco_detector_interfaces/charuco_detector_interfaces/msg/rosidl_generator_c__visibility_control.h
[0.293s] -- Up-to-date: /home/jack/work/install/charuco_detector_interfaces/include/charuco_detector_interfaces/charuco_detector_interfaces/srv
[0.293s] -- Up-to-date: /home/jack/work/install/charuco_detector_interfaces/include/charuco_detector_interfaces/charuco_detector_interfaces/srv/eye2base.h
[0.293s] -- Up-to-date: /home/jack/work/install/charuco_detector_interfaces/include/charuco_detector_interfaces/charuco_detector_interfaces/srv/detail
[0.293s] -- Up-to-date: /home/jack/work/install/charuco_detector_interfaces/include/charuco_detector_interfaces/charuco_detector_interfaces/srv/detail/eye2base__type_support.h
[0.293s] -- Up-to-date: /home/jack/work/install/charuco_detector_interfaces/include/charuco_detector_interfaces/charuco_detector_interfaces/srv/detail/eye2base__functions.c
[0.293s] -- Up-to-date: /home/jack/work/install/charuco_detector_interfaces/include/charuco_detector_interfaces/charuco_detector_interfaces/srv/detail/eye2base__struct.h
[0.293s] -- Up-to-date: /home/jack/work/install/charuco_detector_interfaces/include/charuco_detector_interfaces/charuco_detector_interfaces/srv/detail/eye2base__functions.h
[0.293s] -- Up-to-date: /home/jack/work/install/charuco_detector_interfaces/share/charuco_detector_interfaces/environment/library_path.sh
[0.293s] -- Up-to-date: /home/jack/work/install/charuco_detector_interfaces/share/charuco_detector_interfaces/environment/library_path.dsv
[0.293s] -- Up-to-date: /home/jack/work/install/charuco_detector_interfaces/lib/libcharuco_detector_interfaces__rosidl_generator_c.so
[0.293s] -- Up-to-date: /home/jack/work/install/charuco_detector_interfaces/include/charuco_detector_interfaces/charuco_detector_interfaces
[0.293s] -- Up-to-date: /home/jack/work/install/charuco_detector_interfaces/include/charuco_detector_interfaces/charuco_detector_interfaces/msg
[0.293s] -- Up-to-date: /home/jack/work/install/charuco_detector_interfaces/include/charuco_detector_interfaces/charuco_detector_interfaces/msg/rosidl_typesupport_fastrtps_c__visibility_control.h
[0.293s] -- Up-to-date: /home/jack/work/install/charuco_detector_interfaces/include/charuco_detector_interfaces/charuco_detector_interfaces/srv
[0.293s] -- Up-to-date: /home/jack/work/install/charuco_detector_interfaces/include/charuco_detector_interfaces/charuco_detector_interfaces/srv/detail
[0.293s] -- Up-to-date: /home/jack/work/install/charuco_detector_interfaces/include/charuco_detector_interfaces/charuco_detector_interfaces/srv/detail/eye2base__rosidl_typesupport_fastrtps_c.h
[0.294s] -- Up-to-date: /home/jack/work/install/charuco_detector_interfaces/lib/libcharuco_detector_interfaces__rosidl_typesupport_fastrtps_c.so
[0.294s] -- Up-to-date: /home/jack/work/install/charuco_detector_interfaces/include/charuco_detector_interfaces/charuco_detector_interfaces
[0.294s] -- Up-to-date: /home/jack/work/install/charuco_detector_interfaces/include/charuco_detector_interfaces/charuco_detector_interfaces/msg
[0.294s] -- Up-to-date: /home/jack/work/install/charuco_detector_interfaces/include/charuco_detector_interfaces/charuco_detector_interfaces/msg/rosidl_generator_cpp__visibility_control.hpp
[0.294s] -- Up-to-date: /home/jack/work/install/charuco_detector_interfaces/include/charuco_detector_interfaces/charuco_detector_interfaces/srv
[0.294s] -- Up-to-date: /home/jack/work/install/charuco_detector_interfaces/include/charuco_detector_interfaces/charuco_detector_interfaces/srv/detail
[0.294s] -- Up-to-date: /home/jack/work/install/charuco_detector_interfaces/include/charuco_detector_interfaces/charuco_detector_interfaces/srv/detail/eye2base__type_support.hpp
[0.294s] -- Up-to-date: /home/jack/work/install/charuco_detector_interfaces/include/charuco_detector_interfaces/charuco_detector_interfaces/srv/detail/eye2base__struct.hpp
[0.294s] -- Up-to-date: /home/jack/work/install/charuco_detector_interfaces/include/charuco_detector_interfaces/charuco_detector_interfaces/srv/detail/eye2base__builder.hpp
[0.294s] -- Up-to-date: /home/jack/work/install/charuco_detector_interfaces/include/charuco_detector_interfaces/charuco_detector_interfaces/srv/detail/eye2base__traits.hpp
[0.294s] -- Up-to-date: /home/jack/work/install/charuco_detector_interfaces/include/charuco_detector_interfaces/charuco_detector_interfaces/srv/eye2base.hpp
[0.294s] -- Up-to-date: /home/jack/work/install/charuco_detector_interfaces/include/charuco_detector_interfaces/charuco_detector_interfaces
[0.294s] -- Up-to-date: /home/jack/work/install/charuco_detector_interfaces/include/charuco_detector_interfaces/charuco_detector_interfaces/msg
[0.294s] -- Up-to-date: /home/jack/work/install/charuco_detector_interfaces/include/charuco_detector_interfaces/charuco_detector_interfaces/msg/rosidl_typesupport_fastrtps_cpp__visibility_control.h
[0.294s] -- Up-to-date: /home/jack/work/install/charuco_detector_interfaces/include/charuco_detector_interfaces/charuco_detector_interfaces/srv
[0.294s] -- Up-to-date: /home/jack/work/install/charuco_detector_interfaces/include/charuco_detector_interfaces/charuco_detector_interfaces/srv/detail
[0.294s] -- Up-to-date: /home/jack/work/install/charuco_detector_interfaces/include/charuco_detector_interfaces/charuco_detector_interfaces/srv/detail/eye2base__rosidl_typesupport_fastrtps_cpp.hpp
[0.294s] -- Up-to-date: /home/jack/work/install/charuco_detector_interfaces/include/charuco_detector_interfaces/charuco_detector_interfaces/srv/detail/dds_fastrtps
[0.294s] -- Up-to-date: /home/jack/work/install/charuco_detector_interfaces/lib/libcharuco_detector_interfaces__rosidl_typesupport_fastrtps_cpp.so
[0.294s] -- Up-to-date: /home/jack/work/install/charuco_detector_interfaces/include/charuco_detector_interfaces/charuco_detector_interfaces
[0.294s] -- Up-to-date: /home/jack/work/install/charuco_detector_interfaces/include/charuco_detector_interfaces/charuco_detector_interfaces/msg
[0.295s] -- Up-to-date: /home/jack/work/install/charuco_detector_interfaces/include/charuco_detector_interfaces/charuco_detector_interfaces/msg/rosidl_typesupport_introspection_c__visibility_control.h
[0.295s] -- Up-to-date: /home/jack/work/install/charuco_detector_interfaces/include/charuco_detector_interfaces/charuco_detector_interfaces/srv
[0.295s] -- Up-to-date: /home/jack/work/install/charuco_detector_interfaces/include/charuco_detector_interfaces/charuco_detector_interfaces/srv/detail
[0.295s] -- Up-to-date: /home/jack/work/install/charuco_detector_interfaces/include/charuco_detector_interfaces/charuco_detector_interfaces/srv/detail/eye2base__type_support.c
[0.295s] -- Up-to-date: /home/jack/work/install/charuco_detector_interfaces/include/charuco_detector_interfaces/charuco_detector_interfaces/srv/detail/eye2base__rosidl_typesupport_introspection_c.h
[0.295s] -- Up-to-date: /home/jack/work/install/charuco_detector_interfaces/lib/libcharuco_detector_interfaces__rosidl_typesupport_introspection_c.so
[0.295s] -- Up-to-date: /home/jack/work/install/charuco_detector_interfaces/lib/libcharuco_detector_interfaces__rosidl_typesupport_c.so
[0.295s] -- Up-to-date: /home/jack/work/install/charuco_detector_interfaces/include/charuco_detector_interfaces/charuco_detector_interfaces
[0.295s] -- Up-to-date: /home/jack/work/install/charuco_detector_interfaces/include/charuco_detector_interfaces/charuco_detector_interfaces/srv
[0.295s] -- Up-to-date: /home/jack/work/install/charuco_detector_interfaces/include/charuco_detector_interfaces/charuco_detector_interfaces/srv/detail
[0.295s] -- Up-to-date: /home/jack/work/install/charuco_detector_interfaces/include/charuco_detector_interfaces/charuco_detector_interfaces/srv/detail/eye2base__rosidl_typesupport_introspection_cpp.hpp
[0.295s] -- Up-to-date: /home/jack/work/install/charuco_detector_interfaces/include/charuco_detector_interfaces/charuco_detector_interfaces/srv/detail/eye2base__type_support.cpp
[0.295s] -- Up-to-date: /home/jack/work/install/charuco_detector_interfaces/lib/libcharuco_detector_interfaces__rosidl_typesupport_introspection_cpp.so
[0.295s] -- Up-to-date: /home/jack/work/install/charuco_detector_interfaces/lib/libcharuco_detector_interfaces__rosidl_typesupport_cpp.so
[0.295s] -- Up-to-date: /home/jack/work/install/charuco_detector_interfaces/share/charuco_detector_interfaces/environment/pythonpath.sh
[0.295s] -- Up-to-date: /home/jack/work/install/charuco_detector_interfaces/share/charuco_detector_interfaces/environment/pythonpath.dsv
[0.295s] -- Up-to-date: /home/jack/work/install/charuco_detector_interfaces/local/lib/python3.10/dist-packages/charuco_detector_interfaces-0.0.0-py3.10.egg-info
[0.295s] -- Installing: /home/jack/work/install/charuco_detector_interfaces/local/lib/python3.10/dist-packages/charuco_detector_interfaces-0.0.0-py3.10.egg-info/top_level.txt
[0.295s] -- Installing: /home/jack/work/install/charuco_detector_interfaces/local/lib/python3.10/dist-packages/charuco_detector_interfaces-0.0.0-py3.10.egg-info/PKG-INFO
[0.295s] -- Installing: /home/jack/work/install/charuco_detector_interfaces/local/lib/python3.10/dist-packages/charuco_detector_interfaces-0.0.0-py3.10.egg-info/dependency_links.txt
[0.295s] -- Installing: /home/jack/work/install/charuco_detector_interfaces/local/lib/python3.10/dist-packages/charuco_detector_interfaces-0.0.0-py3.10.egg-info/SOURCES.txt
[0.295s] -- Up-to-date: /home/jack/work/install/charuco_detector_interfaces/local/lib/python3.10/dist-packages/charuco_detector_interfaces
[0.295s] -- Up-to-date: /home/jack/work/install/charuco_detector_interfaces/local/lib/python3.10/dist-packages/charuco_detector_interfaces/__init__.py
[0.295s] -- Up-to-date: /home/jack/work/install/charuco_detector_interfaces/local/lib/python3.10/dist-packages/charuco_detector_interfaces/_charuco_detector_interfaces_s.ep.rosidl_typesupport_fastrtps_c.c
[0.295s] -- Up-to-date: /home/jack/work/install/charuco_detector_interfaces/local/lib/python3.10/dist-packages/charuco_detector_interfaces/_charuco_detector_interfaces_s.ep.rosidl_typesupport_c.c
[0.295s] -- Up-to-date: /home/jack/work/install/charuco_detector_interfaces/local/lib/python3.10/dist-packages/charuco_detector_interfaces/charuco_detector_interfaces_s__rosidl_typesupport_c.cpython-310-x86_64-linux-gnu.so
[0.295s] -- Up-to-date: /home/jack/work/install/charuco_detector_interfaces/local/lib/python3.10/dist-packages/charuco_detector_interfaces/_charuco_detector_interfaces_s.ep.rosidl_typesupport_introspection_c.c
[0.295s] -- Up-to-date: /home/jack/work/install/charuco_detector_interfaces/local/lib/python3.10/dist-packages/charuco_detector_interfaces/libcharuco_detector_interfaces__rosidl_generator_py.so
[0.295s] -- Up-to-date: /home/jack/work/install/charuco_detector_interfaces/local/lib/python3.10/dist-packages/charuco_detector_interfaces/srv
[0.296s] -- Up-to-date: /home/jack/work/install/charuco_detector_interfaces/local/lib/python3.10/dist-packages/charuco_detector_interfaces/srv/__init__.py
[0.296s] -- Up-to-date: /home/jack/work/install/charuco_detector_interfaces/local/lib/python3.10/dist-packages/charuco_detector_interfaces/srv/_eye2base.py
[0.296s] -- Up-to-date: /home/jack/work/install/charuco_detector_interfaces/local/lib/python3.10/dist-packages/charuco_detector_interfaces/srv/_eye2base_s.c
[0.296s] -- Up-to-date: /home/jack/work/install/charuco_detector_interfaces/local/lib/python3.10/dist-packages/charuco_detector_interfaces/charuco_detector_interfaces_s__rosidl_typesupport_fastrtps_c.cpython-310-x86_64-linux-gnu.so
[0.296s] -- Up-to-date: /home/jack/work/install/charuco_detector_interfaces/local/lib/python3.10/dist-packages/charuco_detector_interfaces/charuco_detector_interfaces_s__rosidl_typesupport_introspection_c.cpython-310-x86_64-linux-gnu.so
[0.321s] Listing '/home/jack/work/install/charuco_detector_interfaces/local/lib/python3.10/dist-packages/charuco_detector_interfaces'...
[0.321s] Listing '/home/jack/work/install/charuco_detector_interfaces/local/lib/python3.10/dist-packages/charuco_detector_interfaces/srv'...
[0.324s] -- Up-to-date: /home/jack/work/install/charuco_detector_interfaces/local/lib/python3.10/dist-packages/charuco_detector_interfaces/charuco_detector_interfaces_s__rosidl_typesupport_fastrtps_c.cpython-310-x86_64-linux-gnu.so
[0.324s] -- Up-to-date: /home/jack/work/install/charuco_detector_interfaces/local/lib/python3.10/dist-packages/charuco_detector_interfaces/charuco_detector_interfaces_s__rosidl_typesupport_introspection_c.cpython-310-x86_64-linux-gnu.so
[0.324s] -- Up-to-date: /home/jack/work/install/charuco_detector_interfaces/local/lib/python3.10/dist-packages/charuco_detector_interfaces/charuco_detector_interfaces_s__rosidl_typesupport_c.cpython-310-x86_64-linux-gnu.so
[0.324s] -- Up-to-date: /home/jack/work/install/charuco_detector_interfaces/lib/libcharuco_detector_interfaces__rosidl_generator_py.so
[0.324s] -- Up-to-date: /home/jack/work/install/charuco_detector_interfaces/share/ament_index/resource_index/rust_packages/charuco_detector_interfaces
[0.324s] -- Up-to-date: /home/jack/work/install/charuco_detector_interfaces/share/charuco_detector_interfaces/rust
[0.324s] -- Up-to-date: /home/jack/work/install/charuco_detector_interfaces/share/charuco_detector_interfaces/rust/Cargo.toml
[0.324s] -- Up-to-date: /home/jack/work/install/charuco_detector_interfaces/share/charuco_detector_interfaces/rust/src
[0.324s] -- Up-to-date: /home/jack/work/install/charuco_detector_interfaces/share/charuco_detector_interfaces/rust/src/srv
[0.324s] -- Up-to-date: /home/jack/work/install/charuco_detector_interfaces/share/charuco_detector_interfaces/rust/src/srv/rmw.rs
[0.324s] -- Up-to-date: /home/jack/work/install/charuco_detector_interfaces/share/charuco_detector_interfaces/rust/src/srv.rs
[0.324s] -- Up-to-date: /home/jack/work/install/charuco_detector_interfaces/share/charuco_detector_interfaces/rust/src/lib.rs
[0.324s] -- Up-to-date: /home/jack/work/install/charuco_detector_interfaces/share/charuco_detector_interfaces/rust/build.rs
[0.324s] -- Up-to-date: /home/jack/work/install/charuco_detector_interfaces/share/charuco_detector_interfaces/srv/Eye2base.idl
[0.324s] -- Up-to-date: /home/jack/work/install/charuco_detector_interfaces/share/charuco_detector_interfaces/srv/Eye2base.srv
[0.324s] -- Up-to-date: /home/jack/work/install/charuco_detector_interfaces/share/charuco_detector_interfaces/srv/Eye2base_Request.msg
[0.324s] -- Up-to-date: /home/jack/work/install/charuco_detector_interfaces/share/charuco_detector_interfaces/srv/Eye2base_Response.msg
[0.325s] -- Up-to-date: /home/jack/work/install/charuco_detector_interfaces/share/ament_index/resource_index/package_run_dependencies/charuco_detector_interfaces
[0.325s] -- Up-to-date: /home/jack/work/install/charuco_detector_interfaces/share/ament_index/resource_index/parent_prefix_path/charuco_detector_interfaces
[0.325s] -- Up-to-date: /home/jack/work/install/charuco_detector_interfaces/share/charuco_detector_interfaces/environment/ament_prefix_path.sh
[0.325s] -- Up-to-date: /home/jack/work/install/charuco_detector_interfaces/share/charuco_detector_interfaces/environment/ament_prefix_path.dsv
[0.325s] -- Up-to-date: /home/jack/work/install/charuco_detector_interfaces/share/charuco_detector_interfaces/environment/path.sh
[0.325s] -- Up-to-date: /home/jack/work/install/charuco_detector_interfaces/share/charuco_detector_interfaces/environment/path.dsv
[0.325s] -- Up-to-date: /home/jack/work/install/charuco_detector_interfaces/share/charuco_detector_interfaces/local_setup.bash
[0.325s] -- Up-to-date: /home/jack/work/install/charuco_detector_interfaces/share/charuco_detector_interfaces/local_setup.sh
[0.325s] -- Up-to-date: /home/jack/work/install/charuco_detector_interfaces/share/charuco_detector_interfaces/local_setup.zsh
[0.325s] -- Up-to-date: /home/jack/work/install/charuco_detector_interfaces/share/charuco_detector_interfaces/local_setup.dsv
[0.325s] -- Installing: /home/jack/work/install/charuco_detector_interfaces/share/charuco_detector_interfaces/package.dsv
[0.325s] -- Up-to-date: /home/jack/work/install/charuco_detector_interfaces/share/ament_index/resource_index/packages/charuco_detector_interfaces
[0.325s] -- Up-to-date: /home/jack/work/install/charuco_detector_interfaces/share/charuco_detector_interfaces/cmake/export_charuco_detector_interfaces__rosidl_generator_cExport.cmake
[0.325s] -- Up-to-date: /home/jack/work/install/charuco_detector_interfaces/share/charuco_detector_interfaces/cmake/export_charuco_detector_interfaces__rosidl_generator_cExport-noconfig.cmake
[0.325s] -- Up-to-date: /home/jack/work/install/charuco_detector_interfaces/share/charuco_detector_interfaces/cmake/export_charuco_detector_interfaces__rosidl_typesupport_fastrtps_cExport.cmake
[0.325s] -- Up-to-date: /home/jack/work/install/charuco_detector_interfaces/share/charuco_detector_interfaces/cmake/export_charuco_detector_interfaces__rosidl_typesupport_fastrtps_cExport-noconfig.cmake
[0.325s] -- Up-to-date: /home/jack/work/install/charuco_detector_interfaces/share/charuco_detector_interfaces/cmake/export_charuco_detector_interfaces__rosidl_generator_cppExport.cmake
[0.325s] -- Up-to-date: /home/jack/work/install/charuco_detector_interfaces/share/charuco_detector_interfaces/cmake/export_charuco_detector_interfaces__rosidl_typesupport_fastrtps_cppExport.cmake
[0.325s] -- Up-to-date: /home/jack/work/install/charuco_detector_interfaces/share/charuco_detector_interfaces/cmake/export_charuco_detector_interfaces__rosidl_typesupport_fastrtps_cppExport-noconfig.cmake
[0.325s] -- Up-to-date: /home/jack/work/install/charuco_detector_interfaces/share/charuco_detector_interfaces/cmake/charuco_detector_interfaces__rosidl_typesupport_introspection_cExport.cmake
[0.325s] -- Up-to-date: /home/jack/work/install/charuco_detector_interfaces/share/charuco_detector_interfaces/cmake/charuco_detector_interfaces__rosidl_typesupport_introspection_cExport-noconfig.cmake
[0.325s] -- Up-to-date: /home/jack/work/install/charuco_detector_interfaces/share/charuco_detector_interfaces/cmake/charuco_detector_interfaces__rosidl_typesupport_cExport.cmake
[0.325s] -- Up-to-date: /home/jack/work/install/charuco_detector_interfaces/share/charuco_detector_interfaces/cmake/charuco_detector_interfaces__rosidl_typesupport_cExport-noconfig.cmake
[0.325s] -- Up-to-date: /home/jack/work/install/charuco_detector_interfaces/share/charuco_detector_interfaces/cmake/charuco_detector_interfaces__rosidl_typesupport_introspection_cppExport.cmake
[0.325s] -- Up-to-date: /home/jack/work/install/charuco_detector_interfaces/share/charuco_detector_interfaces/cmake/charuco_detector_interfaces__rosidl_typesupport_introspection_cppExport-noconfig.cmake
[0.325s] -- Up-to-date: /home/jack/work/install/charuco_detector_interfaces/share/charuco_detector_interfaces/cmake/charuco_detector_interfaces__rosidl_typesupport_cppExport.cmake
[0.325s] -- Up-to-date: /home/jack/work/install/charuco_detector_interfaces/share/charuco_detector_interfaces/cmake/charuco_detector_interfaces__rosidl_typesupport_cppExport-noconfig.cmake
[0.325s] -- Up-to-date: /home/jack/work/install/charuco_detector_interfaces/share/charuco_detector_interfaces/cmake/export_charuco_detector_interfaces__rosidl_generator_pyExport.cmake
[0.325s] -- Up-to-date: /home/jack/work/install/charuco_detector_interfaces/share/charuco_detector_interfaces/cmake/export_charuco_detector_interfaces__rosidl_generator_pyExport-noconfig.cmake
[0.326s] -- Up-to-date: /home/jack/work/install/charuco_detector_interfaces/share/charuco_detector_interfaces/cmake/rosidl_cmake-extras.cmake
[0.326s] -- Up-to-date: /home/jack/work/install/charuco_detector_interfaces/share/charuco_detector_interfaces/cmake/ament_cmake_export_dependencies-extras.cmake
[0.326s] -- Up-to-date: /home/jack/work/install/charuco_detector_interfaces/share/charuco_detector_interfaces/cmake/ament_cmake_export_include_directories-extras.cmake
[0.326s] -- Up-to-date: /home/jack/work/install/charuco_detector_interfaces/share/charuco_detector_interfaces/cmake/ament_cmake_export_libraries-extras.cmake
[0.326s] -- Up-to-date: /home/jack/work/install/charuco_detector_interfaces/share/charuco_detector_interfaces/cmake/ament_cmake_export_targets-extras.cmake
[0.326s] -- Up-to-date: /home/jack/work/install/charuco_detector_interfaces/share/charuco_detector_interfaces/cmake/rosidl_cmake_export_typesupport_targets-extras.cmake
[0.326s] -- Up-to-date: /home/jack/work/install/charuco_detector_interfaces/share/charuco_detector_interfaces/cmake/rosidl_cmake_export_typesupport_libraries-extras.cmake
[0.326s] -- Up-to-date: /home/jack/work/install/charuco_detector_interfaces/share/charuco_detector_interfaces/cmake/charuco_detector_interfacesConfig.cmake
[0.326s] -- Up-to-date: /home/jack/work/install/charuco_detector_interfaces/share/charuco_detector_interfaces/cmake/charuco_detector_interfacesConfig-version.cmake
[0.326s] -- Up-to-date: /home/jack/work/install/charuco_detector_interfaces/share/charuco_detector_interfaces/package.xml
[0.327s] Invoked command in '/home/jack/work/build/charuco_detector_interfaces' returned '0': CMAKE_PREFIX_PATH=${CMAKE_PREFIX_PATH}:/home/jack/work/install/yolov7_obj_detect:/home/jack/work/install/hiwin_example:/home/jack/work/install/hiwin_control:/home/jack/work/install/center:/opt/ros/humble /usr/bin/cmake --install /home/jack/work/build/charuco_detector_interfaces
