[0.033s] Invoking command in '/home/jack/work/build/charuco_detector_interfaces': CMAKE_PREFIX_PATH=${CMAKE_PREFIX_PATH}:/home/jack/work/install/yolov7_obj_detect:/home/jack/work/install/hiwin_example:/home/jack/work/install/hiwin_control:/home/jack/work/install/center:/opt/ros/humble /usr/bin/cmake --build /home/jack/work/build/charuco_detector_interfaces -- -j16 -l16
[0.153s] [  9%] Built target charuco_detector_interfaces__rosidl_generator_c
[0.155s] [ 15%] Built target charuco_detector_interfaces__cpp
[0.155s] [ 15%] Built target charuco_detector_interfaces__rs
[0.231s] [ 15%] Built target ament_cmake_python_copy_charuco_detector_interfaces
[0.304s] [ 25%] Built target charuco_detector_interfaces__rosidl_typesupport_fastrtps_cpp
[0.317s] [ 34%] Built target charuco_detector_interfaces__rosidl_typesupport_fastrtps_c
[0.324s] [ 43%] Built target charuco_detector_interfaces__rosidl_typesupport_c
[0.341s] [ 53%] Built target charuco_detector_interfaces__rosidl_typesupport_introspection_cpp
[0.344s] [ 62%] Built target charuco_detector_interfaces__rosidl_typesupport_introspection_c
[0.352s] [ 71%] Built target charuco_detector_interfaces__rosidl_typesupport_cpp
[0.428s] [ 71%] Built target charuco_detector_interfaces
[0.502s] [ 75%] Built target charuco_detector_interfaces__py
[0.586s] [ 81%] Built target charuco_detector_interfaces__rosidl_generator_py
[0.682s] [ 87%] Built target charuco_detector_interfaces__rosidl_typesupport_c__pyext
[0.757s] [ 93%] Built target charuco_detector_interfaces__rosidl_typesupport_introspection_c__pyext
[0.763s] [100%] Built target charuco_detector_interfaces__rosidl_typesupport_fastrtps_c__pyext
[1.107s] running egg_info
[1.184s] writing charuco_detector_interfaces.egg-info/PKG-INFO
[1.186s] writing dependency_links to charuco_detector_interfaces.egg-info/dependency_links.txt
[1.188s] writing top-level names to charuco_detector_interfaces.egg-info/top_level.txt
[1.379s] reading manifest file 'charuco_detector_interfaces.egg-info/SOURCES.txt'
[1.382s] writing manifest file 'charuco_detector_interfaces.egg-info/SOURCES.txt'
[1.465s] [100%] Built target ament_cmake_python_build_charuco_detector_interfaces_egg
