/home/jack/work/install/hiwin_example/lib/python3.10/site-packages/hiwin_example/__init__.py
/home/jack/work/install/hiwin_example/lib/python3.10/site-packages/hiwin_example/YoloDetector_class_node.py
/home/jack/work/install/hiwin_example/lib/python3.10/site-packages/hiwin_example/three_points_calibration_example.py
/home/jack/work/install/hiwin_example/lib/python3.10/site-packages/hiwin_example/strategy_example1.py
/home/jack/work/install/hiwin_example/lib/python3.10/site-packages/hiwin_example/pool_strategy_example.py
/home/jack/work/install/hiwin_example/lib/python3.10/site-packages/hiwin_example/transformations.py
/home/jack/work/install/hiwin_example/lib/python3.10/site-packages/hiwin_example/strategy_example.py
/home/jack/work/install/hiwin_example/lib/python3.10/site-packages/hiwin_example/hand_in_eye_calibration.py
/home/jack/work/install/hiwin_example/lib/python3.10/site-packages/hiwin_example/YoloDetector.py
/home/jack/work/install/hiwin_example/lib/python3.10/site-packages/hiwin_example/__pycache__/__init__.cpython-310.pyc
/home/jack/work/install/hiwin_example/lib/python3.10/site-packages/hiwin_example/__pycache__/YoloDetector_class_node.cpython-310.pyc
/home/jack/work/install/hiwin_example/lib/python3.10/site-packages/hiwin_example/__pycache__/three_points_calibration_example.cpython-310.pyc
/home/jack/work/install/hiwin_example/lib/python3.10/site-packages/hiwin_example/__pycache__/strategy_example1.cpython-310.pyc
/home/jack/work/install/hiwin_example/lib/python3.10/site-packages/hiwin_example/__pycache__/pool_strategy_example.cpython-310.pyc
/home/jack/work/install/hiwin_example/lib/python3.10/site-packages/hiwin_example/__pycache__/transformations.cpython-310.pyc
/home/jack/work/install/hiwin_example/lib/python3.10/site-packages/hiwin_example/__pycache__/strategy_example.cpython-310.pyc
/home/jack/work/install/hiwin_example/lib/python3.10/site-packages/hiwin_example/__pycache__/hand_in_eye_calibration.cpython-310.pyc
/home/jack/work/install/hiwin_example/lib/python3.10/site-packages/hiwin_example/__pycache__/YoloDetector.cpython-310.pyc
/home/jack/work/install/hiwin_example/share/ament_index/resource_index/packages/hiwin_example
/home/jack/work/install/hiwin_example/share/hiwin_example/package.xml
/home/jack/work/install/hiwin_example/share/hiwin_example/launch/bag_three_points_calibration.launch.py
/home/jack/work/install/hiwin_example/share/hiwin_example/launch/cup_three_points_calibration.launch.py
/home/jack/work/install/hiwin_example/share/hiwin_example/config/bag_cali_pose.yaml
/home/jack/work/install/hiwin_example/share/hiwin_example/config/cup_cali_pose.yaml
/home/jack/work/install/hiwin_example/share/hiwin_example/config/bag_cam.yaml
/home/jack/work/install/hiwin_example/share/hiwin_example/config/cup_cam.yaml
/home/jack/work/install/hiwin_example/lib/python3.10/site-packages/hiwin_example-0.0.0-py3.10.egg-info/top_level.txt
/home/jack/work/install/hiwin_example/lib/python3.10/site-packages/hiwin_example-0.0.0-py3.10.egg-info/PKG-INFO
/home/jack/work/install/hiwin_example/lib/python3.10/site-packages/hiwin_example-0.0.0-py3.10.egg-info/dependency_links.txt
/home/jack/work/install/hiwin_example/lib/python3.10/site-packages/hiwin_example-0.0.0-py3.10.egg-info/entry_points.txt
/home/jack/work/install/hiwin_example/lib/python3.10/site-packages/hiwin_example-0.0.0-py3.10.egg-info/SOURCES.txt
/home/jack/work/install/hiwin_example/lib/python3.10/site-packages/hiwin_example-0.0.0-py3.10.egg-info/requires.txt
/home/jack/work/install/hiwin_example/lib/python3.10/site-packages/hiwin_example-0.0.0-py3.10.egg-info/zip-safe
/home/jack/work/install/hiwin_example/lib/hiwin_example/hand_in_eye_calibration
/home/jack/work/install/hiwin_example/lib/hiwin_example/strategy_example
/home/jack/work/install/hiwin_example/lib/hiwin_example/three_points_calibration_example
