[1.006s] Invoking command in '/home/jack/work/src/hiwin_control': CMAKE_PREFIX_PATH=/home/jack/work/install/detect_interface:/home/jack/work/install/realsense2_description:/home/jack/work/install/realsense2_camera:/home/jack/work/install/realsense2_camera_msgs:/home/jack/work/install/hiwin_service_client:/home/jack/work/install/hiwin_libmodbus:/home/jack/work/install/hiwin_interfaces LD_LIBRARY_PATH=/home/jack/work/install/detect_interface/lib:/home/jack/work/install/realsense2_camera/lib:/home/jack/work/install/realsense2_camera_msgs/lib:/home/jack/work/install/hiwin_libmodbus/lib:/home/jack/work/install/hiwin_interfaces/lib:/opt/ros/humble/opt/rviz_ogre_vendor/lib:/opt/ros/humble/lib/x86_64-linux-gnu:/opt/ros/humble/lib:/usr/local/nvidia/lib:/usr/local/nvidia/lib64 PYTHONPATH=/home/jack/work/build/hiwin_control/prefix_override:/usr/lib/python3/dist-packages/colcon_core/task/python/colcon_distutils_commands:/home/jack/work/install/hiwin_control/lib/python3.10/site-packages:${PYTHONPATH} /usr/bin/python3 -W ignore:setup.py install is deprecated -W ignore:easy_install command is deprecated setup.py egg_info --egg-base ../../build/hiwin_control build --build-base /home/jack/work/build/hiwin_control/build install --record /home/jack/work/build/hiwin_control/install.log --single-version-externally-managed install_data
[1.337s] running egg_info
[1.338s] creating ../../build/hiwin_control/hiwin_control.egg-info
[1.356s] writing ../../build/hiwin_control/hiwin_control.egg-info/PKG-INFO
[1.357s] writing dependency_links to ../../build/hiwin_control/hiwin_control.egg-info/dependency_links.txt
[1.357s] writing entry points to ../../build/hiwin_control/hiwin_control.egg-info/entry_points.txt
[1.357s] writing requirements to ../../build/hiwin_control/hiwin_control.egg-info/requires.txt
[1.357s] writing top-level names to ../../build/hiwin_control/hiwin_control.egg-info/top_level.txt
[1.357s] writing manifest file '../../build/hiwin_control/hiwin_control.egg-info/SOURCES.txt'
[1.398s] reading manifest file '../../build/hiwin_control/hiwin_control.egg-info/SOURCES.txt'
[1.398s] adding license file 'LICENSE'
[1.399s] writing manifest file '../../build/hiwin_control/hiwin_control.egg-info/SOURCES.txt'
[1.399s] running build
[1.399s] running build_py
[1.400s] creating /home/jack/work/build/hiwin_control/build
[1.400s] creating /home/jack/work/build/hiwin_control/build/lib
[1.400s] creating /home/jack/work/build/hiwin_control/build/lib/hiwin_control
[1.400s] copying hiwin_control/pool_strat_v2.py -> /home/jack/work/build/hiwin_control/build/lib/hiwin_control
[1.400s] copying hiwin_control/__init__.py -> /home/jack/work/build/hiwin_control/build/lib/hiwin_control
[1.401s] copying hiwin_control/base_strat.py -> /home/jack/work/build/hiwin_control/build/lib/hiwin_control
[1.401s] copying hiwin_control/nine_arm_controller.py -> /home/jack/work/build/hiwin_control/build/lib/hiwin_control
[1.401s] copying hiwin_control/pool_arm_controller.py -> /home/jack/work/build/hiwin_control/build/lib/hiwin_control
[1.401s] copying hiwin_control/aruco_arm_controller.py -> /home/jack/work/build/hiwin_control/build/lib/hiwin_control
[1.401s] copying hiwin_control/team_selection.py -> /home/jack/work/build/hiwin_control/build/lib/hiwin_control
[1.402s] copying hiwin_control/arm_controller_copy.py -> /home/jack/work/build/hiwin_control/build/lib/hiwin_control
[1.402s] copying hiwin_control/pool_arm_controller_copy.py -> /home/jack/work/build/hiwin_control/build/lib/hiwin_control
[1.402s] copying hiwin_control/testbeat_arm_controller.py -> /home/jack/work/build/hiwin_control/build/lib/hiwin_control
[1.402s] copying hiwin_control/nine_ball_pool0805.py -> /home/jack/work/build/hiwin_control/build/lib/hiwin_control
[1.402s] copying hiwin_control/yaml_test.py -> /home/jack/work/build/hiwin_control/build/lib/hiwin_control
[1.403s] copying hiwin_control/rush_arm_controller.py -> /home/jack/work/build/hiwin_control/build/lib/hiwin_control
[1.403s] copying hiwin_control/aruco_table_cali.py -> /home/jack/work/build/hiwin_control/build/lib/hiwin_control
[1.403s] copying hiwin_control/transformations.py -> /home/jack/work/build/hiwin_control/build/lib/hiwin_control
[1.403s] copying hiwin_control/test_function.py -> /home/jack/work/build/hiwin_control/build/lib/hiwin_control
[1.403s] copying hiwin_control/quaternion_to_rotation.py -> /home/jack/work/build/hiwin_control/build/lib/hiwin_control
[1.403s] copying hiwin_control/yyy_arm_controller.py -> /home/jack/work/build/hiwin_control/build/lib/hiwin_control
[1.404s] copying hiwin_control/aruco_pose_estimator.py -> /home/jack/work/build/hiwin_control/build/lib/hiwin_control
[1.404s] copying hiwin_control/nine_ball_strat.py -> /home/jack/work/build/hiwin_control/build/lib/hiwin_control
[1.404s] copying hiwin_control/stream_rs.py -> /home/jack/work/build/hiwin_control/build/lib/hiwin_control
[1.404s] copying hiwin_control/arm_controller.py -> /home/jack/work/build/hiwin_control/build/lib/hiwin_control
[1.405s] running install
[1.410s] running install_lib
[1.429s] creating /home/jack/work/install/hiwin_control/lib/python3.10/site-packages/hiwin_control
[1.429s] copying /home/jack/work/build/hiwin_control/build/lib/hiwin_control/pool_strat_v2.py -> /home/jack/work/install/hiwin_control/lib/python3.10/site-packages/hiwin_control
[1.429s] copying /home/jack/work/build/hiwin_control/build/lib/hiwin_control/__init__.py -> /home/jack/work/install/hiwin_control/lib/python3.10/site-packages/hiwin_control
[1.429s] copying /home/jack/work/build/hiwin_control/build/lib/hiwin_control/base_strat.py -> /home/jack/work/install/hiwin_control/lib/python3.10/site-packages/hiwin_control
[1.429s] copying /home/jack/work/build/hiwin_control/build/lib/hiwin_control/nine_arm_controller.py -> /home/jack/work/install/hiwin_control/lib/python3.10/site-packages/hiwin_control
[1.430s] copying /home/jack/work/build/hiwin_control/build/lib/hiwin_control/pool_arm_controller.py -> /home/jack/work/install/hiwin_control/lib/python3.10/site-packages/hiwin_control
[1.430s] copying /home/jack/work/build/hiwin_control/build/lib/hiwin_control/aruco_arm_controller.py -> /home/jack/work/install/hiwin_control/lib/python3.10/site-packages/hiwin_control
[1.430s] copying /home/jack/work/build/hiwin_control/build/lib/hiwin_control/team_selection.py -> /home/jack/work/install/hiwin_control/lib/python3.10/site-packages/hiwin_control
[1.430s] copying /home/jack/work/build/hiwin_control/build/lib/hiwin_control/arm_controller_copy.py -> /home/jack/work/install/hiwin_control/lib/python3.10/site-packages/hiwin_control
[1.431s] copying /home/jack/work/build/hiwin_control/build/lib/hiwin_control/pool_arm_controller_copy.py -> /home/jack/work/install/hiwin_control/lib/python3.10/site-packages/hiwin_control
[1.431s] copying /home/jack/work/build/hiwin_control/build/lib/hiwin_control/testbeat_arm_controller.py -> /home/jack/work/install/hiwin_control/lib/python3.10/site-packages/hiwin_control
[1.431s] copying /home/jack/work/build/hiwin_control/build/lib/hiwin_control/nine_ball_pool0805.py -> /home/jack/work/install/hiwin_control/lib/python3.10/site-packages/hiwin_control
[1.431s] copying /home/jack/work/build/hiwin_control/build/lib/hiwin_control/yaml_test.py -> /home/jack/work/install/hiwin_control/lib/python3.10/site-packages/hiwin_control
[1.431s] copying /home/jack/work/build/hiwin_control/build/lib/hiwin_control/rush_arm_controller.py -> /home/jack/work/install/hiwin_control/lib/python3.10/site-packages/hiwin_control
[1.431s] copying /home/jack/work/build/hiwin_control/build/lib/hiwin_control/aruco_table_cali.py -> /home/jack/work/install/hiwin_control/lib/python3.10/site-packages/hiwin_control
[1.432s] copying /home/jack/work/build/hiwin_control/build/lib/hiwin_control/transformations.py -> /home/jack/work/install/hiwin_control/lib/python3.10/site-packages/hiwin_control
[1.432s] copying /home/jack/work/build/hiwin_control/build/lib/hiwin_control/test_function.py -> /home/jack/work/install/hiwin_control/lib/python3.10/site-packages/hiwin_control
[1.432s] copying /home/jack/work/build/hiwin_control/build/lib/hiwin_control/quaternion_to_rotation.py -> /home/jack/work/install/hiwin_control/lib/python3.10/site-packages/hiwin_control
[1.432s] copying /home/jack/work/build/hiwin_control/build/lib/hiwin_control/yyy_arm_controller.py -> /home/jack/work/install/hiwin_control/lib/python3.10/site-packages/hiwin_control
[1.432s] copying /home/jack/work/build/hiwin_control/build/lib/hiwin_control/aruco_pose_estimator.py -> /home/jack/work/install/hiwin_control/lib/python3.10/site-packages/hiwin_control
[1.432s] copying /home/jack/work/build/hiwin_control/build/lib/hiwin_control/nine_ball_strat.py -> /home/jack/work/install/hiwin_control/lib/python3.10/site-packages/hiwin_control
[1.433s] copying /home/jack/work/build/hiwin_control/build/lib/hiwin_control/stream_rs.py -> /home/jack/work/install/hiwin_control/lib/python3.10/site-packages/hiwin_control
[1.433s] copying /home/jack/work/build/hiwin_control/build/lib/hiwin_control/arm_controller.py -> /home/jack/work/install/hiwin_control/lib/python3.10/site-packages/hiwin_control
[1.434s] byte-compiling /home/jack/work/install/hiwin_control/lib/python3.10/site-packages/hiwin_control/pool_strat_v2.py to pool_strat_v2.cpython-310.pyc
[1.443s] byte-compiling /home/jack/work/install/hiwin_control/lib/python3.10/site-packages/hiwin_control/__init__.py to __init__.cpython-310.pyc
[1.443s] byte-compiling /home/jack/work/install/hiwin_control/lib/python3.10/site-packages/hiwin_control/base_strat.py to base_strat.cpython-310.pyc
[1.447s] byte-compiling /home/jack/work/install/hiwin_control/lib/python3.10/site-packages/hiwin_control/nine_arm_controller.py to nine_arm_controller.cpython-310.pyc
[1.451s] byte-compiling /home/jack/work/install/hiwin_control/lib/python3.10/site-packages/hiwin_control/pool_arm_controller.py to pool_arm_controller.cpython-310.pyc
[1.456s] byte-compiling /home/jack/work/install/hiwin_control/lib/python3.10/site-packages/hiwin_control/aruco_arm_controller.py to aruco_arm_controller.cpython-310.pyc
[1.458s] byte-compiling /home/jack/work/install/hiwin_control/lib/python3.10/site-packages/hiwin_control/team_selection.py to team_selection.cpython-310.pyc
[1.459s] byte-compiling /home/jack/work/install/hiwin_control/lib/python3.10/site-packages/hiwin_control/arm_controller_copy.py to arm_controller_copy.cpython-310.pyc
[1.464s] byte-compiling /home/jack/work/install/hiwin_control/lib/python3.10/site-packages/hiwin_control/pool_arm_controller_copy.py to pool_arm_controller_copy.cpython-310.pyc
[1.468s] byte-compiling /home/jack/work/install/hiwin_control/lib/python3.10/site-packages/hiwin_control/testbeat_arm_controller.py to testbeat_arm_controller.cpython-310.pyc
[1.472s] byte-compiling /home/jack/work/install/hiwin_control/lib/python3.10/site-packages/hiwin_control/nine_ball_pool0805.py to nine_ball_pool0805.cpython-310.pyc
[1.479s] byte-compiling /home/jack/work/install/hiwin_control/lib/python3.10/site-packages/hiwin_control/yaml_test.py to yaml_test.cpython-310.pyc
[1.479s] byte-compiling /home/jack/work/install/hiwin_control/lib/python3.10/site-packages/hiwin_control/rush_arm_controller.py to rush_arm_controller.cpython-310.pyc
[1.484s] byte-compiling /home/jack/work/install/hiwin_control/lib/python3.10/site-packages/hiwin_control/aruco_table_cali.py to aruco_table_cali.cpython-310.pyc
[1.490s] byte-compiling /home/jack/work/install/hiwin_control/lib/python3.10/site-packages/hiwin_control/transformations.py to transformations.cpython-310.pyc
[1.497s] byte-compiling /home/jack/work/install/hiwin_control/lib/python3.10/site-packages/hiwin_control/test_function.py to test_function.cpython-310.pyc
[1.498s] byte-compiling /home/jack/work/install/hiwin_control/lib/python3.10/site-packages/hiwin_control/quaternion_to_rotation.py to quaternion_to_rotation.cpython-310.pyc
[1.498s] byte-compiling /home/jack/work/install/hiwin_control/lib/python3.10/site-packages/hiwin_control/yyy_arm_controller.py to yyy_arm_controller.cpython-310.pyc
[1.502s] byte-compiling /home/jack/work/install/hiwin_control/lib/python3.10/site-packages/hiwin_control/aruco_pose_estimator.py to aruco_pose_estimator.cpython-310.pyc
[1.504s]   File "/home/jack/work/install/hiwin_control/lib/python3.10/site-packages/hiwin_control/aruco_pose_estimator.py", line 118
[1.504s]     for i, marker_id in enumerate(ids)
[1.504s]                                       ^
[1.504s] SyntaxError: expected ':'
[1.504s] 
[1.504s] byte-compiling /home/jack/work/install/hiwin_control/lib/python3.10/site-packages/hiwin_control/nine_ball_strat.py to nine_ball_strat.cpython-310.pyc
[1.511s] byte-compiling /home/jack/work/install/hiwin_control/lib/python3.10/site-packages/hiwin_control/stream_rs.py to stream_rs.cpython-310.pyc
[1.512s] byte-compiling /home/jack/work/install/hiwin_control/lib/python3.10/site-packages/hiwin_control/arm_controller.py to arm_controller.cpython-310.pyc
[1.518s] running install_data
[1.519s] creating /home/jack/work/install/hiwin_control/share/ament_index
[1.519s] creating /home/jack/work/install/hiwin_control/share/ament_index/resource_index
[1.519s] creating /home/jack/work/install/hiwin_control/share/ament_index/resource_index/packages
[1.519s] copying resource/hiwin_control -> /home/jack/work/install/hiwin_control/share/ament_index/resource_index/packages
[1.519s] copying package.xml -> /home/jack/work/install/hiwin_control/share/hiwin_control
[1.519s] running install_egg_info
[1.540s] Copying ../../build/hiwin_control/hiwin_control.egg-info to /home/jack/work/install/hiwin_control/lib/python3.10/site-packages/hiwin_control-0.0.0-py3.10.egg-info
[1.541s] running install_scripts
[1.648s] Installing arm_controller script to /home/jack/work/install/hiwin_control/lib/hiwin_control
[1.649s] Installing aruco_table_cali script to /home/jack/work/install/hiwin_control/lib/hiwin_control
[1.649s] Installing nine_arm_controller script to /home/jack/work/install/hiwin_control/lib/hiwin_control
[1.649s] Installing pool_arm_controller script to /home/jack/work/install/hiwin_control/lib/hiwin_control
[1.649s] Installing rush_arm_controller script to /home/jack/work/install/hiwin_control/lib/hiwin_control
[1.649s] Installing stream_rs script to /home/jack/work/install/hiwin_control/lib/hiwin_control
[1.649s] Installing team_selection script to /home/jack/work/install/hiwin_control/lib/hiwin_control
[1.649s] Installing testbeat_arm_controller script to /home/jack/work/install/hiwin_control/lib/hiwin_control
[1.649s] Installing yyy_arm_controller script to /home/jack/work/install/hiwin_control/lib/hiwin_control
[1.649s] writing list of installed files to '/home/jack/work/build/hiwin_control/install.log'
[1.673s] Invoked command in '/home/jack/work/src/hiwin_control' returned '0': CMAKE_PREFIX_PATH=/home/jack/work/install/detect_interface:/home/jack/work/install/realsense2_description:/home/jack/work/install/realsense2_camera:/home/jack/work/install/realsense2_camera_msgs:/home/jack/work/install/hiwin_service_client:/home/jack/work/install/hiwin_libmodbus:/home/jack/work/install/hiwin_interfaces LD_LIBRARY_PATH=/home/jack/work/install/detect_interface/lib:/home/jack/work/install/realsense2_camera/lib:/home/jack/work/install/realsense2_camera_msgs/lib:/home/jack/work/install/hiwin_libmodbus/lib:/home/jack/work/install/hiwin_interfaces/lib:/opt/ros/humble/opt/rviz_ogre_vendor/lib:/opt/ros/humble/lib/x86_64-linux-gnu:/opt/ros/humble/lib:/usr/local/nvidia/lib:/usr/local/nvidia/lib64 PYTHONPATH=/home/jack/work/build/hiwin_control/prefix_override:/usr/lib/python3/dist-packages/colcon_core/task/python/colcon_distutils_commands:/home/jack/work/install/hiwin_control/lib/python3.10/site-packages:${PYTHONPATH} /usr/bin/python3 -W ignore:setup.py install is deprecated -W ignore:easy_install command is deprecated setup.py egg_info --egg-base ../../build/hiwin_control build --build-base /home/jack/work/build/hiwin_control/build install --record /home/jack/work/build/hiwin_control/install.log --single-version-externally-managed install_data
