[0.922s] Invoking command in '/home/jack/work/src/hiwin_control': CMAKE_PREFIX_PATH=/home/jack/work/install/detect_interface:/home/jack/work/install/realsense2_description:/home/jack/work/install/realsense2_camera:/home/jack/work/install/realsense2_camera_msgs:/home/jack/work/install/hiwin_service_client:/home/jack/work/install/hiwin_libmodbus:/home/jack/work/install/hiwin_interfaces:/home/jack/work/install/charuco_detector:/home/jack/work/install/charuco_detector_interfaces LD_LIBRARY_PATH=/home/jack/work/install/detect_interface/lib:/home/jack/work/install/realsense2_camera/lib:/home/jack/work/install/realsense2_camera_msgs/lib:/home/jack/work/install/hiwin_libmodbus/lib:/home/jack/work/install/hiwin_interfaces/lib:/home/jack/work/install/charuco_detector/lib:/home/jack/work/install/charuco_detector_interfaces/lib:/opt/ros/humble/opt/rviz_ogre_vendor/lib:/opt/ros/humble/lib/x86_64-linux-gnu:/opt/ros/humble/lib:/usr/local/nvidia/lib:/usr/local/nvidia/lib64 PYTHONPATH=/home/jack/work/build/hiwin_control/prefix_override:/usr/lib/python3/dist-packages/colcon_core/task/python/colcon_distutils_commands:/home/jack/work/install/hiwin_control/lib/python3.10/site-packages:${PYTHONPATH} /usr/bin/python3 -W ignore:setup.py install is deprecated -W ignore:easy_install command is deprecated setup.py egg_info --egg-base ../../build/hiwin_control build --build-base /home/jack/work/build/hiwin_control/build install --record /home/jack/work/build/hiwin_control/install.log --single-version-externally-managed install_data
[1.241s] running egg_info
[1.266s] writing ../../build/hiwin_control/hiwin_control.egg-info/PKG-INFO
[1.266s] writing dependency_links to ../../build/hiwin_control/hiwin_control.egg-info/dependency_links.txt
[1.266s] writing entry points to ../../build/hiwin_control/hiwin_control.egg-info/entry_points.txt
[1.266s] writing requirements to ../../build/hiwin_control/hiwin_control.egg-info/requires.txt
[1.266s] writing top-level names to ../../build/hiwin_control/hiwin_control.egg-info/top_level.txt
[1.304s] reading manifest file '../../build/hiwin_control/hiwin_control.egg-info/SOURCES.txt'
[1.305s] adding license file 'LICENSE'
[1.306s] writing manifest file '../../build/hiwin_control/hiwin_control.egg-info/SOURCES.txt'
[1.306s] running build
[1.306s] running build_py
[1.307s] copying hiwin_control/billiards_planner_ui.py -> /home/jack/work/build/hiwin_control/build/lib/hiwin_control
[1.307s] copying hiwin_control/pool_strat_v2.py -> /home/jack/work/build/hiwin_control/build/lib/hiwin_control
[1.307s] copying hiwin_control/__init__.py -> /home/jack/work/build/hiwin_control/build/lib/hiwin_control
[1.307s] copying hiwin_control/base_strat.py -> /home/jack/work/build/hiwin_control/build/lib/hiwin_control
[1.308s] copying hiwin_control/nine_arm_controller.py -> /home/jack/work/build/hiwin_control/build/lib/hiwin_control
[1.308s] copying hiwin_control/pool_arm_controller.py -> /home/jack/work/build/hiwin_control/build/lib/hiwin_control
[1.308s] copying hiwin_control/aruco_arm_controller.py -> /home/jack/work/build/hiwin_control/build/lib/hiwin_control
[1.308s] copying hiwin_control/team_selection.py -> /home/jack/work/build/hiwin_control/build/lib/hiwin_control
[1.309s] copying hiwin_control/arm_controller_copy.py -> /home/jack/work/build/hiwin_control/build/lib/hiwin_control
[1.309s] copying hiwin_control/arm_controller_v2.py -> /home/jack/work/build/hiwin_control/build/lib/hiwin_control
[1.309s] copying hiwin_control/pool_arm_controller_copy.py -> /home/jack/work/build/hiwin_control/build/lib/hiwin_control
[1.309s] copying hiwin_control/testbeat_arm_controller.py -> /home/jack/work/build/hiwin_control/build/lib/hiwin_control
[1.309s] copying hiwin_control/nine_ball_pool0805.py -> /home/jack/work/build/hiwin_control/build/lib/hiwin_control
[1.310s] copying hiwin_control/yaml_test.py -> /home/jack/work/build/hiwin_control/build/lib/hiwin_control
[1.310s] copying hiwin_control/rush_arm_controller.py -> /home/jack/work/build/hiwin_control/build/lib/hiwin_control
[1.310s] copying hiwin_control/aruco_table_cali.py -> /home/jack/work/build/hiwin_control/build/lib/hiwin_control
[1.310s] copying hiwin_control/transformations.py -> /home/jack/work/build/hiwin_control/build/lib/hiwin_control
[1.310s] copying hiwin_control/test_function.py -> /home/jack/work/build/hiwin_control/build/lib/hiwin_control
[1.311s] copying hiwin_control/quaternion_to_rotation.py -> /home/jack/work/build/hiwin_control/build/lib/hiwin_control
[1.313s] copying hiwin_control/yyy_arm_controller.py -> /home/jack/work/build/hiwin_control/build/lib/hiwin_control
[1.313s] copying hiwin_control/aruco_pose_estimator.py -> /home/jack/work/build/hiwin_control/build/lib/hiwin_control
[1.313s] copying hiwin_control/nine_ball_strat.py -> /home/jack/work/build/hiwin_control/build/lib/hiwin_control
[1.313s] copying hiwin_control/pool_aim_ui.py -> /home/jack/work/build/hiwin_control/build/lib/hiwin_control
[1.313s] copying hiwin_control/stream_rs.py -> /home/jack/work/build/hiwin_control/build/lib/hiwin_control
[1.313s] copying hiwin_control/arm_controller.py -> /home/jack/work/build/hiwin_control/build/lib/hiwin_control
[1.313s] running install
[1.318s] running install_lib
[1.338s] copying /home/jack/work/build/hiwin_control/build/lib/hiwin_control/pool_aim_ui.py -> /home/jack/work/install/hiwin_control/lib/python3.10/site-packages/hiwin_control
[1.340s] byte-compiling /home/jack/work/install/hiwin_control/lib/python3.10/site-packages/hiwin_control/pool_aim_ui.py to pool_aim_ui.cpython-310.pyc
[1.345s] running install_data
[1.345s] copying resource/hiwin_control -> /home/jack/work/install/hiwin_control/share/ament_index/resource_index/packages
[1.345s] copying package.xml -> /home/jack/work/install/hiwin_control/share/hiwin_control
[1.345s] running install_egg_info
[1.366s] removing '/home/jack/work/install/hiwin_control/lib/python3.10/site-packages/hiwin_control-0.0.0-py3.10.egg-info' (and everything under it)
[1.366s] Copying ../../build/hiwin_control/hiwin_control.egg-info to /home/jack/work/install/hiwin_control/lib/python3.10/site-packages/hiwin_control-0.0.0-py3.10.egg-info
[1.368s] running install_scripts
[1.531s] Installing arm_controller script to /home/jack/work/install/hiwin_control/lib/hiwin_control
[1.531s] Installing arm_controller_v2 script to /home/jack/work/install/hiwin_control/lib/hiwin_control
[1.532s] Installing aruco_table_cali script to /home/jack/work/install/hiwin_control/lib/hiwin_control
[1.532s] Installing billiards_planner script to /home/jack/work/install/hiwin_control/lib/hiwin_control
[1.533s] Installing my_pool script to /home/jack/work/install/hiwin_control/lib/hiwin_control
[1.533s] Installing nine_arm_controller script to /home/jack/work/install/hiwin_control/lib/hiwin_control
[1.533s] Installing pool_arm_controller script to /home/jack/work/install/hiwin_control/lib/hiwin_control
[1.533s] Installing rush_arm_controller script to /home/jack/work/install/hiwin_control/lib/hiwin_control
[1.533s] Installing stream_rs script to /home/jack/work/install/hiwin_control/lib/hiwin_control
[1.533s] Installing team_selection script to /home/jack/work/install/hiwin_control/lib/hiwin_control
[1.537s] Installing testbeat_arm_controller script to /home/jack/work/install/hiwin_control/lib/hiwin_control
[1.537s] Installing yyy_arm_controller script to /home/jack/work/install/hiwin_control/lib/hiwin_control
[1.537s] writing list of installed files to '/home/jack/work/build/hiwin_control/install.log'
[1.574s] Invoked command in '/home/jack/work/src/hiwin_control' returned '0': CMAKE_PREFIX_PATH=/home/jack/work/install/detect_interface:/home/jack/work/install/realsense2_description:/home/jack/work/install/realsense2_camera:/home/jack/work/install/realsense2_camera_msgs:/home/jack/work/install/hiwin_service_client:/home/jack/work/install/hiwin_libmodbus:/home/jack/work/install/hiwin_interfaces:/home/jack/work/install/charuco_detector:/home/jack/work/install/charuco_detector_interfaces LD_LIBRARY_PATH=/home/jack/work/install/detect_interface/lib:/home/jack/work/install/realsense2_camera/lib:/home/jack/work/install/realsense2_camera_msgs/lib:/home/jack/work/install/hiwin_libmodbus/lib:/home/jack/work/install/hiwin_interfaces/lib:/home/jack/work/install/charuco_detector/lib:/home/jack/work/install/charuco_detector_interfaces/lib:/opt/ros/humble/opt/rviz_ogre_vendor/lib:/opt/ros/humble/lib/x86_64-linux-gnu:/opt/ros/humble/lib:/usr/local/nvidia/lib:/usr/local/nvidia/lib64 PYTHONPATH=/home/jack/work/build/hiwin_control/prefix_override:/usr/lib/python3/dist-packages/colcon_core/task/python/colcon_distutils_commands:/home/jack/work/install/hiwin_control/lib/python3.10/site-packages:${PYTHONPATH} /usr/bin/python3 -W ignore:setup.py install is deprecated -W ignore:easy_install command is deprecated setup.py egg_info --egg-base ../../build/hiwin_control build --build-base /home/jack/work/build/hiwin_control/build install --record /home/jack/work/build/hiwin_control/install.log --single-version-externally-managed install_data
