[  2%] Built target detect_interface__rs
[ 12%] Built target detect_interface__rosidl_generator_c
[ 15%] Built target detect_interface__cpp
[ 15%] Built target ament_cmake_python_copy_detect_interface
[ 25%] Built target detect_interface__rosidl_typesupport_cpp
[ 45%] Built target detect_interface__rosidl_typesupport_introspection_cpp
[ 45%] Built target detect_interface__rosidl_typesupport_fastrtps_cpp
[ 55%] Built target detect_interface__rosidl_typesupport_c
[ 75%] Built target detect_interface__rosidl_typesupport_introspection_c
[ 75%] Built target detect_interface__rosidl_typesupport_fastrtps_c
[ 75%] Built target detect_interface
[ 77%] Built target detect_interface__py
[ 80%] [32mBuilding C object CMakeFiles/detect_interface__rosidl_generator_py.dir/rosidl_generator_py/detect_interface/msg/_bounding_box_s.c.o[0m
[ 82%] [32mBuilding C object CMakeFiles/detect_interface__rosidl_generator_py.dir/rosidl_generator_py/detect_interface/msg/_detection_results_s.c.o[0m
running egg_info
[01m[K/home/jack/work/build/detect_interface/rosidl_generator_py/detect_interface/msg/_bounding_box_s.c:11:10:[m[K [01;31m[Kfatal error: [m[Knumpy/ndarrayobject.h: No such file or directory
   11 | #include [01;31m[K"numpy/ndarrayobject.h"[m[K
      |          [01;31m[K^~~~~~~~~~~~~~~~~~~~~~~[m[K
compilation terminated.
gmake[2]: *** [CMakeFiles/detect_interface__rosidl_generator_py.dir/build.make:90: CMakeFiles/detect_interface__rosidl_generator_py.dir/rosidl_generator_py/detect_interface/msg/_bounding_box_s.c.o] Error 1
gmake[2]: *** Waiting for unfinished jobs....
[01m[K/home/jack/work/build/detect_interface/rosidl_generator_py/detect_interface/msg/_detection_results_s.c:11:10:[m[K [01;31m[Kfatal error: [m[Knumpy/ndarrayobject.h: No such file or directory
   11 | #include [01;31m[K"numpy/ndarrayobject.h"[m[K
      |          [01;31m[K^~~~~~~~~~~~~~~~~~~~~~~[m[K
compilation terminated.
writing detect_interface.egg-info/PKG-INFO
writing dependency_links to detect_interface.egg-info/dependency_links.txt
writing top-level names to detect_interface.egg-info/top_level.txt
gmake[2]: *** [CMakeFiles/detect_interface__rosidl_generator_py.dir/build.make:76: CMakeFiles/detect_interface__rosidl_generator_py.dir/rosidl_generator_py/detect_interface/msg/_detection_results_s.c.o] Error 1
gmake[1]: *** [CMakeFiles/Makefile2:494: CMakeFiles/detect_interface__rosidl_generator_py.dir/all] Error 2
gmake[1]: *** Waiting for unfinished jobs....
reading manifest file 'detect_interface.egg-info/SOURCES.txt'
writing manifest file 'detect_interface.egg-info/SOURCES.txt'
[ 82%] Built target ament_cmake_python_build_detect_interface_egg
gmake: *** [Makefile:146: all] Error 2
