[0.571s] Invoking command in '/home/jack/work/build/hiwin_control': CMAKE_PREFIX_PATH=/home/jack/work/install/detect_interface:/home/jack/work/install/realsense2_description:/home/jack/work/install/realsense2_camera:/home/jack/work/install/realsense2_camera_msgs:/home/jack/work/install/hiwin_service_client:/home/jack/work/install/hiwin_libmodbus:/home/jack/work/install/hiwin_interfaces LD_LIBRARY_PATH=/home/jack/work/install/detect_interface/lib:/home/jack/work/install/realsense2_camera/lib:/home/jack/work/install/realsense2_camera_msgs/lib:/home/jack/work/install/hiwin_libmodbus/lib:/home/jack/work/install/hiwin_interfaces/lib:/opt/ros/humble/opt/rviz_ogre_vendor/lib:/opt/ros/humble/lib/x86_64-linux-gnu:/opt/ros/humble/lib:/usr/local/nvidia/lib:/usr/local/nvidia/lib64 PYTHONPATH=/home/jack/work/build/hiwin_control/prefix_override:/usr/lib/python3/dist-packages/colcon_core/task/python/colcon_distutils_commands:/home/jack/work/install/hiwin_control/lib/python3.10/site-packages:${PYTHONPATH} /usr/bin/python3 -W ignore:setup.py install is deprecated -W ignore:easy_install command is deprecated setup.py develop --editable --build-directory /home/jack/work/build/hiwin_control/build --no-deps symlink_data --force
[0.772s] running develop
[0.880s] running egg_info
[0.889s] writing hiwin_control.egg-info/PKG-INFO
[0.889s] writing dependency_links to hiwin_control.egg-info/dependency_links.txt
[0.889s] writing entry points to hiwin_control.egg-info/entry_points.txt
[0.889s] writing requirements to hiwin_control.egg-info/requires.txt
[0.889s] writing top-level names to hiwin_control.egg-info/top_level.txt
[0.906s] reading manifest file 'hiwin_control.egg-info/SOURCES.txt'
[0.908s] writing manifest file 'hiwin_control.egg-info/SOURCES.txt'
[0.916s] running build_ext
[0.916s] Creating /home/jack/work/install/hiwin_control/lib/python3.10/site-packages/hiwin-control.egg-link (link to .)
[0.917s] Installing arm_controller script to /home/jack/work/install/hiwin_control/lib/hiwin_control
[0.917s] Installing aruco_table_cali script to /home/jack/work/install/hiwin_control/lib/hiwin_control
[0.917s] Installing nine_arm_controller script to /home/jack/work/install/hiwin_control/lib/hiwin_control
[0.917s] Installing pool_arm_controller script to /home/jack/work/install/hiwin_control/lib/hiwin_control
[0.917s] Installing rush_arm_controller script to /home/jack/work/install/hiwin_control/lib/hiwin_control
[0.917s] Installing stream_rs script to /home/jack/work/install/hiwin_control/lib/hiwin_control
[0.917s] Installing team_selection script to /home/jack/work/install/hiwin_control/lib/hiwin_control
[0.918s] Installing testbeat_arm_controller script to /home/jack/work/install/hiwin_control/lib/hiwin_control
[0.918s] Installing yyy_arm_controller script to /home/jack/work/install/hiwin_control/lib/hiwin_control
[0.918s] 
[0.918s] Installed /home/jack/work/build/hiwin_control
[0.918s] running symlink_data
[0.918s] symbolically linking /home/jack/work/build/hiwin_control/resource/hiwin_control -> /home/jack/work/install/hiwin_control/share/ament_index/resource_index/packages
[0.918s] symbolically linking /home/jack/work/build/hiwin_control/package.xml -> /home/jack/work/install/hiwin_control/share/hiwin_control
[0.942s] Invoked command in '/home/jack/work/build/hiwin_control' returned '0': CMAKE_PREFIX_PATH=/home/jack/work/install/detect_interface:/home/jack/work/install/realsense2_description:/home/jack/work/install/realsense2_camera:/home/jack/work/install/realsense2_camera_msgs:/home/jack/work/install/hiwin_service_client:/home/jack/work/install/hiwin_libmodbus:/home/jack/work/install/hiwin_interfaces LD_LIBRARY_PATH=/home/jack/work/install/detect_interface/lib:/home/jack/work/install/realsense2_camera/lib:/home/jack/work/install/realsense2_camera_msgs/lib:/home/jack/work/install/hiwin_libmodbus/lib:/home/jack/work/install/hiwin_interfaces/lib:/opt/ros/humble/opt/rviz_ogre_vendor/lib:/opt/ros/humble/lib/x86_64-linux-gnu:/opt/ros/humble/lib:/usr/local/nvidia/lib:/usr/local/nvidia/lib64 PYTHONPATH=/home/jack/work/build/hiwin_control/prefix_override:/usr/lib/python3/dist-packages/colcon_core/task/python/colcon_distutils_commands:/home/jack/work/install/hiwin_control/lib/python3.10/site-packages:${PYTHONPATH} /usr/bin/python3 -W ignore:setup.py install is deprecated -W ignore:easy_install command is deprecated setup.py develop --editable --build-directory /home/jack/work/build/hiwin_control/build --no-deps symlink_data --force
