[  3%] [34m[1mGenerating C code for ROS interfaces[0m
[  6%] [34m[1mGenerating Rust code for ROS interfaces[0m
[  9%] [34m[1mGenerating C++ code for ROS interfaces[0m
[  9%] Built target ament_cmake_python_copy_charuco_detector_interfaces
running egg_info
creating charuco_detector_interfaces.egg-info
writing charuco_detector_interfaces.egg-info/PKG-INFO
writing dependency_links to charuco_detector_interfaces.egg-info/dependency_links.txt
writing top-level names to charuco_detector_interfaces.egg-info/top_level.txt
writing manifest file 'charuco_detector_interfaces.egg-info/SOURCES.txt'
[  9%] Built target charuco_detector_interfaces__rs
reading manifest file 'charuco_detector_interfaces.egg-info/SOURCES.txt'
writing manifest file 'charuco_detector_interfaces.egg-info/SOURCES.txt'
[  9%] Built target ament_cmake_python_build_charuco_detector_interfaces_egg
[  9%] Built target charuco_detector_interfaces__cpp
[ 12%] [34m[1mGenerating C++ type support for eProsima Fast-RTPS[0m
[ 15%] [34m[1mGenerating C++ introspection for ROS interfaces[0m
[ 18%] [34m[1mGenerating C++ type support dispatch for ROS interfaces[0m
[ 21%] [32mBuilding C object CMakeFiles/charuco_detector_interfaces__rosidl_generator_c.dir/rosidl_generator_c/charuco_detector_interfaces/srv/detail/eye2base__functions.c.o[0m
[ 25%] [32m[1mLinking C shared library libcharuco_detector_interfaces__rosidl_generator_c.so[0m
[ 25%] Built target charuco_detector_interfaces__rosidl_generator_c
[ 31%] [34m[1mGenerating C introspection for ROS interfaces[0m
[ 31%] [34m[1mGenerating C type support for eProsima Fast-RTPS[0m
[ 34%] [34m[1mGenerating C type support dispatch for ROS interfaces[0m
[ 37%] [32mBuilding CXX object CMakeFiles/charuco_detector_interfaces__rosidl_typesupport_cpp.dir/rosidl_typesupport_cpp/charuco_detector_interfaces/srv/eye2base__type_support.cpp.o[0m
[ 40%] [32mBuilding CXX object CMakeFiles/charuco_detector_interfaces__rosidl_typesupport_introspection_cpp.dir/rosidl_typesupport_introspection_cpp/charuco_detector_interfaces/srv/detail/eye2base__type_support.cpp.o[0m
[ 43%] [32mBuilding CXX object CMakeFiles/charuco_detector_interfaces__rosidl_typesupport_fastrtps_cpp.dir/rosidl_typesupport_fastrtps_cpp/charuco_detector_interfaces/srv/detail/dds_fastrtps/eye2base__type_support.cpp.o[0m
[ 46%] [32mBuilding CXX object CMakeFiles/charuco_detector_interfaces__rosidl_typesupport_c.dir/rosidl_typesupport_c/charuco_detector_interfaces/srv/eye2base__type_support.cpp.o[0m
[ 50%] [32mBuilding C object CMakeFiles/charuco_detector_interfaces__rosidl_typesupport_introspection_c.dir/rosidl_typesupport_introspection_c/charuco_detector_interfaces/srv/detail/eye2base__type_support.c.o[0m
[ 53%] [32m[1mLinking CXX shared library libcharuco_detector_interfaces__rosidl_typesupport_c.so[0m
[ 56%] [32mBuilding CXX object CMakeFiles/charuco_detector_interfaces__rosidl_typesupport_fastrtps_c.dir/rosidl_typesupport_fastrtps_c/charuco_detector_interfaces/srv/detail/eye2base__type_support_c.cpp.o[0m
[ 59%] [32m[1mLinking C shared library libcharuco_detector_interfaces__rosidl_typesupport_introspection_c.so[0m
[ 59%] Built target charuco_detector_interfaces__rosidl_typesupport_c
[ 62%] [32m[1mLinking CXX shared library libcharuco_detector_interfaces__rosidl_typesupport_cpp.so[0m
[ 62%] Built target charuco_detector_interfaces__rosidl_typesupport_introspection_c
[ 62%] Built target charuco_detector_interfaces__rosidl_typesupport_cpp
[ 65%] [32m[1mLinking CXX shared library libcharuco_detector_interfaces__rosidl_typesupport_introspection_cpp.so[0m
[ 65%] Built target charuco_detector_interfaces__rosidl_typesupport_introspection_cpp
[ 68%] [32m[1mLinking CXX shared library libcharuco_detector_interfaces__rosidl_typesupport_fastrtps_c.so[0m
[ 71%] [32m[1mLinking CXX shared library libcharuco_detector_interfaces__rosidl_typesupport_fastrtps_cpp.so[0m
[ 71%] Built target charuco_detector_interfaces__rosidl_typesupport_fastrtps_c
[ 71%] Built target charuco_detector_interfaces__rosidl_typesupport_fastrtps_cpp
[ 71%] Built target charuco_detector_interfaces
[ 75%] [34m[1mGenerating Python code for ROS interfaces[0m
[ 75%] Built target charuco_detector_interfaces__py
[ 78%] [32mBuilding C object CMakeFiles/charuco_detector_interfaces__rosidl_generator_py.dir/rosidl_generator_py/charuco_detector_interfaces/srv/_eye2base_s.c.o[0m
[ 81%] [32m[1mLinking C shared library rosidl_generator_py/charuco_detector_interfaces/libcharuco_detector_interfaces__rosidl_generator_py.so[0m
[ 81%] Built target charuco_detector_interfaces__rosidl_generator_py
[ 84%] [32mBuilding C object CMakeFiles/charuco_detector_interfaces__rosidl_typesupport_introspection_c__pyext.dir/rosidl_generator_py/charuco_detector_interfaces/_charuco_detector_interfaces_s.ep.rosidl_typesupport_introspection_c.c.o[0m
[ 87%] [32mBuilding C object CMakeFiles/charuco_detector_interfaces__rosidl_typesupport_fastrtps_c__pyext.dir/rosidl_generator_py/charuco_detector_interfaces/_charuco_detector_interfaces_s.ep.rosidl_typesupport_fastrtps_c.c.o[0m
[ 90%] [32mBuilding C object CMakeFiles/charuco_detector_interfaces__rosidl_typesupport_c__pyext.dir/rosidl_generator_py/charuco_detector_interfaces/_charuco_detector_interfaces_s.ep.rosidl_typesupport_c.c.o[0m
[ 96%] [32m[1mLinking C shared library rosidl_generator_py/charuco_detector_interfaces/charuco_detector_interfaces_s__rosidl_typesupport_fastrtps_c.cpython-310-x86_64-linux-gnu.so[0m
[ 96%] [32m[1mLinking C shared library rosidl_generator_py/charuco_detector_interfaces/charuco_detector_interfaces_s__rosidl_typesupport_c.cpython-310-x86_64-linux-gnu.so[0m
[100%] [32m[1mLinking C shared library rosidl_generator_py/charuco_detector_interfaces/charuco_detector_interfaces_s__rosidl_typesupport_introspection_c.cpython-310-x86_64-linux-gnu.so[0m
[100%] Built target charuco_detector_interfaces__rosidl_typesupport_fastrtps_c__pyext
[100%] Built target charuco_detector_interfaces__rosidl_typesupport_c__pyext
[100%] Built target charuco_detector_interfaces__rosidl_typesupport_introspection_c__pyext
-- Install configuration: ""
-- Installing: /home/jack/work/install/charuco_detector_interfaces/share/ament_index/resource_index/rosidl_interfaces/charuco_detector_interfaces
-- Installing: /home/jack/work/install/charuco_detector_interfaces/include/charuco_detector_interfaces/charuco_detector_interfaces
-- Installing: /home/jack/work/install/charuco_detector_interfaces/include/charuco_detector_interfaces/charuco_detector_interfaces/msg
-- Installing: /home/jack/work/install/charuco_detector_interfaces/include/charuco_detector_interfaces/charuco_detector_interfaces/msg/rosidl_generator_c__visibility_control.h
-- Installing: /home/jack/work/install/charuco_detector_interfaces/include/charuco_detector_interfaces/charuco_detector_interfaces/srv
-- Installing: /home/jack/work/install/charuco_detector_interfaces/include/charuco_detector_interfaces/charuco_detector_interfaces/srv/eye2base.h
-- Installing: /home/jack/work/install/charuco_detector_interfaces/include/charuco_detector_interfaces/charuco_detector_interfaces/srv/detail
-- Installing: /home/jack/work/install/charuco_detector_interfaces/include/charuco_detector_interfaces/charuco_detector_interfaces/srv/detail/eye2base__type_support.h
-- Installing: /home/jack/work/install/charuco_detector_interfaces/include/charuco_detector_interfaces/charuco_detector_interfaces/srv/detail/eye2base__functions.c
-- Installing: /home/jack/work/install/charuco_detector_interfaces/include/charuco_detector_interfaces/charuco_detector_interfaces/srv/detail/eye2base__struct.h
-- Installing: /home/jack/work/install/charuco_detector_interfaces/include/charuco_detector_interfaces/charuco_detector_interfaces/srv/detail/eye2base__functions.h
-- Installing: /home/jack/work/install/charuco_detector_interfaces/share/charuco_detector_interfaces/environment/library_path.sh
-- Installing: /home/jack/work/install/charuco_detector_interfaces/share/charuco_detector_interfaces/environment/library_path.dsv
-- Installing: /home/jack/work/install/charuco_detector_interfaces/lib/libcharuco_detector_interfaces__rosidl_generator_c.so
-- Set runtime path of "/home/jack/work/install/charuco_detector_interfaces/lib/libcharuco_detector_interfaces__rosidl_generator_c.so" to ""
-- Up-to-date: /home/jack/work/install/charuco_detector_interfaces/include/charuco_detector_interfaces/charuco_detector_interfaces
-- Up-to-date: /home/jack/work/install/charuco_detector_interfaces/include/charuco_detector_interfaces/charuco_detector_interfaces/msg
-- Installing: /home/jack/work/install/charuco_detector_interfaces/include/charuco_detector_interfaces/charuco_detector_interfaces/msg/rosidl_typesupport_fastrtps_c__visibility_control.h
-- Up-to-date: /home/jack/work/install/charuco_detector_interfaces/include/charuco_detector_interfaces/charuco_detector_interfaces/srv
-- Up-to-date: /home/jack/work/install/charuco_detector_interfaces/include/charuco_detector_interfaces/charuco_detector_interfaces/srv/detail
-- Installing: /home/jack/work/install/charuco_detector_interfaces/include/charuco_detector_interfaces/charuco_detector_interfaces/srv/detail/eye2base__rosidl_typesupport_fastrtps_c.h
-- Installing: /home/jack/work/install/charuco_detector_interfaces/lib/libcharuco_detector_interfaces__rosidl_typesupport_fastrtps_c.so
-- Set runtime path of "/home/jack/work/install/charuco_detector_interfaces/lib/libcharuco_detector_interfaces__rosidl_typesupport_fastrtps_c.so" to ""
-- Up-to-date: /home/jack/work/install/charuco_detector_interfaces/include/charuco_detector_interfaces/charuco_detector_interfaces
-- Up-to-date: /home/jack/work/install/charuco_detector_interfaces/include/charuco_detector_interfaces/charuco_detector_interfaces/msg
-- Installing: /home/jack/work/install/charuco_detector_interfaces/include/charuco_detector_interfaces/charuco_detector_interfaces/msg/rosidl_generator_cpp__visibility_control.hpp
-- Up-to-date: /home/jack/work/install/charuco_detector_interfaces/include/charuco_detector_interfaces/charuco_detector_interfaces/srv
-- Up-to-date: /home/jack/work/install/charuco_detector_interfaces/include/charuco_detector_interfaces/charuco_detector_interfaces/srv/detail
-- Installing: /home/jack/work/install/charuco_detector_interfaces/include/charuco_detector_interfaces/charuco_detector_interfaces/srv/detail/eye2base__type_support.hpp
-- Installing: /home/jack/work/install/charuco_detector_interfaces/include/charuco_detector_interfaces/charuco_detector_interfaces/srv/detail/eye2base__struct.hpp
-- Installing: /home/jack/work/install/charuco_detector_interfaces/include/charuco_detector_interfaces/charuco_detector_interfaces/srv/detail/eye2base__builder.hpp
-- Installing: /home/jack/work/install/charuco_detector_interfaces/include/charuco_detector_interfaces/charuco_detector_interfaces/srv/detail/eye2base__traits.hpp
-- Installing: /home/jack/work/install/charuco_detector_interfaces/include/charuco_detector_interfaces/charuco_detector_interfaces/srv/eye2base.hpp
-- Up-to-date: /home/jack/work/install/charuco_detector_interfaces/include/charuco_detector_interfaces/charuco_detector_interfaces
-- Up-to-date: /home/jack/work/install/charuco_detector_interfaces/include/charuco_detector_interfaces/charuco_detector_interfaces/msg
-- Installing: /home/jack/work/install/charuco_detector_interfaces/include/charuco_detector_interfaces/charuco_detector_interfaces/msg/rosidl_typesupport_fastrtps_cpp__visibility_control.h
-- Up-to-date: /home/jack/work/install/charuco_detector_interfaces/include/charuco_detector_interfaces/charuco_detector_interfaces/srv
-- Up-to-date: /home/jack/work/install/charuco_detector_interfaces/include/charuco_detector_interfaces/charuco_detector_interfaces/srv/detail
-- Installing: /home/jack/work/install/charuco_detector_interfaces/include/charuco_detector_interfaces/charuco_detector_interfaces/srv/detail/eye2base__rosidl_typesupport_fastrtps_cpp.hpp
-- Installing: /home/jack/work/install/charuco_detector_interfaces/include/charuco_detector_interfaces/charuco_detector_interfaces/srv/detail/dds_fastrtps
-- Installing: /home/jack/work/install/charuco_detector_interfaces/lib/libcharuco_detector_interfaces__rosidl_typesupport_fastrtps_cpp.so
-- Set runtime path of "/home/jack/work/install/charuco_detector_interfaces/lib/libcharuco_detector_interfaces__rosidl_typesupport_fastrtps_cpp.so" to ""
-- Up-to-date: /home/jack/work/install/charuco_detector_interfaces/include/charuco_detector_interfaces/charuco_detector_interfaces
-- Up-to-date: /home/jack/work/install/charuco_detector_interfaces/include/charuco_detector_interfaces/charuco_detector_interfaces/msg
-- Installing: /home/jack/work/install/charuco_detector_interfaces/include/charuco_detector_interfaces/charuco_detector_interfaces/msg/rosidl_typesupport_introspection_c__visibility_control.h
-- Up-to-date: /home/jack/work/install/charuco_detector_interfaces/include/charuco_detector_interfaces/charuco_detector_interfaces/srv
-- Up-to-date: /home/jack/work/install/charuco_detector_interfaces/include/charuco_detector_interfaces/charuco_detector_interfaces/srv/detail
-- Installing: /home/jack/work/install/charuco_detector_interfaces/include/charuco_detector_interfaces/charuco_detector_interfaces/srv/detail/eye2base__type_support.c
-- Installing: /home/jack/work/install/charuco_detector_interfaces/include/charuco_detector_interfaces/charuco_detector_interfaces/srv/detail/eye2base__rosidl_typesupport_introspection_c.h
-- Installing: /home/jack/work/install/charuco_detector_interfaces/lib/libcharuco_detector_interfaces__rosidl_typesupport_introspection_c.so
-- Set runtime path of "/home/jack/work/install/charuco_detector_interfaces/lib/libcharuco_detector_interfaces__rosidl_typesupport_introspection_c.so" to ""
-- Installing: /home/jack/work/install/charuco_detector_interfaces/lib/libcharuco_detector_interfaces__rosidl_typesupport_c.so
-- Set runtime path of "/home/jack/work/install/charuco_detector_interfaces/lib/libcharuco_detector_interfaces__rosidl_typesupport_c.so" to ""
-- Up-to-date: /home/jack/work/install/charuco_detector_interfaces/include/charuco_detector_interfaces/charuco_detector_interfaces
-- Up-to-date: /home/jack/work/install/charuco_detector_interfaces/include/charuco_detector_interfaces/charuco_detector_interfaces/srv
-- Up-to-date: /home/jack/work/install/charuco_detector_interfaces/include/charuco_detector_interfaces/charuco_detector_interfaces/srv/detail
-- Installing: /home/jack/work/install/charuco_detector_interfaces/include/charuco_detector_interfaces/charuco_detector_interfaces/srv/detail/eye2base__rosidl_typesupport_introspection_cpp.hpp
-- Installing: /home/jack/work/install/charuco_detector_interfaces/include/charuco_detector_interfaces/charuco_detector_interfaces/srv/detail/eye2base__type_support.cpp
-- Installing: /home/jack/work/install/charuco_detector_interfaces/lib/libcharuco_detector_interfaces__rosidl_typesupport_introspection_cpp.so
-- Set runtime path of "/home/jack/work/install/charuco_detector_interfaces/lib/libcharuco_detector_interfaces__rosidl_typesupport_introspection_cpp.so" to ""
-- Installing: /home/jack/work/install/charuco_detector_interfaces/lib/libcharuco_detector_interfaces__rosidl_typesupport_cpp.so
-- Set runtime path of "/home/jack/work/install/charuco_detector_interfaces/lib/libcharuco_detector_interfaces__rosidl_typesupport_cpp.so" to ""
-- Installing: /home/jack/work/install/charuco_detector_interfaces/share/charuco_detector_interfaces/environment/pythonpath.sh
-- Installing: /home/jack/work/install/charuco_detector_interfaces/share/charuco_detector_interfaces/environment/pythonpath.dsv
-- Installing: /home/jack/work/install/charuco_detector_interfaces/local/lib/python3.10/dist-packages/charuco_detector_interfaces-0.0.0-py3.10.egg-info
-- Installing: /home/jack/work/install/charuco_detector_interfaces/local/lib/python3.10/dist-packages/charuco_detector_interfaces-0.0.0-py3.10.egg-info/top_level.txt
-- Installing: /home/jack/work/install/charuco_detector_interfaces/local/lib/python3.10/dist-packages/charuco_detector_interfaces-0.0.0-py3.10.egg-info/PKG-INFO
-- Installing: /home/jack/work/install/charuco_detector_interfaces/local/lib/python3.10/dist-packages/charuco_detector_interfaces-0.0.0-py3.10.egg-info/dependency_links.txt
-- Installing: /home/jack/work/install/charuco_detector_interfaces/local/lib/python3.10/dist-packages/charuco_detector_interfaces-0.0.0-py3.10.egg-info/SOURCES.txt
-- Installing: /home/jack/work/install/charuco_detector_interfaces/local/lib/python3.10/dist-packages/charuco_detector_interfaces
-- Installing: /home/jack/work/install/charuco_detector_interfaces/local/lib/python3.10/dist-packages/charuco_detector_interfaces/__init__.py
-- Installing: /home/jack/work/install/charuco_detector_interfaces/local/lib/python3.10/dist-packages/charuco_detector_interfaces/_charuco_detector_interfaces_s.ep.rosidl_typesupport_fastrtps_c.c
-- Installing: /home/jack/work/install/charuco_detector_interfaces/local/lib/python3.10/dist-packages/charuco_detector_interfaces/_charuco_detector_interfaces_s.ep.rosidl_typesupport_c.c
-- Installing: /home/jack/work/install/charuco_detector_interfaces/local/lib/python3.10/dist-packages/charuco_detector_interfaces/charuco_detector_interfaces_s__rosidl_typesupport_c.cpython-310-x86_64-linux-gnu.so
-- Installing: /home/jack/work/install/charuco_detector_interfaces/local/lib/python3.10/dist-packages/charuco_detector_interfaces/_charuco_detector_interfaces_s.ep.rosidl_typesupport_introspection_c.c
-- Installing: /home/jack/work/install/charuco_detector_interfaces/local/lib/python3.10/dist-packages/charuco_detector_interfaces/libcharuco_detector_interfaces__rosidl_generator_py.so
-- Installing: /home/jack/work/install/charuco_detector_interfaces/local/lib/python3.10/dist-packages/charuco_detector_interfaces/srv
-- Installing: /home/jack/work/install/charuco_detector_interfaces/local/lib/python3.10/dist-packages/charuco_detector_interfaces/srv/__init__.py
-- Installing: /home/jack/work/install/charuco_detector_interfaces/local/lib/python3.10/dist-packages/charuco_detector_interfaces/srv/_eye2base.py
-- Installing: /home/jack/work/install/charuco_detector_interfaces/local/lib/python3.10/dist-packages/charuco_detector_interfaces/srv/_eye2base_s.c
-- Installing: /home/jack/work/install/charuco_detector_interfaces/local/lib/python3.10/dist-packages/charuco_detector_interfaces/charuco_detector_interfaces_s__rosidl_typesupport_fastrtps_c.cpython-310-x86_64-linux-gnu.so
-- Installing: /home/jack/work/install/charuco_detector_interfaces/local/lib/python3.10/dist-packages/charuco_detector_interfaces/charuco_detector_interfaces_s__rosidl_typesupport_introspection_c.cpython-310-x86_64-linux-gnu.so
Listing '/home/jack/work/install/charuco_detector_interfaces/local/lib/python3.10/dist-packages/charuco_detector_interfaces'...
Compiling '/home/jack/work/install/charuco_detector_interfaces/local/lib/python3.10/dist-packages/charuco_detector_interfaces/__init__.py'...
Listing '/home/jack/work/install/charuco_detector_interfaces/local/lib/python3.10/dist-packages/charuco_detector_interfaces/srv'...
Compiling '/home/jack/work/install/charuco_detector_interfaces/local/lib/python3.10/dist-packages/charuco_detector_interfaces/srv/__init__.py'...
Compiling '/home/jack/work/install/charuco_detector_interfaces/local/lib/python3.10/dist-packages/charuco_detector_interfaces/srv/_eye2base.py'...
-- Installing: /home/jack/work/install/charuco_detector_interfaces/local/lib/python3.10/dist-packages/charuco_detector_interfaces/charuco_detector_interfaces_s__rosidl_typesupport_fastrtps_c.cpython-310-x86_64-linux-gnu.so
-- Set runtime path of "/home/jack/work/install/charuco_detector_interfaces/local/lib/python3.10/dist-packages/charuco_detector_interfaces/charuco_detector_interfaces_s__rosidl_typesupport_fastrtps_c.cpython-310-x86_64-linux-gnu.so" to ""
-- Installing: /home/jack/work/install/charuco_detector_interfaces/local/lib/python3.10/dist-packages/charuco_detector_interfaces/charuco_detector_interfaces_s__rosidl_typesupport_introspection_c.cpython-310-x86_64-linux-gnu.so
-- Set runtime path of "/home/jack/work/install/charuco_detector_interfaces/local/lib/python3.10/dist-packages/charuco_detector_interfaces/charuco_detector_interfaces_s__rosidl_typesupport_introspection_c.cpython-310-x86_64-linux-gnu.so" to ""
-- Installing: /home/jack/work/install/charuco_detector_interfaces/local/lib/python3.10/dist-packages/charuco_detector_interfaces/charuco_detector_interfaces_s__rosidl_typesupport_c.cpython-310-x86_64-linux-gnu.so
-- Set runtime path of "/home/jack/work/install/charuco_detector_interfaces/local/lib/python3.10/dist-packages/charuco_detector_interfaces/charuco_detector_interfaces_s__rosidl_typesupport_c.cpython-310-x86_64-linux-gnu.so" to ""
-- Installing: /home/jack/work/install/charuco_detector_interfaces/lib/libcharuco_detector_interfaces__rosidl_generator_py.so
-- Set runtime path of "/home/jack/work/install/charuco_detector_interfaces/lib/libcharuco_detector_interfaces__rosidl_generator_py.so" to ""
-- Installing: /home/jack/work/install/charuco_detector_interfaces/share/ament_index/resource_index/rust_packages/charuco_detector_interfaces
-- Installing: /home/jack/work/install/charuco_detector_interfaces/share/charuco_detector_interfaces/rust
-- Installing: /home/jack/work/install/charuco_detector_interfaces/share/charuco_detector_interfaces/rust/Cargo.toml
-- Installing: /home/jack/work/install/charuco_detector_interfaces/share/charuco_detector_interfaces/rust/src
-- Installing: /home/jack/work/install/charuco_detector_interfaces/share/charuco_detector_interfaces/rust/src/srv
-- Installing: /home/jack/work/install/charuco_detector_interfaces/share/charuco_detector_interfaces/rust/src/srv/rmw.rs
-- Installing: /home/jack/work/install/charuco_detector_interfaces/share/charuco_detector_interfaces/rust/src/srv.rs
-- Installing: /home/jack/work/install/charuco_detector_interfaces/share/charuco_detector_interfaces/rust/src/lib.rs
-- Installing: /home/jack/work/install/charuco_detector_interfaces/share/charuco_detector_interfaces/rust/build.rs
-- Installing: /home/jack/work/install/charuco_detector_interfaces/share/charuco_detector_interfaces/srv/Eye2base.idl
-- Installing: /home/jack/work/install/charuco_detector_interfaces/share/charuco_detector_interfaces/srv/Eye2base.srv
-- Installing: /home/jack/work/install/charuco_detector_interfaces/share/charuco_detector_interfaces/srv/Eye2base_Request.msg
-- Installing: /home/jack/work/install/charuco_detector_interfaces/share/charuco_detector_interfaces/srv/Eye2base_Response.msg
-- Installing: /home/jack/work/install/charuco_detector_interfaces/share/ament_index/resource_index/package_run_dependencies/charuco_detector_interfaces
-- Installing: /home/jack/work/install/charuco_detector_interfaces/share/ament_index/resource_index/parent_prefix_path/charuco_detector_interfaces
-- Installing: /home/jack/work/install/charuco_detector_interfaces/share/charuco_detector_interfaces/environment/ament_prefix_path.sh
-- Installing: /home/jack/work/install/charuco_detector_interfaces/share/charuco_detector_interfaces/environment/ament_prefix_path.dsv
-- Installing: /home/jack/work/install/charuco_detector_interfaces/share/charuco_detector_interfaces/environment/path.sh
-- Installing: /home/jack/work/install/charuco_detector_interfaces/share/charuco_detector_interfaces/environment/path.dsv
-- Installing: /home/jack/work/install/charuco_detector_interfaces/share/charuco_detector_interfaces/local_setup.bash
-- Installing: /home/jack/work/install/charuco_detector_interfaces/share/charuco_detector_interfaces/local_setup.sh
-- Installing: /home/jack/work/install/charuco_detector_interfaces/share/charuco_detector_interfaces/local_setup.zsh
-- Installing: /home/jack/work/install/charuco_detector_interfaces/share/charuco_detector_interfaces/local_setup.dsv
-- Installing: /home/jack/work/install/charuco_detector_interfaces/share/charuco_detector_interfaces/package.dsv
-- Installing: /home/jack/work/install/charuco_detector_interfaces/share/ament_index/resource_index/packages/charuco_detector_interfaces
-- Installing: /home/jack/work/install/charuco_detector_interfaces/share/charuco_detector_interfaces/cmake/export_charuco_detector_interfaces__rosidl_generator_cExport.cmake
-- Installing: /home/jack/work/install/charuco_detector_interfaces/share/charuco_detector_interfaces/cmake/export_charuco_detector_interfaces__rosidl_generator_cExport-noconfig.cmake
-- Installing: /home/jack/work/install/charuco_detector_interfaces/share/charuco_detector_interfaces/cmake/export_charuco_detector_interfaces__rosidl_typesupport_fastrtps_cExport.cmake
-- Installing: /home/jack/work/install/charuco_detector_interfaces/share/charuco_detector_interfaces/cmake/export_charuco_detector_interfaces__rosidl_typesupport_fastrtps_cExport-noconfig.cmake
-- Installing: /home/jack/work/install/charuco_detector_interfaces/share/charuco_detector_interfaces/cmake/export_charuco_detector_interfaces__rosidl_generator_cppExport.cmake
-- Installing: /home/jack/work/install/charuco_detector_interfaces/share/charuco_detector_interfaces/cmake/export_charuco_detector_interfaces__rosidl_typesupport_fastrtps_cppExport.cmake
-- Installing: /home/jack/work/install/charuco_detector_interfaces/share/charuco_detector_interfaces/cmake/export_charuco_detector_interfaces__rosidl_typesupport_fastrtps_cppExport-noconfig.cmake
-- Installing: /home/jack/work/install/charuco_detector_interfaces/share/charuco_detector_interfaces/cmake/charuco_detector_interfaces__rosidl_typesupport_introspection_cExport.cmake
-- Installing: /home/jack/work/install/charuco_detector_interfaces/share/charuco_detector_interfaces/cmake/charuco_detector_interfaces__rosidl_typesupport_introspection_cExport-noconfig.cmake
-- Installing: /home/jack/work/install/charuco_detector_interfaces/share/charuco_detector_interfaces/cmake/charuco_detector_interfaces__rosidl_typesupport_cExport.cmake
-- Installing: /home/jack/work/install/charuco_detector_interfaces/share/charuco_detector_interfaces/cmake/charuco_detector_interfaces__rosidl_typesupport_cExport-noconfig.cmake
-- Installing: /home/jack/work/install/charuco_detector_interfaces/share/charuco_detector_interfaces/cmake/charuco_detector_interfaces__rosidl_typesupport_introspection_cppExport.cmake
-- Installing: /home/jack/work/install/charuco_detector_interfaces/share/charuco_detector_interfaces/cmake/charuco_detector_interfaces__rosidl_typesupport_introspection_cppExport-noconfig.cmake
-- Installing: /home/jack/work/install/charuco_detector_interfaces/share/charuco_detector_interfaces/cmake/charuco_detector_interfaces__rosidl_typesupport_cppExport.cmake
-- Installing: /home/jack/work/install/charuco_detector_interfaces/share/charuco_detector_interfaces/cmake/charuco_detector_interfaces__rosidl_typesupport_cppExport-noconfig.cmake
-- Installing: /home/jack/work/install/charuco_detector_interfaces/share/charuco_detector_interfaces/cmake/export_charuco_detector_interfaces__rosidl_generator_pyExport.cmake
-- Installing: /home/jack/work/install/charuco_detector_interfaces/share/charuco_detector_interfaces/cmake/export_charuco_detector_interfaces__rosidl_generator_pyExport-noconfig.cmake
-- Installing: /home/jack/work/install/charuco_detector_interfaces/share/charuco_detector_interfaces/cmake/rosidl_cmake-extras.cmake
-- Installing: /home/jack/work/install/charuco_detector_interfaces/share/charuco_detector_interfaces/cmake/ament_cmake_export_dependencies-extras.cmake
-- Installing: /home/jack/work/install/charuco_detector_interfaces/share/charuco_detector_interfaces/cmake/ament_cmake_export_include_directories-extras.cmake
-- Installing: /home/jack/work/install/charuco_detector_interfaces/share/charuco_detector_interfaces/cmake/ament_cmake_export_libraries-extras.cmake
-- Installing: /home/jack/work/install/charuco_detector_interfaces/share/charuco_detector_interfaces/cmake/ament_cmake_export_targets-extras.cmake
-- Installing: /home/jack/work/install/charuco_detector_interfaces/share/charuco_detector_interfaces/cmake/rosidl_cmake_export_typesupport_targets-extras.cmake
-- Installing: /home/jack/work/install/charuco_detector_interfaces/share/charuco_detector_interfaces/cmake/rosidl_cmake_export_typesupport_libraries-extras.cmake
-- Installing: /home/jack/work/install/charuco_detector_interfaces/share/charuco_detector_interfaces/cmake/charuco_detector_interfacesConfig.cmake
-- Installing: /home/jack/work/install/charuco_detector_interfaces/share/charuco_detector_interfaces/cmake/charuco_detector_interfacesConfig-version.cmake
-- Installing: /home/jack/work/install/charuco_detector_interfaces/share/charuco_detector_interfaces/package.xml
