[0.008s] Invoking command in '/home/jack/work/build/charuco_detector_interfaces': CMAKE_PREFIX_PATH=${CMAKE_PREFIX_PATH}:/home/jack/work/install/yolov7_obj_detect:/home/jack/work/install/hiwin_example:/home/jack/work/install/hiwin_control:/home/jack/work/install/center:/opt/ros/humble /usr/bin/cmake --build /home/jack/work/build/charuco_detector_interfaces -- -j16 -l16
[0.045s] [  3%] [34m[1mGenerating C code for ROS interfaces[0m
[0.051s] [  6%] [34m[1mGenerating Rust code for ROS interfaces[0m
[0.053s] [  9%] [34m[1mGenerating C++ code for ROS interfaces[0m
[0.059s] [  9%] Built target ament_cmake_python_copy_charuco_detector_interfaces
[0.219s] running egg_info
[0.219s] creating charuco_detector_interfaces.egg-info
[0.229s] writing charuco_detector_interfaces.egg-info/PKG-INFO
[0.229s] writing dependency_links to charuco_detector_interfaces.egg-info/dependency_links.txt
[0.229s] writing top-level names to charuco_detector_interfaces.egg-info/top_level.txt
[0.229s] writing manifest file 'charuco_detector_interfaces.egg-info/SOURCES.txt'
[0.255s] [  9%] Built target charuco_detector_interfaces__rs
[0.260s] reading manifest file 'charuco_detector_interfaces.egg-info/SOURCES.txt'
[0.261s] writing manifest file 'charuco_detector_interfaces.egg-info/SOURCES.txt'
[0.288s] [  9%] Built target ament_cmake_python_build_charuco_detector_interfaces_egg
[0.290s] [  9%] Built target charuco_detector_interfaces__cpp
[0.298s] [ 12%] [34m[1mGenerating C++ type support for eProsima Fast-RTPS[0m
[0.298s] [ 15%] [34m[1mGenerating C++ introspection for ROS interfaces[0m
[0.300s] [ 18%] [34m[1mGenerating C++ type support dispatch for ROS interfaces[0m
[0.322s] [ 21%] [32mBuilding C object CMakeFiles/charuco_detector_interfaces__rosidl_generator_c.dir/rosidl_generator_c/charuco_detector_interfaces/srv/detail/eye2base__functions.c.o[0m
[0.381s] [ 25%] [32m[1mLinking C shared library libcharuco_detector_interfaces__rosidl_generator_c.so[0m
[0.426s] [ 25%] Built target charuco_detector_interfaces__rosidl_generator_c
[0.436s] [ 31%] [34m[1mGenerating C introspection for ROS interfaces[0m
[0.436s] [ 31%] [34m[1mGenerating C type support for eProsima Fast-RTPS[0m
[0.438s] [ 34%] [34m[1mGenerating C type support dispatch for ROS interfaces[0m
[0.503s] [ 37%] [32mBuilding CXX object CMakeFiles/charuco_detector_interfaces__rosidl_typesupport_cpp.dir/rosidl_typesupport_cpp/charuco_detector_interfaces/srv/eye2base__type_support.cpp.o[0m
[0.539s] [ 40%] [32mBuilding CXX object CMakeFiles/charuco_detector_interfaces__rosidl_typesupport_introspection_cpp.dir/rosidl_typesupport_introspection_cpp/charuco_detector_interfaces/srv/detail/eye2base__type_support.cpp.o[0m
[0.600s] [ 43%] [32mBuilding CXX object CMakeFiles/charuco_detector_interfaces__rosidl_typesupport_fastrtps_cpp.dir/rosidl_typesupport_fastrtps_cpp/charuco_detector_interfaces/srv/detail/dds_fastrtps/eye2base__type_support.cpp.o[0m
[0.652s] [ 46%] [32mBuilding CXX object CMakeFiles/charuco_detector_interfaces__rosidl_typesupport_c.dir/rosidl_typesupport_c/charuco_detector_interfaces/srv/eye2base__type_support.cpp.o[0m
[0.668s] [ 50%] [32mBuilding C object CMakeFiles/charuco_detector_interfaces__rosidl_typesupport_introspection_c.dir/rosidl_typesupport_introspection_c/charuco_detector_interfaces/srv/detail/eye2base__type_support.c.o[0m
[0.680s] [ 53%] [32m[1mLinking CXX shared library libcharuco_detector_interfaces__rosidl_typesupport_c.so[0m
[0.686s] [ 56%] [32mBuilding CXX object CMakeFiles/charuco_detector_interfaces__rosidl_typesupport_fastrtps_c.dir/rosidl_typesupport_fastrtps_c/charuco_detector_interfaces/srv/detail/eye2base__type_support_c.cpp.o[0m
[0.722s] [ 59%] [32m[1mLinking C shared library libcharuco_detector_interfaces__rosidl_typesupport_introspection_c.so[0m
[0.725s] [ 59%] Built target charuco_detector_interfaces__rosidl_typesupport_c
[0.742s] [ 62%] [32m[1mLinking CXX shared library libcharuco_detector_interfaces__rosidl_typesupport_cpp.so[0m
[0.756s] [ 62%] Built target charuco_detector_interfaces__rosidl_typesupport_introspection_c
[0.790s] [ 62%] Built target charuco_detector_interfaces__rosidl_typesupport_cpp
[0.866s] [ 65%] [32m[1mLinking CXX shared library libcharuco_detector_interfaces__rosidl_typesupport_introspection_cpp.so[0m
[0.930s] [ 65%] Built target charuco_detector_interfaces__rosidl_typesupport_introspection_cpp
[0.951s] [ 68%] [32m[1mLinking CXX shared library libcharuco_detector_interfaces__rosidl_typesupport_fastrtps_c.so[0m
[0.967s] [ 71%] [32m[1mLinking CXX shared library libcharuco_detector_interfaces__rosidl_typesupport_fastrtps_cpp.so[0m
[1.013s] [ 71%] Built target charuco_detector_interfaces__rosidl_typesupport_fastrtps_c
[1.024s] [ 71%] Built target charuco_detector_interfaces__rosidl_typesupport_fastrtps_cpp
[1.041s] [ 71%] Built target charuco_detector_interfaces
[1.059s] [ 75%] [34m[1mGenerating Python code for ROS interfaces[0m
[1.316s] [ 75%] Built target charuco_detector_interfaces__py
[1.335s] [ 78%] [32mBuilding C object CMakeFiles/charuco_detector_interfaces__rosidl_generator_py.dir/rosidl_generator_py/charuco_detector_interfaces/srv/_eye2base_s.c.o[0m
[1.418s] [ 81%] [32m[1mLinking C shared library rosidl_generator_py/charuco_detector_interfaces/libcharuco_detector_interfaces__rosidl_generator_py.so[0m
[1.454s] [ 81%] Built target charuco_detector_interfaces__rosidl_generator_py
[1.472s] [ 84%] [32mBuilding C object CMakeFiles/charuco_detector_interfaces__rosidl_typesupport_introspection_c__pyext.dir/rosidl_generator_py/charuco_detector_interfaces/_charuco_detector_interfaces_s.ep.rosidl_typesupport_introspection_c.c.o[0m
[1.472s] [ 87%] [32mBuilding C object CMakeFiles/charuco_detector_interfaces__rosidl_typesupport_fastrtps_c__pyext.dir/rosidl_generator_py/charuco_detector_interfaces/_charuco_detector_interfaces_s.ep.rosidl_typesupport_fastrtps_c.c.o[0m
[1.472s] [ 90%] [32mBuilding C object CMakeFiles/charuco_detector_interfaces__rosidl_typesupport_c__pyext.dir/rosidl_generator_py/charuco_detector_interfaces/_charuco_detector_interfaces_s.ep.rosidl_typesupport_c.c.o[0m
[1.548s] [ 96%] [32m[1mLinking C shared library rosidl_generator_py/charuco_detector_interfaces/charuco_detector_interfaces_s__rosidl_typesupport_fastrtps_c.cpython-310-x86_64-linux-gnu.so[0m
[1.548s] [ 96%] [32m[1mLinking C shared library rosidl_generator_py/charuco_detector_interfaces/charuco_detector_interfaces_s__rosidl_typesupport_c.cpython-310-x86_64-linux-gnu.so[0m
[1.560s] [100%] [32m[1mLinking C shared library rosidl_generator_py/charuco_detector_interfaces/charuco_detector_interfaces_s__rosidl_typesupport_introspection_c.cpython-310-x86_64-linux-gnu.so[0m
[1.586s] [100%] Built target charuco_detector_interfaces__rosidl_typesupport_fastrtps_c__pyext
[1.586s] [100%] Built target charuco_detector_interfaces__rosidl_typesupport_c__pyext
[1.593s] [100%] Built target charuco_detector_interfaces__rosidl_typesupport_introspection_c__pyext
[1.601s] Invoked command in '/home/jack/work/build/charuco_detector_interfaces' returned '0': CMAKE_PREFIX_PATH=${CMAKE_PREFIX_PATH}:/home/jack/work/install/yolov7_obj_detect:/home/jack/work/install/hiwin_example:/home/jack/work/install/hiwin_control:/home/jack/work/install/center:/opt/ros/humble /usr/bin/cmake --build /home/jack/work/build/charuco_detector_interfaces -- -j16 -l16
[1.608s] Invoking command in '/home/jack/work/build/charuco_detector_interfaces': CMAKE_PREFIX_PATH=${CMAKE_PREFIX_PATH}:/home/jack/work/install/yolov7_obj_detect:/home/jack/work/install/hiwin_example:/home/jack/work/install/hiwin_control:/home/jack/work/install/center:/opt/ros/humble /usr/bin/cmake --install /home/jack/work/build/charuco_detector_interfaces
[1.614s] -- Install configuration: ""
[1.614s] -- Installing: /home/jack/work/install/charuco_detector_interfaces/share/ament_index/resource_index/rosidl_interfaces/charuco_detector_interfaces
[1.614s] -- Installing: /home/jack/work/install/charuco_detector_interfaces/include/charuco_detector_interfaces/charuco_detector_interfaces
[1.614s] -- Installing: /home/jack/work/install/charuco_detector_interfaces/include/charuco_detector_interfaces/charuco_detector_interfaces/msg
[1.614s] -- Installing: /home/jack/work/install/charuco_detector_interfaces/include/charuco_detector_interfaces/charuco_detector_interfaces/msg/rosidl_generator_c__visibility_control.h
[1.614s] -- Installing: /home/jack/work/install/charuco_detector_interfaces/include/charuco_detector_interfaces/charuco_detector_interfaces/srv
[1.614s] -- Installing: /home/jack/work/install/charuco_detector_interfaces/include/charuco_detector_interfaces/charuco_detector_interfaces/srv/eye2base.h
[1.614s] -- Installing: /home/jack/work/install/charuco_detector_interfaces/include/charuco_detector_interfaces/charuco_detector_interfaces/srv/detail
[1.614s] -- Installing: /home/jack/work/install/charuco_detector_interfaces/include/charuco_detector_interfaces/charuco_detector_interfaces/srv/detail/eye2base__type_support.h
[1.614s] -- Installing: /home/jack/work/install/charuco_detector_interfaces/include/charuco_detector_interfaces/charuco_detector_interfaces/srv/detail/eye2base__functions.c
[1.614s] -- Installing: /home/jack/work/install/charuco_detector_interfaces/include/charuco_detector_interfaces/charuco_detector_interfaces/srv/detail/eye2base__struct.h
[1.614s] -- Installing: /home/jack/work/install/charuco_detector_interfaces/include/charuco_detector_interfaces/charuco_detector_interfaces/srv/detail/eye2base__functions.h
[1.614s] -- Installing: /home/jack/work/install/charuco_detector_interfaces/share/charuco_detector_interfaces/environment/library_path.sh
[1.614s] -- Installing: /home/jack/work/install/charuco_detector_interfaces/share/charuco_detector_interfaces/environment/library_path.dsv
[1.614s] -- Installing: /home/jack/work/install/charuco_detector_interfaces/lib/libcharuco_detector_interfaces__rosidl_generator_c.so
[1.614s] -- Set runtime path of "/home/jack/work/install/charuco_detector_interfaces/lib/libcharuco_detector_interfaces__rosidl_generator_c.so" to ""
[1.615s] -- Up-to-date: /home/jack/work/install/charuco_detector_interfaces/include/charuco_detector_interfaces/charuco_detector_interfaces
[1.615s] -- Up-to-date: /home/jack/work/install/charuco_detector_interfaces/include/charuco_detector_interfaces/charuco_detector_interfaces/msg
[1.615s] -- Installing: /home/jack/work/install/charuco_detector_interfaces/include/charuco_detector_interfaces/charuco_detector_interfaces/msg/rosidl_typesupport_fastrtps_c__visibility_control.h
[1.615s] -- Up-to-date: /home/jack/work/install/charuco_detector_interfaces/include/charuco_detector_interfaces/charuco_detector_interfaces/srv
[1.615s] -- Up-to-date: /home/jack/work/install/charuco_detector_interfaces/include/charuco_detector_interfaces/charuco_detector_interfaces/srv/detail
[1.615s] -- Installing: /home/jack/work/install/charuco_detector_interfaces/include/charuco_detector_interfaces/charuco_detector_interfaces/srv/detail/eye2base__rosidl_typesupport_fastrtps_c.h
[1.615s] -- Installing: /home/jack/work/install/charuco_detector_interfaces/lib/libcharuco_detector_interfaces__rosidl_typesupport_fastrtps_c.so
[1.615s] -- Set runtime path of "/home/jack/work/install/charuco_detector_interfaces/lib/libcharuco_detector_interfaces__rosidl_typesupport_fastrtps_c.so" to ""
[1.615s] -- Up-to-date: /home/jack/work/install/charuco_detector_interfaces/include/charuco_detector_interfaces/charuco_detector_interfaces
[1.615s] -- Up-to-date: /home/jack/work/install/charuco_detector_interfaces/include/charuco_detector_interfaces/charuco_detector_interfaces/msg
[1.615s] -- Installing: /home/jack/work/install/charuco_detector_interfaces/include/charuco_detector_interfaces/charuco_detector_interfaces/msg/rosidl_generator_cpp__visibility_control.hpp
[1.615s] -- Up-to-date: /home/jack/work/install/charuco_detector_interfaces/include/charuco_detector_interfaces/charuco_detector_interfaces/srv
[1.615s] -- Up-to-date: /home/jack/work/install/charuco_detector_interfaces/include/charuco_detector_interfaces/charuco_detector_interfaces/srv/detail
[1.615s] -- Installing: /home/jack/work/install/charuco_detector_interfaces/include/charuco_detector_interfaces/charuco_detector_interfaces/srv/detail/eye2base__type_support.hpp
[1.615s] -- Installing: /home/jack/work/install/charuco_detector_interfaces/include/charuco_detector_interfaces/charuco_detector_interfaces/srv/detail/eye2base__struct.hpp
[1.615s] -- Installing: /home/jack/work/install/charuco_detector_interfaces/include/charuco_detector_interfaces/charuco_detector_interfaces/srv/detail/eye2base__builder.hpp
[1.615s] -- Installing: /home/jack/work/install/charuco_detector_interfaces/include/charuco_detector_interfaces/charuco_detector_interfaces/srv/detail/eye2base__traits.hpp
[1.615s] -- Installing: /home/jack/work/install/charuco_detector_interfaces/include/charuco_detector_interfaces/charuco_detector_interfaces/srv/eye2base.hpp
[1.615s] -- Up-to-date: /home/jack/work/install/charuco_detector_interfaces/include/charuco_detector_interfaces/charuco_detector_interfaces
[1.615s] -- Up-to-date: /home/jack/work/install/charuco_detector_interfaces/include/charuco_detector_interfaces/charuco_detector_interfaces/msg
[1.615s] -- Installing: /home/jack/work/install/charuco_detector_interfaces/include/charuco_detector_interfaces/charuco_detector_interfaces/msg/rosidl_typesupport_fastrtps_cpp__visibility_control.h
[1.615s] -- Up-to-date: /home/jack/work/install/charuco_detector_interfaces/include/charuco_detector_interfaces/charuco_detector_interfaces/srv
[1.615s] -- Up-to-date: /home/jack/work/install/charuco_detector_interfaces/include/charuco_detector_interfaces/charuco_detector_interfaces/srv/detail
[1.615s] -- Installing: /home/jack/work/install/charuco_detector_interfaces/include/charuco_detector_interfaces/charuco_detector_interfaces/srv/detail/eye2base__rosidl_typesupport_fastrtps_cpp.hpp
[1.616s] -- Installing: /home/jack/work/install/charuco_detector_interfaces/include/charuco_detector_interfaces/charuco_detector_interfaces/srv/detail/dds_fastrtps
[1.616s] -- Installing: /home/jack/work/install/charuco_detector_interfaces/lib/libcharuco_detector_interfaces__rosidl_typesupport_fastrtps_cpp.so
[1.616s] -- Set runtime path of "/home/jack/work/install/charuco_detector_interfaces/lib/libcharuco_detector_interfaces__rosidl_typesupport_fastrtps_cpp.so" to ""
[1.616s] -- Up-to-date: /home/jack/work/install/charuco_detector_interfaces/include/charuco_detector_interfaces/charuco_detector_interfaces
[1.616s] -- Up-to-date: /home/jack/work/install/charuco_detector_interfaces/include/charuco_detector_interfaces/charuco_detector_interfaces/msg
[1.616s] -- Installing: /home/jack/work/install/charuco_detector_interfaces/include/charuco_detector_interfaces/charuco_detector_interfaces/msg/rosidl_typesupport_introspection_c__visibility_control.h
[1.616s] -- Up-to-date: /home/jack/work/install/charuco_detector_interfaces/include/charuco_detector_interfaces/charuco_detector_interfaces/srv
[1.616s] -- Up-to-date: /home/jack/work/install/charuco_detector_interfaces/include/charuco_detector_interfaces/charuco_detector_interfaces/srv/detail
[1.616s] -- Installing: /home/jack/work/install/charuco_detector_interfaces/include/charuco_detector_interfaces/charuco_detector_interfaces/srv/detail/eye2base__type_support.c
[1.616s] -- Installing: /home/jack/work/install/charuco_detector_interfaces/include/charuco_detector_interfaces/charuco_detector_interfaces/srv/detail/eye2base__rosidl_typesupport_introspection_c.h
[1.616s] -- Installing: /home/jack/work/install/charuco_detector_interfaces/lib/libcharuco_detector_interfaces__rosidl_typesupport_introspection_c.so
[1.616s] -- Set runtime path of "/home/jack/work/install/charuco_detector_interfaces/lib/libcharuco_detector_interfaces__rosidl_typesupport_introspection_c.so" to ""
[1.616s] -- Installing: /home/jack/work/install/charuco_detector_interfaces/lib/libcharuco_detector_interfaces__rosidl_typesupport_c.so
[1.616s] -- Set runtime path of "/home/jack/work/install/charuco_detector_interfaces/lib/libcharuco_detector_interfaces__rosidl_typesupport_c.so" to ""
[1.616s] -- Up-to-date: /home/jack/work/install/charuco_detector_interfaces/include/charuco_detector_interfaces/charuco_detector_interfaces
[1.616s] -- Up-to-date: /home/jack/work/install/charuco_detector_interfaces/include/charuco_detector_interfaces/charuco_detector_interfaces/srv
[1.616s] -- Up-to-date: /home/jack/work/install/charuco_detector_interfaces/include/charuco_detector_interfaces/charuco_detector_interfaces/srv/detail
[1.616s] -- Installing: /home/jack/work/install/charuco_detector_interfaces/include/charuco_detector_interfaces/charuco_detector_interfaces/srv/detail/eye2base__rosidl_typesupport_introspection_cpp.hpp
[1.616s] -- Installing: /home/jack/work/install/charuco_detector_interfaces/include/charuco_detector_interfaces/charuco_detector_interfaces/srv/detail/eye2base__type_support.cpp
[1.616s] -- Installing: /home/jack/work/install/charuco_detector_interfaces/lib/libcharuco_detector_interfaces__rosidl_typesupport_introspection_cpp.so
[1.616s] -- Set runtime path of "/home/jack/work/install/charuco_detector_interfaces/lib/libcharuco_detector_interfaces__rosidl_typesupport_introspection_cpp.so" to ""
[1.616s] -- Installing: /home/jack/work/install/charuco_detector_interfaces/lib/libcharuco_detector_interfaces__rosidl_typesupport_cpp.so
[1.617s] -- Set runtime path of "/home/jack/work/install/charuco_detector_interfaces/lib/libcharuco_detector_interfaces__rosidl_typesupport_cpp.so" to ""
[1.617s] -- Installing: /home/jack/work/install/charuco_detector_interfaces/share/charuco_detector_interfaces/environment/pythonpath.sh
[1.617s] -- Installing: /home/jack/work/install/charuco_detector_interfaces/share/charuco_detector_interfaces/environment/pythonpath.dsv
[1.617s] -- Installing: /home/jack/work/install/charuco_detector_interfaces/local/lib/python3.10/dist-packages/charuco_detector_interfaces-0.0.0-py3.10.egg-info
[1.617s] -- Installing: /home/jack/work/install/charuco_detector_interfaces/local/lib/python3.10/dist-packages/charuco_detector_interfaces-0.0.0-py3.10.egg-info/top_level.txt
[1.617s] -- Installing: /home/jack/work/install/charuco_detector_interfaces/local/lib/python3.10/dist-packages/charuco_detector_interfaces-0.0.0-py3.10.egg-info/PKG-INFO
[1.617s] -- Installing: /home/jack/work/install/charuco_detector_interfaces/local/lib/python3.10/dist-packages/charuco_detector_interfaces-0.0.0-py3.10.egg-info/dependency_links.txt
[1.617s] -- Installing: /home/jack/work/install/charuco_detector_interfaces/local/lib/python3.10/dist-packages/charuco_detector_interfaces-0.0.0-py3.10.egg-info/SOURCES.txt
[1.617s] -- Installing: /home/jack/work/install/charuco_detector_interfaces/local/lib/python3.10/dist-packages/charuco_detector_interfaces
[1.617s] -- Installing: /home/jack/work/install/charuco_detector_interfaces/local/lib/python3.10/dist-packages/charuco_detector_interfaces/__init__.py
[1.617s] -- Installing: /home/jack/work/install/charuco_detector_interfaces/local/lib/python3.10/dist-packages/charuco_detector_interfaces/_charuco_detector_interfaces_s.ep.rosidl_typesupport_fastrtps_c.c
[1.617s] -- Installing: /home/jack/work/install/charuco_detector_interfaces/local/lib/python3.10/dist-packages/charuco_detector_interfaces/_charuco_detector_interfaces_s.ep.rosidl_typesupport_c.c
[1.617s] -- Installing: /home/jack/work/install/charuco_detector_interfaces/local/lib/python3.10/dist-packages/charuco_detector_interfaces/charuco_detector_interfaces_s__rosidl_typesupport_c.cpython-310-x86_64-linux-gnu.so
[1.617s] -- Installing: /home/jack/work/install/charuco_detector_interfaces/local/lib/python3.10/dist-packages/charuco_detector_interfaces/_charuco_detector_interfaces_s.ep.rosidl_typesupport_introspection_c.c
[1.617s] -- Installing: /home/jack/work/install/charuco_detector_interfaces/local/lib/python3.10/dist-packages/charuco_detector_interfaces/libcharuco_detector_interfaces__rosidl_generator_py.so
[1.617s] -- Installing: /home/jack/work/install/charuco_detector_interfaces/local/lib/python3.10/dist-packages/charuco_detector_interfaces/srv
[1.617s] -- Installing: /home/jack/work/install/charuco_detector_interfaces/local/lib/python3.10/dist-packages/charuco_detector_interfaces/srv/__init__.py
[1.617s] -- Installing: /home/jack/work/install/charuco_detector_interfaces/local/lib/python3.10/dist-packages/charuco_detector_interfaces/srv/_eye2base.py
[1.617s] -- Installing: /home/jack/work/install/charuco_detector_interfaces/local/lib/python3.10/dist-packages/charuco_detector_interfaces/srv/_eye2base_s.c
[1.617s] -- Installing: /home/jack/work/install/charuco_detector_interfaces/local/lib/python3.10/dist-packages/charuco_detector_interfaces/charuco_detector_interfaces_s__rosidl_typesupport_fastrtps_c.cpython-310-x86_64-linux-gnu.so
[1.617s] -- Installing: /home/jack/work/install/charuco_detector_interfaces/local/lib/python3.10/dist-packages/charuco_detector_interfaces/charuco_detector_interfaces_s__rosidl_typesupport_introspection_c.cpython-310-x86_64-linux-gnu.so
[1.649s] Listing '/home/jack/work/install/charuco_detector_interfaces/local/lib/python3.10/dist-packages/charuco_detector_interfaces'...
[1.649s] Compiling '/home/jack/work/install/charuco_detector_interfaces/local/lib/python3.10/dist-packages/charuco_detector_interfaces/__init__.py'...
[1.649s] Listing '/home/jack/work/install/charuco_detector_interfaces/local/lib/python3.10/dist-packages/charuco_detector_interfaces/srv'...
[1.650s] Compiling '/home/jack/work/install/charuco_detector_interfaces/local/lib/python3.10/dist-packages/charuco_detector_interfaces/srv/__init__.py'...
[1.650s] Compiling '/home/jack/work/install/charuco_detector_interfaces/local/lib/python3.10/dist-packages/charuco_detector_interfaces/srv/_eye2base.py'...
[1.653s] -- Installing: /home/jack/work/install/charuco_detector_interfaces/local/lib/python3.10/dist-packages/charuco_detector_interfaces/charuco_detector_interfaces_s__rosidl_typesupport_fastrtps_c.cpython-310-x86_64-linux-gnu.so
[1.653s] -- Set runtime path of "/home/jack/work/install/charuco_detector_interfaces/local/lib/python3.10/dist-packages/charuco_detector_interfaces/charuco_detector_interfaces_s__rosidl_typesupport_fastrtps_c.cpython-310-x86_64-linux-gnu.so" to ""
[1.653s] -- Installing: /home/jack/work/install/charuco_detector_interfaces/local/lib/python3.10/dist-packages/charuco_detector_interfaces/charuco_detector_interfaces_s__rosidl_typesupport_introspection_c.cpython-310-x86_64-linux-gnu.so
[1.653s] -- Set runtime path of "/home/jack/work/install/charuco_detector_interfaces/local/lib/python3.10/dist-packages/charuco_detector_interfaces/charuco_detector_interfaces_s__rosidl_typesupport_introspection_c.cpython-310-x86_64-linux-gnu.so" to ""
[1.653s] -- Installing: /home/jack/work/install/charuco_detector_interfaces/local/lib/python3.10/dist-packages/charuco_detector_interfaces/charuco_detector_interfaces_s__rosidl_typesupport_c.cpython-310-x86_64-linux-gnu.so
[1.653s] -- Set runtime path of "/home/jack/work/install/charuco_detector_interfaces/local/lib/python3.10/dist-packages/charuco_detector_interfaces/charuco_detector_interfaces_s__rosidl_typesupport_c.cpython-310-x86_64-linux-gnu.so" to ""
[1.653s] -- Installing: /home/jack/work/install/charuco_detector_interfaces/lib/libcharuco_detector_interfaces__rosidl_generator_py.so
[1.653s] -- Set runtime path of "/home/jack/work/install/charuco_detector_interfaces/lib/libcharuco_detector_interfaces__rosidl_generator_py.so" to ""
[1.653s] -- Installing: /home/jack/work/install/charuco_detector_interfaces/share/ament_index/resource_index/rust_packages/charuco_detector_interfaces
[1.653s] -- Installing: /home/jack/work/install/charuco_detector_interfaces/share/charuco_detector_interfaces/rust
[1.653s] -- Installing: /home/jack/work/install/charuco_detector_interfaces/share/charuco_detector_interfaces/rust/Cargo.toml
[1.654s] -- Installing: /home/jack/work/install/charuco_detector_interfaces/share/charuco_detector_interfaces/rust/src
[1.654s] -- Installing: /home/jack/work/install/charuco_detector_interfaces/share/charuco_detector_interfaces/rust/src/srv
[1.654s] -- Installing: /home/jack/work/install/charuco_detector_interfaces/share/charuco_detector_interfaces/rust/src/srv/rmw.rs
[1.654s] -- Installing: /home/jack/work/install/charuco_detector_interfaces/share/charuco_detector_interfaces/rust/src/srv.rs
[1.654s] -- Installing: /home/jack/work/install/charuco_detector_interfaces/share/charuco_detector_interfaces/rust/src/lib.rs
[1.654s] -- Installing: /home/jack/work/install/charuco_detector_interfaces/share/charuco_detector_interfaces/rust/build.rs
[1.654s] -- Installing: /home/jack/work/install/charuco_detector_interfaces/share/charuco_detector_interfaces/srv/Eye2base.idl
[1.654s] -- Installing: /home/jack/work/install/charuco_detector_interfaces/share/charuco_detector_interfaces/srv/Eye2base.srv
[1.654s] -- Installing: /home/jack/work/install/charuco_detector_interfaces/share/charuco_detector_interfaces/srv/Eye2base_Request.msg
[1.654s] -- Installing: /home/jack/work/install/charuco_detector_interfaces/share/charuco_detector_interfaces/srv/Eye2base_Response.msg
[1.654s] -- Installing: /home/jack/work/install/charuco_detector_interfaces/share/ament_index/resource_index/package_run_dependencies/charuco_detector_interfaces
[1.654s] -- Installing: /home/jack/work/install/charuco_detector_interfaces/share/ament_index/resource_index/parent_prefix_path/charuco_detector_interfaces
[1.654s] -- Installing: /home/jack/work/install/charuco_detector_interfaces/share/charuco_detector_interfaces/environment/ament_prefix_path.sh
[1.654s] -- Installing: /home/jack/work/install/charuco_detector_interfaces/share/charuco_detector_interfaces/environment/ament_prefix_path.dsv
[1.654s] -- Installing: /home/jack/work/install/charuco_detector_interfaces/share/charuco_detector_interfaces/environment/path.sh
[1.654s] -- Installing: /home/jack/work/install/charuco_detector_interfaces/share/charuco_detector_interfaces/environment/path.dsv
[1.654s] -- Installing: /home/jack/work/install/charuco_detector_interfaces/share/charuco_detector_interfaces/local_setup.bash
[1.654s] -- Installing: /home/jack/work/install/charuco_detector_interfaces/share/charuco_detector_interfaces/local_setup.sh
[1.654s] -- Installing: /home/jack/work/install/charuco_detector_interfaces/share/charuco_detector_interfaces/local_setup.zsh
[1.654s] -- Installing: /home/jack/work/install/charuco_detector_interfaces/share/charuco_detector_interfaces/local_setup.dsv
[1.654s] -- Installing: /home/jack/work/install/charuco_detector_interfaces/share/charuco_detector_interfaces/package.dsv
[1.655s] -- Installing: /home/jack/work/install/charuco_detector_interfaces/share/ament_index/resource_index/packages/charuco_detector_interfaces
[1.655s] -- Installing: /home/jack/work/install/charuco_detector_interfaces/share/charuco_detector_interfaces/cmake/export_charuco_detector_interfaces__rosidl_generator_cExport.cmake
[1.655s] -- Installing: /home/jack/work/install/charuco_detector_interfaces/share/charuco_detector_interfaces/cmake/export_charuco_detector_interfaces__rosidl_generator_cExport-noconfig.cmake
[1.655s] -- Installing: /home/jack/work/install/charuco_detector_interfaces/share/charuco_detector_interfaces/cmake/export_charuco_detector_interfaces__rosidl_typesupport_fastrtps_cExport.cmake
[1.655s] -- Installing: /home/jack/work/install/charuco_detector_interfaces/share/charuco_detector_interfaces/cmake/export_charuco_detector_interfaces__rosidl_typesupport_fastrtps_cExport-noconfig.cmake
[1.655s] -- Installing: /home/jack/work/install/charuco_detector_interfaces/share/charuco_detector_interfaces/cmake/export_charuco_detector_interfaces__rosidl_generator_cppExport.cmake
[1.655s] -- Installing: /home/jack/work/install/charuco_detector_interfaces/share/charuco_detector_interfaces/cmake/export_charuco_detector_interfaces__rosidl_typesupport_fastrtps_cppExport.cmake
[1.655s] -- Installing: /home/jack/work/install/charuco_detector_interfaces/share/charuco_detector_interfaces/cmake/export_charuco_detector_interfaces__rosidl_typesupport_fastrtps_cppExport-noconfig.cmake
[1.655s] -- Installing: /home/jack/work/install/charuco_detector_interfaces/share/charuco_detector_interfaces/cmake/charuco_detector_interfaces__rosidl_typesupport_introspection_cExport.cmake
[1.655s] -- Installing: /home/jack/work/install/charuco_detector_interfaces/share/charuco_detector_interfaces/cmake/charuco_detector_interfaces__rosidl_typesupport_introspection_cExport-noconfig.cmake
[1.655s] -- Installing: /home/jack/work/install/charuco_detector_interfaces/share/charuco_detector_interfaces/cmake/charuco_detector_interfaces__rosidl_typesupport_cExport.cmake
[1.655s] -- Installing: /home/jack/work/install/charuco_detector_interfaces/share/charuco_detector_interfaces/cmake/charuco_detector_interfaces__rosidl_typesupport_cExport-noconfig.cmake
[1.655s] -- Installing: /home/jack/work/install/charuco_detector_interfaces/share/charuco_detector_interfaces/cmake/charuco_detector_interfaces__rosidl_typesupport_introspection_cppExport.cmake
[1.655s] -- Installing: /home/jack/work/install/charuco_detector_interfaces/share/charuco_detector_interfaces/cmake/charuco_detector_interfaces__rosidl_typesupport_introspection_cppExport-noconfig.cmake
[1.655s] -- Installing: /home/jack/work/install/charuco_detector_interfaces/share/charuco_detector_interfaces/cmake/charuco_detector_interfaces__rosidl_typesupport_cppExport.cmake
[1.656s] -- Installing: /home/jack/work/install/charuco_detector_interfaces/share/charuco_detector_interfaces/cmake/charuco_detector_interfaces__rosidl_typesupport_cppExport-noconfig.cmake
[1.656s] -- Installing: /home/jack/work/install/charuco_detector_interfaces/share/charuco_detector_interfaces/cmake/export_charuco_detector_interfaces__rosidl_generator_pyExport.cmake
[1.656s] -- Installing: /home/jack/work/install/charuco_detector_interfaces/share/charuco_detector_interfaces/cmake/export_charuco_detector_interfaces__rosidl_generator_pyExport-noconfig.cmake
[1.656s] -- Installing: /home/jack/work/install/charuco_detector_interfaces/share/charuco_detector_interfaces/cmake/rosidl_cmake-extras.cmake
[1.656s] -- Installing: /home/jack/work/install/charuco_detector_interfaces/share/charuco_detector_interfaces/cmake/ament_cmake_export_dependencies-extras.cmake
[1.656s] -- Installing: /home/jack/work/install/charuco_detector_interfaces/share/charuco_detector_interfaces/cmake/ament_cmake_export_include_directories-extras.cmake
[1.656s] -- Installing: /home/jack/work/install/charuco_detector_interfaces/share/charuco_detector_interfaces/cmake/ament_cmake_export_libraries-extras.cmake
[1.656s] -- Installing: /home/jack/work/install/charuco_detector_interfaces/share/charuco_detector_interfaces/cmake/ament_cmake_export_targets-extras.cmake
[1.656s] -- Installing: /home/jack/work/install/charuco_detector_interfaces/share/charuco_detector_interfaces/cmake/rosidl_cmake_export_typesupport_targets-extras.cmake
[1.656s] -- Installing: /home/jack/work/install/charuco_detector_interfaces/share/charuco_detector_interfaces/cmake/rosidl_cmake_export_typesupport_libraries-extras.cmake
[1.656s] -- Installing: /home/jack/work/install/charuco_detector_interfaces/share/charuco_detector_interfaces/cmake/charuco_detector_interfacesConfig.cmake
[1.656s] -- Installing: /home/jack/work/install/charuco_detector_interfaces/share/charuco_detector_interfaces/cmake/charuco_detector_interfacesConfig-version.cmake
[1.656s] -- Installing: /home/jack/work/install/charuco_detector_interfaces/share/charuco_detector_interfaces/package.xml
[1.658s] Invoked command in '/home/jack/work/build/charuco_detector_interfaces' returned '0': CMAKE_PREFIX_PATH=${CMAKE_PREFIX_PATH}:/home/jack/work/install/yolov7_obj_detect:/home/jack/work/install/hiwin_example:/home/jack/work/install/hiwin_control:/home/jack/work/install/center:/opt/ros/humble /usr/bin/cmake --install /home/jack/work/build/charuco_detector_interfaces
