[0.024s] Invoking command in '/home/jack/work/build/visp_bridge': CMAKE_PREFIX_PATH=${CMAKE_PREFIX_PATH}:/home/jack/work/install/yolov7_obj_detect:/home/jack/work/install/hiwin_example:/home/jack/work/install/hiwin_control:/home/jack/work/install/center:/opt/ros/humble /usr/bin/cmake --build /home/jack/work/build/visp_bridge -- -j16 -l16
[0.069s] [35m[1mConsolidate compiler generated dependencies of target visp_bridge[0m
[0.148s] [ 16%] [32mBuilding CXX object src/CMakeFiles/visp_bridge.dir/camera.cpp.o[0m
[0.148s] [ 33%] [32mBuilding CXX object src/CMakeFiles/visp_bridge.dir/image.cpp.o[0m
[0.152s] [ 50%] [32mBuilding CXX object src/CMakeFiles/visp_bridge.dir/3dpose.cpp.o[0m
[1.896s] In file included from [01m[K/home/jack/work/src/vision_visp/visp_bridge/src/3dpose.cpp:50[m[K:
[1.896s] [01m[K/home/jack/work/src/vision_visp/visp_bridge/src/../include/visp_bridge/3dpose.h:59:1:[m[K [01;31m[Kerror: [m[K‘[01m[KvpHomogeneousMatrix[m[K’ does not name a type
[1.896s]    59 | [01;31m[KvpHomogeneousMatrix[m[K toVispHomogeneousMatrix(const geometry_msgs::msg::Transform &trans);
[1.896s]       | [01;31m[K^~~~~~~~~~~~~~~~~~~[m[K
[1.898s] [01m[K/home/jack/work/src/vision_visp/visp_bridge/src/../include/visp_bridge/3dpose.h:65:1:[m[K [01;31m[Kerror: [m[K‘[01m[KvpHomogeneousMatrix[m[K’ does not name a type
[1.898s]    65 | [01;31m[KvpHomogeneousMatrix[m[K toVispHomogeneousMatrix(const geometry_msgs::msg::Transform::ConstSharedPtr &trans);
[1.898s]       | [01;31m[K^~~~~~~~~~~~~~~~~~~[m[K
[1.899s] [01m[K/home/jack/work/src/vision_visp/visp_bridge/src/../include/visp_bridge/3dpose.h:72:1:[m[K [01;31m[Kerror: [m[K‘[01m[KvpHomogeneousMatrix[m[K’ does not name a type
[1.900s]    72 | [01;31m[KvpHomogeneousMatrix[m[K toVispHomogeneousMatrix(const geometry_msgs::msg::Pose &pose);
[1.900s]       | [01;31m[K^~~~~~~~~~~~~~~~~~~[m[K
[1.901s] [01m[K/home/jack/work/src/vision_visp/visp_bridge/src/../include/visp_bridge/3dpose.h:79:1:[m[K [01;31m[Kerror: [m[K‘[01m[KvpHomogeneousMatrix[m[K’ does not name a type
[1.901s]    79 | [01;31m[KvpHomogeneousMatrix[m[K toVispHomogeneousMatrix(const geometry_msgs::msg::Pose::ConstSharedPtr &pose);
[1.901s]       | [01;31m[K^~~~~~~~~~~~~~~~~~~[m[K
[1.903s] [01m[K/home/jack/work/src/vision_visp/visp_bridge/src/../include/visp_bridge/3dpose.h:86:61:[m[K [01;31m[Kerror: [m[K‘[01m[KvpHomogeneousMatrix[m[K’ does not name a type
[1.903s]    86 | geometry_msgs::msg::Transform toGeometryMsgsTransform(const [01;31m[KvpHomogeneousMatrix[m[K &mat);
[1.903s]       |                                                             [01;31m[K^~~~~~~~~~~~~~~~~~~[m[K
[1.905s] [01m[K/home/jack/work/src/vision_visp/visp_bridge/src/../include/visp_bridge/3dpose.h:93:51:[m[K [01;31m[Kerror: [m[K‘[01m[KvpHomogeneousMatrix[m[K’ does not name a type
[1.905s]    93 | geometry_msgs::msg::Pose toGeometryMsgsPose(const [01;31m[KvpHomogeneousMatrix[m[K &mat);
[1.905s]       |                                                   [01;31m[K^~~~~~~~~~~~~~~~~~~[m[K
[1.906s] [01m[K/home/jack/work/src/vision_visp/visp_bridge/src/3dpose.cpp:54:1:[m[K [01;31m[Kerror: [m[K‘[01m[KvpHomogeneousMatrix[m[K’ does not name a type
[1.907s]    54 | [01;31m[KvpHomogeneousMatrix[m[K toVispHomogeneousMatrix(const geometry_msgs::msg::Pose &pose)
[1.907s]       | [01;31m[K^~~~~~~~~~~~~~~~~~~[m[K
[1.908s] [01m[K/home/jack/work/src/vision_visp/visp_bridge/src/3dpose.cpp:64:1:[m[K [01;31m[Kerror: [m[K‘[01m[KvpHomogeneousMatrix[m[K’ does not name a type
[1.908s]    64 | [01;31m[KvpHomogeneousMatrix[m[K toVispHomogeneousMatrix(const geometry_msgs::msg::Pose::ConstSharedPtr &pose)
[1.909s]       | [01;31m[K^~~~~~~~~~~~~~~~~~~[m[K
[1.910s] [01m[K/home/jack/work/src/vision_visp/visp_bridge/src/3dpose.cpp:74:1:[m[K [01;31m[Kerror: [m[K‘[01m[KvpHomogeneousMatrix[m[K’ does not name a type
[1.910s]    74 | [01;31m[KvpHomogeneousMatrix[m[K toVispHomogeneousMatrix(const geometry_msgs::msg::Transform &trans)
[1.910s]       | [01;31m[K^~~~~~~~~~~~~~~~~~~[m[K
[1.912s] [01m[K/home/jack/work/src/vision_visp/visp_bridge/src/3dpose.cpp:84:1:[m[K [01;31m[Kerror: [m[K‘[01m[KvpHomogeneousMatrix[m[K’ does not name a type
[1.912s]    84 | [01;31m[KvpHomogeneousMatrix[m[K toVispHomogeneousMatrix(const geometry_msgs::msg::Transform::ConstSharedPtr &trans)
[1.912s]       | [01;31m[K^~~~~~~~~~~~~~~~~~~[m[K
[1.914s] [01m[K/home/jack/work/src/vision_visp/visp_bridge/src/3dpose.cpp:94:61:[m[K [01;31m[Kerror: [m[K‘[01m[KvpHomogeneousMatrix[m[K’ does not name a type
[1.914s]    94 | geometry_msgs::msg::Transform toGeometryMsgsTransform(const [01;31m[KvpHomogeneousMatrix[m[K &mat)
[1.914s]       |                                                             [01;31m[K^~~~~~~~~~~~~~~~~~~[m[K
[1.914s] [01m[K/home/jack/work/src/vision_visp/visp_bridge/src/3dpose.cpp:[m[K In function ‘[01m[Kgeometry_msgs::msg::Transform visp_bridge::toGeometryMsgsTransform(const int&)[m[K’:
[1.914s] [01m[K/home/jack/work/src/vision_visp/visp_bridge/src/3dpose.cpp:97:3:[m[K [01;31m[Kerror: [m[K‘[01m[KvpQuaternionVector[m[K’ was not declared in this scope; did you mean ‘[01m[Kvisp::vpQuaternionVector[m[K’?
[1.914s]    97 |   [01;31m[KvpQuaternionVector[m[K q;
[1.915s]       |   [01;31m[K^~~~~~~~~~~~~~~~~~[m[K
[1.915s]       |   [32m[Kvisp::vpQuaternionVector[m[K
[1.915s] In file included from [01m[K/home/jack/work/src/vision_visp/visp_bridge/src/3dpose.cpp:46[m[K:
[1.915s] [01m[K/opt/ros/humble/include/visp3/core/vpQuaternionVector.h:105:19:[m[K [01;36m[Knote: [m[K‘[01m[Kvisp::vpQuaternionVector[m[K’ declared here
[1.915s]   105 | class VISP_EXPORT [01;36m[KvpQuaternionVector[m[K : public vpRotationVector
[1.915s]       |                   [01;36m[K^~~~~~~~~~~~~~~~~~[m[K
[1.915s] [01m[K/home/jack/work/src/vision_visp/visp_bridge/src/3dpose.cpp:98:7:[m[K [01;31m[Kerror: [m[Krequest for member ‘[01m[Kextract[m[K’ in ‘[01m[Kmat[m[K’, which is of non-class type ‘[01m[Kconst int[m[K’
[1.915s]    98 |   mat.[01;31m[Kextract[m[K(q);
[1.915s]       |       [01;31m[K^~~~~~~[m[K
[1.916s] [01m[K/home/jack/work/src/vision_visp/visp_bridge/src/3dpose.cpp:98:15:[m[K [01;31m[Kerror: [m[K‘[01m[Kq[m[K’ was not declared in this scope
[1.917s]    98 |   mat.extract([01;31m[Kq[m[K);
[1.917s]       |               [01;31m[K^[m[K
[1.917s] [01m[K/home/jack/work/src/vision_visp/visp_bridge/src/3dpose.cpp:104:28:[m[K [01;31m[Kerror: [m[Kinvalid types ‘[01m[Kconst int[int][m[K’ for array subscript
[1.917s]   104 |   trans.translation.x = mat[01;31m[K[[m[K0][3];
[1.917s]       |                            [01;31m[K^[m[K
[1.917s] [01m[K/home/jack/work/src/vision_visp/visp_bridge/src/3dpose.cpp:105:28:[m[K [01;31m[Kerror: [m[Kinvalid types ‘[01m[Kconst int[int][m[K’ for array subscript
[1.917s]   105 |   trans.translation.y = mat[01;31m[K[[m[K1][3];
[1.918s]       |                            [01;31m[K^[m[K
[1.918s] [01m[K/home/jack/work/src/vision_visp/visp_bridge/src/3dpose.cpp:106:28:[m[K [01;31m[Kerror: [m[Kinvalid types ‘[01m[Kconst int[int][m[K’ for array subscript
[1.918s]   106 |   trans.translation.z = mat[01;31m[K[[m[K2][3];
[1.918s]       |                            [01;31m[K^[m[K
[1.918s] [01m[K/home/jack/work/src/vision_visp/visp_bridge/src/3dpose.cpp:[m[K At global scope:
[1.919s] [01m[K/home/jack/work/src/vision_visp/visp_bridge/src/3dpose.cpp:111:51:[m[K [01;31m[Kerror: [m[K‘[01m[KvpHomogeneousMatrix[m[K’ does not name a type
[1.919s]   111 | geometry_msgs::msg::Pose toGeometryMsgsPose(const [01;31m[KvpHomogeneousMatrix[m[K &mat)
[1.919s]       |                                                   [01;31m[K^~~~~~~~~~~~~~~~~~~[m[K
[1.919s] [01m[K/home/jack/work/src/vision_visp/visp_bridge/src/3dpose.cpp:[m[K In function ‘[01m[Kgeometry_msgs::msg::Pose visp_bridge::toGeometryMsgsPose(const int&)[m[K’:
[1.919s] [01m[K/home/jack/work/src/vision_visp/visp_bridge/src/3dpose.cpp:115:3:[m[K [01;31m[Kerror: [m[K‘[01m[KvpThetaUVector[m[K’ was not declared in this scope; did you mean ‘[01m[Kvisp::vpThetaUVector[m[K’?
[1.919s]   115 |   [01;31m[KvpThetaUVector[m[K tu(mat);
[1.920s]       |   [01;31m[K^~~~~~~~~~~~~~[m[K
[1.920s]       |   [32m[Kvisp::vpThetaUVector[m[K
[1.920s] In file included from [01m[K/opt/ros/humble/include/visp3/core/vpHomogeneousMatrix.h:62[m[K,
[1.920s]                  from [01m[K/opt/ros/humble/include/visp3/core/vpRotationMatrix.h:44[m[K,
[1.920s]                  from [01m[K/opt/ros/humble/include/visp3/core/vpQuaternionVector.h:45[m[K,
[1.920s]                  from [01m[K/home/jack/work/src/vision_visp/visp_bridge/src/3dpose.cpp:46[m[K:
[1.920s] [01m[K/opt/ros/humble/include/visp3/core/vpThetaUVector.h:171:19:[m[K [01;36m[Knote: [m[K‘[01m[Kvisp::vpThetaUVector[m[K’ declared here
[1.921s]   171 | class VISP_EXPORT [01;36m[KvpThetaUVector[m[K : public vpRotationVector
[1.921s]       |                   [01;36m[K^~~~~~~~~~~~~~[m[K
[1.921s] [01m[K/home/jack/work/src/vision_visp/visp_bridge/src/3dpose.cpp:116:3:[m[K [01;31m[Kerror: [m[K‘[01m[KvpColVector[m[K’ was not declared in this scope; did you mean ‘[01m[Kvisp::vpColVector[m[K’?
[1.921s]   116 |   [01;31m[KvpColVector[m[K u;
[1.921s]       |   [01;31m[K^~~~~~~~~~~[m[K
[1.921s]       |   [32m[Kvisp::vpColVector[m[K
[1.921s] In file included from [01m[K/opt/ros/humble/include/visp3/core/vpThetaUVector.h:43[m[K,
[1.921s]                  from [01m[K/opt/ros/humble/include/visp3/core/vpHomogeneousMatrix.h:62[m[K,
[1.921s]                  from [01m[K/opt/ros/humble/include/visp3/core/vpRotationMatrix.h:44[m[K,
[1.922s]                  from [01m[K/opt/ros/humble/include/visp3/core/vpQuaternionVector.h:45[m[K,
[1.922s]                  from [01m[K/home/jack/work/src/vision_visp/visp_bridge/src/3dpose.cpp:46[m[K:
[1.922s] [01m[K/opt/ros/humble/include/visp3/core/vpColVector.h:190:19:[m[K [01;36m[Knote: [m[K‘[01m[Kvisp::vpColVector[m[K’ declared here
[1.922s]   190 | class VISP_EXPORT [01;36m[KvpColVector[m[K : public vpArray2D<double>
[1.922s]       |                   [01;36m[K^~~~~~~~~~~[m[K
[1.922s] [01m[K/home/jack/work/src/vision_visp/visp_bridge/src/3dpose.cpp:118:3:[m[K [01;31m[Kerror: [m[K‘[01m[Ktu[m[K’ was not declared in this scope; did you mean ‘[01m[Ktm[m[K’?
[1.922s]   118 |   [01;31m[Ktu[m[K.extract(theta, u);
[1.922s]       |   [01;31m[K^~[m[K
[1.922s]       |   [32m[Ktm[m[K
[1.925s] [01m[K/home/jack/work/src/vision_visp/visp_bridge/src/3dpose.cpp:118:21:[m[K [01;31m[Kerror: [m[K‘[01m[Ku[m[K’ was not declared in this scope
[1.925s]   118 |   tu.extract(theta, [01;31m[Ku[m[K);
[1.925s]       |                     [01;31m[K^[m[K
[1.925s] [01m[K/home/jack/work/src/vision_visp/visp_bridge/src/3dpose.cpp:129:24:[m[K [01;31m[Kerror: [m[Kinvalid types ‘[01m[Kconst int[int][m[K’ for array subscript
[1.925s]   129 |   pose.position.x = mat[01;31m[K[[m[K0][3];
[1.925s]       |                        [01;31m[K^[m[K
[1.925s] [01m[K/home/jack/work/src/vision_visp/visp_bridge/src/3dpose.cpp:130:24:[m[K [01;31m[Kerror: [m[Kinvalid types ‘[01m[Kconst int[int][m[K’ for array subscript
[1.926s]   130 |   pose.position.y = mat[01;31m[K[[m[K1][3];
[1.926s]       |                        [01;31m[K^[m[K
[1.926s] [01m[K/home/jack/work/src/vision_visp/visp_bridge/src/3dpose.cpp:131:24:[m[K [01;31m[Kerror: [m[Kinvalid types ‘[01m[Kconst int[int][m[K’ for array subscript
[1.926s]   131 |   pose.position.z = mat[01;31m[K[[m[K2][3];
[1.926s]       |                        [01;31m[K^[m[K
[2.090s] In file included from [01m[K/home/jack/work/src/vision_visp/visp_bridge/src/image.cpp:50[m[K:
[2.090s] [01m[K/home/jack/work/src/vision_visp/visp_bridge/src/../include/visp_bridge/image.h:59:49:[m[K [01;31m[Kerror: [m[K‘[01m[KvpImage[m[K’ does not name a type
[2.090s]    59 | sensor_msgs::msg::Image toSensorMsgsImage(const [01;31m[KvpImage[m[K<unsigned char> &src);
[2.090s]       |                                                 [01;31m[K^~~~~~~[m[K
[2.090s] [01m[K/home/jack/work/src/vision_visp/visp_bridge/src/../include/visp_bridge/image.h:59:56:[m[K [01;31m[Kerror: [m[Kexpected ‘[01m[K,[m[K’ or ‘[01m[K...[m[K’ before ‘[01m[K<[m[K’ token
[2.090s]    59 | sensor_msgs::msg::Image toSensorMsgsImage(const vpImage[01;31m[K<[m[Kunsigned char> &src);
[2.090s]       |                                                        [01;31m[K^[m[K
[2.092s] [01m[K/home/jack/work/src/vision_visp/visp_bridge/src/../include/visp_bridge/image.h:60:49:[m[K [01;31m[Kerror: [m[K‘[01m[KvpImage[m[K’ does not name a type
[2.092s]    60 | sensor_msgs::msg::Image toSensorMsgsImage(const [01;31m[KvpImage[m[K<vpRGBa> &src);
[2.092s]       |                                                 [01;31m[K^~~~~~~[m[K
[2.092s] [01m[K/home/jack/work/src/vision_visp/visp_bridge/src/../include/visp_bridge/image.h:60:56:[m[K [01;31m[Kerror: [m[Kexpected ‘[01m[K,[m[K’ or ‘[01m[K...[m[K’ before ‘[01m[K<[m[K’ token
[2.092s]    60 | sensor_msgs::msg::Image toSensorMsgsImage(const vpImage[01;31m[K<[m[KvpRGBa> &src);
[2.092s]       |                                                        [01;31m[K^[m[K
[2.094s] [01m[K/home/jack/work/src/vision_visp/visp_bridge/src/../include/visp_bridge/image.h:66:1:[m[K [01;31m[Kerror: [m[K‘[01m[KvpImage[m[K’ does not name a type
[2.094s]    66 | [01;31m[KvpImage[m[K<unsigned char> toVispImage(const sensor_msgs::msg::Image &src);
[2.094s]       | [01;31m[K^~~~~~~[m[K
[2.096s] [01m[K/home/jack/work/src/vision_visp/visp_bridge/src/../include/visp_bridge/image.h:67:1:[m[K [01;31m[Kerror: [m[K‘[01m[KvpImage[m[K’ does not name a type
[2.096s]    67 | [01;31m[KvpImage[m[K<vpRGBa> toVispImageRGBa(const sensor_msgs::msg::Image &src);
[2.096s]       | [01;31m[K^~~~~~~[m[K
[2.098s] [01m[K/home/jack/work/src/vision_visp/visp_bridge/src/image.cpp:54:49:[m[K [01;31m[Kerror: [m[K‘[01m[KvpImage[m[K’ does not name a type
[2.098s]    54 | sensor_msgs::msg::Image toSensorMsgsImage(const [01;31m[KvpImage[m[K<unsigned char> &src)
[2.098s]       |                                                 [01;31m[K^~~~~~~[m[K
[2.099s] [01m[K/home/jack/work/src/vision_visp/visp_bridge/src/image.cpp:54:56:[m[K [01;31m[Kerror: [m[Kexpected ‘[01m[K,[m[K’ or ‘[01m[K...[m[K’ before ‘[01m[K<[m[K’ token
[2.099s]    54 | sensor_msgs::msg::Image toSensorMsgsImage(const vpImage[01;31m[K<[m[Kunsigned char> &src)
[2.099s]       |                                                        [01;31m[K^[m[K
[2.101s] [01m[K/home/jack/work/src/vision_visp/visp_bridge/src/image.cpp:[m[K In function ‘[01m[Ksensor_msgs::msg::Image visp_bridge::toSensorMsgsImage(int)[m[K’:
[2.101s] [01m[K/home/jack/work/src/vision_visp/visp_bridge/src/image.cpp:57:15:[m[K [01;31m[Kerror: [m[K‘[01m[Ksrc[m[K’ was not declared in this scope
[2.102s]    57 |   dst.width = [01;31m[Ksrc[m[K.getWidth();
[2.102s]       |               [01;31m[K^~~[m[K
[2.103s] [01m[K/home/jack/work/src/vision_visp/visp_bridge/src/image.cpp:[m[K At global scope:
[2.104s] [01m[K/home/jack/work/src/vision_visp/visp_bridge/src/image.cpp:67:1:[m[K [01;31m[Kerror: [m[K‘[01m[KvpImage[m[K’ does not name a type
[2.104s]    67 | [01;31m[KvpImage[m[K<unsigned char> toVispImage(const sensor_msgs::msg::Image &src)
[2.104s]       | [01;31m[K^~~~~~~[m[K
[2.105s] [01m[K/home/jack/work/src/vision_visp/visp_bridge/src/image.cpp:95:1:[m[K [01;31m[Kerror: [m[K‘[01m[KvpImage[m[K’ does not name a type
[2.106s]    95 | [01;31m[KvpImage[m[K<vpRGBa> toVispImageRGBa(const sensor_msgs::msg::Image &src)
[2.106s]       | [01;31m[K^~~~~~~[m[K
[2.107s] [01m[K/home/jack/work/src/vision_visp/visp_bridge/src/image.cpp:125:49:[m[K [01;31m[Kerror: [m[K‘[01m[KvpImage[m[K’ does not name a type
[2.108s]   125 | sensor_msgs::msg::Image toSensorMsgsImage(const [01;31m[KvpImage[m[K<vpRGBa> &src)
[2.108s]       |                                                 [01;31m[K^~~~~~~[m[K
[2.108s] [01m[K/home/jack/work/src/vision_visp/visp_bridge/src/image.cpp:125:56:[m[K [01;31m[Kerror: [m[Kexpected ‘[01m[K,[m[K’ or ‘[01m[K...[m[K’ before ‘[01m[K<[m[K’ token
[2.108s]   125 | sensor_msgs::msg::Image toSensorMsgsImage(const vpImage[01;31m[K<[m[KvpRGBa> &src)
[2.108s]       |                                                        [01;31m[K^[m[K
[2.108s] [01m[K/home/jack/work/src/vision_visp/visp_bridge/src/image.cpp:125:25:[m[K [01;31m[Kerror: [m[Kredefinition of ‘[01m[Ksensor_msgs::msg::Image visp_bridge::toSensorMsgsImage(int)[m[K’
[2.108s]   125 | sensor_msgs::msg::Image [01;31m[KtoSensorMsgsImage[m[K(const vpImage<vpRGBa> &src)
[2.108s]       |                         [01;31m[K^~~~~~~~~~~~~~~~~[m[K
[2.109s] [01m[K/home/jack/work/src/vision_visp/visp_bridge/src/image.cpp:54:25:[m[K [01;36m[Knote: [m[K‘[01m[Ksensor_msgs::msg::Image visp_bridge::toSensorMsgsImage(int)[m[K’ previously defined here
[2.109s]    54 | sensor_msgs::msg::Image [01;36m[KtoSensorMsgsImage[m[K(const vpImage<unsigned char> &src)
[2.109s]       |                         [01;36m[K^~~~~~~~~~~~~~~~~[m[K
[2.111s] [01m[K/home/jack/work/src/vision_visp/visp_bridge/src/image.cpp:[m[K In function ‘[01m[Ksensor_msgs::msg::Image visp_bridge::toSensorMsgsImage(int)[m[K’:
[2.111s] [01m[K/home/jack/work/src/vision_visp/visp_bridge/src/image.cpp:128:15:[m[K [01;31m[Kerror: [m[K‘[01m[Ksrc[m[K’ was not declared in this scope
[2.111s]   128 |   dst.width = [01;31m[Ksrc[m[K.getWidth();
[2.111s]       |               [01;31m[K^~~[m[K
[2.211s] In file included from [01m[K/home/jack/work/src/vision_visp/visp_bridge/src/camera.cpp:46[m[K:
[2.212s] [01m[K/home/jack/work/src/vision_visp/visp_bridge/src/../include/visp_bridge/camera.h:58:1:[m[K [01;31m[Kerror: [m[K‘[01m[KvpCameraParameters[m[K’ does not name a type
[2.212s]    58 | [01;31m[KvpCameraParameters[m[K toVispCameraParameters(const sensor_msgs::msg::CameraInfo &cam_info);
[2.212s]       | [01;31m[K^~~~~~~~~~~~~~~~~~[m[K
[2.213s] [01m[K/home/jack/work/src/vision_visp/visp_bridge/src/../include/visp_bridge/camera.h:64:1:[m[K [01;31m[Kerror: [m[K‘[01m[KvpCameraParameters[m[K’ does not name a type
[2.213s]    64 | [01;31m[KvpCameraParameters[m[K toVispCameraParameters(const sensor_msgs::msg::CameraInfo::ConstSharedPtr &cam_info);
[2.213s]       | [01;31m[K^~~~~~~~~~~~~~~~~~[m[K
[2.214s] [01m[K/home/jack/work/src/vision_visp/visp_bridge/src/../include/visp_bridge/camera.h:72:53:[m[K [01;31m[Kerror: [m[K‘[01m[KvpCameraParameters[m[K’ was not declared in this scope; did you mean ‘[01m[Kvisp::vpCameraParameters[m[K’?
[2.214s]    72 | sensor_msgs::msg::CameraInfo toSensorMsgsCameraInfo([01;31m[KvpCameraParameters[m[K &cam_info, unsigned int cam_image_width,
[2.214s]       |                                                     [01;31m[K^~~~~~~~~~~~~~~~~~[m[K
[2.214s]       |                                                     [32m[Kvisp::vpCameraParameters[m[K
[2.214s] In file included from [01m[K/home/jack/work/src/vision_visp/visp_bridge/src/../include/visp_bridge/camera.h:49[m[K,
[2.214s]                  from [01m[K/home/jack/work/src/vision_visp/visp_bridge/src/camera.cpp:46[m[K:
[2.215s] [01m[K/opt/ros/humble/include/visp3/core/vpCameraParameters.h:310:19:[m[K [01;36m[Knote: [m[K‘[01m[Kvisp::vpCameraParameters[m[K’ declared here
[2.215s]   310 | class VISP_EXPORT [01;36m[KvpCameraParameters[m[K
[2.215s]       |                   [01;36m[K^~~~~~~~~~~~~~~~~~[m[K
[2.217s] In file included from [01m[K/home/jack/work/src/vision_visp/visp_bridge/src/camera.cpp:46[m[K:
[2.217s] [01m[K/home/jack/work/src/vision_visp/visp_bridge/src/../include/visp_bridge/camera.h:72:73:[m[K [01;31m[Kerror: [m[K‘[01m[Kcam_info[m[K’ was not declared in this scope
[2.217s]    72 | sensor_msgs::msg::CameraInfo toSensorMsgsCameraInfo(vpCameraParameters &[01;31m[Kcam_info[m[K, unsigned int cam_image_width,
[2.218s]       |                                                                         [01;31m[K^~~~~~~~[m[K
[2.218s] [01m[K/home/jack/work/src/vision_visp/visp_bridge/src/../include/visp_bridge/camera.h:72:83:[m[K [01;31m[Kerror: [m[Kexpected primary-expression before ‘[01m[Kunsigned[m[K’
[2.218s]    72 | sensor_msgs::msg::CameraInfo toSensorMsgsCameraInfo(vpCameraParameters &cam_info, [01;31m[Kunsigned[m[K int cam_image_width,
[2.218s]       |                                                                                   [01;31m[K^~~~~~~~[m[K
[2.218s] [01m[K/home/jack/work/src/vision_visp/visp_bridge/src/../include/visp_bridge/camera.h:73:53:[m[K [01;31m[Kerror: [m[Kexpected primary-expression before ‘[01m[Kunsigned[m[K’
[2.218s]    73 |                                                     [01;31m[Kunsigned[m[K int cam_image_height);
[2.218s]       |                                                     [01;31m[K^~~~~~~~[m[K
[2.219s] [01m[K/home/jack/work/src/vision_visp/visp_bridge/src/camera.cpp:50:1:[m[K [01;31m[Kerror: [m[K‘[01m[KvpCameraParameters[m[K’ does not name a type
[2.219s]    50 | [01;31m[KvpCameraParameters[m[K toVispCameraParameters(const sensor_msgs::msg::CameraInfo &cam_info)
[2.219s]       | [01;31m[K^~~~~~~~~~~~~~~~~~[m[K
[2.222s] [01m[K/home/jack/work/src/vision_visp/visp_bridge/src/camera.cpp:84:1:[m[K [01;31m[Kerror: [m[K‘[01m[KvpCameraParameters[m[K’ does not name a type
[2.222s]    84 | [01;31m[KvpCameraParameters[m[K toVispCameraParameters(const sensor_msgs::msg::CameraInfo::ConstSharedPtr &cam_info)
[2.222s]       | [01;31m[K^~~~~~~~~~~~~~~~~~[m[K
[2.222s] [01m[K/home/jack/work/src/vision_visp/visp_bridge/src/camera.cpp:118:30:[m[K [01;31m[Kerror: [m[Kredefinition of ‘[01m[Ksensor_msgs::msg::CameraInfo visp_bridge::toSensorMsgsCameraInfo[m[K’
[2.223s]   118 | sensor_msgs::msg::CameraInfo [01;31m[KtoSensorMsgsCameraInfo[m[K(vpCameraParameters &cam_info, unsigned int cam_image_width,
[2.223s]       |                              [01;31m[K^~~~~~~~~~~~~~~~~~~~~~[m[K
[2.223s] In file included from [01m[K/home/jack/work/src/vision_visp/visp_bridge/src/camera.cpp:46[m[K:
[2.223s] [01m[K/home/jack/work/src/vision_visp/visp_bridge/src/../include/visp_bridge/camera.h:72:30:[m[K [01;36m[Knote: [m[K‘[01m[Ksensor_msgs::msg::CameraInfo visp_bridge::toSensorMsgsCameraInfo[m[K’ previously declared here
[2.223s]    72 | sensor_msgs::msg::CameraInfo [01;36m[KtoSensorMsgsCameraInfo[m[K(vpCameraParameters &cam_info, unsigned int cam_image_width,
[2.223s]       |                              [01;36m[K^~~~~~~~~~~~~~~~~~~~~~[m[K
[2.223s] [01m[K/home/jack/work/src/vision_visp/visp_bridge/src/camera.cpp:118:53:[m[K [01;31m[Kerror: [m[K‘[01m[KvpCameraParameters[m[K’ was not declared in this scope; did you mean ‘[01m[Kvisp::vpCameraParameters[m[K’?
[2.224s]   118 | sensor_msgs::msg::CameraInfo toSensorMsgsCameraInfo([01;31m[KvpCameraParameters[m[K &cam_info, unsigned int cam_image_width,
[2.224s]       |                                                     [01;31m[K^~~~~~~~~~~~~~~~~~[m[K
[2.224s]       |                                                     [32m[Kvisp::vpCameraParameters[m[K
[2.224s] In file included from [01m[K/home/jack/work/src/vision_visp/visp_bridge/src/../include/visp_bridge/camera.h:49[m[K,
[2.224s]                  from [01m[K/home/jack/work/src/vision_visp/visp_bridge/src/camera.cpp:46[m[K:
[2.224s] [01m[K/opt/ros/humble/include/visp3/core/vpCameraParameters.h:310:19:[m[K [01;36m[Knote: [m[K‘[01m[Kvisp::vpCameraParameters[m[K’ declared here
[2.224s]   310 | class VISP_EXPORT [01;36m[KvpCameraParameters[m[K
[2.224s]       |                   [01;36m[K^~~~~~~~~~~~~~~~~~[m[K
[2.228s] [01m[K/home/jack/work/src/vision_visp/visp_bridge/src/camera.cpp:118:73:[m[K [01;31m[Kerror: [m[K‘[01m[Kcam_info[m[K’ was not declared in this scope
[2.228s]   118 | sensor_msgs::msg::CameraInfo toSensorMsgsCameraInfo(vpCameraParameters &[01;31m[Kcam_info[m[K, unsigned int cam_image_width,
[2.228s]       |                                                                         [01;31m[K^~~~~~~~[m[K
[2.228s] [01m[K/home/jack/work/src/vision_visp/visp_bridge/src/camera.cpp:118:83:[m[K [01;31m[Kerror: [m[Kexpected primary-expression before ‘[01m[Kunsigned[m[K’
[2.228s]   118 | sensor_msgs::msg::CameraInfo toSensorMsgsCameraInfo(vpCameraParameters &cam_info, [01;31m[Kunsigned[m[K int cam_image_width,
[2.228s]       |                                                                                   [01;31m[K^~~~~~~~[m[K
[2.228s] [01m[K/home/jack/work/src/vision_visp/visp_bridge/src/camera.cpp:119:53:[m[K [01;31m[Kerror: [m[Kexpected primary-expression before ‘[01m[Kunsigned[m[K’
[2.229s]   119 |                                                     [01;31m[Kunsigned[m[K int cam_image_height)
[2.229s]       |                                                     [01;31m[K^~~~~~~~[m[K
[2.640s] gmake[2]: *** [src/CMakeFiles/visp_bridge.dir/build.make:76: src/CMakeFiles/visp_bridge.dir/3dpose.cpp.o] Error 1
[2.640s] gmake[2]: *** Waiting for unfinished jobs....
[2.826s] gmake[2]: *** [src/CMakeFiles/visp_bridge.dir/build.make:104: src/CMakeFiles/visp_bridge.dir/image.cpp.o] Error 1
[2.999s] gmake[2]: *** [src/CMakeFiles/visp_bridge.dir/build.make:90: src/CMakeFiles/visp_bridge.dir/camera.cpp.o] Error 1
[2.999s] gmake[1]: *** [CMakeFiles/Makefile2:170: src/CMakeFiles/visp_bridge.dir/all] Error 2
[2.999s] gmake: *** [Makefile:146: all] Error 2
