[0.014s] Invoking command in '/home/jack/work/build/realsense2_camera': CMAKE_PREFIX_PATH=/home/jack/work/install/realsense2_camera_msgs:/home/jack/work/install/realsense2_description:/home/jack/work/install/realsense2_camera:/home/jack/work/install/hiwin_service_client:/home/jack/work/install/hiwin_libmodbus:/home/jack/work/install/hiwin_interfaces:/home/jack/work/install/detect_interface:/home/jack/work/install/yolov7_obj_detect:/home/jack/work/install/hiwin_example:/home/jack/work/install/hiwin_control:/home/jack/work/install/center:/opt/ros/humble LD_LIBRARY_PATH=/home/jack/work/install/realsense2_camera_msgs/lib:/home/jack/work/install/realsense2_camera/lib:/home/jack/work/install/hiwin_libmodbus/lib:/home/jack/work/install/hiwin_interfaces/lib:/home/jack/work/install/detect_interface/lib:/opt/ros/humble/opt/rviz_ogre_vendor/lib:/opt/ros/humble/lib/x86_64-linux-gnu:/opt/ros/humble/lib:/usr/local/nvidia/lib:/usr/local/nvidia/lib64 /usr/bin/cmake /home/jack/work/src/pool/realsense-ros/realsense2_camera -DCMAKE_INSTALL_PREFIX=/home/jack/work/install/realsense2_camera
[0.070s] -- The C compiler identification is GNU 11.4.0
[0.131s] -- The CXX compiler identification is GNU 11.4.0
[0.139s] -- Detecting C compiler ABI info
[0.212s] -- Detecting C compiler ABI info - done
[0.220s] -- Check for working C compiler: /usr/bin/cc - skipped
[0.220s] -- Detecting C compile features
[0.220s] -- Detecting C compile features - done
[0.223s] -- Detecting CXX compiler ABI info
[0.311s] -- Detecting CXX compiler ABI info - done
[0.321s] -- Check for working CXX compiler: /usr/bin/c++ - skipped
[0.322s] -- Detecting CXX compile features
[0.322s] -- Detecting CXX compile features - done
[0.323s] -- Create Release Build.
[0.326s] -- Found ament_cmake: 1.3.14 (/opt/ros/humble/share/ament_cmake/cmake)
[0.719s] -- Found Python3: /usr/bin/python3 (found version "3.10.12") found components: Interpreter 
[0.804s] -- Found builtin_interfaces: 1.2.2 (/opt/ros/humble/share/builtin_interfaces/cmake)
[0.830s] -- Found rosidl_generator_c: 3.1.8 (/opt/ros/humble/share/rosidl_generator_c/cmake)
[0.837s] -- Found rosidl_adapter: 3.1.8 (/opt/ros/humble/share/rosidl_adapter/cmake)
[0.847s] -- Found rosidl_generator_cpp: 3.1.8 (/opt/ros/humble/share/rosidl_generator_cpp/cmake)
[0.857s] -- Using all available rosidl_typesupport_c: rosidl_typesupport_fastrtps_c;rosidl_typesupport_introspection_c
[0.871s] -- Using all available rosidl_typesupport_cpp: rosidl_typesupport_fastrtps_cpp;rosidl_typesupport_introspection_cpp
[0.883s] -- Found cv_bridge: 3.2.1 (/opt/ros/humble/share/cv_bridge/cmake)
[0.932s] -- Found image_transport: 3.1.12 (/opt/ros/humble/share/image_transport/cmake)
[0.968s] -- Found rmw_implementation_cmake: 6.1.2 (/opt/ros/humble/share/rmw_implementation_cmake/cmake)
[0.970s] -- Found rmw_cyclonedds_cpp: 1.3.4 (/opt/ros/humble/share/rmw_cyclonedds_cpp/cmake)
[0.989s] -- Using RMW implementation 'rmw_cyclonedds_cpp' as default
[0.997s] -- Looking for pthread.h
[1.054s] -- Looking for pthread.h - found
[1.054s] -- Performing Test CMAKE_HAVE_LIBC_PTHREAD
[1.120s] -- Performing Test CMAKE_HAVE_LIBC_PTHREAD - Success
[1.121s] -- Found Threads: TRUE  
[1.182s] -- Found rclcpp_components: 16.0.19 (/opt/ros/humble/share/rclcpp_components/cmake)
[1.196s] -- Found realsense2_camera_msgs: 4.54.1 (/home/jack/work/install/realsense2_camera_msgs/share/realsense2_camera_msgs/cmake)
[1.209s] -- Found nav_msgs: 4.9.1 (/opt/ros/humble/share/nav_msgs/cmake)
[1.222s] -- Found tf2_ros: 0.25.20 (/opt/ros/humble/share/tf2_ros/cmake)
[1.280s] -- Found diagnostic_updater: 4.0.6 (/opt/ros/humble/share/diagnostic_updater/cmake)
[1.297s] -- Found OpenCV: /usr (found version "4.5.4") found components: core 
[1.298s] -- Build for ROS2 Humble
[1.305s] -- Found ament_cmake_gtest: 1.3.14 (/opt/ros/humble/share/ament_cmake_gtest/cmake)
[1.307s] -- Found gtest sources under '/opt/ros/humble/src/gtest_vendor': C++ tests using 'Google Test' will be built
[1.312s] -- Found ament_cmake_pytest: 1.3.14 (/opt/ros/humble/share/ament_cmake_pytest/cmake)
[3.904s] -- rs_device_info:
[3.904s] --  29/04 21:35:15,496 ERROR [128510207891328] (context.cpp:41) No valid configuration file found at : /home/jack/.realsense-config.json loading defaults
[3.904s] Device Name                   Serial Number       Firmware Version
[3.904s] Intel RealSense D435I         908212070937        5.13.0.50
[3.904s] 
[3.904s] -- D455 device found
[5.975s] -- Configuring done
[5.997s] -- Generating done
[6.003s] -- Build files have been written to: /home/jack/work/build/realsense2_camera
[6.012s] Invoked command in '/home/jack/work/build/realsense2_camera' returned '0': CMAKE_PREFIX_PATH=/home/jack/work/install/realsense2_camera_msgs:/home/jack/work/install/realsense2_description:/home/jack/work/install/realsense2_camera:/home/jack/work/install/hiwin_service_client:/home/jack/work/install/hiwin_libmodbus:/home/jack/work/install/hiwin_interfaces:/home/jack/work/install/detect_interface:/home/jack/work/install/yolov7_obj_detect:/home/jack/work/install/hiwin_example:/home/jack/work/install/hiwin_control:/home/jack/work/install/center:/opt/ros/humble LD_LIBRARY_PATH=/home/jack/work/install/realsense2_camera_msgs/lib:/home/jack/work/install/realsense2_camera/lib:/home/jack/work/install/hiwin_libmodbus/lib:/home/jack/work/install/hiwin_interfaces/lib:/home/jack/work/install/detect_interface/lib:/opt/ros/humble/opt/rviz_ogre_vendor/lib:/opt/ros/humble/lib/x86_64-linux-gnu:/opt/ros/humble/lib:/usr/local/nvidia/lib:/usr/local/nvidia/lib64 /usr/bin/cmake /home/jack/work/src/pool/realsense-ros/realsense2_camera -DCMAKE_INSTALL_PREFIX=/home/jack/work/install/realsense2_camera
[6.013s] Invoking command in '/home/jack/work/build/realsense2_camera': CMAKE_PREFIX_PATH=/home/jack/work/install/realsense2_camera_msgs:/home/jack/work/install/realsense2_description:/home/jack/work/install/realsense2_camera:/home/jack/work/install/hiwin_service_client:/home/jack/work/install/hiwin_libmodbus:/home/jack/work/install/hiwin_interfaces:/home/jack/work/install/detect_interface:/home/jack/work/install/yolov7_obj_detect:/home/jack/work/install/hiwin_example:/home/jack/work/install/hiwin_control:/home/jack/work/install/center:/opt/ros/humble LD_LIBRARY_PATH=/home/jack/work/install/realsense2_camera_msgs/lib:/home/jack/work/install/realsense2_camera/lib:/home/jack/work/install/hiwin_libmodbus/lib:/home/jack/work/install/hiwin_interfaces/lib:/home/jack/work/install/detect_interface/lib:/opt/ros/humble/opt/rviz_ogre_vendor/lib:/opt/ros/humble/lib/x86_64-linux-gnu:/opt/ros/humble/lib:/usr/local/nvidia/lib:/usr/local/nvidia/lib64 /usr/bin/cmake --build /home/jack/work/build/realsense2_camera -- -j16 -l16
[6.062s] [  4%] [32mBuilding CXX object gtest/CMakeFiles/gtest.dir/src/gtest-all.cc.o[0m
[6.062s] [  9%] [32mBuilding CXX object CMakeFiles/realsense2_camera.dir/src/base_realsense_node.cpp.o[0m
[6.062s] [ 13%] [32mBuilding CXX object CMakeFiles/realsense2_camera.dir/src/ros_sensor.cpp.o[0m
[6.062s] [ 18%] [32mBuilding CXX object CMakeFiles/realsense2_camera.dir/src/rs_node_setup.cpp.o[0m
[6.062s] [ 22%] [32mBuilding CXX object gtest/CMakeFiles/gtest_main.dir/src/gtest_main.cc.o[0m
[6.063s] [ 27%] [32mBuilding CXX object CMakeFiles/realsense2_camera.dir/src/realsense_node_factory.cpp.o[0m
[6.063s] [ 31%] [32mBuilding CXX object CMakeFiles/realsense2_camera.dir/src/profile_manager.cpp.o[0m
[6.063s] [ 36%] [32mBuilding CXX object CMakeFiles/realsense2_camera.dir/src/image_publisher.cpp.o[0m
[6.063s] [ 40%] [32mBuilding CXX object CMakeFiles/realsense2_camera.dir/src/parameters.cpp.o[0m
[6.063s] [ 45%] [32mBuilding CXX object CMakeFiles/realsense2_camera_node.dir/rclcpp_components/node_main_realsense2_camera_node.cpp.o[0m
[6.064s] [ 50%] [32mBuilding CXX object CMakeFiles/realsense2_camera.dir/src/ros_utils.cpp.o[0m
[6.064s] [ 59%] [32mBuilding CXX object CMakeFiles/realsense2_camera.dir/src/dynamic_params.cpp.o[0m
[6.065s] [ 59%] [32mBuilding CXX object CMakeFiles/realsense2_camera.dir/src/sensor_params.cpp.o[0m
[6.065s] [ 63%] [32mBuilding CXX object CMakeFiles/realsense2_camera.dir/src/tfs.cpp.o[0m
[6.065s] [ 68%] [32mBuilding CXX object CMakeFiles/realsense2_camera.dir/src/named_filter.cpp.o[0m
[6.066s] [ 72%] [32mBuilding CXX object CMakeFiles/realsense2_camera.dir/src/ros_param_backend.cpp.o[0m
[6.996s] [ 77%] [32m[1mLinking CXX static library libgtest_main.a[0m
[7.091s] [ 77%] Built target gtest_main
[11.982s] [ 81%] [32m[1mLinking CXX executable realsense2_camera_node[0m
[12.231s] [ 81%] Built target realsense2_camera_node
[16.292s] [ 86%] [32m[1mLinking CXX static library libgtest.a[0m
[16.345s] [ 86%] Built target gtest
[16.384s] [ 90%] [32mBuilding CXX object CMakeFiles/gtest_template.dir/test/gtest_template.cpp.o[0m
[17.122s] [ 95%] [32m[1mLinking CXX executable gtest_template[0m
[17.234s] [ 95%] Built target gtest_template
[21.970s] [100%] [32m[1mLinking CXX shared library librealsense2_camera.so[0m
[22.414s] [100%] Built target realsense2_camera
[22.426s] Invoked command in '/home/jack/work/build/realsense2_camera' returned '0': CMAKE_PREFIX_PATH=/home/jack/work/install/realsense2_camera_msgs:/home/jack/work/install/realsense2_description:/home/jack/work/install/realsense2_camera:/home/jack/work/install/hiwin_service_client:/home/jack/work/install/hiwin_libmodbus:/home/jack/work/install/hiwin_interfaces:/home/jack/work/install/detect_interface:/home/jack/work/install/yolov7_obj_detect:/home/jack/work/install/hiwin_example:/home/jack/work/install/hiwin_control:/home/jack/work/install/center:/opt/ros/humble LD_LIBRARY_PATH=/home/jack/work/install/realsense2_camera_msgs/lib:/home/jack/work/install/realsense2_camera/lib:/home/jack/work/install/hiwin_libmodbus/lib:/home/jack/work/install/hiwin_interfaces/lib:/home/jack/work/install/detect_interface/lib:/opt/ros/humble/opt/rviz_ogre_vendor/lib:/opt/ros/humble/lib/x86_64-linux-gnu:/opt/ros/humble/lib:/usr/local/nvidia/lib:/usr/local/nvidia/lib64 /usr/bin/cmake --build /home/jack/work/build/realsense2_camera -- -j16 -l16
[22.429s] Invoking command in '/home/jack/work/build/realsense2_camera': CMAKE_PREFIX_PATH=/home/jack/work/install/realsense2_camera_msgs:/home/jack/work/install/realsense2_description:/home/jack/work/install/realsense2_camera:/home/jack/work/install/hiwin_service_client:/home/jack/work/install/hiwin_libmodbus:/home/jack/work/install/hiwin_interfaces:/home/jack/work/install/detect_interface:/home/jack/work/install/yolov7_obj_detect:/home/jack/work/install/hiwin_example:/home/jack/work/install/hiwin_control:/home/jack/work/install/center:/opt/ros/humble LD_LIBRARY_PATH=/home/jack/work/install/realsense2_camera_msgs/lib:/home/jack/work/install/realsense2_camera/lib:/home/jack/work/install/hiwin_libmodbus/lib:/home/jack/work/install/hiwin_interfaces/lib:/home/jack/work/install/detect_interface/lib:/opt/ros/humble/opt/rviz_ogre_vendor/lib:/opt/ros/humble/lib/x86_64-linux-gnu:/opt/ros/humble/lib:/usr/local/nvidia/lib:/usr/local/nvidia/lib64 /usr/bin/cmake --install /home/jack/work/build/realsense2_camera
[22.436s] -- Install configuration: "Release"
[22.436s] -- Installing: /home/jack/work/install/realsense2_camera/lib/realsense2_camera/realsense2_camera_node
[22.437s] -- Set runtime path of "/home/jack/work/install/realsense2_camera/lib/realsense2_camera/realsense2_camera_node" to ""
[22.437s] -- Installing: /home/jack/work/install/realsense2_camera/lib/librealsense2_camera.so
[22.438s] -- Set runtime path of "/home/jack/work/install/realsense2_camera/lib/librealsense2_camera.so" to ""
[22.438s] -- Installing: /home/jack/work/install/realsense2_camera/include
[22.439s] -- Installing: /home/jack/work/install/realsense2_camera/include/named_filter.h
[22.440s] -- Installing: /home/jack/work/install/realsense2_camera/include/image_publisher.h
[22.441s] -- Installing: /home/jack/work/install/realsense2_camera/include/realsense_node_factory.h
[22.442s] -- Installing: /home/jack/work/install/realsense2_camera/include/ros_utils.h
[22.443s] -- Installing: /home/jack/work/install/realsense2_camera/include/base_realsense_node.h
[22.444s] -- Installing: /home/jack/work/install/realsense2_camera/include/gl_window.h
[22.445s] -- Installing: /home/jack/work/install/realsense2_camera/include/sensor_params.h
[22.447s] -- Installing: /home/jack/work/install/realsense2_camera/include/ros_param_backend.h
[22.448s] -- Installing: /home/jack/work/install/realsense2_camera/include/dynamic_params.h
[22.449s] -- Installing: /home/jack/work/install/realsense2_camera/include/ros_sensor.h
[22.450s] -- Installing: /home/jack/work/install/realsense2_camera/include/profile_manager.h
[22.451s] -- Installing: /home/jack/work/install/realsense2_camera/include/constants.h
[22.451s] -- Installing: /home/jack/work/install/realsense2_camera/share/realsense2_camera/launch
[22.453s] -- Installing: /home/jack/work/install/realsense2_camera/share/realsense2_camera/launch/rs_multi_camera_launch.py
[22.454s] -- Installing: /home/jack/work/install/realsense2_camera/share/realsense2_camera/launch/rs_launch.py
[22.455s] -- Installing: /home/jack/work/install/realsense2_camera/share/realsense2_camera/launch/default.rviz
[22.456s] -- Installing: /home/jack/work/install/realsense2_camera/share/realsense2_camera/launch/rs_intra_process_demo_launch.py
[22.457s] -- Installing: /home/jack/work/install/realsense2_camera/share/realsense2_camera/examples
[22.458s] -- Installing: /home/jack/work/install/realsense2_camera/share/realsense2_camera/examples/pointcloud
[22.459s] -- Installing: /home/jack/work/install/realsense2_camera/share/realsense2_camera/examples/pointcloud/rs_d405_pointcloud_launch.py
[22.460s] -- Installing: /home/jack/work/install/realsense2_camera/share/realsense2_camera/examples/pointcloud/rs_d455_pointcloud_launch.py
[22.461s] -- Installing: /home/jack/work/install/realsense2_camera/share/realsense2_camera/examples/pointcloud/rviz
[22.462s] -- Installing: /home/jack/work/install/realsense2_camera/share/realsense2_camera/examples/pointcloud/rviz/urdf_pointcloud.rviz
[22.465s] -- Installing: /home/jack/work/install/realsense2_camera/share/realsense2_camera/examples/pointcloud/rviz/pointcloud.rviz
[22.465s] -- Installing: /home/jack/work/install/realsense2_camera/share/realsense2_camera/examples/pointcloud/rs_pointcloud_launch.py
[22.466s] -- Installing: /home/jack/work/install/realsense2_camera/share/realsense2_camera/examples/pointcloud/README.md
[22.467s] -- Installing: /home/jack/work/install/realsense2_camera/share/realsense2_camera/examples/launch_params_from_file
[22.468s] -- Installing: /home/jack/work/install/realsense2_camera/share/realsense2_camera/examples/launch_params_from_file/config
[22.469s] -- Installing: /home/jack/work/install/realsense2_camera/share/realsense2_camera/examples/launch_params_from_file/config/config.yaml
[22.470s] -- Installing: /home/jack/work/install/realsense2_camera/share/realsense2_camera/examples/launch_params_from_file/README.md
[22.471s] -- Installing: /home/jack/work/install/realsense2_camera/share/realsense2_camera/examples/launch_params_from_file/rs_launch_get_params_from_yaml.py
[22.473s] -- Installing: /home/jack/work/install/realsense2_camera/share/realsense2_camera/examples/launch_from_rosbag
[22.474s] -- Installing: /home/jack/work/install/realsense2_camera/share/realsense2_camera/examples/launch_from_rosbag/rs_launch_from_rosbag.py
[22.474s] -- Installing: /home/jack/work/install/realsense2_camera/share/realsense2_camera/examples/launch_from_rosbag/README.md
[22.476s] -- Installing: /home/jack/work/install/realsense2_camera/share/realsense2_camera/examples/align_depth
[22.477s] -- Installing: /home/jack/work/install/realsense2_camera/share/realsense2_camera/examples/align_depth/rs_align_depth_launch.py
[22.478s] -- Installing: /home/jack/work/install/realsense2_camera/share/realsense2_camera/examples/align_depth/README.md
[22.479s] -- Installing: /home/jack/work/install/realsense2_camera/share/realsense2_camera/examples/dual_camera
[22.480s] -- Installing: /home/jack/work/install/realsense2_camera/share/realsense2_camera/examples/dual_camera/rs_dual_camera_launch.py
[22.481s] -- Installing: /home/jack/work/install/realsense2_camera/share/realsense2_camera/examples/dual_camera/rviz
[22.482s] -- Installing: /home/jack/work/install/realsense2_camera/share/realsense2_camera/examples/dual_camera/rviz/dual_camera_pointcloud.rviz
[22.483s] -- Installing: /home/jack/work/install/realsense2_camera/share/realsense2_camera/examples/dual_camera/README.md
[22.484s] -- Installing: /home/jack/work/install/realsense2_camera/share/realsense2_camera/environment/library_path.sh
[22.485s] -- Installing: /home/jack/work/install/realsense2_camera/share/realsense2_camera/environment/library_path.dsv
[22.486s] -- Installing: /home/jack/work/install/realsense2_camera/share/ament_index/resource_index/package_run_dependencies/realsense2_camera
[22.487s] -- Installing: /home/jack/work/install/realsense2_camera/share/ament_index/resource_index/parent_prefix_path/realsense2_camera
[22.488s] -- Installing: /home/jack/work/install/realsense2_camera/share/realsense2_camera/environment/ament_prefix_path.sh
[22.489s] -- Installing: /home/jack/work/install/realsense2_camera/share/realsense2_camera/environment/ament_prefix_path.dsv
[22.490s] -- Installing: /home/jack/work/install/realsense2_camera/share/realsense2_camera/environment/path.sh
[22.491s] -- Installing: /home/jack/work/install/realsense2_camera/share/realsense2_camera/environment/path.dsv
[22.492s] -- Installing: /home/jack/work/install/realsense2_camera/share/realsense2_camera/local_setup.bash
[22.493s] -- Installing: /home/jack/work/install/realsense2_camera/share/realsense2_camera/local_setup.sh
[22.494s] -- Installing: /home/jack/work/install/realsense2_camera/share/realsense2_camera/local_setup.zsh
[22.495s] -- Installing: /home/jack/work/install/realsense2_camera/share/realsense2_camera/local_setup.dsv
[22.496s] -- Installing: /home/jack/work/install/realsense2_camera/share/realsense2_camera/package.dsv
[22.496s] -- Installing: /home/jack/work/install/realsense2_camera/share/ament_index/resource_index/packages/realsense2_camera
[22.496s] -- Installing: /home/jack/work/install/realsense2_camera/share/ament_index/resource_index/rclcpp_components/realsense2_camera
[22.497s] -- Installing: /home/jack/work/install/realsense2_camera/share/realsense2_camera/cmake/ament_cmake_export_include_directories-extras.cmake
[22.497s] -- Installing: /home/jack/work/install/realsense2_camera/share/realsense2_camera/cmake/ament_cmake_export_libraries-extras.cmake
[22.498s] -- Installing: /home/jack/work/install/realsense2_camera/share/realsense2_camera/cmake/ament_cmake_export_dependencies-extras.cmake
[22.498s] -- Installing: /home/jack/work/install/realsense2_camera/share/realsense2_camera/cmake/realsense2_cameraConfig.cmake
[22.498s] -- Installing: /home/jack/work/install/realsense2_camera/share/realsense2_camera/cmake/realsense2_cameraConfig-version.cmake
[22.498s] -- Installing: /home/jack/work/install/realsense2_camera/share/realsense2_camera/package.xml
[22.500s] Invoked command in '/home/jack/work/build/realsense2_camera' returned '0': CMAKE_PREFIX_PATH=/home/jack/work/install/realsense2_camera_msgs:/home/jack/work/install/realsense2_description:/home/jack/work/install/realsense2_camera:/home/jack/work/install/hiwin_service_client:/home/jack/work/install/hiwin_libmodbus:/home/jack/work/install/hiwin_interfaces:/home/jack/work/install/detect_interface:/home/jack/work/install/yolov7_obj_detect:/home/jack/work/install/hiwin_example:/home/jack/work/install/hiwin_control:/home/jack/work/install/center:/opt/ros/humble LD_LIBRARY_PATH=/home/jack/work/install/realsense2_camera_msgs/lib:/home/jack/work/install/realsense2_camera/lib:/home/jack/work/install/hiwin_libmodbus/lib:/home/jack/work/install/hiwin_interfaces/lib:/home/jack/work/install/detect_interface/lib:/opt/ros/humble/opt/rviz_ogre_vendor/lib:/opt/ros/humble/lib/x86_64-linux-gnu:/opt/ros/humble/lib:/usr/local/nvidia/lib:/usr/local/nvidia/lib64 /usr/bin/cmake --install /home/jack/work/build/realsense2_camera
