-- The C compiler identification is GNU 11.4.0
-- The CXX compiler identification is GNU 11.4.0
-- Detecting C compiler ABI info
-- Detecting C compiler ABI info - done
-- Check for working C compiler: /usr/bin/cc - skipped
-- Detecting C compile features
-- Detecting C compile features - done
-- Detecting CXX compiler ABI info
-- Detecting CXX compiler ABI info - done
-- Check for working CXX compiler: /usr/bin/c++ - skipped
-- Detecting CXX compile features
-- Detecting CXX compile features - done
-- Found ament_cmake: 1.3.14 (/opt/ros/humble/share/ament_cmake/cmake)
-- Found Python3: /usr/bin/python3 (found version "3.10.12") found components: Interpreter 
-- Found rclcpp: 16.0.19 (/opt/ros/humble/share/rclcpp/cmake)
-- Found rosidl_generator_c: 3.1.8 (/opt/ros/humble/share/rosidl_generator_c/cmake)
-- Found rosidl_adapter: 3.1.8 (/opt/ros/humble/share/rosidl_adapter/cmake)
-- Found rosidl_generator_cpp: 3.1.8 (/opt/ros/humble/share/rosidl_generator_cpp/cmake)
-- Using all available rosidl_typesupport_c: rosidl_typesupport_fastrtps_c;rosidl_typesupport_introspection_c
-- Using all available rosidl_typesupport_cpp: rosidl_typesupport_fastrtps_cpp;rosidl_typesupport_introspection_cpp
-- Found rmw_implementation_cmake: 6.1.2 (/opt/ros/humble/share/rmw_implementation_cmake/cmake)
-- Found rmw_cyclonedds_cpp: 1.3.4 (/opt/ros/humble/share/rmw_cyclonedds_cpp/cmake)
-- Using RMW implementation 'rmw_cyclonedds_cpp' as default
-- Looking for pthread.h
-- Looking for pthread.h - found
-- Performing Test CMAKE_HAVE_LIBC_PTHREAD
-- Performing Test CMAKE_HAVE_LIBC_PTHREAD - Success
-- Found Threads: TRUE  
-- Found charuco_detector_interfaces: 0.0.0 (/home/jack/work/install/charuco_detector_interfaces/share/charuco_detector_interfaces/cmake)
-- Found OpenCV: /usr (found version "4.5.4") 
-- Found cv_bridge: 3.2.1 (/opt/ros/humble/share/cv_bridge/cmake)
-- Found image_transport: 3.1.12 (/opt/ros/humble/share/image_transport/cmake)
-- Found tf2_ros: 0.25.20 (/opt/ros/humble/share/tf2_ros/cmake)
-- Found ament_lint_auto: 0.12.15 (/opt/ros/humble/share/ament_lint_auto/cmake)
-- Added test 'cppcheck' to perform static code analysis on C / C++ code
-- Configured cppcheck include dirs: /home/jack/work/src/charuco_detector_ROS2/charuco_detector/include;$<BUILD_INTERFACE:/home/jack/work/src/charuco_detector_ROS2/charuco_detector/include>
-- Configured cppcheck exclude dirs and/or files: 
-- Added test 'flake8' to check Python code syntax and style conventions
-- Added test 'lint_cmake' to check CMake code style
-- Added test 'pep257' to check Python code against some of the docstring style conventions in PEP 257
-- Added test 'uncrustify' to check C / C++ code style
-- Configured uncrustify additional arguments: 
-- Added test 'xmllint' to check XML markup files
-- Configuring done
-- Generating done
-- Build files have been written to: /home/jack/work/build/charuco_detector
[ 25%] [32mBuilding CXX object CMakeFiles/charuco_detector_core.dir/src/charuco_detector.cpp.o[0m
[ 50%] [32m[1mLinking CXX shared library libcharuco_detector_core.so[0m
[ 50%] Built target charuco_detector_core
[ 75%] [32mBuilding CXX object CMakeFiles/charuco_detector_node.dir/src/charuco_detector_node.cpp.o[0m
[100%] [32m[1mLinking CXX executable charuco_detector_node[0m
[100%] Built target charuco_detector_node
-- Install configuration: ""
-- Installing: /home/jack/work/install/charuco_detector/include/charuco_detector/
-- Installing: /home/jack/work/install/charuco_detector/include/charuco_detector//charuco_detector.hpp
-- Installing: /home/jack/work/install/charuco_detector/lib/libcharuco_detector_core.so
-- Set runtime path of "/home/jack/work/install/charuco_detector/lib/libcharuco_detector_core.so" to ""
-- Up-to-date: /home/jack/work/install/charuco_detector/include/
-- Installing: /home/jack/work/install/charuco_detector/include//ini
-- Installing: /home/jack/work/install/charuco_detector/include//ini/ini.h
-- Up-to-date: /home/jack/work/install/charuco_detector/include//charuco_detector
-- Up-to-date: /home/jack/work/install/charuco_detector/include//charuco_detector/charuco_detector.hpp
-- Installing: /home/jack/work/install/charuco_detector/lib/charuco_detector/charuco_detector_node
-- Set runtime path of "/home/jack/work/install/charuco_detector/lib/charuco_detector/charuco_detector_node" to ""
-- Installing: /home/jack/work/install/charuco_detector/share/charuco_detector/launch
-- Installing: /home/jack/work/install/charuco_detector/share/charuco_detector/launch/hand_eye_calibration.launch.py
-- Installing: /home/jack/work/install/charuco_detector/share/charuco_detector/launch/ur5_hand_eye_calibration.launch
-- Installing: /home/jack/work/install/charuco_detector/share/charuco_detector/launch/ur5_eye_in_hand.launch
-- Installing: /home/jack/work/install/charuco_detector/share/charuco_detector/launch/charuco_detector (another copy).launch
-- Installing: /home/jack/work/install/charuco_detector/share/charuco_detector/launch/ur5_eye_to_hand.launch
-- Installing: /home/jack/work/install/charuco_detector/share/charuco_detector/launch/charuco_detector.launch (copy).py
-- Installing: /home/jack/work/install/charuco_detector/share/charuco_detector/launch/charuco_detector.launch.py
-- Installing: /home/jack/work/install/charuco_detector/share/charuco_detector/launch/charuco_detector (copy).launch
-- Installing: /home/jack/work/install/charuco_detector/share/charuco_detector/launch/draft.launch.py
-- Installing: /home/jack/work/install/charuco_detector/share/charuco_detector/package.xml
-- Up-to-date: /home/jack/work/install/charuco_detector/share/charuco_detector//launch
-- Up-to-date: /home/jack/work/install/charuco_detector/share/charuco_detector//launch/hand_eye_calibration.launch.py
-- Up-to-date: /home/jack/work/install/charuco_detector/share/charuco_detector//launch/ur5_hand_eye_calibration.launch
-- Up-to-date: /home/jack/work/install/charuco_detector/share/charuco_detector//launch/ur5_eye_in_hand.launch
-- Up-to-date: /home/jack/work/install/charuco_detector/share/charuco_detector//launch/charuco_detector (another copy).launch
-- Up-to-date: /home/jack/work/install/charuco_detector/share/charuco_detector//launch/ur5_eye_to_hand.launch
-- Up-to-date: /home/jack/work/install/charuco_detector/share/charuco_detector//launch/charuco_detector.launch (copy).py
-- Up-to-date: /home/jack/work/install/charuco_detector/share/charuco_detector//launch/charuco_detector.launch.py
-- Up-to-date: /home/jack/work/install/charuco_detector/share/charuco_detector//launch/charuco_detector (copy).launch
-- Up-to-date: /home/jack/work/install/charuco_detector/share/charuco_detector//launch/draft.launch.py
-- Installing: /home/jack/work/install/charuco_detector/share/charuco_detector//config
-- Installing: /home/jack/work/install/charuco_detector/share/charuco_detector//config/hand_eye_calibration
-- Installing: /home/jack/work/install/charuco_detector/share/charuco_detector//config/hand_eye_calibration/realsense_eye_in_hand.ini
-- Installing: /home/jack/work/install/charuco_detector/share/charuco_detector//config/hand_eye_calibration/eye_to_hand_calibration (copy).ini
-- Installing: /home/jack/work/install/charuco_detector/share/charuco_detector//config/hand_eye_calibration/eye_in_hand_calibration.ini
-- Installing: /home/jack/work/install/charuco_detector/share/charuco_detector//config/hand_eye_calibration/eye_to_hand_calibration.ini
-- Installing: /home/jack/work/install/charuco_detector/share/charuco_detector//config/hand_eye_calibration/hand_eye_calibration (copy).ini
-- Installing: /home/jack/work/install/charuco_detector/share/charuco_detector//config/hand_eye_calibration/master_hand_eye_calibration.ini
-- Installing: /home/jack/work/install/charuco_detector/share/charuco_detector//config/hand_eye_calibration/top_hand_eye_calibration.ini
-- Installing: /home/jack/work/install/charuco_detector/share/charuco_detector//config/hand_eye_calibration/sub_hand_eye_calibration.ini
-- Installing: /home/jack/work/install/charuco_detector/share/charuco_detector//config/hand_eye_calibration/hand_in_eye_calibration (manual).ini
-- Installing: /home/jack/work/install/charuco_detector/share/charuco_detector//config/hand_eye_calibration.ini
-- Installing: /home/jack/work/install/charuco_detector/share/charuco_detector//config/camera_calibration
-- Installing: /home/jack/work/install/charuco_detector/share/charuco_detector//config/camera_calibration/camera_calibration (3rd copy).ini
-- Installing: /home/jack/work/install/charuco_detector/share/charuco_detector//config/camera_calibration/calibration.yaml
-- Installing: /home/jack/work/install/charuco_detector/share/charuco_detector//config/camera_calibration/pic
-- Installing: /home/jack/work/install/charuco_detector/share/charuco_detector//config/camera_calibration/pic/camera-pic-of-charucoboard-28.jpg
-- Installing: /home/jack/work/install/charuco_detector/share/charuco_detector//config/camera_calibration/pic/camera-pic-of-charucoboard-22.jpg
-- Installing: /home/jack/work/install/charuco_detector/share/charuco_detector//config/camera_calibration/pic/camera-pic-of-charucoboard-9.jpg
-- Installing: /home/jack/work/install/charuco_detector/share/charuco_detector//config/camera_calibration/pic/camera-pic-of-charucoboard-10.jpg
-- Installing: /home/jack/work/install/charuco_detector/share/charuco_detector//config/camera_calibration/pic/camera-pic-of-charucoboard-17.jpg
-- Installing: /home/jack/work/install/charuco_detector/share/charuco_detector//config/camera_calibration/pic/camera-pic-of-charucoboard-5.jpg
-- Installing: /home/jack/work/install/charuco_detector/share/charuco_detector//config/camera_calibration/pic/camera-pic-of-charucoboard-12.jpg
-- Installing: /home/jack/work/install/charuco_detector/share/charuco_detector//config/camera_calibration/pic/camera-pic-of-charucoboard-19.jpg
-- Installing: /home/jack/work/install/charuco_detector/share/charuco_detector//config/camera_calibration/pic/camera-pic-of-charucoboard-11.jpg
-- Installing: /home/jack/work/install/charuco_detector/share/charuco_detector//config/camera_calibration/pic/camera-pic-of-charucoboard-6.jpg
-- Installing: /home/jack/work/install/charuco_detector/share/charuco_detector//config/camera_calibration/pic/camera-pic-of-charucoboard-1.jpg
-- Installing: /home/jack/work/install/charuco_detector/share/charuco_detector//config/camera_calibration/pic/camera-pic-of-charucoboard-16.jpg
-- Installing: /home/jack/work/install/charuco_detector/share/charuco_detector//config/camera_calibration/pic/camera-pic-of-charucoboard-26.jpg
-- Installing: /home/jack/work/install/charuco_detector/share/charuco_detector//config/camera_calibration/pic/camera-pic-of-charucoboard-29.jpg
-- Installing: /home/jack/work/install/charuco_detector/share/charuco_detector//config/camera_calibration/pic/camera-pic-of-charucoboard-8.jpg
-- Installing: /home/jack/work/install/charuco_detector/share/charuco_detector//config/camera_calibration/pic/camera-pic-of-charucoboard-18.jpg
-- Installing: /home/jack/work/install/charuco_detector/share/charuco_detector//config/camera_calibration/pic/camera-pic-of-charucoboard-7.jpg
-- Installing: /home/jack/work/install/charuco_detector/share/charuco_detector//config/camera_calibration/pic/camera-pic-of-charucoboard-14.jpg
-- Installing: /home/jack/work/install/charuco_detector/share/charuco_detector//config/camera_calibration/pic/camera-pic-of-charucoboard-21.jpg
-- Installing: /home/jack/work/install/charuco_detector/share/charuco_detector//config/camera_calibration/pic/camera-pic-of-charucoboard-27.jpg
-- Installing: /home/jack/work/install/charuco_detector/share/charuco_detector//config/camera_calibration/pic/camera-pic-of-charucoboard-30.jpg
-- Installing: /home/jack/work/install/charuco_detector/share/charuco_detector//config/camera_calibration/pic/camera-pic-of-charucoboard-24.jpg
-- Installing: /home/jack/work/install/charuco_detector/share/charuco_detector//config/camera_calibration/pic/camera-pic-of-charucoboard-15.jpg
-- Installing: /home/jack/work/install/charuco_detector/share/charuco_detector//config/camera_calibration/pic/camera-pic-of-charucoboard-4.jpg
-- Installing: /home/jack/work/install/charuco_detector/share/charuco_detector//config/camera_calibration/pic/camera-pic-of-charucoboard-25.jpg
-- Installing: /home/jack/work/install/charuco_detector/share/charuco_detector//config/camera_calibration/pic/camera-pic-of-charucoboard-20.jpg
-- Installing: /home/jack/work/install/charuco_detector/share/charuco_detector//config/camera_calibration/pic/camera-pic-of-charucoboard-3.jpg
-- Installing: /home/jack/work/install/charuco_detector/share/charuco_detector//config/camera_calibration/pic/camera-pic-of-charucoboard-13.jpg
-- Installing: /home/jack/work/install/charuco_detector/share/charuco_detector//config/camera_calibration/pic/camera-pic-of-charucoboard-2.jpg
-- Installing: /home/jack/work/install/charuco_detector/share/charuco_detector//config/camera_calibration/pic/camera-pic-of-charucoboard-23.jpg
-- Installing: /home/jack/work/install/charuco_detector/share/charuco_detector//config/camera_calibration/camera_calibration (no1).ini
-- Installing: /home/jack/work/install/charuco_detector/share/charuco_detector//config/camera_calibration/camera_calibration.ini
-- Installing: /home/jack/work/install/charuco_detector/share/charuco_detector//config/camera_calibration/calibration.pckl
-- Installing: /home/jack/work/install/charuco_detector/share/charuco_detector//config/camera_calibration/camera_calibration (another copy).ini
-- Installing: /home/jack/work/install/charuco_detector/share/charuco_detector//config/ros.yaml
-- Installing: /home/jack/work/install/charuco_detector/share/charuco_detector//yaml
-- Installing: /home/jack/work/install/charuco_detector/share/charuco_detector//yaml/charuco.yaml
-- Installing: /home/jack/work/install/charuco_detector/share/charuco_detector//yaml/charuco (copy).yaml
-- Installing: /home/jack/work/install/charuco_detector/share/charuco_detector/environment/library_path.sh
-- Installing: /home/jack/work/install/charuco_detector/share/charuco_detector/environment/library_path.dsv
-- Installing: /home/jack/work/install/charuco_detector/share/ament_index/resource_index/package_run_dependencies/charuco_detector
-- Installing: /home/jack/work/install/charuco_detector/share/ament_index/resource_index/parent_prefix_path/charuco_detector
-- Installing: /home/jack/work/install/charuco_detector/share/charuco_detector/environment/ament_prefix_path.sh
-- Installing: /home/jack/work/install/charuco_detector/share/charuco_detector/environment/ament_prefix_path.dsv
-- Installing: /home/jack/work/install/charuco_detector/share/charuco_detector/environment/path.sh
-- Installing: /home/jack/work/install/charuco_detector/share/charuco_detector/environment/path.dsv
-- Installing: /home/jack/work/install/charuco_detector/share/charuco_detector/local_setup.bash
-- Installing: /home/jack/work/install/charuco_detector/share/charuco_detector/local_setup.sh
-- Installing: /home/jack/work/install/charuco_detector/share/charuco_detector/local_setup.zsh
-- Installing: /home/jack/work/install/charuco_detector/share/charuco_detector/local_setup.dsv
-- Installing: /home/jack/work/install/charuco_detector/share/charuco_detector/package.dsv
-- Installing: /home/jack/work/install/charuco_detector/share/ament_index/resource_index/packages/charuco_detector
-- Installing: /home/jack/work/install/charuco_detector/share/charuco_detector/cmake/ament_cmake_export_dependencies-extras.cmake
-- Installing: /home/jack/work/install/charuco_detector/share/charuco_detector/cmake/ament_cmake_export_include_directories-extras.cmake
-- Installing: /home/jack/work/install/charuco_detector/share/charuco_detector/cmake/ament_cmake_export_libraries-extras.cmake
-- Installing: /home/jack/work/install/charuco_detector/share/charuco_detector/cmake/charuco_detectorConfig.cmake
-- Installing: /home/jack/work/install/charuco_detector/share/charuco_detector/cmake/charuco_detectorConfig-version.cmake
-- Up-to-date: /home/jack/work/install/charuco_detector/share/charuco_detector/package.xml
