[0.022s] Invoking command in '/home/jack/work/build/hiwin_interfaces': CMAKE_PREFIX_PATH=${CMAKE_PREFIX_PATH}:/home/jack/work/install/yolov7_obj_detect:/home/jack/work/install/hiwin_example:/home/jack/work/install/hiwin_control:/home/jack/work/install/center:/opt/ros/humble /usr/bin/cmake --build /home/jack/work/build/hiwin_interfaces -- -j16 -l16
[0.116s] [  2%] Built target hiwin_interfaces__rs
[0.123s] [  5%] Built target hiwin_interfaces__cpp
[0.123s] [ 15%] Built target hiwin_interfaces__rosidl_generator_c
[0.134s] [ 15%] Built target ament_cmake_python_copy_hiwin_interfaces
[0.176s] [ 25%] Built target hiwin_interfaces__rosidl_typesupport_introspection_cpp
[0.181s] [ 35%] Built target hiwin_interfaces__rosidl_typesupport_cpp
[0.195s] [ 45%] Built target hiwin_interfaces__rosidl_typesupport_fastrtps_cpp
[0.197s] [ 55%] Built target hiwin_interfaces__rosidl_typesupport_fastrtps_c
[0.202s] [ 65%] Built target hiwin_interfaces__rosidl_typesupport_c
[0.203s] [ 75%] Built target hiwin_interfaces__rosidl_typesupport_introspection_c
[0.238s] [ 75%] Built target hiwin_interfaces
[0.276s] [ 77%] Built target hiwin_interfaces__py
[0.324s] [ 85%] Built target hiwin_interfaces__rosidl_generator_py
[0.387s] [ 90%] Built target hiwin_interfaces__rosidl_typesupport_introspection_c__pyext
[0.390s] [ 95%] Built target hiwin_interfaces__rosidl_typesupport_fastrtps_c__pyext
[0.395s] [100%] Built target hiwin_interfaces__rosidl_typesupport_c__pyext
[0.429s] running egg_info
[0.449s] writing hiwin_interfaces.egg-info/PKG-INFO
[0.449s] writing dependency_links to hiwin_interfaces.egg-info/dependency_links.txt
[0.450s] writing top-level names to hiwin_interfaces.egg-info/top_level.txt
[0.503s] reading manifest file 'hiwin_interfaces.egg-info/SOURCES.txt'
[0.504s] writing manifest file 'hiwin_interfaces.egg-info/SOURCES.txt'
[0.543s] [100%] Built target ament_cmake_python_build_hiwin_interfaces_egg
[0.562s] Invoked command in '/home/jack/work/build/hiwin_interfaces' returned '0': CMAKE_PREFIX_PATH=${CMAKE_PREFIX_PATH}:/home/jack/work/install/yolov7_obj_detect:/home/jack/work/install/hiwin_example:/home/jack/work/install/hiwin_control:/home/jack/work/install/center:/opt/ros/humble /usr/bin/cmake --build /home/jack/work/build/hiwin_interfaces -- -j16 -l16
[0.564s] Invoking command in '/home/jack/work/build/hiwin_interfaces': CMAKE_PREFIX_PATH=${CMAKE_PREFIX_PATH}:/home/jack/work/install/yolov7_obj_detect:/home/jack/work/install/hiwin_example:/home/jack/work/install/hiwin_control:/home/jack/work/install/center:/opt/ros/humble /usr/bin/cmake --install /home/jack/work/build/hiwin_interfaces
[0.578s] -- Install configuration: ""
[0.578s] -- Up-to-date: /home/jack/work/install/hiwin_interfaces/share/ament_index/resource_index/rosidl_interfaces/hiwin_interfaces
[0.578s] -- Up-to-date: /home/jack/work/install/hiwin_interfaces/include/hiwin_interfaces/hiwin_interfaces
[0.578s] -- Up-to-date: /home/jack/work/install/hiwin_interfaces/include/hiwin_interfaces/hiwin_interfaces/msg
[0.578s] -- Up-to-date: /home/jack/work/install/hiwin_interfaces/include/hiwin_interfaces/hiwin_interfaces/msg/rosidl_generator_c__visibility_control.h
[0.578s] -- Up-to-date: /home/jack/work/install/hiwin_interfaces/include/hiwin_interfaces/hiwin_interfaces/srv
[0.578s] -- Up-to-date: /home/jack/work/install/hiwin_interfaces/include/hiwin_interfaces/hiwin_interfaces/srv/robot_command.h
[0.578s] -- Up-to-date: /home/jack/work/install/hiwin_interfaces/include/hiwin_interfaces/hiwin_interfaces/srv/detail
[0.578s] -- Up-to-date: /home/jack/work/install/hiwin_interfaces/include/hiwin_interfaces/hiwin_interfaces/srv/detail/robot_command__type_support.h
[0.579s] -- Up-to-date: /home/jack/work/install/hiwin_interfaces/include/hiwin_interfaces/hiwin_interfaces/srv/detail/hiwinmodbus__functions.c
[0.579s] -- Up-to-date: /home/jack/work/install/hiwin_interfaces/include/hiwin_interfaces/hiwin_interfaces/srv/detail/hiwinmodbus__functions.h
[0.579s] -- Up-to-date: /home/jack/work/install/hiwin_interfaces/include/hiwin_interfaces/hiwin_interfaces/srv/detail/hiwinmodbus__type_support.h
[0.579s] -- Up-to-date: /home/jack/work/install/hiwin_interfaces/include/hiwin_interfaces/hiwin_interfaces/srv/detail/robot_command__functions.h
[0.579s] -- Up-to-date: /home/jack/work/install/hiwin_interfaces/include/hiwin_interfaces/hiwin_interfaces/srv/detail/robot_command__functions.c
[0.579s] -- Up-to-date: /home/jack/work/install/hiwin_interfaces/include/hiwin_interfaces/hiwin_interfaces/srv/detail/hiwinmodbus__struct.h
[0.579s] -- Up-to-date: /home/jack/work/install/hiwin_interfaces/include/hiwin_interfaces/hiwin_interfaces/srv/detail/robot_command__struct.h
[0.579s] -- Up-to-date: /home/jack/work/install/hiwin_interfaces/include/hiwin_interfaces/hiwin_interfaces/srv/hiwinmodbus.h
[0.579s] -- Up-to-date: /home/jack/work/install/hiwin_interfaces/share/hiwin_interfaces/environment/library_path.sh
[0.579s] -- Up-to-date: /home/jack/work/install/hiwin_interfaces/share/hiwin_interfaces/environment/library_path.dsv
[0.579s] -- Up-to-date: /home/jack/work/install/hiwin_interfaces/lib/libhiwin_interfaces__rosidl_generator_c.so
[0.579s] -- Up-to-date: /home/jack/work/install/hiwin_interfaces/include/hiwin_interfaces/hiwin_interfaces
[0.579s] -- Up-to-date: /home/jack/work/install/hiwin_interfaces/include/hiwin_interfaces/hiwin_interfaces/msg
[0.579s] -- Up-to-date: /home/jack/work/install/hiwin_interfaces/include/hiwin_interfaces/hiwin_interfaces/msg/rosidl_typesupport_fastrtps_c__visibility_control.h
[0.579s] -- Up-to-date: /home/jack/work/install/hiwin_interfaces/include/hiwin_interfaces/hiwin_interfaces/srv
[0.579s] -- Up-to-date: /home/jack/work/install/hiwin_interfaces/include/hiwin_interfaces/hiwin_interfaces/srv/detail
[0.579s] -- Up-to-date: /home/jack/work/install/hiwin_interfaces/include/hiwin_interfaces/hiwin_interfaces/srv/detail/robot_command__rosidl_typesupport_fastrtps_c.h
[0.579s] -- Up-to-date: /home/jack/work/install/hiwin_interfaces/include/hiwin_interfaces/hiwin_interfaces/srv/detail/hiwinmodbus__rosidl_typesupport_fastrtps_c.h
[0.581s] -- Up-to-date: /home/jack/work/install/hiwin_interfaces/lib/libhiwin_interfaces__rosidl_typesupport_fastrtps_c.so
[0.581s] -- Up-to-date: /home/jack/work/install/hiwin_interfaces/include/hiwin_interfaces/hiwin_interfaces
[0.581s] -- Up-to-date: /home/jack/work/install/hiwin_interfaces/include/hiwin_interfaces/hiwin_interfaces/msg
[0.581s] -- Up-to-date: /home/jack/work/install/hiwin_interfaces/include/hiwin_interfaces/hiwin_interfaces/msg/rosidl_generator_cpp__visibility_control.hpp
[0.581s] -- Up-to-date: /home/jack/work/install/hiwin_interfaces/include/hiwin_interfaces/hiwin_interfaces/srv
[0.581s] -- Up-to-date: /home/jack/work/install/hiwin_interfaces/include/hiwin_interfaces/hiwin_interfaces/srv/robot_command.hpp
[0.581s] -- Up-to-date: /home/jack/work/install/hiwin_interfaces/include/hiwin_interfaces/hiwin_interfaces/srv/hiwinmodbus.hpp
[0.581s] -- Up-to-date: /home/jack/work/install/hiwin_interfaces/include/hiwin_interfaces/hiwin_interfaces/srv/detail
[0.581s] -- Up-to-date: /home/jack/work/install/hiwin_interfaces/include/hiwin_interfaces/hiwin_interfaces/srv/detail/robot_command__type_support.hpp
[0.581s] -- Up-to-date: /home/jack/work/install/hiwin_interfaces/include/hiwin_interfaces/hiwin_interfaces/srv/detail/robot_command__struct.hpp
[0.581s] -- Up-to-date: /home/jack/work/install/hiwin_interfaces/include/hiwin_interfaces/hiwin_interfaces/srv/detail/robot_command__builder.hpp
[0.581s] -- Up-to-date: /home/jack/work/install/hiwin_interfaces/include/hiwin_interfaces/hiwin_interfaces/srv/detail/hiwinmodbus__type_support.hpp
[0.581s] -- Up-to-date: /home/jack/work/install/hiwin_interfaces/include/hiwin_interfaces/hiwin_interfaces/srv/detail/robot_command__traits.hpp
[0.581s] -- Up-to-date: /home/jack/work/install/hiwin_interfaces/include/hiwin_interfaces/hiwin_interfaces/srv/detail/hiwinmodbus__builder.hpp
[0.581s] -- Up-to-date: /home/jack/work/install/hiwin_interfaces/include/hiwin_interfaces/hiwin_interfaces/srv/detail/hiwinmodbus__struct.hpp
[0.581s] -- Up-to-date: /home/jack/work/install/hiwin_interfaces/include/hiwin_interfaces/hiwin_interfaces/srv/detail/hiwinmodbus__traits.hpp
[0.581s] -- Up-to-date: /home/jack/work/install/hiwin_interfaces/include/hiwin_interfaces/hiwin_interfaces
[0.581s] -- Up-to-date: /home/jack/work/install/hiwin_interfaces/include/hiwin_interfaces/hiwin_interfaces/msg
[0.581s] -- Up-to-date: /home/jack/work/install/hiwin_interfaces/include/hiwin_interfaces/hiwin_interfaces/msg/rosidl_typesupport_fastrtps_cpp__visibility_control.h
[0.581s] -- Up-to-date: /home/jack/work/install/hiwin_interfaces/include/hiwin_interfaces/hiwin_interfaces/srv
[0.582s] -- Up-to-date: /home/jack/work/install/hiwin_interfaces/include/hiwin_interfaces/hiwin_interfaces/srv/detail
[0.582s] -- Up-to-date: /home/jack/work/install/hiwin_interfaces/include/hiwin_interfaces/hiwin_interfaces/srv/detail/hiwinmodbus__rosidl_typesupport_fastrtps_cpp.hpp
[0.582s] -- Up-to-date: /home/jack/work/install/hiwin_interfaces/include/hiwin_interfaces/hiwin_interfaces/srv/detail/dds_fastrtps
[0.582s] -- Up-to-date: /home/jack/work/install/hiwin_interfaces/include/hiwin_interfaces/hiwin_interfaces/srv/detail/robot_command__rosidl_typesupport_fastrtps_cpp.hpp
[0.582s] -- Up-to-date: /home/jack/work/install/hiwin_interfaces/lib/libhiwin_interfaces__rosidl_typesupport_fastrtps_cpp.so
[0.586s] -- Up-to-date: /home/jack/work/install/hiwin_interfaces/include/hiwin_interfaces/hiwin_interfaces
[0.586s] -- Up-to-date: /home/jack/work/install/hiwin_interfaces/include/hiwin_interfaces/hiwin_interfaces/msg
[0.586s] -- Up-to-date: /home/jack/work/install/hiwin_interfaces/include/hiwin_interfaces/hiwin_interfaces/msg/rosidl_typesupport_introspection_c__visibility_control.h
[0.586s] -- Up-to-date: /home/jack/work/install/hiwin_interfaces/include/hiwin_interfaces/hiwin_interfaces/srv
[0.586s] -- Up-to-date: /home/jack/work/install/hiwin_interfaces/include/hiwin_interfaces/hiwin_interfaces/srv/detail
[0.586s] -- Up-to-date: /home/jack/work/install/hiwin_interfaces/include/hiwin_interfaces/hiwin_interfaces/srv/detail/hiwinmodbus__type_support.c
[0.586s] -- Up-to-date: /home/jack/work/install/hiwin_interfaces/include/hiwin_interfaces/hiwin_interfaces/srv/detail/hiwinmodbus__rosidl_typesupport_introspection_c.h
[0.586s] -- Up-to-date: /home/jack/work/install/hiwin_interfaces/include/hiwin_interfaces/hiwin_interfaces/srv/detail/robot_command__type_support.c
[0.586s] -- Up-to-date: /home/jack/work/install/hiwin_interfaces/include/hiwin_interfaces/hiwin_interfaces/srv/detail/robot_command__rosidl_typesupport_introspection_c.h
[0.586s] -- Up-to-date: /home/jack/work/install/hiwin_interfaces/lib/libhiwin_interfaces__rosidl_typesupport_introspection_c.so
[0.586s] -- Up-to-date: /home/jack/work/install/hiwin_interfaces/lib/libhiwin_interfaces__rosidl_typesupport_c.so
[0.586s] -- Up-to-date: /home/jack/work/install/hiwin_interfaces/include/hiwin_interfaces/hiwin_interfaces
[0.586s] -- Up-to-date: /home/jack/work/install/hiwin_interfaces/include/hiwin_interfaces/hiwin_interfaces/srv
[0.586s] -- Up-to-date: /home/jack/work/install/hiwin_interfaces/include/hiwin_interfaces/hiwin_interfaces/srv/detail
[0.586s] -- Up-to-date: /home/jack/work/install/hiwin_interfaces/include/hiwin_interfaces/hiwin_interfaces/srv/detail/hiwinmodbus__type_support.cpp
[0.586s] -- Up-to-date: /home/jack/work/install/hiwin_interfaces/include/hiwin_interfaces/hiwin_interfaces/srv/detail/hiwinmodbus__rosidl_typesupport_introspection_cpp.hpp
[0.587s] -- Up-to-date: /home/jack/work/install/hiwin_interfaces/include/hiwin_interfaces/hiwin_interfaces/srv/detail/robot_command__rosidl_typesupport_introspection_cpp.hpp
[0.587s] -- Up-to-date: /home/jack/work/install/hiwin_interfaces/include/hiwin_interfaces/hiwin_interfaces/srv/detail/robot_command__type_support.cpp
[0.587s] -- Up-to-date: /home/jack/work/install/hiwin_interfaces/lib/libhiwin_interfaces__rosidl_typesupport_introspection_cpp.so
[0.587s] -- Up-to-date: /home/jack/work/install/hiwin_interfaces/lib/libhiwin_interfaces__rosidl_typesupport_cpp.so
[0.587s] -- Up-to-date: /home/jack/work/install/hiwin_interfaces/share/hiwin_interfaces/environment/pythonpath.sh
[0.587s] -- Up-to-date: /home/jack/work/install/hiwin_interfaces/share/hiwin_interfaces/environment/pythonpath.dsv
[0.587s] -- Up-to-date: /home/jack/work/install/hiwin_interfaces/local/lib/python3.10/dist-packages/hiwin_interfaces-0.0.0-py3.10.egg-info
[0.587s] -- Installing: /home/jack/work/install/hiwin_interfaces/local/lib/python3.10/dist-packages/hiwin_interfaces-0.0.0-py3.10.egg-info/top_level.txt
[0.587s] -- Installing: /home/jack/work/install/hiwin_interfaces/local/lib/python3.10/dist-packages/hiwin_interfaces-0.0.0-py3.10.egg-info/PKG-INFO
[0.587s] -- Installing: /home/jack/work/install/hiwin_interfaces/local/lib/python3.10/dist-packages/hiwin_interfaces-0.0.0-py3.10.egg-info/dependency_links.txt
[0.587s] -- Installing: /home/jack/work/install/hiwin_interfaces/local/lib/python3.10/dist-packages/hiwin_interfaces-0.0.0-py3.10.egg-info/SOURCES.txt
[0.587s] -- Up-to-date: /home/jack/work/install/hiwin_interfaces/local/lib/python3.10/dist-packages/hiwin_interfaces
[0.587s] -- Up-to-date: /home/jack/work/install/hiwin_interfaces/local/lib/python3.10/dist-packages/hiwin_interfaces/__init__.py
[0.587s] -- Up-to-date: /home/jack/work/install/hiwin_interfaces/local/lib/python3.10/dist-packages/hiwin_interfaces/_hiwin_interfaces_s.ep.rosidl_typesupport_c.c
[0.587s] -- Up-to-date: /home/jack/work/install/hiwin_interfaces/local/lib/python3.10/dist-packages/hiwin_interfaces/_hiwin_interfaces_s.ep.rosidl_typesupport_introspection_c.c
[0.587s] -- Up-to-date: /home/jack/work/install/hiwin_interfaces/local/lib/python3.10/dist-packages/hiwin_interfaces/_hiwin_interfaces_s.ep.rosidl_typesupport_fastrtps_c.c
[0.587s] -- Up-to-date: /home/jack/work/install/hiwin_interfaces/local/lib/python3.10/dist-packages/hiwin_interfaces/hiwin_interfaces_s__rosidl_typesupport_c.cpython-310-x86_64-linux-gnu.so
[0.587s] -- Up-to-date: /home/jack/work/install/hiwin_interfaces/local/lib/python3.10/dist-packages/hiwin_interfaces/hiwin_interfaces_s__rosidl_typesupport_introspection_c.cpython-310-x86_64-linux-gnu.so
[0.587s] -- Up-to-date: /home/jack/work/install/hiwin_interfaces/local/lib/python3.10/dist-packages/hiwin_interfaces/srv
[0.587s] -- Up-to-date: /home/jack/work/install/hiwin_interfaces/local/lib/python3.10/dist-packages/hiwin_interfaces/srv/__init__.py
[0.587s] -- Up-to-date: /home/jack/work/install/hiwin_interfaces/local/lib/python3.10/dist-packages/hiwin_interfaces/srv/_robot_command_s.c
[0.587s] -- Up-to-date: /home/jack/work/install/hiwin_interfaces/local/lib/python3.10/dist-packages/hiwin_interfaces/srv/_hiwinmodbus_s.c
[0.587s] -- Up-to-date: /home/jack/work/install/hiwin_interfaces/local/lib/python3.10/dist-packages/hiwin_interfaces/srv/_robot_command.py
[0.587s] -- Up-to-date: /home/jack/work/install/hiwin_interfaces/local/lib/python3.10/dist-packages/hiwin_interfaces/srv/_hiwinmodbus.py
[0.587s] -- Up-to-date: /home/jack/work/install/hiwin_interfaces/local/lib/python3.10/dist-packages/hiwin_interfaces/libhiwin_interfaces__rosidl_generator_py.so
[0.588s] -- Up-to-date: /home/jack/work/install/hiwin_interfaces/local/lib/python3.10/dist-packages/hiwin_interfaces/hiwin_interfaces_s__rosidl_typesupport_fastrtps_c.cpython-310-x86_64-linux-gnu.so
[0.639s] Listing '/home/jack/work/install/hiwin_interfaces/local/lib/python3.10/dist-packages/hiwin_interfaces'...
[0.640s] Listing '/home/jack/work/install/hiwin_interfaces/local/lib/python3.10/dist-packages/hiwin_interfaces/srv'...
[0.649s] -- Up-to-date: /home/jack/work/install/hiwin_interfaces/local/lib/python3.10/dist-packages/hiwin_interfaces/hiwin_interfaces_s__rosidl_typesupport_fastrtps_c.cpython-310-x86_64-linux-gnu.so
[0.649s] -- Up-to-date: /home/jack/work/install/hiwin_interfaces/local/lib/python3.10/dist-packages/hiwin_interfaces/hiwin_interfaces_s__rosidl_typesupport_introspection_c.cpython-310-x86_64-linux-gnu.so
[0.649s] -- Up-to-date: /home/jack/work/install/hiwin_interfaces/local/lib/python3.10/dist-packages/hiwin_interfaces/hiwin_interfaces_s__rosidl_typesupport_c.cpython-310-x86_64-linux-gnu.so
[0.649s] -- Up-to-date: /home/jack/work/install/hiwin_interfaces/lib/libhiwin_interfaces__rosidl_generator_py.so
[0.649s] -- Up-to-date: /home/jack/work/install/hiwin_interfaces/share/ament_index/resource_index/rust_packages/hiwin_interfaces
[0.649s] -- Up-to-date: /home/jack/work/install/hiwin_interfaces/share/hiwin_interfaces/rust
[0.649s] -- Up-to-date: /home/jack/work/install/hiwin_interfaces/share/hiwin_interfaces/rust/Cargo.toml
[0.649s] -- Up-to-date: /home/jack/work/install/hiwin_interfaces/share/hiwin_interfaces/rust/src
[0.650s] -- Up-to-date: /home/jack/work/install/hiwin_interfaces/share/hiwin_interfaces/rust/src/srv
[0.650s] -- Up-to-date: /home/jack/work/install/hiwin_interfaces/share/hiwin_interfaces/rust/src/srv/rmw.rs
[0.650s] -- Up-to-date: /home/jack/work/install/hiwin_interfaces/share/hiwin_interfaces/rust/src/srv.rs
[0.650s] -- Up-to-date: /home/jack/work/install/hiwin_interfaces/share/hiwin_interfaces/rust/src/lib.rs
[0.650s] -- Up-to-date: /home/jack/work/install/hiwin_interfaces/share/hiwin_interfaces/rust/build.rs
[0.650s] -- Up-to-date: /home/jack/work/install/hiwin_interfaces/share/hiwin_interfaces/srv/Hiwinmodbus.idl
[0.650s] -- Up-to-date: /home/jack/work/install/hiwin_interfaces/share/hiwin_interfaces/srv/RobotCommand.idl
[0.650s] -- Up-to-date: /home/jack/work/install/hiwin_interfaces/share/hiwin_interfaces/srv/Hiwinmodbus.srv
[0.650s] -- Up-to-date: /home/jack/work/install/hiwin_interfaces/share/hiwin_interfaces/srv/Hiwinmodbus_Request.msg
[0.650s] -- Up-to-date: /home/jack/work/install/hiwin_interfaces/share/hiwin_interfaces/srv/Hiwinmodbus_Response.msg
[0.650s] -- Up-to-date: /home/jack/work/install/hiwin_interfaces/share/hiwin_interfaces/srv/RobotCommand.srv
[0.650s] -- Up-to-date: /home/jack/work/install/hiwin_interfaces/share/hiwin_interfaces/srv/RobotCommand_Request.msg
[0.650s] -- Up-to-date: /home/jack/work/install/hiwin_interfaces/share/hiwin_interfaces/srv/RobotCommand_Response.msg
[0.650s] -- Up-to-date: /home/jack/work/install/hiwin_interfaces/share/ament_index/resource_index/package_run_dependencies/hiwin_interfaces
[0.651s] -- Up-to-date: /home/jack/work/install/hiwin_interfaces/share/ament_index/resource_index/parent_prefix_path/hiwin_interfaces
[0.651s] -- Up-to-date: /home/jack/work/install/hiwin_interfaces/share/hiwin_interfaces/environment/ament_prefix_path.sh
[0.651s] -- Up-to-date: /home/jack/work/install/hiwin_interfaces/share/hiwin_interfaces/environment/ament_prefix_path.dsv
[0.651s] -- Up-to-date: /home/jack/work/install/hiwin_interfaces/share/hiwin_interfaces/environment/path.sh
[0.651s] -- Up-to-date: /home/jack/work/install/hiwin_interfaces/share/hiwin_interfaces/environment/path.dsv
[0.651s] -- Up-to-date: /home/jack/work/install/hiwin_interfaces/share/hiwin_interfaces/local_setup.bash
[0.651s] -- Up-to-date: /home/jack/work/install/hiwin_interfaces/share/hiwin_interfaces/local_setup.sh
[0.651s] -- Up-to-date: /home/jack/work/install/hiwin_interfaces/share/hiwin_interfaces/local_setup.zsh
[0.651s] -- Up-to-date: /home/jack/work/install/hiwin_interfaces/share/hiwin_interfaces/local_setup.dsv
[0.652s] -- Installing: /home/jack/work/install/hiwin_interfaces/share/hiwin_interfaces/package.dsv
[0.652s] -- Up-to-date: /home/jack/work/install/hiwin_interfaces/share/ament_index/resource_index/packages/hiwin_interfaces
[0.658s] -- Up-to-date: /home/jack/work/install/hiwin_interfaces/share/hiwin_interfaces/cmake/export_hiwin_interfaces__rosidl_generator_cExport.cmake
[0.661s] -- Up-to-date: /home/jack/work/install/hiwin_interfaces/share/hiwin_interfaces/cmake/export_hiwin_interfaces__rosidl_generator_cExport-noconfig.cmake
[0.661s] -- Up-to-date: /home/jack/work/install/hiwin_interfaces/share/hiwin_interfaces/cmake/export_hiwin_interfaces__rosidl_typesupport_fastrtps_cExport.cmake
[0.661s] -- Up-to-date: /home/jack/work/install/hiwin_interfaces/share/hiwin_interfaces/cmake/export_hiwin_interfaces__rosidl_typesupport_fastrtps_cExport-noconfig.cmake
[0.661s] -- Up-to-date: /home/jack/work/install/hiwin_interfaces/share/hiwin_interfaces/cmake/export_hiwin_interfaces__rosidl_generator_cppExport.cmake
[0.661s] -- Up-to-date: /home/jack/work/install/hiwin_interfaces/share/hiwin_interfaces/cmake/export_hiwin_interfaces__rosidl_typesupport_fastrtps_cppExport.cmake
[0.662s] -- Up-to-date: /home/jack/work/install/hiwin_interfaces/share/hiwin_interfaces/cmake/export_hiwin_interfaces__rosidl_typesupport_fastrtps_cppExport-noconfig.cmake
[0.662s] -- Up-to-date: /home/jack/work/install/hiwin_interfaces/share/hiwin_interfaces/cmake/hiwin_interfaces__rosidl_typesupport_introspection_cExport.cmake
[0.662s] -- Up-to-date: /home/jack/work/install/hiwin_interfaces/share/hiwin_interfaces/cmake/hiwin_interfaces__rosidl_typesupport_introspection_cExport-noconfig.cmake
[0.662s] -- Up-to-date: /home/jack/work/install/hiwin_interfaces/share/hiwin_interfaces/cmake/hiwin_interfaces__rosidl_typesupport_cExport.cmake
[0.662s] -- Up-to-date: /home/jack/work/install/hiwin_interfaces/share/hiwin_interfaces/cmake/hiwin_interfaces__rosidl_typesupport_cExport-noconfig.cmake
[0.662s] -- Up-to-date: /home/jack/work/install/hiwin_interfaces/share/hiwin_interfaces/cmake/hiwin_interfaces__rosidl_typesupport_introspection_cppExport.cmake
[0.662s] -- Up-to-date: /home/jack/work/install/hiwin_interfaces/share/hiwin_interfaces/cmake/hiwin_interfaces__rosidl_typesupport_introspection_cppExport-noconfig.cmake
[0.662s] -- Up-to-date: /home/jack/work/install/hiwin_interfaces/share/hiwin_interfaces/cmake/hiwin_interfaces__rosidl_typesupport_cppExport.cmake
[0.662s] -- Up-to-date: /home/jack/work/install/hiwin_interfaces/share/hiwin_interfaces/cmake/hiwin_interfaces__rosidl_typesupport_cppExport-noconfig.cmake
[0.662s] -- Up-to-date: /home/jack/work/install/hiwin_interfaces/share/hiwin_interfaces/cmake/export_hiwin_interfaces__rosidl_generator_pyExport.cmake
[0.663s] -- Up-to-date: /home/jack/work/install/hiwin_interfaces/share/hiwin_interfaces/cmake/export_hiwin_interfaces__rosidl_generator_pyExport-noconfig.cmake
[0.663s] -- Up-to-date: /home/jack/work/install/hiwin_interfaces/share/hiwin_interfaces/cmake/rosidl_cmake-extras.cmake
[0.663s] -- Up-to-date: /home/jack/work/install/hiwin_interfaces/share/hiwin_interfaces/cmake/ament_cmake_export_dependencies-extras.cmake
[0.663s] -- Up-to-date: /home/jack/work/install/hiwin_interfaces/share/hiwin_interfaces/cmake/ament_cmake_export_include_directories-extras.cmake
[0.663s] -- Up-to-date: /home/jack/work/install/hiwin_interfaces/share/hiwin_interfaces/cmake/ament_cmake_export_libraries-extras.cmake
[0.663s] -- Up-to-date: /home/jack/work/install/hiwin_interfaces/share/hiwin_interfaces/cmake/ament_cmake_export_targets-extras.cmake
[0.663s] -- Up-to-date: /home/jack/work/install/hiwin_interfaces/share/hiwin_interfaces/cmake/rosidl_cmake_export_typesupport_targets-extras.cmake
[0.663s] -- Up-to-date: /home/jack/work/install/hiwin_interfaces/share/hiwin_interfaces/cmake/rosidl_cmake_export_typesupport_libraries-extras.cmake
[0.663s] -- Up-to-date: /home/jack/work/install/hiwin_interfaces/share/hiwin_interfaces/cmake/hiwin_interfacesConfig.cmake
[0.663s] -- Up-to-date: /home/jack/work/install/hiwin_interfaces/share/hiwin_interfaces/cmake/hiwin_interfacesConfig-version.cmake
[0.664s] -- Up-to-date: /home/jack/work/install/hiwin_interfaces/share/hiwin_interfaces/package.xml
[0.737s] Invoked command in '/home/jack/work/build/hiwin_interfaces' returned '0': CMAKE_PREFIX_PATH=${CMAKE_PREFIX_PATH}:/home/jack/work/install/yolov7_obj_detect:/home/jack/work/install/hiwin_example:/home/jack/work/install/hiwin_control:/home/jack/work/install/center:/opt/ros/humble /usr/bin/cmake --install /home/jack/work/build/hiwin_interfaces
