running egg_info
writing ../../../build/hiwin_example/hiwin_example.egg-info/PKG-INFO
writing dependency_links to ../../../build/hiwin_example/hiwin_example.egg-info/dependency_links.txt
writing entry points to ../../../build/hiwin_example/hiwin_example.egg-info/entry_points.txt
writing requirements to ../../../build/hiwin_example/hiwin_example.egg-info/requires.txt
writing top-level names to ../../../build/hiwin_example/hiwin_example.egg-info/top_level.txt
reading manifest file '../../../build/hiwin_example/hiwin_example.egg-info/SOURCES.txt'
writing manifest file '../../../build/hiwin_example/hiwin_example.egg-info/SOURCES.txt'
running build
running build_py
copying hiwin_example/__init__.py -> /home/jack/work/build/hiwin_example/build/lib/hiwin_example
copying hiwin_example/YoloDetector_class_node.py -> /home/jack/work/build/hiwin_example/build/lib/hiwin_example
copying hiwin_example/three_points_calibration_example.py -> /home/jack/work/build/hiwin_example/build/lib/hiwin_example
copying hiwin_example/strategy_example1.py -> /home/jack/work/build/hiwin_example/build/lib/hiwin_example
copying hiwin_example/pool_strategy_example.py -> /home/jack/work/build/hiwin_example/build/lib/hiwin_example
copying hiwin_example/transformations.py -> /home/jack/work/build/hiwin_example/build/lib/hiwin_example
copying hiwin_example/strategy_example.py -> /home/jack/work/build/hiwin_example/build/lib/hiwin_example
copying hiwin_example/hand_in_eye_calibration.py -> /home/jack/work/build/hiwin_example/build/lib/hiwin_example
copying hiwin_example/YoloDetector.py -> /home/jack/work/build/hiwin_example/build/lib/hiwin_example
running install
running install_lib
copying /home/jack/work/build/hiwin_example/build/lib/hiwin_example/strategy_example1.py -> /home/jack/work/install/hiwin_example/lib/python3.10/site-packages/hiwin_example
byte-compiling /home/jack/work/install/hiwin_example/lib/python3.10/site-packages/hiwin_example/strategy_example1.py to strategy_example1.cpython-310.pyc
running install_data
copying resource/hiwin_example -> /home/jack/work/install/hiwin_example/share/ament_index/resource_index/packages
copying package.xml -> /home/jack/work/install/hiwin_example/share/hiwin_example
copying launch/bag_three_points_calibration.launch.py -> /home/jack/work/install/hiwin_example/share/hiwin_example/launch
copying launch/cup_three_points_calibration.launch.py -> /home/jack/work/install/hiwin_example/share/hiwin_example/launch
copying config/bag_cali_pose.yaml -> /home/jack/work/install/hiwin_example/share/hiwin_example/config
copying config/cup_cali_pose.yaml -> /home/jack/work/install/hiwin_example/share/hiwin_example/config
copying config/bag_cam.yaml -> /home/jack/work/install/hiwin_example/share/hiwin_example/config
copying config/cup_cam.yaml -> /home/jack/work/install/hiwin_example/share/hiwin_example/config
running install_egg_info
removing '/home/jack/work/install/hiwin_example/lib/python3.10/site-packages/hiwin_example-0.0.0-py3.10.egg-info' (and everything under it)
Copying ../../../build/hiwin_example/hiwin_example.egg-info to /home/jack/work/install/hiwin_example/lib/python3.10/site-packages/hiwin_example-0.0.0-py3.10.egg-info
running install_scripts
Installing hand_in_eye_calibration script to /home/jack/work/install/hiwin_example/lib/hiwin_example
Installing strategy_example script to /home/jack/work/install/hiwin_example/lib/hiwin_example
Installing three_points_calibration_example script to /home/jack/work/install/hiwin_example/lib/hiwin_example
writing list of installed files to '/home/jack/work/build/hiwin_example/install.log'
