[0.014s] Invoking command in '/home/jack/work/build/charuco_detector_interfaces': CMAKE_PREFIX_PATH=${CMAKE_PREFIX_PATH}:/home/jack/work/install/yolov7_obj_detect:/home/jack/work/install/hiwin_example:/home/jack/work/install/hiwin_control:/home/jack/work/install/center:/opt/ros/humble /usr/bin/cmake --build /home/jack/work/build/charuco_detector_interfaces -- -j16 -l16
[0.068s] [  3%] Built target charuco_detector_interfaces__cpp
[0.069s] [ 12%] Built target charuco_detector_interfaces__rosidl_generator_c
[0.069s] [ 15%] Built target charuco_detector_interfaces__rs
[0.075s] [ 15%] Built target ament_cmake_python_copy_charuco_detector_interfaces
[0.113s] [ 25%] Built target charuco_detector_interfaces__rosidl_typesupport_cpp
[0.119s] [ 34%] Built target charuco_detector_interfaces__rosidl_typesupport_introspection_cpp
[0.119s] [ 43%] Built target charuco_detector_interfaces__rosidl_typesupport_fastrtps_cpp
[0.137s] [ 53%] Built target charuco_detector_interfaces__rosidl_typesupport_fastrtps_c
[0.138s] [ 68%] Built target charuco_detector_interfaces__rosidl_typesupport_introspection_c
[0.138s] [ 71%] Built target charuco_detector_interfaces__rosidl_typesupport_c
[0.160s] [ 71%] Built target charuco_detector_interfaces
[0.184s] [ 75%] Built target charuco_detector_interfaces__py
[0.211s] [ 78%] [32mBuilding C object CMakeFiles/charuco_detector_interfaces__rosidl_generator_py.dir/rosidl_generator_py/charuco_detector_interfaces/srv/_eye2base_s.c.o[0m
[0.283s] [01m[K/home/jack/work/build/charuco_detector_interfaces/rosidl_generator_py/charuco_detector_interfaces/srv/_eye2base_s.c:11:10:[m[K [01;31m[Kfatal error: [m[Knumpy/ndarrayobject.h: No such file or directory
[0.283s]    11 | #include [01;31m[K"numpy/ndarrayobject.h"[m[K
[0.283s]       |          [01;31m[K^~~~~~~~~~~~~~~~~~~~~~~[m[K
[0.283s] compilation terminated.
[0.295s] gmake[2]: *** [CMakeFiles/charuco_detector_interfaces__rosidl_generator_py.dir/build.make:76: CMakeFiles/charuco_detector_interfaces__rosidl_generator_py.dir/rosidl_generator_py/charuco_detector_interfaces/srv/_eye2base_s.c.o] Error 1
[0.295s] gmake[1]: *** [CMakeFiles/Makefile2:494: CMakeFiles/charuco_detector_interfaces__rosidl_generator_py.dir/all] Error 2
[0.295s] gmake[1]: *** Waiting for unfinished jobs....
[0.346s] running egg_info
[0.363s] writing charuco_detector_interfaces.egg-info/PKG-INFO
[0.364s] writing dependency_links to charuco_detector_interfaces.egg-info/dependency_links.txt
[0.364s] writing top-level names to charuco_detector_interfaces.egg-info/top_level.txt
[0.387s] reading manifest file 'charuco_detector_interfaces.egg-info/SOURCES.txt'
[0.387s] writing manifest file 'charuco_detector_interfaces.egg-info/SOURCES.txt'
[0.407s] [ 78%] Built target ament_cmake_python_build_charuco_detector_interfaces_egg
[0.408s] gmake: *** [Makefile:146: all] Error 2
