[0.033s] Invoking command in '/home/jack/work/build/hiwin_interfaces': CMAKE_PREFIX_PATH=${CMAKE_PREFIX_PATH}:/home/jack/work/install/yolov7_obj_detect:/home/jack/work/install/hiwin_example:/home/jack/work/install/hiwin_control:/home/jack/work/install/center:/opt/ros/humble /usr/bin/cmake --build /home/jack/work/build/hiwin_interfaces -- -j16 -l16
[0.134s] [ 10%] Built target hiwin_interfaces__rosidl_generator_c
[0.135s] [ 12%] Built target hiwin_interfaces__cpp
[0.140s] [ 15%] Built target hiwin_interfaces__rs
[0.182s] [ 25%] Built target hiwin_interfaces__rosidl_typesupport_introspection_c
[0.198s] [ 40%] Built target hiwin_interfaces__rosidl_typesupport_c
[0.198s] [ 45%] Built target hiwin_interfaces__rosidl_typesupport_fastrtps_c
[0.202s] [ 55%] Built target hiwin_interfaces__rosidl_typesupport_introspection_cpp
[0.208s] [ 55%] Built target ament_cmake_python_copy_hiwin_interfaces
[0.220s] [ 65%] Built target hiwin_interfaces__rosidl_typesupport_fastrtps_cpp
[0.226s] [ 75%] Built target hiwin_interfaces__rosidl_typesupport_cpp
[0.283s] [ 75%] Built target hiwin_interfaces
[0.334s] [ 77%] Built target hiwin_interfaces__py
[0.367s] [ 85%] Built target hiwin_interfaces__rosidl_generator_py
[0.426s] [ 90%] Built target hiwin_interfaces__rosidl_typesupport_fastrtps_c__pyext
[0.430s] [ 95%] Built target hiwin_interfaces__rosidl_typesupport_c__pyext
[0.434s] [100%] Built target hiwin_interfaces__rosidl_typesupport_introspection_c__pyext
[0.532s] running egg_info
[0.551s] writing hiwin_interfaces.egg-info/PKG-INFO
[0.553s] writing dependency_links to hiwin_interfaces.egg-info/dependency_links.txt
[0.554s] writing top-level names to hiwin_interfaces.egg-info/top_level.txt
[0.632s] reading manifest file 'hiwin_interfaces.egg-info/SOURCES.txt'
[0.637s] writing manifest file 'hiwin_interfaces.egg-info/SOURCES.txt'
[0.672s] [100%] Built target ament_cmake_python_build_hiwin_interfaces_egg
[0.697s] Invoked command in '/home/jack/work/build/hiwin_interfaces' returned '0': CMAKE_PREFIX_PATH=${CMAKE_PREFIX_PATH}:/home/jack/work/install/yolov7_obj_detect:/home/jack/work/install/hiwin_example:/home/jack/work/install/hiwin_control:/home/jack/work/install/center:/opt/ros/humble /usr/bin/cmake --build /home/jack/work/build/hiwin_interfaces -- -j16 -l16
[0.698s] Invoking command in '/home/jack/work/build/hiwin_interfaces': CMAKE_PREFIX_PATH=${CMAKE_PREFIX_PATH}:/home/jack/work/install/yolov7_obj_detect:/home/jack/work/install/hiwin_example:/home/jack/work/install/hiwin_control:/home/jack/work/install/center:/opt/ros/humble /usr/bin/cmake --install /home/jack/work/build/hiwin_interfaces
[0.714s] -- Install configuration: ""
[0.714s] -- Up-to-date: /home/jack/work/install/hiwin_interfaces/share/ament_index/resource_index/rosidl_interfaces/hiwin_interfaces
[0.714s] -- Up-to-date: /home/jack/work/install/hiwin_interfaces/include/hiwin_interfaces/hiwin_interfaces
[0.714s] -- Up-to-date: /home/jack/work/install/hiwin_interfaces/include/hiwin_interfaces/hiwin_interfaces/msg
[0.714s] -- Up-to-date: /home/jack/work/install/hiwin_interfaces/include/hiwin_interfaces/hiwin_interfaces/msg/rosidl_generator_c__visibility_control.h
[0.714s] -- Up-to-date: /home/jack/work/install/hiwin_interfaces/include/hiwin_interfaces/hiwin_interfaces/srv
[0.714s] -- Up-to-date: /home/jack/work/install/hiwin_interfaces/include/hiwin_interfaces/hiwin_interfaces/srv/robot_command.h
[0.714s] -- Up-to-date: /home/jack/work/install/hiwin_interfaces/include/hiwin_interfaces/hiwin_interfaces/srv/detail
[0.714s] -- Up-to-date: /home/jack/work/install/hiwin_interfaces/include/hiwin_interfaces/hiwin_interfaces/srv/detail/robot_command__type_support.h
[0.714s] -- Up-to-date: /home/jack/work/install/hiwin_interfaces/include/hiwin_interfaces/hiwin_interfaces/srv/detail/hiwinmodbus__functions.c
[0.714s] -- Up-to-date: /home/jack/work/install/hiwin_interfaces/include/hiwin_interfaces/hiwin_interfaces/srv/detail/hiwinmodbus__functions.h
[0.714s] -- Up-to-date: /home/jack/work/install/hiwin_interfaces/include/hiwin_interfaces/hiwin_interfaces/srv/detail/hiwinmodbus__type_support.h
[0.714s] -- Up-to-date: /home/jack/work/install/hiwin_interfaces/include/hiwin_interfaces/hiwin_interfaces/srv/detail/robot_command__functions.h
[0.714s] -- Up-to-date: /home/jack/work/install/hiwin_interfaces/include/hiwin_interfaces/hiwin_interfaces/srv/detail/robot_command__functions.c
[0.714s] -- Up-to-date: /home/jack/work/install/hiwin_interfaces/include/hiwin_interfaces/hiwin_interfaces/srv/detail/hiwinmodbus__struct.h
[0.714s] -- Up-to-date: /home/jack/work/install/hiwin_interfaces/include/hiwin_interfaces/hiwin_interfaces/srv/detail/robot_command__struct.h
[0.714s] -- Up-to-date: /home/jack/work/install/hiwin_interfaces/include/hiwin_interfaces/hiwin_interfaces/srv/hiwinmodbus.h
[0.714s] -- Up-to-date: /home/jack/work/install/hiwin_interfaces/share/hiwin_interfaces/environment/library_path.sh
[0.714s] -- Up-to-date: /home/jack/work/install/hiwin_interfaces/share/hiwin_interfaces/environment/library_path.dsv
[0.714s] -- Up-to-date: /home/jack/work/install/hiwin_interfaces/lib/libhiwin_interfaces__rosidl_generator_c.so
[0.714s] -- Up-to-date: /home/jack/work/install/hiwin_interfaces/include/hiwin_interfaces/hiwin_interfaces
[0.715s] -- Up-to-date: /home/jack/work/install/hiwin_interfaces/include/hiwin_interfaces/hiwin_interfaces/msg
[0.715s] -- Up-to-date: /home/jack/work/install/hiwin_interfaces/include/hiwin_interfaces/hiwin_interfaces/msg/rosidl_typesupport_fastrtps_c__visibility_control.h
[0.715s] -- Up-to-date: /home/jack/work/install/hiwin_interfaces/include/hiwin_interfaces/hiwin_interfaces/srv
[0.715s] -- Up-to-date: /home/jack/work/install/hiwin_interfaces/include/hiwin_interfaces/hiwin_interfaces/srv/detail
[0.715s] -- Up-to-date: /home/jack/work/install/hiwin_interfaces/include/hiwin_interfaces/hiwin_interfaces/srv/detail/robot_command__rosidl_typesupport_fastrtps_c.h
[0.715s] -- Up-to-date: /home/jack/work/install/hiwin_interfaces/include/hiwin_interfaces/hiwin_interfaces/srv/detail/hiwinmodbus__rosidl_typesupport_fastrtps_c.h
[0.715s] -- Up-to-date: /home/jack/work/install/hiwin_interfaces/lib/libhiwin_interfaces__rosidl_typesupport_fastrtps_c.so
[0.715s] -- Up-to-date: /home/jack/work/install/hiwin_interfaces/include/hiwin_interfaces/hiwin_interfaces
[0.715s] -- Up-to-date: /home/jack/work/install/hiwin_interfaces/include/hiwin_interfaces/hiwin_interfaces/msg
[0.715s] -- Up-to-date: /home/jack/work/install/hiwin_interfaces/include/hiwin_interfaces/hiwin_interfaces/msg/rosidl_generator_cpp__visibility_control.hpp
[0.715s] -- Up-to-date: /home/jack/work/install/hiwin_interfaces/include/hiwin_interfaces/hiwin_interfaces/srv
[0.715s] -- Up-to-date: /home/jack/work/install/hiwin_interfaces/include/hiwin_interfaces/hiwin_interfaces/srv/robot_command.hpp
[0.715s] -- Up-to-date: /home/jack/work/install/hiwin_interfaces/include/hiwin_interfaces/hiwin_interfaces/srv/hiwinmodbus.hpp
[0.715s] -- Up-to-date: /home/jack/work/install/hiwin_interfaces/include/hiwin_interfaces/hiwin_interfaces/srv/detail
[0.715s] -- Up-to-date: /home/jack/work/install/hiwin_interfaces/include/hiwin_interfaces/hiwin_interfaces/srv/detail/robot_command__type_support.hpp
[0.715s] -- Up-to-date: /home/jack/work/install/hiwin_interfaces/include/hiwin_interfaces/hiwin_interfaces/srv/detail/robot_command__struct.hpp
[0.715s] -- Up-to-date: /home/jack/work/install/hiwin_interfaces/include/hiwin_interfaces/hiwin_interfaces/srv/detail/robot_command__builder.hpp
[0.715s] -- Up-to-date: /home/jack/work/install/hiwin_interfaces/include/hiwin_interfaces/hiwin_interfaces/srv/detail/hiwinmodbus__type_support.hpp
[0.715s] -- Up-to-date: /home/jack/work/install/hiwin_interfaces/include/hiwin_interfaces/hiwin_interfaces/srv/detail/robot_command__traits.hpp
[0.715s] -- Up-to-date: /home/jack/work/install/hiwin_interfaces/include/hiwin_interfaces/hiwin_interfaces/srv/detail/hiwinmodbus__builder.hpp
[0.715s] -- Up-to-date: /home/jack/work/install/hiwin_interfaces/include/hiwin_interfaces/hiwin_interfaces/srv/detail/hiwinmodbus__struct.hpp
[0.715s] -- Up-to-date: /home/jack/work/install/hiwin_interfaces/include/hiwin_interfaces/hiwin_interfaces/srv/detail/hiwinmodbus__traits.hpp
[0.715s] -- Up-to-date: /home/jack/work/install/hiwin_interfaces/include/hiwin_interfaces/hiwin_interfaces
[0.715s] -- Up-to-date: /home/jack/work/install/hiwin_interfaces/include/hiwin_interfaces/hiwin_interfaces/msg
[0.715s] -- Up-to-date: /home/jack/work/install/hiwin_interfaces/include/hiwin_interfaces/hiwin_interfaces/msg/rosidl_typesupport_fastrtps_cpp__visibility_control.h
[0.715s] -- Up-to-date: /home/jack/work/install/hiwin_interfaces/include/hiwin_interfaces/hiwin_interfaces/srv
[0.715s] -- Up-to-date: /home/jack/work/install/hiwin_interfaces/include/hiwin_interfaces/hiwin_interfaces/srv/detail
[0.722s] -- Up-to-date: /home/jack/work/install/hiwin_interfaces/include/hiwin_interfaces/hiwin_interfaces/srv/detail/hiwinmodbus__rosidl_typesupport_fastrtps_cpp.hpp
[0.722s] -- Up-to-date: /home/jack/work/install/hiwin_interfaces/include/hiwin_interfaces/hiwin_interfaces/srv/detail/dds_fastrtps
[0.722s] -- Up-to-date: /home/jack/work/install/hiwin_interfaces/include/hiwin_interfaces/hiwin_interfaces/srv/detail/robot_command__rosidl_typesupport_fastrtps_cpp.hpp
[0.722s] -- Up-to-date: /home/jack/work/install/hiwin_interfaces/lib/libhiwin_interfaces__rosidl_typesupport_fastrtps_cpp.so
[0.722s] -- Up-to-date: /home/jack/work/install/hiwin_interfaces/include/hiwin_interfaces/hiwin_interfaces
[0.722s] -- Up-to-date: /home/jack/work/install/hiwin_interfaces/include/hiwin_interfaces/hiwin_interfaces/msg
[0.722s] -- Up-to-date: /home/jack/work/install/hiwin_interfaces/include/hiwin_interfaces/hiwin_interfaces/msg/rosidl_typesupport_introspection_c__visibility_control.h
[0.722s] -- Up-to-date: /home/jack/work/install/hiwin_interfaces/include/hiwin_interfaces/hiwin_interfaces/srv
[0.722s] -- Up-to-date: /home/jack/work/install/hiwin_interfaces/include/hiwin_interfaces/hiwin_interfaces/srv/detail
[0.722s] -- Up-to-date: /home/jack/work/install/hiwin_interfaces/include/hiwin_interfaces/hiwin_interfaces/srv/detail/hiwinmodbus__type_support.c
[0.722s] -- Up-to-date: /home/jack/work/install/hiwin_interfaces/include/hiwin_interfaces/hiwin_interfaces/srv/detail/hiwinmodbus__rosidl_typesupport_introspection_c.h
[0.722s] -- Up-to-date: /home/jack/work/install/hiwin_interfaces/include/hiwin_interfaces/hiwin_interfaces/srv/detail/robot_command__type_support.c
[0.722s] -- Up-to-date: /home/jack/work/install/hiwin_interfaces/include/hiwin_interfaces/hiwin_interfaces/srv/detail/robot_command__rosidl_typesupport_introspection_c.h
[0.722s] -- Up-to-date: /home/jack/work/install/hiwin_interfaces/lib/libhiwin_interfaces__rosidl_typesupport_introspection_c.so
[0.722s] -- Up-to-date: /home/jack/work/install/hiwin_interfaces/lib/libhiwin_interfaces__rosidl_typesupport_c.so
[0.723s] -- Up-to-date: /home/jack/work/install/hiwin_interfaces/include/hiwin_interfaces/hiwin_interfaces
[0.723s] -- Up-to-date: /home/jack/work/install/hiwin_interfaces/include/hiwin_interfaces/hiwin_interfaces/srv
[0.723s] -- Up-to-date: /home/jack/work/install/hiwin_interfaces/include/hiwin_interfaces/hiwin_interfaces/srv/detail
[0.723s] -- Up-to-date: /home/jack/work/install/hiwin_interfaces/include/hiwin_interfaces/hiwin_interfaces/srv/detail/hiwinmodbus__type_support.cpp
[0.723s] -- Up-to-date: /home/jack/work/install/hiwin_interfaces/include/hiwin_interfaces/hiwin_interfaces/srv/detail/hiwinmodbus__rosidl_typesupport_introspection_cpp.hpp
[0.723s] -- Up-to-date: /home/jack/work/install/hiwin_interfaces/include/hiwin_interfaces/hiwin_interfaces/srv/detail/robot_command__rosidl_typesupport_introspection_cpp.hpp
[0.723s] -- Up-to-date: /home/jack/work/install/hiwin_interfaces/include/hiwin_interfaces/hiwin_interfaces/srv/detail/robot_command__type_support.cpp
[0.723s] -- Up-to-date: /home/jack/work/install/hiwin_interfaces/lib/libhiwin_interfaces__rosidl_typesupport_introspection_cpp.so
[0.723s] -- Up-to-date: /home/jack/work/install/hiwin_interfaces/lib/libhiwin_interfaces__rosidl_typesupport_cpp.so
[0.723s] -- Up-to-date: /home/jack/work/install/hiwin_interfaces/share/hiwin_interfaces/environment/pythonpath.sh
[0.723s] -- Up-to-date: /home/jack/work/install/hiwin_interfaces/share/hiwin_interfaces/environment/pythonpath.dsv
[0.723s] -- Up-to-date: /home/jack/work/install/hiwin_interfaces/local/lib/python3.10/dist-packages/hiwin_interfaces-0.0.0-py3.10.egg-info
[0.736s] -- Installing: /home/jack/work/install/hiwin_interfaces/local/lib/python3.10/dist-packages/hiwin_interfaces-0.0.0-py3.10.egg-info/top_level.txt
[0.736s] -- Installing: /home/jack/work/install/hiwin_interfaces/local/lib/python3.10/dist-packages/hiwin_interfaces-0.0.0-py3.10.egg-info/PKG-INFO
[0.736s] -- Installing: /home/jack/work/install/hiwin_interfaces/local/lib/python3.10/dist-packages/hiwin_interfaces-0.0.0-py3.10.egg-info/dependency_links.txt
[0.736s] -- Installing: /home/jack/work/install/hiwin_interfaces/local/lib/python3.10/dist-packages/hiwin_interfaces-0.0.0-py3.10.egg-info/SOURCES.txt
[0.736s] -- Up-to-date: /home/jack/work/install/hiwin_interfaces/local/lib/python3.10/dist-packages/hiwin_interfaces
[0.736s] -- Up-to-date: /home/jack/work/install/hiwin_interfaces/local/lib/python3.10/dist-packages/hiwin_interfaces/__init__.py
[0.736s] -- Up-to-date: /home/jack/work/install/hiwin_interfaces/local/lib/python3.10/dist-packages/hiwin_interfaces/_hiwin_interfaces_s.ep.rosidl_typesupport_c.c
[0.736s] -- Up-to-date: /home/jack/work/install/hiwin_interfaces/local/lib/python3.10/dist-packages/hiwin_interfaces/_hiwin_interfaces_s.ep.rosidl_typesupport_introspection_c.c
[0.736s] -- Up-to-date: /home/jack/work/install/hiwin_interfaces/local/lib/python3.10/dist-packages/hiwin_interfaces/_hiwin_interfaces_s.ep.rosidl_typesupport_fastrtps_c.c
[0.737s] -- Up-to-date: /home/jack/work/install/hiwin_interfaces/local/lib/python3.10/dist-packages/hiwin_interfaces/hiwin_interfaces_s__rosidl_typesupport_c.cpython-310-x86_64-linux-gnu.so
[0.737s] -- Up-to-date: /home/jack/work/install/hiwin_interfaces/local/lib/python3.10/dist-packages/hiwin_interfaces/hiwin_interfaces_s__rosidl_typesupport_introspection_c.cpython-310-x86_64-linux-gnu.so
[0.737s] -- Up-to-date: /home/jack/work/install/hiwin_interfaces/local/lib/python3.10/dist-packages/hiwin_interfaces/srv
[0.737s] -- Up-to-date: /home/jack/work/install/hiwin_interfaces/local/lib/python3.10/dist-packages/hiwin_interfaces/srv/__init__.py
[0.737s] -- Up-to-date: /home/jack/work/install/hiwin_interfaces/local/lib/python3.10/dist-packages/hiwin_interfaces/srv/_robot_command_s.c
[0.737s] -- Up-to-date: /home/jack/work/install/hiwin_interfaces/local/lib/python3.10/dist-packages/hiwin_interfaces/srv/_hiwinmodbus_s.c
[0.737s] -- Up-to-date: /home/jack/work/install/hiwin_interfaces/local/lib/python3.10/dist-packages/hiwin_interfaces/srv/_robot_command.py
[0.737s] -- Up-to-date: /home/jack/work/install/hiwin_interfaces/local/lib/python3.10/dist-packages/hiwin_interfaces/srv/_hiwinmodbus.py
[0.737s] -- Up-to-date: /home/jack/work/install/hiwin_interfaces/local/lib/python3.10/dist-packages/hiwin_interfaces/libhiwin_interfaces__rosidl_generator_py.so
[0.737s] -- Up-to-date: /home/jack/work/install/hiwin_interfaces/local/lib/python3.10/dist-packages/hiwin_interfaces/hiwin_interfaces_s__rosidl_typesupport_fastrtps_c.cpython-310-x86_64-linux-gnu.so
[0.765s] Listing '/home/jack/work/install/hiwin_interfaces/local/lib/python3.10/dist-packages/hiwin_interfaces'...
[0.765s] Listing '/home/jack/work/install/hiwin_interfaces/local/lib/python3.10/dist-packages/hiwin_interfaces/srv'...
[0.771s] -- Up-to-date: /home/jack/work/install/hiwin_interfaces/local/lib/python3.10/dist-packages/hiwin_interfaces/hiwin_interfaces_s__rosidl_typesupport_fastrtps_c.cpython-310-x86_64-linux-gnu.so
[0.773s] -- Up-to-date: /home/jack/work/install/hiwin_interfaces/local/lib/python3.10/dist-packages/hiwin_interfaces/hiwin_interfaces_s__rosidl_typesupport_introspection_c.cpython-310-x86_64-linux-gnu.so
[0.773s] -- Up-to-date: /home/jack/work/install/hiwin_interfaces/local/lib/python3.10/dist-packages/hiwin_interfaces/hiwin_interfaces_s__rosidl_typesupport_c.cpython-310-x86_64-linux-gnu.so
[0.773s] -- Up-to-date: /home/jack/work/install/hiwin_interfaces/lib/libhiwin_interfaces__rosidl_generator_py.so
[0.773s] -- Up-to-date: /home/jack/work/install/hiwin_interfaces/share/ament_index/resource_index/rust_packages/hiwin_interfaces
[0.773s] -- Up-to-date: /home/jack/work/install/hiwin_interfaces/share/hiwin_interfaces/rust
[0.773s] -- Up-to-date: /home/jack/work/install/hiwin_interfaces/share/hiwin_interfaces/rust/Cargo.toml
[0.773s] -- Up-to-date: /home/jack/work/install/hiwin_interfaces/share/hiwin_interfaces/rust/src
[0.773s] -- Up-to-date: /home/jack/work/install/hiwin_interfaces/share/hiwin_interfaces/rust/src/srv
[0.773s] -- Up-to-date: /home/jack/work/install/hiwin_interfaces/share/hiwin_interfaces/rust/src/srv/rmw.rs
[0.773s] -- Up-to-date: /home/jack/work/install/hiwin_interfaces/share/hiwin_interfaces/rust/src/srv.rs
[0.773s] -- Up-to-date: /home/jack/work/install/hiwin_interfaces/share/hiwin_interfaces/rust/src/lib.rs
[0.773s] -- Up-to-date: /home/jack/work/install/hiwin_interfaces/share/hiwin_interfaces/rust/build.rs
[0.773s] -- Up-to-date: /home/jack/work/install/hiwin_interfaces/share/hiwin_interfaces/srv/Hiwinmodbus.idl
[0.773s] -- Up-to-date: /home/jack/work/install/hiwin_interfaces/share/hiwin_interfaces/srv/RobotCommand.idl
[0.774s] -- Up-to-date: /home/jack/work/install/hiwin_interfaces/share/hiwin_interfaces/srv/Hiwinmodbus.srv
[0.774s] -- Up-to-date: /home/jack/work/install/hiwin_interfaces/share/hiwin_interfaces/srv/Hiwinmodbus_Request.msg
[0.774s] -- Up-to-date: /home/jack/work/install/hiwin_interfaces/share/hiwin_interfaces/srv/Hiwinmodbus_Response.msg
[0.774s] -- Up-to-date: /home/jack/work/install/hiwin_interfaces/share/hiwin_interfaces/srv/RobotCommand.srv
[0.774s] -- Up-to-date: /home/jack/work/install/hiwin_interfaces/share/hiwin_interfaces/srv/RobotCommand_Request.msg
[0.774s] -- Up-to-date: /home/jack/work/install/hiwin_interfaces/share/hiwin_interfaces/srv/RobotCommand_Response.msg
[0.774s] -- Up-to-date: /home/jack/work/install/hiwin_interfaces/share/ament_index/resource_index/package_run_dependencies/hiwin_interfaces
[0.774s] -- Up-to-date: /home/jack/work/install/hiwin_interfaces/share/ament_index/resource_index/parent_prefix_path/hiwin_interfaces
[0.774s] -- Up-to-date: /home/jack/work/install/hiwin_interfaces/share/hiwin_interfaces/environment/ament_prefix_path.sh
[0.780s] -- Up-to-date: /home/jack/work/install/hiwin_interfaces/share/hiwin_interfaces/environment/ament_prefix_path.dsv
[0.781s] -- Up-to-date: /home/jack/work/install/hiwin_interfaces/share/hiwin_interfaces/environment/path.sh
[0.783s] -- Up-to-date: /home/jack/work/install/hiwin_interfaces/share/hiwin_interfaces/environment/path.dsv
[0.783s] -- Up-to-date: /home/jack/work/install/hiwin_interfaces/share/hiwin_interfaces/local_setup.bash
[0.783s] -- Up-to-date: /home/jack/work/install/hiwin_interfaces/share/hiwin_interfaces/local_setup.sh
[0.783s] -- Up-to-date: /home/jack/work/install/hiwin_interfaces/share/hiwin_interfaces/local_setup.zsh
[0.783s] -- Up-to-date: /home/jack/work/install/hiwin_interfaces/share/hiwin_interfaces/local_setup.dsv
[0.785s] -- Installing: /home/jack/work/install/hiwin_interfaces/share/hiwin_interfaces/package.dsv
[0.785s] -- Up-to-date: /home/jack/work/install/hiwin_interfaces/share/ament_index/resource_index/packages/hiwin_interfaces
[0.785s] -- Up-to-date: /home/jack/work/install/hiwin_interfaces/share/hiwin_interfaces/cmake/export_hiwin_interfaces__rosidl_generator_cExport.cmake
[0.785s] -- Up-to-date: /home/jack/work/install/hiwin_interfaces/share/hiwin_interfaces/cmake/export_hiwin_interfaces__rosidl_generator_cExport-noconfig.cmake
[0.785s] -- Up-to-date: /home/jack/work/install/hiwin_interfaces/share/hiwin_interfaces/cmake/export_hiwin_interfaces__rosidl_typesupport_fastrtps_cExport.cmake
[0.785s] -- Up-to-date: /home/jack/work/install/hiwin_interfaces/share/hiwin_interfaces/cmake/export_hiwin_interfaces__rosidl_typesupport_fastrtps_cExport-noconfig.cmake
[0.785s] -- Up-to-date: /home/jack/work/install/hiwin_interfaces/share/hiwin_interfaces/cmake/export_hiwin_interfaces__rosidl_generator_cppExport.cmake
[0.785s] -- Up-to-date: /home/jack/work/install/hiwin_interfaces/share/hiwin_interfaces/cmake/export_hiwin_interfaces__rosidl_typesupport_fastrtps_cppExport.cmake
[0.785s] -- Up-to-date: /home/jack/work/install/hiwin_interfaces/share/hiwin_interfaces/cmake/export_hiwin_interfaces__rosidl_typesupport_fastrtps_cppExport-noconfig.cmake
[0.785s] -- Up-to-date: /home/jack/work/install/hiwin_interfaces/share/hiwin_interfaces/cmake/hiwin_interfaces__rosidl_typesupport_introspection_cExport.cmake
[0.785s] -- Up-to-date: /home/jack/work/install/hiwin_interfaces/share/hiwin_interfaces/cmake/hiwin_interfaces__rosidl_typesupport_introspection_cExport-noconfig.cmake
[0.785s] -- Up-to-date: /home/jack/work/install/hiwin_interfaces/share/hiwin_interfaces/cmake/hiwin_interfaces__rosidl_typesupport_cExport.cmake
[0.785s] -- Up-to-date: /home/jack/work/install/hiwin_interfaces/share/hiwin_interfaces/cmake/hiwin_interfaces__rosidl_typesupport_cExport-noconfig.cmake
[0.785s] -- Up-to-date: /home/jack/work/install/hiwin_interfaces/share/hiwin_interfaces/cmake/hiwin_interfaces__rosidl_typesupport_introspection_cppExport.cmake
[0.785s] -- Up-to-date: /home/jack/work/install/hiwin_interfaces/share/hiwin_interfaces/cmake/hiwin_interfaces__rosidl_typesupport_introspection_cppExport-noconfig.cmake
[0.785s] -- Up-to-date: /home/jack/work/install/hiwin_interfaces/share/hiwin_interfaces/cmake/hiwin_interfaces__rosidl_typesupport_cppExport.cmake
[0.785s] -- Up-to-date: /home/jack/work/install/hiwin_interfaces/share/hiwin_interfaces/cmake/hiwin_interfaces__rosidl_typesupport_cppExport-noconfig.cmake
[0.785s] -- Up-to-date: /home/jack/work/install/hiwin_interfaces/share/hiwin_interfaces/cmake/export_hiwin_interfaces__rosidl_generator_pyExport.cmake
[0.785s] -- Up-to-date: /home/jack/work/install/hiwin_interfaces/share/hiwin_interfaces/cmake/export_hiwin_interfaces__rosidl_generator_pyExport-noconfig.cmake
[0.785s] -- Up-to-date: /home/jack/work/install/hiwin_interfaces/share/hiwin_interfaces/cmake/rosidl_cmake-extras.cmake
[0.785s] -- Up-to-date: /home/jack/work/install/hiwin_interfaces/share/hiwin_interfaces/cmake/ament_cmake_export_dependencies-extras.cmake
[0.785s] -- Up-to-date: /home/jack/work/install/hiwin_interfaces/share/hiwin_interfaces/cmake/ament_cmake_export_include_directories-extras.cmake
[0.785s] -- Up-to-date: /home/jack/work/install/hiwin_interfaces/share/hiwin_interfaces/cmake/ament_cmake_export_libraries-extras.cmake
[0.785s] -- Up-to-date: /home/jack/work/install/hiwin_interfaces/share/hiwin_interfaces/cmake/ament_cmake_export_targets-extras.cmake
[0.785s] -- Up-to-date: /home/jack/work/install/hiwin_interfaces/share/hiwin_interfaces/cmake/rosidl_cmake_export_typesupport_targets-extras.cmake
[0.786s] -- Up-to-date: /home/jack/work/install/hiwin_interfaces/share/hiwin_interfaces/cmake/rosidl_cmake_export_typesupport_libraries-extras.cmake
[0.786s] -- Up-to-date: /home/jack/work/install/hiwin_interfaces/share/hiwin_interfaces/cmake/hiwin_interfacesConfig.cmake
[0.786s] -- Up-to-date: /home/jack/work/install/hiwin_interfaces/share/hiwin_interfaces/cmake/hiwin_interfacesConfig-version.cmake
[0.786s] -- Up-to-date: /home/jack/work/install/hiwin_interfaces/share/hiwin_interfaces/package.xml
[0.832s] Invoked command in '/home/jack/work/build/hiwin_interfaces' returned '0': CMAKE_PREFIX_PATH=${CMAKE_PREFIX_PATH}:/home/jack/work/install/yolov7_obj_detect:/home/jack/work/install/hiwin_example:/home/jack/work/install/hiwin_control:/home/jack/work/install/center:/opt/ros/humble /usr/bin/cmake --install /home/jack/work/build/hiwin_interfaces
