[0.013s] Invoking command in '/home/jack/work/build/detect_interface': CMAKE_PREFIX_PATH=/opt/ros/humble /usr/bin/cmake --build /home/jack/work/build/detect_interface -- -j16 -l16
[0.079s] [  2%] Built target detect_interface__rs
[0.081s] [  5%] Built target detect_interface__cpp
[0.090s] [  5%] Built target ament_cmake_python_copy_detect_interface
[0.090s] [ 15%] Built target detect_interface__rosidl_generator_c
[0.113s] [ 25%] Built target detect_interface__rosidl_typesupport_introspection_c
[0.113s] [ 35%] Built target detect_interface__rosidl_typesupport_introspection_cpp
[0.114s] [ 45%] Built target detect_interface__rosidl_typesupport_cpp
[0.117s] [ 55%] Built target detect_interface__rosidl_typesupport_fastrtps_c
[0.119s] [ 75%] Built target detect_interface__rosidl_typesupport_fastrtps_cpp
[0.119s] [ 75%] Built target detect_interface__rosidl_typesupport_c
[0.131s] [ 75%] Built target detect_interface
[0.150s] [ 77%] Built target detect_interface__py
[0.167s] [ 80%] [32mBuilding C object CMakeFiles/detect_interface__rosidl_generator_py.dir/rosidl_generator_py/detect_interface/msg/_detection_results_s.c.o[0m
[0.170s] [ 82%] [32mBuilding C object CMakeFiles/detect_interface__rosidl_generator_py.dir/rosidl_generator_py/detect_interface/msg/_bounding_box_s.c.o[0m
[0.257s] [01m[K/home/jack/work/build/detect_interface/rosidl_generator_py/detect_interface/msg/_bounding_box_s.c:11:10:[m[K [01;31m[Kfatal error: [m[Knumpy/ndarrayobject.h: No such file or directory
[0.257s]    11 | #include [01;31m[K"numpy/ndarrayobject.h"[m[K
[0.257s]       |          [01;31m[K^~~~~~~~~~~~~~~~~~~~~~~[m[K
[0.257s] compilation terminated.
[0.258s] gmake[2]: *** [CMakeFiles/detect_interface__rosidl_generator_py.dir/build.make:90: CMakeFiles/detect_interface__rosidl_generator_py.dir/rosidl_generator_py/detect_interface/msg/_bounding_box_s.c.o] Error 1
[0.258s] gmake[2]: *** Waiting for unfinished jobs....
[0.259s] [01m[K/home/jack/work/build/detect_interface/rosidl_generator_py/detect_interface/msg/_detection_results_s.c:11:10:[m[K [01;31m[Kfatal error: [m[Knumpy/ndarrayobject.h: No such file or directory
[0.259s]    11 | #include [01;31m[K"numpy/ndarrayobject.h"[m[K
[0.259s]       |          [01;31m[K^~~~~~~~~~~~~~~~~~~~~~~[m[K
[0.259s] compilation terminated.
[0.260s] gmake[2]: *** [CMakeFiles/detect_interface__rosidl_generator_py.dir/build.make:76: CMakeFiles/detect_interface__rosidl_generator_py.dir/rosidl_generator_py/detect_interface/msg/_detection_results_s.c.o] Error 1
[0.260s] gmake[1]: *** [CMakeFiles/Makefile2:494: CMakeFiles/detect_interface__rosidl_generator_py.dir/all] Error 2
[0.260s] gmake[1]: *** Waiting for unfinished jobs....
[0.291s] running egg_info
[0.298s] writing detect_interface.egg-info/PKG-INFO
[0.298s] writing dependency_links to detect_interface.egg-info/dependency_links.txt
[0.298s] writing top-level names to detect_interface.egg-info/top_level.txt
[0.319s] reading manifest file 'detect_interface.egg-info/SOURCES.txt'
[0.320s] writing manifest file 'detect_interface.egg-info/SOURCES.txt'
[0.341s] [ 82%] Built target ament_cmake_python_build_detect_interface_egg
[0.341s] gmake: *** [Makefile:146: all] Error 2
