[0.035s] Invoking command in '/home/jack/work/build/realsense2_camera_msgs': CMAKE_PREFIX_PATH=${CMAKE_PREFIX_PATH}:/home/jack/work/install/yolov7_obj_detect:/home/jack/work/install/hiwin_example:/home/jack/work/install/hiwin_control:/home/jack/work/install/center:/opt/ros/humble /usr/bin/cmake --build /home/jack/work/build/realsense2_camera_msgs -- -j16 -l16
[0.140s] [  1%] Built target realsense2_camera_msgs__rs
[0.140s] [  3%] Built target realsense2_camera_msgs__cpp
[0.146s] [ 14%] Built target realsense2_camera_msgs__rosidl_generator_c
[0.178s] [ 14%] Built target ament_cmake_python_copy_realsense2_camera_msgs
[0.202s] [ 25%] Built target realsense2_camera_msgs__rosidl_typesupport_fastrtps_cpp
[0.216s] [ 35%] Built target realsense2_camera_msgs__rosidl_typesupport_introspection_cpp
[0.219s] [ 46%] Built target realsense2_camera_msgs__rosidl_typesupport_cpp
[0.259s] [ 57%] Built target realsense2_camera_msgs__rosidl_typesupport_introspection_c
[0.260s] [ 68%] Built target realsense2_camera_msgs__rosidl_typesupport_c
[0.261s] [ 79%] Built target realsense2_camera_msgs__rosidl_typesupport_fastrtps_c
[0.315s] [ 79%] Built target realsense2_camera_msgs
[0.366s] [ 81%] Built target realsense2_camera_msgs__py
[0.418s] [ 90%] Built target realsense2_camera_msgs__rosidl_generator_py
[0.446s] [ 93%] Built target realsense2_camera_msgs__rosidl_typesupport_c__pyext
[0.453s] [ 96%] Built target realsense2_camera_msgs__rosidl_typesupport_fastrtps_c__pyext
[0.465s] [100%] Built target realsense2_camera_msgs__rosidl_typesupport_introspection_c__pyext
[0.488s] running egg_info
[0.500s] writing realsense2_camera_msgs.egg-info/PKG-INFO
[0.502s] writing dependency_links to realsense2_camera_msgs.egg-info/dependency_links.txt
[0.502s] writing top-level names to realsense2_camera_msgs.egg-info/top_level.txt
[0.563s] reading manifest file 'realsense2_camera_msgs.egg-info/SOURCES.txt'
[0.566s] writing manifest file 'realsense2_camera_msgs.egg-info/SOURCES.txt'
[0.602s] [100%] Built target ament_cmake_python_build_realsense2_camera_msgs_egg
[0.629s] Invoked command in '/home/jack/work/build/realsense2_camera_msgs' returned '0': CMAKE_PREFIX_PATH=${CMAKE_PREFIX_PATH}:/home/jack/work/install/yolov7_obj_detect:/home/jack/work/install/hiwin_example:/home/jack/work/install/hiwin_control:/home/jack/work/install/center:/opt/ros/humble /usr/bin/cmake --build /home/jack/work/build/realsense2_camera_msgs -- -j16 -l16
[0.631s] Invoking command in '/home/jack/work/build/realsense2_camera_msgs': CMAKE_PREFIX_PATH=${CMAKE_PREFIX_PATH}:/home/jack/work/install/yolov7_obj_detect:/home/jack/work/install/hiwin_example:/home/jack/work/install/hiwin_control:/home/jack/work/install/center:/opt/ros/humble /usr/bin/cmake --install /home/jack/work/build/realsense2_camera_msgs
[0.644s] -- Install configuration: ""
[0.645s] -- Up-to-date: /home/jack/work/install/realsense2_camera_msgs/share/ament_index/resource_index/rosidl_interfaces/realsense2_camera_msgs
[0.645s] -- Up-to-date: /home/jack/work/install/realsense2_camera_msgs/include/realsense2_camera_msgs/realsense2_camera_msgs
[0.649s] -- Up-to-date: /home/jack/work/install/realsense2_camera_msgs/include/realsense2_camera_msgs/realsense2_camera_msgs/msg
[0.649s] -- Up-to-date: /home/jack/work/install/realsense2_camera_msgs/include/realsense2_camera_msgs/realsense2_camera_msgs/msg/rosidl_generator_c__visibility_control.h
[0.649s] -- Up-to-date: /home/jack/work/install/realsense2_camera_msgs/include/realsense2_camera_msgs/realsense2_camera_msgs/msg/imu_info.h
[0.649s] -- Up-to-date: /home/jack/work/install/realsense2_camera_msgs/include/realsense2_camera_msgs/realsense2_camera_msgs/msg/detail
[0.650s] -- Up-to-date: /home/jack/work/install/realsense2_camera_msgs/include/realsense2_camera_msgs/realsense2_camera_msgs/msg/detail/rgbd__functions.c
[0.650s] -- Up-to-date: /home/jack/work/install/realsense2_camera_msgs/include/realsense2_camera_msgs/realsense2_camera_msgs/msg/detail/metadata__struct.h
[0.650s] -- Up-to-date: /home/jack/work/install/realsense2_camera_msgs/include/realsense2_camera_msgs/realsense2_camera_msgs/msg/detail/rgbd__functions.h
[0.650s] -- Up-to-date: /home/jack/work/install/realsense2_camera_msgs/include/realsense2_camera_msgs/realsense2_camera_msgs/msg/detail/metadata__type_support.h
[0.650s] -- Up-to-date: /home/jack/work/install/realsense2_camera_msgs/include/realsense2_camera_msgs/realsense2_camera_msgs/msg/detail/imu_info__struct.h
[0.650s] -- Up-to-date: /home/jack/work/install/realsense2_camera_msgs/include/realsense2_camera_msgs/realsense2_camera_msgs/msg/detail/metadata__functions.c
[0.650s] -- Up-to-date: /home/jack/work/install/realsense2_camera_msgs/include/realsense2_camera_msgs/realsense2_camera_msgs/msg/detail/rgbd__type_support.h
[0.650s] -- Up-to-date: /home/jack/work/install/realsense2_camera_msgs/include/realsense2_camera_msgs/realsense2_camera_msgs/msg/detail/extrinsics__type_support.h
[0.650s] -- Up-to-date: /home/jack/work/install/realsense2_camera_msgs/include/realsense2_camera_msgs/realsense2_camera_msgs/msg/detail/imu_info__type_support.h
[0.650s] -- Up-to-date: /home/jack/work/install/realsense2_camera_msgs/include/realsense2_camera_msgs/realsense2_camera_msgs/msg/detail/imu_info__functions.h
[0.650s] -- Up-to-date: /home/jack/work/install/realsense2_camera_msgs/include/realsense2_camera_msgs/realsense2_camera_msgs/msg/detail/extrinsics__functions.h
[0.650s] -- Up-to-date: /home/jack/work/install/realsense2_camera_msgs/include/realsense2_camera_msgs/realsense2_camera_msgs/msg/detail/metadata__functions.h
[0.650s] -- Up-to-date: /home/jack/work/install/realsense2_camera_msgs/include/realsense2_camera_msgs/realsense2_camera_msgs/msg/detail/rgbd__struct.h
[0.651s] -- Up-to-date: /home/jack/work/install/realsense2_camera_msgs/include/realsense2_camera_msgs/realsense2_camera_msgs/msg/detail/imu_info__functions.c
[0.651s] -- Up-to-date: /home/jack/work/install/realsense2_camera_msgs/include/realsense2_camera_msgs/realsense2_camera_msgs/msg/detail/extrinsics__struct.h
[0.651s] -- Up-to-date: /home/jack/work/install/realsense2_camera_msgs/include/realsense2_camera_msgs/realsense2_camera_msgs/msg/detail/extrinsics__functions.c
[0.651s] -- Up-to-date: /home/jack/work/install/realsense2_camera_msgs/include/realsense2_camera_msgs/realsense2_camera_msgs/msg/extrinsics.h
[0.651s] -- Up-to-date: /home/jack/work/install/realsense2_camera_msgs/include/realsense2_camera_msgs/realsense2_camera_msgs/msg/rgbd.h
[0.651s] -- Up-to-date: /home/jack/work/install/realsense2_camera_msgs/include/realsense2_camera_msgs/realsense2_camera_msgs/msg/metadata.h
[0.651s] -- Up-to-date: /home/jack/work/install/realsense2_camera_msgs/include/realsense2_camera_msgs/realsense2_camera_msgs/srv
[0.651s] -- Up-to-date: /home/jack/work/install/realsense2_camera_msgs/include/realsense2_camera_msgs/realsense2_camera_msgs/srv/device_info.h
[0.651s] -- Up-to-date: /home/jack/work/install/realsense2_camera_msgs/include/realsense2_camera_msgs/realsense2_camera_msgs/srv/detail
[0.651s] -- Up-to-date: /home/jack/work/install/realsense2_camera_msgs/include/realsense2_camera_msgs/realsense2_camera_msgs/srv/detail/device_info__functions.c
[0.651s] -- Up-to-date: /home/jack/work/install/realsense2_camera_msgs/include/realsense2_camera_msgs/realsense2_camera_msgs/srv/detail/device_info__struct.h
[0.651s] -- Up-to-date: /home/jack/work/install/realsense2_camera_msgs/include/realsense2_camera_msgs/realsense2_camera_msgs/srv/detail/device_info__functions.h
[0.651s] -- Up-to-date: /home/jack/work/install/realsense2_camera_msgs/include/realsense2_camera_msgs/realsense2_camera_msgs/srv/detail/device_info__type_support.h
[0.652s] -- Up-to-date: /home/jack/work/install/realsense2_camera_msgs/share/realsense2_camera_msgs/environment/library_path.sh
[0.652s] -- Up-to-date: /home/jack/work/install/realsense2_camera_msgs/share/realsense2_camera_msgs/environment/library_path.dsv
[0.652s] -- Up-to-date: /home/jack/work/install/realsense2_camera_msgs/lib/librealsense2_camera_msgs__rosidl_generator_c.so
[0.652s] -- Up-to-date: /home/jack/work/install/realsense2_camera_msgs/include/realsense2_camera_msgs/realsense2_camera_msgs
[0.652s] -- Up-to-date: /home/jack/work/install/realsense2_camera_msgs/include/realsense2_camera_msgs/realsense2_camera_msgs/msg
[0.653s] -- Up-to-date: /home/jack/work/install/realsense2_camera_msgs/include/realsense2_camera_msgs/realsense2_camera_msgs/msg/rosidl_typesupport_fastrtps_c__visibility_control.h
[0.653s] -- Up-to-date: /home/jack/work/install/realsense2_camera_msgs/include/realsense2_camera_msgs/realsense2_camera_msgs/msg/detail
[0.659s] -- Up-to-date: /home/jack/work/install/realsense2_camera_msgs/include/realsense2_camera_msgs/realsense2_camera_msgs/msg/detail/rgbd__rosidl_typesupport_fastrtps_c.h
[0.660s] -- Up-to-date: /home/jack/work/install/realsense2_camera_msgs/include/realsense2_camera_msgs/realsense2_camera_msgs/msg/detail/imu_info__rosidl_typesupport_fastrtps_c.h
[0.660s] -- Up-to-date: /home/jack/work/install/realsense2_camera_msgs/include/realsense2_camera_msgs/realsense2_camera_msgs/msg/detail/extrinsics__rosidl_typesupport_fastrtps_c.h
[0.660s] -- Up-to-date: /home/jack/work/install/realsense2_camera_msgs/include/realsense2_camera_msgs/realsense2_camera_msgs/msg/detail/metadata__rosidl_typesupport_fastrtps_c.h
[0.660s] -- Up-to-date: /home/jack/work/install/realsense2_camera_msgs/include/realsense2_camera_msgs/realsense2_camera_msgs/srv
[0.661s] -- Up-to-date: /home/jack/work/install/realsense2_camera_msgs/include/realsense2_camera_msgs/realsense2_camera_msgs/srv/detail
[0.661s] -- Up-to-date: /home/jack/work/install/realsense2_camera_msgs/include/realsense2_camera_msgs/realsense2_camera_msgs/srv/detail/device_info__rosidl_typesupport_fastrtps_c.h
[0.664s] -- Up-to-date: /home/jack/work/install/realsense2_camera_msgs/lib/librealsense2_camera_msgs__rosidl_typesupport_fastrtps_c.so
[0.664s] -- Up-to-date: /home/jack/work/install/realsense2_camera_msgs/include/realsense2_camera_msgs/realsense2_camera_msgs
[0.667s] -- Up-to-date: /home/jack/work/install/realsense2_camera_msgs/include/realsense2_camera_msgs/realsense2_camera_msgs/msg
[0.667s] -- Up-to-date: /home/jack/work/install/realsense2_camera_msgs/include/realsense2_camera_msgs/realsense2_camera_msgs/msg/rosidl_typesupport_introspection_c__visibility_control.h
[0.667s] -- Up-to-date: /home/jack/work/install/realsense2_camera_msgs/include/realsense2_camera_msgs/realsense2_camera_msgs/msg/detail
[0.667s] -- Up-to-date: /home/jack/work/install/realsense2_camera_msgs/include/realsense2_camera_msgs/realsense2_camera_msgs/msg/detail/rgbd__rosidl_typesupport_introspection_c.h
[0.667s] -- Up-to-date: /home/jack/work/install/realsense2_camera_msgs/include/realsense2_camera_msgs/realsense2_camera_msgs/msg/detail/metadata__rosidl_typesupport_introspection_c.h
[0.668s] -- Up-to-date: /home/jack/work/install/realsense2_camera_msgs/include/realsense2_camera_msgs/realsense2_camera_msgs/msg/detail/rgbd__type_support.c
[0.668s] -- Up-to-date: /home/jack/work/install/realsense2_camera_msgs/include/realsense2_camera_msgs/realsense2_camera_msgs/msg/detail/imu_info__type_support.c
[0.668s] -- Up-to-date: /home/jack/work/install/realsense2_camera_msgs/include/realsense2_camera_msgs/realsense2_camera_msgs/msg/detail/metadata__type_support.c
[0.668s] -- Up-to-date: /home/jack/work/install/realsense2_camera_msgs/include/realsense2_camera_msgs/realsense2_camera_msgs/msg/detail/imu_info__rosidl_typesupport_introspection_c.h
[0.668s] -- Up-to-date: /home/jack/work/install/realsense2_camera_msgs/include/realsense2_camera_msgs/realsense2_camera_msgs/msg/detail/extrinsics__rosidl_typesupport_introspection_c.h
[0.668s] -- Up-to-date: /home/jack/work/install/realsense2_camera_msgs/include/realsense2_camera_msgs/realsense2_camera_msgs/msg/detail/extrinsics__type_support.c
[0.668s] -- Up-to-date: /home/jack/work/install/realsense2_camera_msgs/include/realsense2_camera_msgs/realsense2_camera_msgs/srv
[0.668s] -- Up-to-date: /home/jack/work/install/realsense2_camera_msgs/include/realsense2_camera_msgs/realsense2_camera_msgs/srv/detail
[0.668s] -- Up-to-date: /home/jack/work/install/realsense2_camera_msgs/include/realsense2_camera_msgs/realsense2_camera_msgs/srv/detail/device_info__rosidl_typesupport_introspection_c.h
[0.668s] -- Up-to-date: /home/jack/work/install/realsense2_camera_msgs/include/realsense2_camera_msgs/realsense2_camera_msgs/srv/detail/device_info__type_support.c
[0.668s] -- Up-to-date: /home/jack/work/install/realsense2_camera_msgs/lib/librealsense2_camera_msgs__rosidl_typesupport_introspection_c.so
[0.668s] -- Up-to-date: /home/jack/work/install/realsense2_camera_msgs/lib/librealsense2_camera_msgs__rosidl_typesupport_c.so
[0.669s] -- Up-to-date: /home/jack/work/install/realsense2_camera_msgs/include/realsense2_camera_msgs/realsense2_camera_msgs
[0.669s] -- Up-to-date: /home/jack/work/install/realsense2_camera_msgs/include/realsense2_camera_msgs/realsense2_camera_msgs/msg
[0.669s] -- Up-to-date: /home/jack/work/install/realsense2_camera_msgs/include/realsense2_camera_msgs/realsense2_camera_msgs/msg/rosidl_generator_cpp__visibility_control.hpp
[0.669s] -- Up-to-date: /home/jack/work/install/realsense2_camera_msgs/include/realsense2_camera_msgs/realsense2_camera_msgs/msg/detail
[0.669s] -- Up-to-date: /home/jack/work/install/realsense2_camera_msgs/include/realsense2_camera_msgs/realsense2_camera_msgs/msg/detail/extrinsics__type_support.hpp
[0.669s] -- Up-to-date: /home/jack/work/install/realsense2_camera_msgs/include/realsense2_camera_msgs/realsense2_camera_msgs/msg/detail/metadata__builder.hpp
[0.669s] -- Up-to-date: /home/jack/work/install/realsense2_camera_msgs/include/realsense2_camera_msgs/realsense2_camera_msgs/msg/detail/rgbd__builder.hpp
[0.669s] -- Up-to-date: /home/jack/work/install/realsense2_camera_msgs/include/realsense2_camera_msgs/realsense2_camera_msgs/msg/detail/extrinsics__builder.hpp
[0.669s] -- Up-to-date: /home/jack/work/install/realsense2_camera_msgs/include/realsense2_camera_msgs/realsense2_camera_msgs/msg/detail/extrinsics__traits.hpp
[0.669s] -- Up-to-date: /home/jack/work/install/realsense2_camera_msgs/include/realsense2_camera_msgs/realsense2_camera_msgs/msg/detail/imu_info__struct.hpp
[0.669s] -- Up-to-date: /home/jack/work/install/realsense2_camera_msgs/include/realsense2_camera_msgs/realsense2_camera_msgs/msg/detail/metadata__struct.hpp
[0.669s] -- Up-to-date: /home/jack/work/install/realsense2_camera_msgs/include/realsense2_camera_msgs/realsense2_camera_msgs/msg/detail/extrinsics__struct.hpp
[0.670s] -- Up-to-date: /home/jack/work/install/realsense2_camera_msgs/include/realsense2_camera_msgs/realsense2_camera_msgs/msg/detail/rgbd__traits.hpp
[0.670s] -- Up-to-date: /home/jack/work/install/realsense2_camera_msgs/include/realsense2_camera_msgs/realsense2_camera_msgs/msg/detail/imu_info__builder.hpp
[0.670s] -- Up-to-date: /home/jack/work/install/realsense2_camera_msgs/include/realsense2_camera_msgs/realsense2_camera_msgs/msg/detail/metadata__traits.hpp
[0.670s] -- Up-to-date: /home/jack/work/install/realsense2_camera_msgs/include/realsense2_camera_msgs/realsense2_camera_msgs/msg/detail/imu_info__traits.hpp
[0.670s] -- Up-to-date: /home/jack/work/install/realsense2_camera_msgs/include/realsense2_camera_msgs/realsense2_camera_msgs/msg/detail/imu_info__type_support.hpp
[0.673s] -- Up-to-date: /home/jack/work/install/realsense2_camera_msgs/include/realsense2_camera_msgs/realsense2_camera_msgs/msg/detail/rgbd__struct.hpp
[0.673s] -- Up-to-date: /home/jack/work/install/realsense2_camera_msgs/include/realsense2_camera_msgs/realsense2_camera_msgs/msg/detail/rgbd__type_support.hpp
[0.673s] -- Up-to-date: /home/jack/work/install/realsense2_camera_msgs/include/realsense2_camera_msgs/realsense2_camera_msgs/msg/detail/metadata__type_support.hpp
[0.673s] -- Up-to-date: /home/jack/work/install/realsense2_camera_msgs/include/realsense2_camera_msgs/realsense2_camera_msgs/msg/extrinsics.hpp
[0.673s] -- Up-to-date: /home/jack/work/install/realsense2_camera_msgs/include/realsense2_camera_msgs/realsense2_camera_msgs/msg/imu_info.hpp
[0.674s] -- Up-to-date: /home/jack/work/install/realsense2_camera_msgs/include/realsense2_camera_msgs/realsense2_camera_msgs/msg/metadata.hpp
[0.674s] -- Up-to-date: /home/jack/work/install/realsense2_camera_msgs/include/realsense2_camera_msgs/realsense2_camera_msgs/msg/rgbd.hpp
[0.674s] -- Up-to-date: /home/jack/work/install/realsense2_camera_msgs/include/realsense2_camera_msgs/realsense2_camera_msgs/srv
[0.674s] -- Up-to-date: /home/jack/work/install/realsense2_camera_msgs/include/realsense2_camera_msgs/realsense2_camera_msgs/srv/device_info.hpp
[0.674s] -- Up-to-date: /home/jack/work/install/realsense2_camera_msgs/include/realsense2_camera_msgs/realsense2_camera_msgs/srv/detail
[0.674s] -- Up-to-date: /home/jack/work/install/realsense2_camera_msgs/include/realsense2_camera_msgs/realsense2_camera_msgs/srv/detail/device_info__traits.hpp
[0.674s] -- Up-to-date: /home/jack/work/install/realsense2_camera_msgs/include/realsense2_camera_msgs/realsense2_camera_msgs/srv/detail/device_info__type_support.hpp
[0.674s] -- Up-to-date: /home/jack/work/install/realsense2_camera_msgs/include/realsense2_camera_msgs/realsense2_camera_msgs/srv/detail/device_info__struct.hpp
[0.674s] -- Up-to-date: /home/jack/work/install/realsense2_camera_msgs/include/realsense2_camera_msgs/realsense2_camera_msgs/srv/detail/device_info__builder.hpp
[0.674s] -- Up-to-date: /home/jack/work/install/realsense2_camera_msgs/include/realsense2_camera_msgs/realsense2_camera_msgs
[0.674s] -- Up-to-date: /home/jack/work/install/realsense2_camera_msgs/include/realsense2_camera_msgs/realsense2_camera_msgs/msg
[0.674s] -- Up-to-date: /home/jack/work/install/realsense2_camera_msgs/include/realsense2_camera_msgs/realsense2_camera_msgs/msg/rosidl_typesupport_fastrtps_cpp__visibility_control.h
[0.675s] -- Up-to-date: /home/jack/work/install/realsense2_camera_msgs/include/realsense2_camera_msgs/realsense2_camera_msgs/msg/detail
[0.675s] -- Up-to-date: /home/jack/work/install/realsense2_camera_msgs/include/realsense2_camera_msgs/realsense2_camera_msgs/msg/detail/rgbd__rosidl_typesupport_fastrtps_cpp.hpp
[0.675s] -- Up-to-date: /home/jack/work/install/realsense2_camera_msgs/include/realsense2_camera_msgs/realsense2_camera_msgs/msg/detail/metadata__rosidl_typesupport_fastrtps_cpp.hpp
[0.675s] -- Up-to-date: /home/jack/work/install/realsense2_camera_msgs/include/realsense2_camera_msgs/realsense2_camera_msgs/msg/detail/imu_info__rosidl_typesupport_fastrtps_cpp.hpp
[0.675s] -- Up-to-date: /home/jack/work/install/realsense2_camera_msgs/include/realsense2_camera_msgs/realsense2_camera_msgs/msg/detail/dds_fastrtps
[0.675s] -- Up-to-date: /home/jack/work/install/realsense2_camera_msgs/include/realsense2_camera_msgs/realsense2_camera_msgs/msg/detail/extrinsics__rosidl_typesupport_fastrtps_cpp.hpp
[0.675s] -- Up-to-date: /home/jack/work/install/realsense2_camera_msgs/include/realsense2_camera_msgs/realsense2_camera_msgs/srv
[0.675s] -- Up-to-date: /home/jack/work/install/realsense2_camera_msgs/include/realsense2_camera_msgs/realsense2_camera_msgs/srv/detail
[0.675s] -- Up-to-date: /home/jack/work/install/realsense2_camera_msgs/include/realsense2_camera_msgs/realsense2_camera_msgs/srv/detail/device_info__rosidl_typesupport_fastrtps_cpp.hpp
[0.675s] -- Up-to-date: /home/jack/work/install/realsense2_camera_msgs/include/realsense2_camera_msgs/realsense2_camera_msgs/srv/detail/dds_fastrtps
[0.675s] -- Up-to-date: /home/jack/work/install/realsense2_camera_msgs/lib/librealsense2_camera_msgs__rosidl_typesupport_fastrtps_cpp.so
[0.675s] -- Up-to-date: /home/jack/work/install/realsense2_camera_msgs/include/realsense2_camera_msgs/realsense2_camera_msgs
[0.676s] -- Up-to-date: /home/jack/work/install/realsense2_camera_msgs/include/realsense2_camera_msgs/realsense2_camera_msgs/msg
[0.676s] -- Up-to-date: /home/jack/work/install/realsense2_camera_msgs/include/realsense2_camera_msgs/realsense2_camera_msgs/msg/detail
[0.676s] -- Up-to-date: /home/jack/work/install/realsense2_camera_msgs/include/realsense2_camera_msgs/realsense2_camera_msgs/msg/detail/metadata__rosidl_typesupport_introspection_cpp.hpp
[0.679s] -- Up-to-date: /home/jack/work/install/realsense2_camera_msgs/include/realsense2_camera_msgs/realsense2_camera_msgs/msg/detail/extrinsics__type_support.cpp
[0.679s] -- Up-to-date: /home/jack/work/install/realsense2_camera_msgs/include/realsense2_camera_msgs/realsense2_camera_msgs/msg/detail/rgbd__type_support.cpp
[0.680s] -- Up-to-date: /home/jack/work/install/realsense2_camera_msgs/include/realsense2_camera_msgs/realsense2_camera_msgs/msg/detail/imu_info__rosidl_typesupport_introspection_cpp.hpp
[0.680s] -- Up-to-date: /home/jack/work/install/realsense2_camera_msgs/include/realsense2_camera_msgs/realsense2_camera_msgs/msg/detail/imu_info__type_support.cpp
[0.680s] -- Up-to-date: /home/jack/work/install/realsense2_camera_msgs/include/realsense2_camera_msgs/realsense2_camera_msgs/msg/detail/metadata__type_support.cpp
[0.680s] -- Up-to-date: /home/jack/work/install/realsense2_camera_msgs/include/realsense2_camera_msgs/realsense2_camera_msgs/msg/detail/extrinsics__rosidl_typesupport_introspection_cpp.hpp
[0.680s] -- Up-to-date: /home/jack/work/install/realsense2_camera_msgs/include/realsense2_camera_msgs/realsense2_camera_msgs/msg/detail/rgbd__rosidl_typesupport_introspection_cpp.hpp
[0.680s] -- Up-to-date: /home/jack/work/install/realsense2_camera_msgs/include/realsense2_camera_msgs/realsense2_camera_msgs/srv
[0.680s] -- Up-to-date: /home/jack/work/install/realsense2_camera_msgs/include/realsense2_camera_msgs/realsense2_camera_msgs/srv/detail
[0.680s] -- Up-to-date: /home/jack/work/install/realsense2_camera_msgs/include/realsense2_camera_msgs/realsense2_camera_msgs/srv/detail/device_info__type_support.cpp
[0.680s] -- Up-to-date: /home/jack/work/install/realsense2_camera_msgs/include/realsense2_camera_msgs/realsense2_camera_msgs/srv/detail/device_info__rosidl_typesupport_introspection_cpp.hpp
[0.680s] -- Up-to-date: /home/jack/work/install/realsense2_camera_msgs/lib/librealsense2_camera_msgs__rosidl_typesupport_introspection_cpp.so
[0.680s] -- Up-to-date: /home/jack/work/install/realsense2_camera_msgs/lib/librealsense2_camera_msgs__rosidl_typesupport_cpp.so
[0.680s] -- Up-to-date: /home/jack/work/install/realsense2_camera_msgs/share/realsense2_camera_msgs/environment/pythonpath.sh
[0.681s] -- Up-to-date: /home/jack/work/install/realsense2_camera_msgs/share/realsense2_camera_msgs/environment/pythonpath.dsv
[0.681s] -- Up-to-date: /home/jack/work/install/realsense2_camera_msgs/local/lib/python3.10/dist-packages/realsense2_camera_msgs-4.54.1-py3.10.egg-info
[0.681s] -- Installing: /home/jack/work/install/realsense2_camera_msgs/local/lib/python3.10/dist-packages/realsense2_camera_msgs-4.54.1-py3.10.egg-info/top_level.txt
[0.681s] -- Installing: /home/jack/work/install/realsense2_camera_msgs/local/lib/python3.10/dist-packages/realsense2_camera_msgs-4.54.1-py3.10.egg-info/PKG-INFO
[0.681s] -- Installing: /home/jack/work/install/realsense2_camera_msgs/local/lib/python3.10/dist-packages/realsense2_camera_msgs-4.54.1-py3.10.egg-info/dependency_links.txt
[0.681s] -- Installing: /home/jack/work/install/realsense2_camera_msgs/local/lib/python3.10/dist-packages/realsense2_camera_msgs-4.54.1-py3.10.egg-info/SOURCES.txt
[0.681s] -- Up-to-date: /home/jack/work/install/realsense2_camera_msgs/local/lib/python3.10/dist-packages/realsense2_camera_msgs
[0.681s] -- Up-to-date: /home/jack/work/install/realsense2_camera_msgs/local/lib/python3.10/dist-packages/realsense2_camera_msgs/realsense2_camera_msgs_s__rosidl_typesupport_introspection_c.cpython-310-x86_64-linux-gnu.so
[0.681s] -- Up-to-date: /home/jack/work/install/realsense2_camera_msgs/local/lib/python3.10/dist-packages/realsense2_camera_msgs/_realsense2_camera_msgs_s.ep.rosidl_typesupport_introspection_c.c
[0.681s] -- Up-to-date: /home/jack/work/install/realsense2_camera_msgs/local/lib/python3.10/dist-packages/realsense2_camera_msgs/__init__.py
[0.681s] -- Up-to-date: /home/jack/work/install/realsense2_camera_msgs/local/lib/python3.10/dist-packages/realsense2_camera_msgs/realsense2_camera_msgs_s__rosidl_typesupport_fastrtps_c.cpython-310-x86_64-linux-gnu.so
[0.682s] -- Up-to-date: /home/jack/work/install/realsense2_camera_msgs/local/lib/python3.10/dist-packages/realsense2_camera_msgs/librealsense2_camera_msgs__rosidl_generator_py.so
[0.682s] -- Up-to-date: /home/jack/work/install/realsense2_camera_msgs/local/lib/python3.10/dist-packages/realsense2_camera_msgs/realsense2_camera_msgs_s__rosidl_typesupport_c.cpython-310-x86_64-linux-gnu.so
[0.682s] -- Up-to-date: /home/jack/work/install/realsense2_camera_msgs/local/lib/python3.10/dist-packages/realsense2_camera_msgs/_realsense2_camera_msgs_s.ep.rosidl_typesupport_fastrtps_c.c
[0.682s] -- Up-to-date: /home/jack/work/install/realsense2_camera_msgs/local/lib/python3.10/dist-packages/realsense2_camera_msgs/msg
[0.682s] -- Up-to-date: /home/jack/work/install/realsense2_camera_msgs/local/lib/python3.10/dist-packages/realsense2_camera_msgs/msg/_extrinsics.py
[0.682s] -- Up-to-date: /home/jack/work/install/realsense2_camera_msgs/local/lib/python3.10/dist-packages/realsense2_camera_msgs/msg/_extrinsics_s.c
[0.682s] -- Up-to-date: /home/jack/work/install/realsense2_camera_msgs/local/lib/python3.10/dist-packages/realsense2_camera_msgs/msg/__init__.py
[0.682s] -- Up-to-date: /home/jack/work/install/realsense2_camera_msgs/local/lib/python3.10/dist-packages/realsense2_camera_msgs/msg/_metadata_s.c
[0.682s] -- Up-to-date: /home/jack/work/install/realsense2_camera_msgs/local/lib/python3.10/dist-packages/realsense2_camera_msgs/msg/_imu_info.py
[0.682s] -- Up-to-date: /home/jack/work/install/realsense2_camera_msgs/local/lib/python3.10/dist-packages/realsense2_camera_msgs/msg/_rgbd_s.c
[0.682s] -- Up-to-date: /home/jack/work/install/realsense2_camera_msgs/local/lib/python3.10/dist-packages/realsense2_camera_msgs/msg/_imu_info_s.c
[0.682s] -- Up-to-date: /home/jack/work/install/realsense2_camera_msgs/local/lib/python3.10/dist-packages/realsense2_camera_msgs/msg/_metadata.py
[0.683s] -- Up-to-date: /home/jack/work/install/realsense2_camera_msgs/local/lib/python3.10/dist-packages/realsense2_camera_msgs/msg/_rgbd.py
[0.683s] -- Up-to-date: /home/jack/work/install/realsense2_camera_msgs/local/lib/python3.10/dist-packages/realsense2_camera_msgs/srv
[0.683s] -- Up-to-date: /home/jack/work/install/realsense2_camera_msgs/local/lib/python3.10/dist-packages/realsense2_camera_msgs/srv/__init__.py
[0.683s] -- Up-to-date: /home/jack/work/install/realsense2_camera_msgs/local/lib/python3.10/dist-packages/realsense2_camera_msgs/srv/_device_info.py
[0.683s] -- Up-to-date: /home/jack/work/install/realsense2_camera_msgs/local/lib/python3.10/dist-packages/realsense2_camera_msgs/srv/_device_info_s.c
[0.686s] -- Up-to-date: /home/jack/work/install/realsense2_camera_msgs/local/lib/python3.10/dist-packages/realsense2_camera_msgs/_realsense2_camera_msgs_s.ep.rosidl_typesupport_c.c
[0.693s] Listing '/home/jack/work/install/realsense2_camera_msgs/local/lib/python3.10/dist-packages/realsense2_camera_msgs'...
[0.693s] Listing '/home/jack/work/install/realsense2_camera_msgs/local/lib/python3.10/dist-packages/realsense2_camera_msgs/msg'...
[0.693s] Listing '/home/jack/work/install/realsense2_camera_msgs/local/lib/python3.10/dist-packages/realsense2_camera_msgs/srv'...
[0.702s] -- Up-to-date: /home/jack/work/install/realsense2_camera_msgs/local/lib/python3.10/dist-packages/realsense2_camera_msgs/realsense2_camera_msgs_s__rosidl_typesupport_fastrtps_c.cpython-310-x86_64-linux-gnu.so
[0.702s] -- Up-to-date: /home/jack/work/install/realsense2_camera_msgs/local/lib/python3.10/dist-packages/realsense2_camera_msgs/realsense2_camera_msgs_s__rosidl_typesupport_introspection_c.cpython-310-x86_64-linux-gnu.so
[0.703s] -- Up-to-date: /home/jack/work/install/realsense2_camera_msgs/local/lib/python3.10/dist-packages/realsense2_camera_msgs/realsense2_camera_msgs_s__rosidl_typesupport_c.cpython-310-x86_64-linux-gnu.so
[0.706s] -- Up-to-date: /home/jack/work/install/realsense2_camera_msgs/lib/librealsense2_camera_msgs__rosidl_generator_py.so
[0.706s] -- Up-to-date: /home/jack/work/install/realsense2_camera_msgs/share/ament_index/resource_index/rust_packages/realsense2_camera_msgs
[0.706s] -- Up-to-date: /home/jack/work/install/realsense2_camera_msgs/share/realsense2_camera_msgs/rust
[0.706s] -- Up-to-date: /home/jack/work/install/realsense2_camera_msgs/share/realsense2_camera_msgs/rust/Cargo.toml
[0.706s] -- Up-to-date: /home/jack/work/install/realsense2_camera_msgs/share/realsense2_camera_msgs/rust/src
[0.706s] -- Up-to-date: /home/jack/work/install/realsense2_camera_msgs/share/realsense2_camera_msgs/rust/src/msg.rs
[0.706s] -- Up-to-date: /home/jack/work/install/realsense2_camera_msgs/share/realsense2_camera_msgs/rust/src/msg
[0.706s] -- Up-to-date: /home/jack/work/install/realsense2_camera_msgs/share/realsense2_camera_msgs/rust/src/msg/rmw.rs
[0.707s] -- Up-to-date: /home/jack/work/install/realsense2_camera_msgs/share/realsense2_camera_msgs/rust/src/srv
[0.707s] -- Up-to-date: /home/jack/work/install/realsense2_camera_msgs/share/realsense2_camera_msgs/rust/src/srv/rmw.rs
[0.707s] -- Up-to-date: /home/jack/work/install/realsense2_camera_msgs/share/realsense2_camera_msgs/rust/src/srv.rs
[0.707s] -- Up-to-date: /home/jack/work/install/realsense2_camera_msgs/share/realsense2_camera_msgs/rust/src/lib.rs
[0.709s] -- Up-to-date: /home/jack/work/install/realsense2_camera_msgs/share/realsense2_camera_msgs/rust/build.rs
[0.710s] -- Up-to-date: /home/jack/work/install/realsense2_camera_msgs/share/realsense2_camera_msgs/msg/IMUInfo.idl
[0.710s] -- Up-to-date: /home/jack/work/install/realsense2_camera_msgs/share/realsense2_camera_msgs/msg/Extrinsics.idl
[0.710s] -- Up-to-date: /home/jack/work/install/realsense2_camera_msgs/share/realsense2_camera_msgs/msg/Metadata.idl
[0.710s] -- Up-to-date: /home/jack/work/install/realsense2_camera_msgs/share/realsense2_camera_msgs/msg/RGBD.idl
[0.710s] -- Up-to-date: /home/jack/work/install/realsense2_camera_msgs/share/realsense2_camera_msgs/srv/DeviceInfo.idl
[0.714s] -- Up-to-date: /home/jack/work/install/realsense2_camera_msgs/share/realsense2_camera_msgs/msg/IMUInfo.msg
[0.715s] -- Up-to-date: /home/jack/work/install/realsense2_camera_msgs/share/realsense2_camera_msgs/msg/Extrinsics.msg
[0.715s] -- Up-to-date: /home/jack/work/install/realsense2_camera_msgs/share/realsense2_camera_msgs/msg/Metadata.msg
[0.721s] -- Up-to-date: /home/jack/work/install/realsense2_camera_msgs/share/realsense2_camera_msgs/msg/RGBD.msg
[0.721s] -- Up-to-date: /home/jack/work/install/realsense2_camera_msgs/share/realsense2_camera_msgs/srv/DeviceInfo.srv
[0.721s] -- Up-to-date: /home/jack/work/install/realsense2_camera_msgs/share/realsense2_camera_msgs/srv/DeviceInfo_Request.msg
[0.721s] -- Up-to-date: /home/jack/work/install/realsense2_camera_msgs/share/realsense2_camera_msgs/srv/DeviceInfo_Response.msg
[0.721s] -- Up-to-date: /home/jack/work/install/realsense2_camera_msgs/share/ament_index/resource_index/package_run_dependencies/realsense2_camera_msgs
[0.722s] -- Up-to-date: /home/jack/work/install/realsense2_camera_msgs/share/ament_index/resource_index/parent_prefix_path/realsense2_camera_msgs
[0.722s] -- Up-to-date: /home/jack/work/install/realsense2_camera_msgs/share/realsense2_camera_msgs/environment/ament_prefix_path.sh
[0.722s] -- Up-to-date: /home/jack/work/install/realsense2_camera_msgs/share/realsense2_camera_msgs/environment/ament_prefix_path.dsv
[0.724s] -- Up-to-date: /home/jack/work/install/realsense2_camera_msgs/share/realsense2_camera_msgs/environment/path.sh
[0.724s] -- Up-to-date: /home/jack/work/install/realsense2_camera_msgs/share/realsense2_camera_msgs/environment/path.dsv
[0.724s] -- Up-to-date: /home/jack/work/install/realsense2_camera_msgs/share/realsense2_camera_msgs/local_setup.bash
[0.725s] -- Up-to-date: /home/jack/work/install/realsense2_camera_msgs/share/realsense2_camera_msgs/local_setup.sh
[0.725s] -- Up-to-date: /home/jack/work/install/realsense2_camera_msgs/share/realsense2_camera_msgs/local_setup.zsh
[0.725s] -- Up-to-date: /home/jack/work/install/realsense2_camera_msgs/share/realsense2_camera_msgs/local_setup.dsv
[0.725s] -- Installing: /home/jack/work/install/realsense2_camera_msgs/share/realsense2_camera_msgs/package.dsv
[0.726s] -- Up-to-date: /home/jack/work/install/realsense2_camera_msgs/share/ament_index/resource_index/packages/realsense2_camera_msgs
[0.726s] -- Up-to-date: /home/jack/work/install/realsense2_camera_msgs/share/realsense2_camera_msgs/cmake/export_realsense2_camera_msgs__rosidl_generator_cExport.cmake
[0.726s] -- Up-to-date: /home/jack/work/install/realsense2_camera_msgs/share/realsense2_camera_msgs/cmake/export_realsense2_camera_msgs__rosidl_generator_cExport-noconfig.cmake
[0.729s] -- Up-to-date: /home/jack/work/install/realsense2_camera_msgs/share/realsense2_camera_msgs/cmake/export_realsense2_camera_msgs__rosidl_typesupport_fastrtps_cExport.cmake
[0.729s] -- Up-to-date: /home/jack/work/install/realsense2_camera_msgs/share/realsense2_camera_msgs/cmake/export_realsense2_camera_msgs__rosidl_typesupport_fastrtps_cExport-noconfig.cmake
[0.729s] -- Up-to-date: /home/jack/work/install/realsense2_camera_msgs/share/realsense2_camera_msgs/cmake/realsense2_camera_msgs__rosidl_typesupport_introspection_cExport.cmake
[0.730s] -- Up-to-date: /home/jack/work/install/realsense2_camera_msgs/share/realsense2_camera_msgs/cmake/realsense2_camera_msgs__rosidl_typesupport_introspection_cExport-noconfig.cmake
[0.730s] -- Up-to-date: /home/jack/work/install/realsense2_camera_msgs/share/realsense2_camera_msgs/cmake/realsense2_camera_msgs__rosidl_typesupport_cExport.cmake
[0.730s] -- Up-to-date: /home/jack/work/install/realsense2_camera_msgs/share/realsense2_camera_msgs/cmake/realsense2_camera_msgs__rosidl_typesupport_cExport-noconfig.cmake
[0.730s] -- Up-to-date: /home/jack/work/install/realsense2_camera_msgs/share/realsense2_camera_msgs/cmake/export_realsense2_camera_msgs__rosidl_generator_cppExport.cmake
[0.730s] -- Up-to-date: /home/jack/work/install/realsense2_camera_msgs/share/realsense2_camera_msgs/cmake/export_realsense2_camera_msgs__rosidl_typesupport_fastrtps_cppExport.cmake
[0.730s] -- Up-to-date: /home/jack/work/install/realsense2_camera_msgs/share/realsense2_camera_msgs/cmake/export_realsense2_camera_msgs__rosidl_typesupport_fastrtps_cppExport-noconfig.cmake
[0.730s] -- Up-to-date: /home/jack/work/install/realsense2_camera_msgs/share/realsense2_camera_msgs/cmake/realsense2_camera_msgs__rosidl_typesupport_introspection_cppExport.cmake
[0.730s] -- Up-to-date: /home/jack/work/install/realsense2_camera_msgs/share/realsense2_camera_msgs/cmake/realsense2_camera_msgs__rosidl_typesupport_introspection_cppExport-noconfig.cmake
[0.730s] -- Up-to-date: /home/jack/work/install/realsense2_camera_msgs/share/realsense2_camera_msgs/cmake/realsense2_camera_msgs__rosidl_typesupport_cppExport.cmake
[0.730s] -- Up-to-date: /home/jack/work/install/realsense2_camera_msgs/share/realsense2_camera_msgs/cmake/realsense2_camera_msgs__rosidl_typesupport_cppExport-noconfig.cmake
[0.730s] -- Up-to-date: /home/jack/work/install/realsense2_camera_msgs/share/realsense2_camera_msgs/cmake/export_realsense2_camera_msgs__rosidl_generator_pyExport.cmake
[0.730s] -- Up-to-date: /home/jack/work/install/realsense2_camera_msgs/share/realsense2_camera_msgs/cmake/export_realsense2_camera_msgs__rosidl_generator_pyExport-noconfig.cmake
[0.730s] -- Up-to-date: /home/jack/work/install/realsense2_camera_msgs/share/realsense2_camera_msgs/cmake/rosidl_cmake-extras.cmake
[0.730s] -- Up-to-date: /home/jack/work/install/realsense2_camera_msgs/share/realsense2_camera_msgs/cmake/ament_cmake_export_dependencies-extras.cmake
[0.730s] -- Up-to-date: /home/jack/work/install/realsense2_camera_msgs/share/realsense2_camera_msgs/cmake/ament_cmake_export_include_directories-extras.cmake
[0.731s] -- Up-to-date: /home/jack/work/install/realsense2_camera_msgs/share/realsense2_camera_msgs/cmake/ament_cmake_export_libraries-extras.cmake
[0.731s] -- Up-to-date: /home/jack/work/install/realsense2_camera_msgs/share/realsense2_camera_msgs/cmake/ament_cmake_export_targets-extras.cmake
[0.731s] -- Up-to-date: /home/jack/work/install/realsense2_camera_msgs/share/realsense2_camera_msgs/cmake/rosidl_cmake_export_typesupport_targets-extras.cmake
[0.731s] -- Up-to-date: /home/jack/work/install/realsense2_camera_msgs/share/realsense2_camera_msgs/cmake/rosidl_cmake_export_typesupport_libraries-extras.cmake
[0.731s] -- Up-to-date: /home/jack/work/install/realsense2_camera_msgs/share/realsense2_camera_msgs/cmake/realsense2_camera_msgsConfig.cmake
[0.731s] -- Up-to-date: /home/jack/work/install/realsense2_camera_msgs/share/realsense2_camera_msgs/cmake/realsense2_camera_msgsConfig-version.cmake
[0.731s] -- Up-to-date: /home/jack/work/install/realsense2_camera_msgs/share/realsense2_camera_msgs/package.xml
[0.767s] Invoked command in '/home/jack/work/build/realsense2_camera_msgs' returned '0': CMAKE_PREFIX_PATH=${CMAKE_PREFIX_PATH}:/home/jack/work/install/yolov7_obj_detect:/home/jack/work/install/hiwin_example:/home/jack/work/install/hiwin_control:/home/jack/work/install/center:/opt/ros/humble /usr/bin/cmake --install /home/jack/work/build/realsense2_camera_msgs
