/home/jack/work/install/center/lib/python3.10/site-packages/center/tableball0520.py
/home/jack/work/install/center/lib/python3.10/site-packages/center/__init__.py
/home/jack/work/install/center/lib/python3.10/site-packages/center/control.py
/home/jack/work/install/center/lib/python3.10/site-packages/center/publisher_dection_boxes (copy).py
/home/jack/work/install/center/lib/python3.10/site-packages/center/tableball.py
/home/jack/work/install/center/lib/python3.10/site-packages/center/strategy.py
/home/jack/work/install/center/lib/python3.10/site-packages/center/tableball (copy).py
/home/jack/work/install/center/lib/python3.10/site-packages/center/publisher_dection_boxes.py
/home/jack/work/install/center/lib/python3.10/site-packages/center/boss_strategy_client.py
/home/jack/work/install/center/lib/python3.10/site-packages/center/boss_yolo_service.py
/home/jack/work/install/center/lib/python3.10/site-packages/center/transformations.py
/home/jack/work/install/center/lib/python3.10/site-packages/center/strategy copy 2.py
/home/jack/work/install/center/lib/python3.10/site-packages/center/strategy copy.py
/home/jack/work/install/center/lib/python3.10/site-packages/center/just_pool_think0524.py
/home/jack/work/install/center/lib/python3.10/site-packages/center/test.py
/home/jack/work/install/center/lib/python3.10/site-packages/center/__pycache__/tableball0520.cpython-310.pyc
/home/jack/work/install/center/lib/python3.10/site-packages/center/__pycache__/__init__.cpython-310.pyc
/home/jack/work/install/center/lib/python3.10/site-packages/center/__pycache__/control.cpython-310.pyc
/home/jack/work/install/center/lib/python3.10/site-packages/center/__pycache__/publisher_dection_boxes (copy).cpython-310.pyc
/home/jack/work/install/center/lib/python3.10/site-packages/center/__pycache__/tableball.cpython-310.pyc
/home/jack/work/install/center/lib/python3.10/site-packages/center/__pycache__/strategy.cpython-310.pyc
/home/jack/work/install/center/lib/python3.10/site-packages/center/__pycache__/tableball (copy).cpython-310.pyc
/home/jack/work/install/center/lib/python3.10/site-packages/center/__pycache__/publisher_dection_boxes.cpython-310.pyc
/home/jack/work/install/center/lib/python3.10/site-packages/center/__pycache__/boss_strategy_client.cpython-310.pyc
/home/jack/work/install/center/lib/python3.10/site-packages/center/__pycache__/boss_yolo_service.cpython-310.pyc
/home/jack/work/install/center/lib/python3.10/site-packages/center/__pycache__/transformations.cpython-310.pyc
/home/jack/work/install/center/lib/python3.10/site-packages/center/__pycache__/strategy copy 2.cpython-310.pyc
/home/jack/work/install/center/lib/python3.10/site-packages/center/__pycache__/strategy copy.cpython-310.pyc
/home/jack/work/install/center/lib/python3.10/site-packages/center/__pycache__/just_pool_think0524.cpython-310.pyc
/home/jack/work/install/center/lib/python3.10/site-packages/center/__pycache__/test.cpython-310.pyc
/home/jack/work/install/center/share/ament_index/resource_index/packages/center
/home/jack/work/install/center/share/center/package.xml
/home/jack/work/install/center/lib/python3.10/site-packages/center-0.0.0-py3.10.egg-info/top_level.txt
/home/jack/work/install/center/lib/python3.10/site-packages/center-0.0.0-py3.10.egg-info/PKG-INFO
/home/jack/work/install/center/lib/python3.10/site-packages/center-0.0.0-py3.10.egg-info/dependency_links.txt
/home/jack/work/install/center/lib/python3.10/site-packages/center-0.0.0-py3.10.egg-info/entry_points.txt
/home/jack/work/install/center/lib/python3.10/site-packages/center-0.0.0-py3.10.egg-info/SOURCES.txt
/home/jack/work/install/center/lib/python3.10/site-packages/center-0.0.0-py3.10.egg-info/requires.txt
/home/jack/work/install/center/lib/python3.10/site-packages/center-0.0.0-py3.10.egg-info/zip-safe
/home/jack/work/install/center/lib/center/publisher_dection_boxes
/home/jack/work/install/center/lib/center/strategy
