[0.012s] Invoking command in '/home/jack/work/build/realsense2_camera_msgs': CMAKE_PREFIX_PATH=/opt/ros/humble /usr/bin/cmake --build /home/jack/work/build/realsense2_camera_msgs -- -j16 -l16
[0.073s] [  1%] Built target realsense2_camera_msgs__rs
[0.074s] [  3%] Built target realsense2_camera_msgs__cpp
[0.083s] [ 14%] Built target realsense2_camera_msgs__rosidl_generator_c
[0.091s] [ 14%] Built target ament_cmake_python_copy_realsense2_camera_msgs
[0.108s] [ 25%] Built target realsense2_camera_msgs__rosidl_typesupport_introspection_cpp
[0.109s] [ 35%] Built target realsense2_camera_msgs__rosidl_typesupport_cpp
[0.109s] [ 46%] Built target realsense2_camera_msgs__rosidl_typesupport_fastrtps_cpp
[0.113s] [ 57%] Built target realsense2_camera_msgs__rosidl_typesupport_introspection_c
[0.114s] [ 68%] Built target realsense2_camera_msgs__rosidl_typesupport_c
[0.116s] [ 79%] Built target realsense2_camera_msgs__rosidl_typesupport_fastrtps_c
[0.132s] [ 79%] Built target realsense2_camera_msgs
[0.146s] [ 81%] Built target realsense2_camera_msgs__py
[0.165s] [ 82%] [32mBuilding C object CMakeFiles/realsense2_camera_msgs__rosidl_generator_py.dir/rosidl_generator_py/realsense2_camera_msgs/msg/_rgbd_s.c.o[0m
[0.167s] [ 84%] [32mBuilding C object CMakeFiles/realsense2_camera_msgs__rosidl_generator_py.dir/rosidl_generator_py/realsense2_camera_msgs/srv/_device_info_s.c.o[0m
[0.167s] [ 85%] [32mBuilding C object CMakeFiles/realsense2_camera_msgs__rosidl_generator_py.dir/rosidl_generator_py/realsense2_camera_msgs/msg/_metadata_s.c.o[0m
[0.167s] [ 89%] [32mBuilding C object CMakeFiles/realsense2_camera_msgs__rosidl_generator_py.dir/rosidl_generator_py/realsense2_camera_msgs/msg/_extrinsics_s.c.o[0m
[0.167s] [ 89%] [32mBuilding C object CMakeFiles/realsense2_camera_msgs__rosidl_generator_py.dir/rosidl_generator_py/realsense2_camera_msgs/msg/_imu_info_s.c.o[0m
[0.246s] [01m[K/home/jack/work/build/realsense2_camera_msgs/rosidl_generator_py/realsense2_camera_msgs/msg/_metadata_s.c:11:10:[m[K [01;31m[Kfatal error: [m[Knumpy/ndarrayobject.h: No such file or directory
[0.246s]    11 | #include [01;31m[K"numpy/ndarrayobject.h"[m[K
[0.246s]       |          [01;31m[K^~~~~~~~~~~~~~~~~~~~~~~[m[K
[0.246s] [01m[K/home/jack/work/build/realsense2_camera_msgs/rosidl_generator_py/realsense2_camera_msgs/msg/_extrinsics_s.c:11:10:[m[K [01;31m[Kfatal error: [m[Knumpy/ndarrayobject.h: No such file or directory
[0.246s]    11 | #include [01;31m[K"numpy/ndarrayobject.h"[m[K
[0.246s]       |          [01;31m[K^~~~~~~~~~~~~~~~~~~~~~~[m[K
[0.246s] compilation terminated.
[0.247s] compilation terminated.
[0.247s] gmake[2]: *** [CMakeFiles/realsense2_camera_msgs__rosidl_generator_py.dir/build.make:104: CMakeFiles/realsense2_camera_msgs__rosidl_generator_py.dir/rosidl_generator_py/realsense2_camera_msgs/msg/_metadata_s.c.o] Error 1
[0.248s] gmake[2]: *** Waiting for unfinished jobs....
[0.248s] gmake[2]: *** [CMakeFiles/realsense2_camera_msgs__rosidl_generator_py.dir/build.make:90: CMakeFiles/realsense2_camera_msgs__rosidl_generator_py.dir/rosidl_generator_py/realsense2_camera_msgs/msg/_extrinsics_s.c.o] Error 1
[0.250s] [01m[K/home/jack/work/build/realsense2_camera_msgs/rosidl_generator_py/realsense2_camera_msgs/srv/_device_info_s.c:11:10:[m[K [01;31m[Kfatal error: [m[Knumpy/ndarrayobject.h: No such file or directory
[0.250s]    11 | #include [01;31m[K"numpy/ndarrayobject.h"[m[K
[0.250s]       |          [01;31m[K^~~~~~~~~~~~~~~~~~~~~~~[m[K
[0.250s] compilation terminated.
[0.251s] gmake[2]: *** [CMakeFiles/realsense2_camera_msgs__rosidl_generator_py.dir/build.make:132: CMakeFiles/realsense2_camera_msgs__rosidl_generator_py.dir/rosidl_generator_py/realsense2_camera_msgs/srv/_device_info_s.c.o] Error 1
[0.254s] [01m[K/home/jack/work/build/realsense2_camera_msgs/rosidl_generator_py/realsense2_camera_msgs/msg/_imu_info_s.c:11:10:[m[K [01;31m[Kfatal error: [m[Knumpy/ndarrayobject.h: No such file or directory
[0.254s]    11 | #include [01;31m[K"numpy/ndarrayobject.h"[m[K
[0.254s]       |          [01;31m[K^~~~~~~~~~~~~~~~~~~~~~~[m[K
[0.254s] compilation terminated.
[0.254s] [01m[K/home/jack/work/build/realsense2_camera_msgs/rosidl_generator_py/realsense2_camera_msgs/msg/_rgbd_s.c:11:10:[m[K [01;31m[Kfatal error: [m[Knumpy/ndarrayobject.h: No such file or directory
[0.254s]    11 | #include [01;31m[K"numpy/ndarrayobject.h"[m[K
[0.254s]       |          [01;31m[K^~~~~~~~~~~~~~~~~~~~~~~[m[K
[0.254s] compilation terminated.
[0.254s] gmake[2]: *** [CMakeFiles/realsense2_camera_msgs__rosidl_generator_py.dir/build.make:76: CMakeFiles/realsense2_camera_msgs__rosidl_generator_py.dir/rosidl_generator_py/realsense2_camera_msgs/msg/_imu_info_s.c.o] Error 1
[0.255s] gmake[2]: *** [CMakeFiles/realsense2_camera_msgs__rosidl_generator_py.dir/build.make:118: CMakeFiles/realsense2_camera_msgs__rosidl_generator_py.dir/rosidl_generator_py/realsense2_camera_msgs/msg/_rgbd_s.c.o] Error 1
[0.255s] gmake[1]: *** [CMakeFiles/Makefile2:494: CMakeFiles/realsense2_camera_msgs__rosidl_generator_py.dir/all] Error 2
[0.255s] gmake[1]: *** Waiting for unfinished jobs....
[0.287s] running egg_info
[0.296s] writing realsense2_camera_msgs.egg-info/PKG-INFO
[0.296s] writing dependency_links to realsense2_camera_msgs.egg-info/dependency_links.txt
[0.296s] writing top-level names to realsense2_camera_msgs.egg-info/top_level.txt
[0.318s] reading manifest file 'realsense2_camera_msgs.egg-info/SOURCES.txt'
[0.319s] writing manifest file 'realsense2_camera_msgs.egg-info/SOURCES.txt'
[0.338s] [ 89%] Built target ament_cmake_python_build_realsense2_camera_msgs_egg
[0.339s] gmake: *** [Makefile:146: all] Error 2
