[0.024s] Invoking command in '/home/jack/work/build/charuco_detector_interfaces': CMAKE_PREFIX_PATH=${CMAKE_PREFIX_PATH}:/home/jack/work/install/yolov7_obj_detect:/home/jack/work/install/hiwin_example:/home/jack/work/install/hiwin_control:/home/jack/work/install/center:/opt/ros/humble /usr/bin/cmake --build /home/jack/work/build/charuco_detector_interfaces -- -j16 -l16
[0.108s] [  9%] Built target charuco_detector_interfaces__rosidl_generator_c
[0.112s] [ 12%] Built target charuco_detector_interfaces__cpp
[0.120s] [ 15%] Built target charuco_detector_interfaces__rs
[0.148s] [ 15%] Built target ament_cmake_python_copy_charuco_detector_interfaces
[0.200s] [ 25%] Built target charuco_detector_interfaces__rosidl_typesupport_introspection_c
[0.208s] [ 34%] Built target charuco_detector_interfaces__rosidl_typesupport_c
[0.242s] [ 43%] Built target charuco_detector_interfaces__rosidl_typesupport_fastrtps_c
[0.251s] [ 53%] Built target charuco_detector_interfaces__rosidl_typesupport_fastrtps_cpp
[0.256s] [ 62%] Built target charuco_detector_interfaces__rosidl_typesupport_cpp
[0.263s] [ 71%] Built target charuco_detector_interfaces__rosidl_typesupport_introspection_cpp
[0.310s] [ 71%] Built target charuco_detector_interfaces
[0.364s] [ 75%] Built target charuco_detector_interfaces__py
[0.427s] [ 81%] Built target charuco_detector_interfaces__rosidl_generator_py
[0.560s] [ 87%] Built target charuco_detector_interfaces__rosidl_typesupport_introspection_c__pyext
[0.566s] [ 93%] Built target charuco_detector_interfaces__rosidl_typesupport_fastrtps_c__pyext
[0.567s] [100%] Built target charuco_detector_interfaces__rosidl_typesupport_c__pyext
[0.840s] running egg_info
[0.882s] writing charuco_detector_interfaces.egg-info/PKG-INFO
[0.883s] writing dependency_links to charuco_detector_interfaces.egg-info/dependency_links.txt
[0.884s] writing top-level names to charuco_detector_interfaces.egg-info/top_level.txt
[1.001s] reading manifest file 'charuco_detector_interfaces.egg-info/SOURCES.txt'
[1.002s] writing manifest file 'charuco_detector_interfaces.egg-info/SOURCES.txt'
[1.056s] [100%] Built target ament_cmake_python_build_charuco_detector_interfaces_egg
