[0.014s] Invoking command in '/home/jack/work/build/realsense2_camera_msgs': CMAKE_PREFIX_PATH=/opt/ros/humble /usr/bin/cmake --build /home/jack/work/build/realsense2_camera_msgs -- -j16 -l16
[0.064s] [  1%] Built target realsense2_camera_msgs__rs
[0.071s] [ 14%] Built target realsense2_camera_msgs__rosidl_generator_c
[0.071s] [ 14%] Built target realsense2_camera_msgs__cpp
[0.084s] [ 14%] Built target ament_cmake_python_copy_realsense2_camera_msgs
[0.104s] [ 35%] Built target realsense2_camera_msgs__rosidl_typesupport_introspection_cpp
[0.105s] [ 35%] Built target realsense2_camera_msgs__rosidl_typesupport_cpp
[0.111s] [ 46%] Built target realsense2_camera_msgs__rosidl_typesupport_introspection_c
[0.111s] [ 57%] Built target realsense2_camera_msgs__rosidl_typesupport_fastrtps_cpp
[0.115s] [ 79%] Built target realsense2_camera_msgs__rosidl_typesupport_fastrtps_c
[0.115s] [ 79%] Built target realsense2_camera_msgs__rosidl_typesupport_c
[0.128s] [ 79%] Built target realsense2_camera_msgs
[0.143s] [ 81%] Built target realsense2_camera_msgs__py
[0.163s] [ 82%] [32mBuilding C object CMakeFiles/realsense2_camera_msgs__rosidl_generator_py.dir/rosidl_generator_py/realsense2_camera_msgs/msg/_rgbd_s.c.o[0m
[0.163s] [ 85%] [32mBuilding C object CMakeFiles/realsense2_camera_msgs__rosidl_generator_py.dir/rosidl_generator_py/realsense2_camera_msgs/msg/_extrinsics_s.c.o[0m
[0.163s] [ 85%] [32mBuilding C object CMakeFiles/realsense2_camera_msgs__rosidl_generator_py.dir/rosidl_generator_py/realsense2_camera_msgs/msg/_imu_info_s.c.o[0m
[0.163s] [ 87%] [32mBuilding C object CMakeFiles/realsense2_camera_msgs__rosidl_generator_py.dir/rosidl_generator_py/realsense2_camera_msgs/srv/_device_info_s.c.o[0m
[0.163s] [ 89%] [32mBuilding C object CMakeFiles/realsense2_camera_msgs__rosidl_generator_py.dir/rosidl_generator_py/realsense2_camera_msgs/msg/_metadata_s.c.o[0m
[0.244s] [01m[K/home/jack/work/build/realsense2_camera_msgs/rosidl_generator_py/realsense2_camera_msgs/msg/_metadata_s.c:11:10:[m[K [01;31m[Kfatal error: [m[Knumpy/ndarrayobject.h: No such file or directory
[0.244s]    11 | #include [01;31m[K"numpy/ndarrayobject.h"[m[K
[0.244s]       |          [01;31m[K^~~~~~~~~~~~~~~~~~~~~~~[m[K
[0.244s] compilation terminated.
[0.245s] [01m[K/home/jack/work/build/realsense2_camera_msgs/rosidl_generator_py/realsense2_camera_msgs/msg/_rgbd_s.c:11:10:[m[K [01;31m[Kfatal error: [m[Knumpy/ndarrayobject.h: No such file or directory
[0.245s]    11 | #include [01;31m[K"numpy/ndarrayobject.h"[m[K
[0.245s]       |          [01;31m[K^~~~~~~~~~~~~~~~~~~~~~~[m[K
[0.245s] compilation terminated.
[0.246s] gmake[2]: *** [CMakeFiles/realsense2_camera_msgs__rosidl_generator_py.dir/build.make:118: CMakeFiles/realsense2_camera_msgs__rosidl_generator_py.dir/rosidl_generator_py/realsense2_camera_msgs/msg/_rgbd_s.c.o] Error 1
[0.246s] gmake[2]: *** Waiting for unfinished jobs....
[0.246s] gmake[2]: *** [CMakeFiles/realsense2_camera_msgs__rosidl_generator_py.dir/build.make:104: CMakeFiles/realsense2_camera_msgs__rosidl_generator_py.dir/rosidl_generator_py/realsense2_camera_msgs/msg/_metadata_s.c.o] Error 1
[0.249s] [01m[K/home/jack/work/build/realsense2_camera_msgs/rosidl_generator_py/realsense2_camera_msgs/msg/_imu_info_s.c:11:10:[m[K [01;31m[Kfatal error: [m[Knumpy/ndarrayobject.h: No such file or directory
[0.249s]    11 | #include [01;31m[K"numpy/ndarrayobject.h"[m[K
[0.249s]       |          [01;31m[K^~~~~~~~~~~~~~~~~~~~~~~[m[K
[0.249s] compilation terminated.
[0.251s] [01m[K/home/jack/work/build/realsense2_camera_msgs/rosidl_generator_py/realsense2_camera_msgs/msg/_extrinsics_s.c:11:10:[m[K [01;31m[Kfatal error: [m[Knumpy/ndarrayobject.h: No such file or directory
[0.251s]    11 | #include [01;31m[K"numpy/ndarrayobject.h"[m[K
[0.251s]       |          [01;31m[K^~~~~~~~~~~~~~~~~~~~~~~[m[K
[0.251s] compilation terminated.
[0.251s] [01m[K/home/jack/work/build/realsense2_camera_msgs/rosidl_generator_py/realsense2_camera_msgs/srv/_device_info_s.c:11:10:[m[K [01;31m[Kfatal error: [m[Knumpy/ndarrayobject.h: No such file or directory
[0.251s]    11 | #include [01;31m[K"numpy/ndarrayobject.h"[m[K
[0.251s]       |          [01;31m[K^~~~~~~~~~~~~~~~~~~~~~~[m[K
[0.251s] compilation terminated.
[0.251s] gmake[2]: *** [CMakeFiles/realsense2_camera_msgs__rosidl_generator_py.dir/build.make:76: CMakeFiles/realsense2_camera_msgs__rosidl_generator_py.dir/rosidl_generator_py/realsense2_camera_msgs/msg/_imu_info_s.c.o] Error 1
[0.252s] gmake[2]: *** [CMakeFiles/realsense2_camera_msgs__rosidl_generator_py.dir/build.make:90: CMakeFiles/realsense2_camera_msgs__rosidl_generator_py.dir/rosidl_generator_py/realsense2_camera_msgs/msg/_extrinsics_s.c.o] Error 1
[0.252s] gmake[2]: *** [CMakeFiles/realsense2_camera_msgs__rosidl_generator_py.dir/build.make:132: CMakeFiles/realsense2_camera_msgs__rosidl_generator_py.dir/rosidl_generator_py/realsense2_camera_msgs/srv/_device_info_s.c.o] Error 1
[0.252s] gmake[1]: *** [CMakeFiles/Makefile2:494: CMakeFiles/realsense2_camera_msgs__rosidl_generator_py.dir/all] Error 2
[0.252s] gmake[1]: *** Waiting for unfinished jobs....
[0.286s] running egg_info
[0.293s] writing realsense2_camera_msgs.egg-info/PKG-INFO
[0.294s] writing dependency_links to realsense2_camera_msgs.egg-info/dependency_links.txt
[0.294s] writing top-level names to realsense2_camera_msgs.egg-info/top_level.txt
[0.323s] reading manifest file 'realsense2_camera_msgs.egg-info/SOURCES.txt'
[0.323s] writing manifest file 'realsense2_camera_msgs.egg-info/SOURCES.txt'
[0.339s] [ 89%] Built target ament_cmake_python_build_realsense2_camera_msgs_egg
[0.340s] gmake: *** [Makefile:146: all] Error 2
