[  1%] Built target realsense2_camera_msgs__rs
[  3%] Built target realsense2_camera_msgs__cpp
[ 14%] Built target realsense2_camera_msgs__rosidl_generator_c
[ 14%] Built target ament_cmake_python_copy_realsense2_camera_msgs
[ 25%] Built target realsense2_camera_msgs__rosidl_typesupport_fastrtps_cpp
[ 35%] Built target realsense2_camera_msgs__rosidl_typesupport_c
[ 46%] Built target realsense2_camera_msgs__rosidl_typesupport_cpp
[ 59%] Built target realsense2_camera_msgs__rosidl_typesupport_introspection_c
[ 68%] Built target realsense2_camera_msgs__rosidl_typesupport_introspection_cpp
[ 79%] Built target realsense2_camera_msgs__rosidl_typesupport_fastrtps_c
[ 79%] Built target realsense2_camera_msgs
[ 81%] Built target realsense2_camera_msgs__py
[ 82%] [32mBuilding C object CMakeFiles/realsense2_camera_msgs__rosidl_generator_py.dir/rosidl_generator_py/realsense2_camera_msgs/msg/_extrinsics_s.c.o[0m
[ 84%] [32mBuilding C object CMakeFiles/realsense2_camera_msgs__rosidl_generator_py.dir/rosidl_generator_py/realsense2_camera_msgs/msg/_imu_info_s.c.o[0m
[ 85%] [32mBuilding C object CMakeFiles/realsense2_camera_msgs__rosidl_generator_py.dir/rosidl_generator_py/realsense2_camera_msgs/msg/_metadata_s.c.o[0m
[ 87%] [32mBuilding C object CMakeFiles/realsense2_camera_msgs__rosidl_generator_py.dir/rosidl_generator_py/realsense2_camera_msgs/msg/_rgbd_s.c.o[0m
[ 89%] [32mBuilding C object CMakeFiles/realsense2_camera_msgs__rosidl_generator_py.dir/rosidl_generator_py/realsense2_camera_msgs/srv/_device_info_s.c.o[0m
running egg_info
writing realsense2_camera_msgs.egg-info/PKG-INFO
writing dependency_links to realsense2_camera_msgs.egg-info/dependency_links.txt
writing top-level names to realsense2_camera_msgs.egg-info/top_level.txt
reading manifest file 'realsense2_camera_msgs.egg-info/SOURCES.txt'
writing manifest file 'realsense2_camera_msgs.egg-info/SOURCES.txt'
[ 89%] Built target ament_cmake_python_build_realsense2_camera_msgs_egg
