[0.013s] Invoking command in '/home/jack/work/build/realsense2_camera_msgs': CMAKE_PREFIX_PATH=${CMAKE_PREFIX_PATH}:/home/jack/work/install/yolov7_obj_detect:/home/jack/work/install/hiwin_example:/home/jack/work/install/hiwin_control:/home/jack/work/install/center:/opt/ros/humble /usr/bin/cmake --build /home/jack/work/build/realsense2_camera_msgs -- -j16 -l16
[0.064s] [  1%] Built target realsense2_camera_msgs__rs
[0.064s] [  3%] Built target realsense2_camera_msgs__cpp
[0.067s] [ 14%] Built target realsense2_camera_msgs__rosidl_generator_c
[0.078s] [ 14%] Built target ament_cmake_python_copy_realsense2_camera_msgs
[0.100s] [ 25%] Built target realsense2_camera_msgs__rosidl_typesupport_fastrtps_cpp
[0.101s] [ 35%] Built target realsense2_camera_msgs__rosidl_typesupport_c
[0.106s] [ 46%] Built target realsense2_camera_msgs__rosidl_typesupport_cpp
[0.107s] [ 59%] Built target realsense2_camera_msgs__rosidl_typesupport_introspection_c
[0.107s] [ 68%] Built target realsense2_camera_msgs__rosidl_typesupport_introspection_cpp
[0.109s] [ 79%] Built target realsense2_camera_msgs__rosidl_typesupport_fastrtps_c
[0.127s] [ 79%] Built target realsense2_camera_msgs
[0.144s] [ 81%] Built target realsense2_camera_msgs__py
[0.163s] [ 82%] [32mBuilding C object CMakeFiles/realsense2_camera_msgs__rosidl_generator_py.dir/rosidl_generator_py/realsense2_camera_msgs/msg/_extrinsics_s.c.o[0m
[0.165s] [ 84%] [32mBuilding C object CMakeFiles/realsense2_camera_msgs__rosidl_generator_py.dir/rosidl_generator_py/realsense2_camera_msgs/msg/_imu_info_s.c.o[0m
[0.165s] [ 85%] [32mBuilding C object CMakeFiles/realsense2_camera_msgs__rosidl_generator_py.dir/rosidl_generator_py/realsense2_camera_msgs/msg/_metadata_s.c.o[0m
[0.165s] [ 87%] [32mBuilding C object CMakeFiles/realsense2_camera_msgs__rosidl_generator_py.dir/rosidl_generator_py/realsense2_camera_msgs/msg/_rgbd_s.c.o[0m
[0.167s] [ 89%] [32mBuilding C object CMakeFiles/realsense2_camera_msgs__rosidl_generator_py.dir/rosidl_generator_py/realsense2_camera_msgs/srv/_device_info_s.c.o[0m
[0.235s] [01m[K/home/jack/work/build/realsense2_camera_msgs/rosidl_generator_py/realsense2_camera_msgs/msg/_imu_info_s.c:11:10:[m[K [01;31m[Kfatal error: [m[Knumpy/ndarrayobject.h: No such file or directory
[0.235s]    11 | #include [01;31m[K"numpy/ndarrayobject.h"[m[K
[0.235s]       |          [01;31m[K^~~~~~~~~~~~~~~~~~~~~~~[m[K
[0.235s] compilation terminated.
[0.237s] gmake[2]: *** [CMakeFiles/realsense2_camera_msgs__rosidl_generator_py.dir/build.make:76: CMakeFiles/realsense2_camera_msgs__rosidl_generator_py.dir/rosidl_generator_py/realsense2_camera_msgs/msg/_imu_info_s.c.o] Error 1
[0.237s] gmake[2]: *** Waiting for unfinished jobs....
[0.256s] [01m[K/home/jack/work/build/realsense2_camera_msgs/rosidl_generator_py/realsense2_camera_msgs/msg/_metadata_s.c:11:10:[m[K [01;31m[Kfatal error: [m[Knumpy/ndarrayobject.h: No such file or directory
[0.256s]    11 | #include [01;31m[K"numpy/ndarrayobject.h"[m[K
[0.256s]       |          [01;31m[K^~~~~~~~~~~~~~~~~~~~~~~[m[K
[0.256s] compilation terminated.
[0.257s] [01m[K/home/jack/work/build/realsense2_camera_msgs/rosidl_generator_py/realsense2_camera_msgs/msg/_extrinsics_s.c:11:10:[m[K [01;31m[Kfatal error: [m[Knumpy/ndarrayobject.h: No such file or directory
[0.258s]    11 | #include [01;31m[K"numpy/ndarrayobject.h"[m[K
[0.258s]       |          [01;31m[K^~~~~~~~~~~~~~~~~~~~~~~[m[K
[0.258s] compilation terminated.
[0.258s] gmake[2]: *** [CMakeFiles/realsense2_camera_msgs__rosidl_generator_py.dir/build.make:104: CMakeFiles/realsense2_camera_msgs__rosidl_generator_py.dir/rosidl_generator_py/realsense2_camera_msgs/msg/_metadata_s.c.o] Error 1
[0.260s] gmake[2]: *** [CMakeFiles/realsense2_camera_msgs__rosidl_generator_py.dir/build.make:90: CMakeFiles/realsense2_camera_msgs__rosidl_generator_py.dir/rosidl_generator_py/realsense2_camera_msgs/msg/_extrinsics_s.c.o] Error 1
[0.260s] [01m[K/home/jack/work/build/realsense2_camera_msgs/rosidl_generator_py/realsense2_camera_msgs/msg/_rgbd_s.c:11:10:[m[K [01;31m[Kfatal error: [m[Knumpy/ndarrayobject.h: No such file or directory
[0.260s]    11 | #include [01;31m[K"numpy/ndarrayobject.h"[m[K
[0.260s]       |          [01;31m[K^~~~~~~~~~~~~~~~~~~~~~~[m[K
[0.260s] compilation terminated.
[0.260s] [01m[K/home/jack/work/build/realsense2_camera_msgs/rosidl_generator_py/realsense2_camera_msgs/srv/_device_info_s.c:11:10:[m[K [01;31m[Kfatal error: [m[Knumpy/ndarrayobject.h: No such file or directory
[0.260s]    11 | #include [01;31m[K"numpy/ndarrayobject.h"[m[K
[0.260s]       |          [01;31m[K^~~~~~~~~~~~~~~~~~~~~~~[m[K
[0.261s] compilation terminated.
[0.263s] gmake[2]: *** [CMakeFiles/realsense2_camera_msgs__rosidl_generator_py.dir/build.make:132: CMakeFiles/realsense2_camera_msgs__rosidl_generator_py.dir/rosidl_generator_py/realsense2_camera_msgs/srv/_device_info_s.c.o] Error 1
[0.263s] gmake[2]: *** [CMakeFiles/realsense2_camera_msgs__rosidl_generator_py.dir/build.make:118: CMakeFiles/realsense2_camera_msgs__rosidl_generator_py.dir/rosidl_generator_py/realsense2_camera_msgs/msg/_rgbd_s.c.o] Error 1
[0.263s] gmake[1]: *** [CMakeFiles/Makefile2:494: CMakeFiles/realsense2_camera_msgs__rosidl_generator_py.dir/all] Error 2
[0.263s] gmake[1]: *** Waiting for unfinished jobs....
[0.266s] running egg_info
[0.277s] writing realsense2_camera_msgs.egg-info/PKG-INFO
[0.277s] writing dependency_links to realsense2_camera_msgs.egg-info/dependency_links.txt
[0.278s] writing top-level names to realsense2_camera_msgs.egg-info/top_level.txt
[0.307s] reading manifest file 'realsense2_camera_msgs.egg-info/SOURCES.txt'
[0.307s] writing manifest file 'realsense2_camera_msgs.egg-info/SOURCES.txt'
[0.340s] [ 89%] Built target ament_cmake_python_build_realsense2_camera_msgs_egg
[0.341s] gmake: *** [Makefile:146: all] Error 2
[0.344s] Invoked command in '/home/jack/work/build/realsense2_camera_msgs' returned '2': CMAKE_PREFIX_PATH=${CMAKE_PREFIX_PATH}:/home/jack/work/install/yolov7_obj_detect:/home/jack/work/install/hiwin_example:/home/jack/work/install/hiwin_control:/home/jack/work/install/center:/opt/ros/humble /usr/bin/cmake --build /home/jack/work/build/realsense2_camera_msgs -- -j16 -l16
