[0.015s] Invoking command in '/home/jack/work/build/detect_interface': CMAKE_PREFIX_PATH=/opt/ros/humble /usr/bin/cmake --build /home/jack/work/build/detect_interface -- -j16 -l16
[0.069s] [  2%] Built target detect_interface__rs
[0.069s] [  5%] Built target detect_interface__cpp
[0.074s] [ 15%] Built target detect_interface__rosidl_generator_c
[0.086s] [ 15%] Built target ament_cmake_python_copy_detect_interface
[0.097s] [ 25%] Built target detect_interface__rosidl_typesupport_introspection_cpp
[0.109s] [ 35%] Built target detect_interface__rosidl_typesupport_fastrtps_cpp
[0.109s] [ 45%] Built target detect_interface__rosidl_typesupport_cpp
[0.109s] [ 55%] Built target detect_interface__rosidl_typesupport_introspection_c
[0.112s] [ 65%] Built target detect_interface__rosidl_typesupport_fastrtps_c
[0.120s] [ 75%] Built target detect_interface__rosidl_typesupport_c
[0.141s] [ 75%] Built target detect_interface
[0.160s] [ 77%] Built target detect_interface__py
[0.189s] [ 82%] [32mBuilding C object CMakeFiles/detect_interface__rosidl_generator_py.dir/rosidl_generator_py/detect_interface/msg/_detection_results_s.c.o[0m
[0.189s] [ 82%] [32mBuilding C object CMakeFiles/detect_interface__rosidl_generator_py.dir/rosidl_generator_py/detect_interface/msg/_bounding_box_s.c.o[0m
[0.272s] [01m[K/home/jack/work/build/detect_interface/rosidl_generator_py/detect_interface/msg/_bounding_box_s.c:11:10:[m[K [01;31m[Kfatal error: [m[Knumpy/ndarrayobject.h: No such file or directory
[0.272s]    11 | #include [01;31m[K"numpy/ndarrayobject.h"[m[K
[0.272s]       |          [01;31m[K^~~~~~~~~~~~~~~~~~~~~~~[m[K
[0.272s] compilation terminated.
[0.274s] [01m[K/home/jack/work/build/detect_interface/rosidl_generator_py/detect_interface/msg/_detection_results_s.c:11:10:[m[K [01;31m[Kfatal error: [m[Knumpy/ndarrayobject.h: No such file or directory
[0.274s]    11 | #include [01;31m[K"numpy/ndarrayobject.h"[m[K
[0.274s]       |          [01;31m[K^~~~~~~~~~~~~~~~~~~~~~~[m[K
[0.274s] compilation terminated.
[0.275s] gmake[2]: *** [CMakeFiles/detect_interface__rosidl_generator_py.dir/build.make:90: CMakeFiles/detect_interface__rosidl_generator_py.dir/rosidl_generator_py/detect_interface/msg/_bounding_box_s.c.o] Error 1
[0.275s] gmake[2]: *** Waiting for unfinished jobs....
[0.275s] gmake[2]: *** [CMakeFiles/detect_interface__rosidl_generator_py.dir/build.make:76: CMakeFiles/detect_interface__rosidl_generator_py.dir/rosidl_generator_py/detect_interface/msg/_detection_results_s.c.o] Error 1
[0.275s] gmake[1]: *** [CMakeFiles/Makefile2:494: CMakeFiles/detect_interface__rosidl_generator_py.dir/all] Error 2
[0.275s] gmake[1]: *** Waiting for unfinished jobs....
[0.335s] running egg_info
[0.343s] writing detect_interface.egg-info/PKG-INFO
[0.343s] writing dependency_links to detect_interface.egg-info/dependency_links.txt
[0.343s] writing top-level names to detect_interface.egg-info/top_level.txt
[0.366s] reading manifest file 'detect_interface.egg-info/SOURCES.txt'
[0.367s] writing manifest file 'detect_interface.egg-info/SOURCES.txt'
[0.389s] [ 82%] Built target ament_cmake_python_build_detect_interface_egg
[0.390s] gmake: *** [Makefile:146: all] Error 2
