[0.011s] Invoking command in '/home/jack/work/build/detect_interface': CMAKE_PREFIX_PATH=/opt/ros/humble /usr/bin/cmake --build /home/jack/work/build/detect_interface -- -j16 -l16
[0.055s] [ 10%] Built target detect_interface__rosidl_generator_c
[0.057s] [ 12%] Built target detect_interface__rs
[0.058s] [ 15%] Built target detect_interface__cpp
[0.066s] [ 15%] Built target ament_cmake_python_copy_detect_interface
[0.080s] [ 25%] Built target detect_interface__rosidl_typesupport_fastrtps_c
[0.084s] [ 35%] Built target detect_interface__rosidl_typesupport_c
[0.084s] [ 45%] Built target detect_interface__rosidl_typesupport_introspection_c
[0.087s] [ 55%] Built target detect_interface__rosidl_typesupport_fastrtps_cpp
[0.094s] [ 65%] Built target detect_interface__rosidl_typesupport_introspection_cpp
[0.097s] [ 75%] Built target detect_interface__rosidl_typesupport_cpp
[0.116s] [ 75%] Built target detect_interface
[0.138s] [ 77%] Built target detect_interface__py
[0.150s] [35m[1mConsolidate compiler generated dependencies of target detect_interface__rosidl_generator_py[0m
[0.163s] [ 85%] Built target detect_interface__rosidl_generator_py
[0.186s] [ 90%] Built target detect_interface__rosidl_typesupport_c__pyext
[0.189s] [ 95%] Built target detect_interface__rosidl_typesupport_introspection_c__pyext
[0.189s] [100%] Built target detect_interface__rosidl_typesupport_fastrtps_c__pyext
[0.237s] running egg_info
[0.246s] writing detect_interface.egg-info/PKG-INFO
[0.246s] writing dependency_links to detect_interface.egg-info/dependency_links.txt
[0.246s] writing top-level names to detect_interface.egg-info/top_level.txt
[0.270s] reading manifest file 'detect_interface.egg-info/SOURCES.txt'
[0.271s] writing manifest file 'detect_interface.egg-info/SOURCES.txt'
[0.295s] [100%] Built target ament_cmake_python_build_detect_interface_egg
[0.314s] Invoked command in '/home/jack/work/build/detect_interface' returned '0': CMAKE_PREFIX_PATH=/opt/ros/humble /usr/bin/cmake --build /home/jack/work/build/detect_interface -- -j16 -l16
[0.315s] Invoking command in '/home/jack/work/build/detect_interface': CMAKE_PREFIX_PATH=/opt/ros/humble /usr/bin/cmake --install /home/jack/work/build/detect_interface
[0.325s] -- Install configuration: ""
[0.326s] -- Up-to-date: /home/jack/work/install/detect_interface/share/ament_index/resource_index/rosidl_interfaces/detect_interface
[0.327s] -- Up-to-date: /home/jack/work/install/detect_interface/include/detect_interface/detect_interface
[0.327s] -- Up-to-date: /home/jack/work/install/detect_interface/include/detect_interface/detect_interface/msg
[0.328s] -- Up-to-date: /home/jack/work/install/detect_interface/include/detect_interface/detect_interface/msg/rosidl_generator_c__visibility_control.h
[0.329s] -- Up-to-date: /home/jack/work/install/detect_interface/include/detect_interface/detect_interface/msg/detection_results.h
[0.329s] -- Up-to-date: /home/jack/work/install/detect_interface/include/detect_interface/detect_interface/msg/bounding_box.h
[0.329s] -- Up-to-date: /home/jack/work/install/detect_interface/include/detect_interface/detect_interface/msg/detail
[0.330s] -- Up-to-date: /home/jack/work/install/detect_interface/include/detect_interface/detect_interface/msg/detail/bounding_box__functions.h
[0.330s] -- Up-to-date: /home/jack/work/install/detect_interface/include/detect_interface/detect_interface/msg/detail/bounding_box__type_support.h
[0.330s] -- Up-to-date: /home/jack/work/install/detect_interface/include/detect_interface/detect_interface/msg/detail/detection_results__functions.h
[0.330s] -- Up-to-date: /home/jack/work/install/detect_interface/include/detect_interface/detect_interface/msg/detail/bounding_box__struct.h
[0.330s] -- Up-to-date: /home/jack/work/install/detect_interface/include/detect_interface/detect_interface/msg/detail/detection_results__type_support.h
[0.330s] -- Up-to-date: /home/jack/work/install/detect_interface/include/detect_interface/detect_interface/msg/detail/detection_results__struct.h
[0.330s] -- Up-to-date: /home/jack/work/install/detect_interface/include/detect_interface/detect_interface/msg/detail/bounding_box__functions.c
[0.330s] -- Up-to-date: /home/jack/work/install/detect_interface/include/detect_interface/detect_interface/msg/detail/detection_results__functions.c
[0.330s] -- Up-to-date: /home/jack/work/install/detect_interface/share/detect_interface/environment/library_path.sh
[0.330s] -- Up-to-date: /home/jack/work/install/detect_interface/share/detect_interface/environment/library_path.dsv
[0.331s] -- Up-to-date: /home/jack/work/install/detect_interface/lib/libdetect_interface__rosidl_generator_c.so
[0.331s] -- Up-to-date: /home/jack/work/install/detect_interface/include/detect_interface/detect_interface
[0.331s] -- Up-to-date: /home/jack/work/install/detect_interface/include/detect_interface/detect_interface/msg
[0.331s] -- Up-to-date: /home/jack/work/install/detect_interface/include/detect_interface/detect_interface/msg/rosidl_typesupport_fastrtps_c__visibility_control.h
[0.331s] -- Up-to-date: /home/jack/work/install/detect_interface/include/detect_interface/detect_interface/msg/detail
[0.331s] -- Up-to-date: /home/jack/work/install/detect_interface/include/detect_interface/detect_interface/msg/detail/bounding_box__rosidl_typesupport_fastrtps_c.h
[0.332s] -- Up-to-date: /home/jack/work/install/detect_interface/include/detect_interface/detect_interface/msg/detail/detection_results__rosidl_typesupport_fastrtps_c.h
[0.332s] -- Up-to-date: /home/jack/work/install/detect_interface/lib/libdetect_interface__rosidl_typesupport_fastrtps_c.so
[0.333s] -- Up-to-date: /home/jack/work/install/detect_interface/include/detect_interface/detect_interface
[0.333s] -- Up-to-date: /home/jack/work/install/detect_interface/include/detect_interface/detect_interface/msg
[0.334s] -- Up-to-date: /home/jack/work/install/detect_interface/include/detect_interface/detect_interface/msg/bounding_box.hpp
[0.334s] -- Up-to-date: /home/jack/work/install/detect_interface/include/detect_interface/detect_interface/msg/rosidl_generator_cpp__visibility_control.hpp
[0.334s] -- Up-to-date: /home/jack/work/install/detect_interface/include/detect_interface/detect_interface/msg/detail
[0.334s] -- Up-to-date: /home/jack/work/install/detect_interface/include/detect_interface/detect_interface/msg/detail/detection_results__struct.hpp
[0.336s] -- Up-to-date: /home/jack/work/install/detect_interface/include/detect_interface/detect_interface/msg/detail/bounding_box__type_support.hpp
[0.336s] -- Up-to-date: /home/jack/work/install/detect_interface/include/detect_interface/detect_interface/msg/detail/bounding_box__struct.hpp
[0.336s] -- Up-to-date: /home/jack/work/install/detect_interface/include/detect_interface/detect_interface/msg/detail/detection_results__traits.hpp
[0.336s] -- Up-to-date: /home/jack/work/install/detect_interface/include/detect_interface/detect_interface/msg/detail/detection_results__builder.hpp
[0.336s] -- Up-to-date: /home/jack/work/install/detect_interface/include/detect_interface/detect_interface/msg/detail/bounding_box__traits.hpp
[0.336s] -- Up-to-date: /home/jack/work/install/detect_interface/include/detect_interface/detect_interface/msg/detail/bounding_box__builder.hpp
[0.336s] -- Up-to-date: /home/jack/work/install/detect_interface/include/detect_interface/detect_interface/msg/detail/detection_results__type_support.hpp
[0.336s] -- Up-to-date: /home/jack/work/install/detect_interface/include/detect_interface/detect_interface/msg/detection_results.hpp
[0.336s] -- Up-to-date: /home/jack/work/install/detect_interface/include/detect_interface/detect_interface
[0.336s] -- Up-to-date: /home/jack/work/install/detect_interface/include/detect_interface/detect_interface/msg
[0.336s] -- Up-to-date: /home/jack/work/install/detect_interface/include/detect_interface/detect_interface/msg/rosidl_typesupport_fastrtps_cpp__visibility_control.h
[0.336s] -- Up-to-date: /home/jack/work/install/detect_interface/include/detect_interface/detect_interface/msg/detail
[0.336s] -- Up-to-date: /home/jack/work/install/detect_interface/include/detect_interface/detect_interface/msg/detail/bounding_box__rosidl_typesupport_fastrtps_cpp.hpp
[0.337s] -- Up-to-date: /home/jack/work/install/detect_interface/include/detect_interface/detect_interface/msg/detail/dds_fastrtps
[0.337s] -- Up-to-date: /home/jack/work/install/detect_interface/include/detect_interface/detect_interface/msg/detail/detection_results__rosidl_typesupport_fastrtps_cpp.hpp
[0.339s] -- Up-to-date: /home/jack/work/install/detect_interface/lib/libdetect_interface__rosidl_typesupport_fastrtps_cpp.so
[0.339s] -- Up-to-date: /home/jack/work/install/detect_interface/include/detect_interface/detect_interface
[0.339s] -- Up-to-date: /home/jack/work/install/detect_interface/include/detect_interface/detect_interface/msg
[0.339s] -- Up-to-date: /home/jack/work/install/detect_interface/include/detect_interface/detect_interface/msg/rosidl_typesupport_introspection_c__visibility_control.h
[0.340s] -- Up-to-date: /home/jack/work/install/detect_interface/include/detect_interface/detect_interface/msg/detail
[0.340s] -- Up-to-date: /home/jack/work/install/detect_interface/include/detect_interface/detect_interface/msg/detail/detection_results__type_support.c
[0.340s] -- Up-to-date: /home/jack/work/install/detect_interface/include/detect_interface/detect_interface/msg/detail/bounding_box__rosidl_typesupport_introspection_c.h
[0.340s] -- Up-to-date: /home/jack/work/install/detect_interface/include/detect_interface/detect_interface/msg/detail/bounding_box__type_support.c
[0.340s] -- Up-to-date: /home/jack/work/install/detect_interface/include/detect_interface/detect_interface/msg/detail/detection_results__rosidl_typesupport_introspection_c.h
[0.340s] -- Up-to-date: /home/jack/work/install/detect_interface/lib/libdetect_interface__rosidl_typesupport_introspection_c.so
[0.341s] -- Up-to-date: /home/jack/work/install/detect_interface/lib/libdetect_interface__rosidl_typesupport_c.so
[0.341s] -- Up-to-date: /home/jack/work/install/detect_interface/include/detect_interface/detect_interface
[0.341s] -- Up-to-date: /home/jack/work/install/detect_interface/include/detect_interface/detect_interface/msg
[0.341s] -- Up-to-date: /home/jack/work/install/detect_interface/include/detect_interface/detect_interface/msg/detail
[0.341s] -- Up-to-date: /home/jack/work/install/detect_interface/include/detect_interface/detect_interface/msg/detail/bounding_box__rosidl_typesupport_introspection_cpp.hpp
[0.341s] -- Up-to-date: /home/jack/work/install/detect_interface/include/detect_interface/detect_interface/msg/detail/detection_results__rosidl_typesupport_introspection_cpp.hpp
[0.341s] -- Up-to-date: /home/jack/work/install/detect_interface/include/detect_interface/detect_interface/msg/detail/bounding_box__type_support.cpp
[0.341s] -- Up-to-date: /home/jack/work/install/detect_interface/include/detect_interface/detect_interface/msg/detail/detection_results__type_support.cpp
[0.341s] -- Up-to-date: /home/jack/work/install/detect_interface/lib/libdetect_interface__rosidl_typesupport_introspection_cpp.so
[0.343s] -- Up-to-date: /home/jack/work/install/detect_interface/lib/libdetect_interface__rosidl_typesupport_cpp.so
[0.343s] -- Up-to-date: /home/jack/work/install/detect_interface/share/detect_interface/environment/pythonpath.sh
[0.343s] -- Up-to-date: /home/jack/work/install/detect_interface/share/detect_interface/environment/pythonpath.dsv
[0.343s] -- Up-to-date: /home/jack/work/install/detect_interface/local/lib/python3.10/dist-packages/detect_interface-0.0.0-py3.10.egg-info
[0.343s] -- Installing: /home/jack/work/install/detect_interface/local/lib/python3.10/dist-packages/detect_interface-0.0.0-py3.10.egg-info/top_level.txt
[0.343s] -- Installing: /home/jack/work/install/detect_interface/local/lib/python3.10/dist-packages/detect_interface-0.0.0-py3.10.egg-info/PKG-INFO
[0.343s] -- Installing: /home/jack/work/install/detect_interface/local/lib/python3.10/dist-packages/detect_interface-0.0.0-py3.10.egg-info/dependency_links.txt
[0.343s] -- Installing: /home/jack/work/install/detect_interface/local/lib/python3.10/dist-packages/detect_interface-0.0.0-py3.10.egg-info/SOURCES.txt
[0.344s] -- Up-to-date: /home/jack/work/install/detect_interface/local/lib/python3.10/dist-packages/detect_interface
[0.344s] -- Up-to-date: /home/jack/work/install/detect_interface/local/lib/python3.10/dist-packages/detect_interface/__init__.py
[0.344s] -- Up-to-date: /home/jack/work/install/detect_interface/local/lib/python3.10/dist-packages/detect_interface/_detect_interface_s.ep.rosidl_typesupport_introspection_c.c
[0.344s] -- Up-to-date: /home/jack/work/install/detect_interface/local/lib/python3.10/dist-packages/detect_interface/detect_interface_s__rosidl_typesupport_introspection_c.cpython-310-x86_64-linux-gnu.so
[0.344s] -- Up-to-date: /home/jack/work/install/detect_interface/local/lib/python3.10/dist-packages/detect_interface/detect_interface_s__rosidl_typesupport_fastrtps_c.cpython-310-x86_64-linux-gnu.so
[0.344s] -- Up-to-date: /home/jack/work/install/detect_interface/local/lib/python3.10/dist-packages/detect_interface/libdetect_interface__rosidl_generator_py.so
[0.344s] -- Up-to-date: /home/jack/work/install/detect_interface/local/lib/python3.10/dist-packages/detect_interface/_detect_interface_s.ep.rosidl_typesupport_c.c
[0.344s] -- Up-to-date: /home/jack/work/install/detect_interface/local/lib/python3.10/dist-packages/detect_interface/detect_interface_s__rosidl_typesupport_c.cpython-310-x86_64-linux-gnu.so
[0.344s] -- Up-to-date: /home/jack/work/install/detect_interface/local/lib/python3.10/dist-packages/detect_interface/msg
[0.344s] -- Up-to-date: /home/jack/work/install/detect_interface/local/lib/python3.10/dist-packages/detect_interface/msg/__init__.py
[0.344s] -- Up-to-date: /home/jack/work/install/detect_interface/local/lib/python3.10/dist-packages/detect_interface/msg/_bounding_box.py
[0.344s] -- Up-to-date: /home/jack/work/install/detect_interface/local/lib/python3.10/dist-packages/detect_interface/msg/_detection_results.py
[0.344s] -- Up-to-date: /home/jack/work/install/detect_interface/local/lib/python3.10/dist-packages/detect_interface/msg/_bounding_box_s.c
[0.344s] -- Up-to-date: /home/jack/work/install/detect_interface/local/lib/python3.10/dist-packages/detect_interface/msg/_detection_results_s.c
[0.344s] -- Up-to-date: /home/jack/work/install/detect_interface/local/lib/python3.10/dist-packages/detect_interface/_detect_interface_s.ep.rosidl_typesupport_fastrtps_c.c
[0.360s] Listing '/home/jack/work/install/detect_interface/local/lib/python3.10/dist-packages/detect_interface'...
[0.360s] Listing '/home/jack/work/install/detect_interface/local/lib/python3.10/dist-packages/detect_interface/msg'...
[0.362s] -- Up-to-date: /home/jack/work/install/detect_interface/local/lib/python3.10/dist-packages/detect_interface/detect_interface_s__rosidl_typesupport_fastrtps_c.cpython-310-x86_64-linux-gnu.so
[0.362s] -- Up-to-date: /home/jack/work/install/detect_interface/local/lib/python3.10/dist-packages/detect_interface/detect_interface_s__rosidl_typesupport_introspection_c.cpython-310-x86_64-linux-gnu.so
[0.362s] -- Up-to-date: /home/jack/work/install/detect_interface/local/lib/python3.10/dist-packages/detect_interface/detect_interface_s__rosidl_typesupport_c.cpython-310-x86_64-linux-gnu.so
[0.363s] -- Up-to-date: /home/jack/work/install/detect_interface/lib/libdetect_interface__rosidl_generator_py.so
[0.363s] -- Up-to-date: /home/jack/work/install/detect_interface/share/ament_index/resource_index/rust_packages/detect_interface
[0.363s] -- Up-to-date: /home/jack/work/install/detect_interface/share/detect_interface/rust
[0.363s] -- Up-to-date: /home/jack/work/install/detect_interface/share/detect_interface/rust/Cargo.toml
[0.363s] -- Up-to-date: /home/jack/work/install/detect_interface/share/detect_interface/rust/src
[0.363s] -- Up-to-date: /home/jack/work/install/detect_interface/share/detect_interface/rust/src/msg.rs
[0.363s] -- Up-to-date: /home/jack/work/install/detect_interface/share/detect_interface/rust/src/msg
[0.363s] -- Up-to-date: /home/jack/work/install/detect_interface/share/detect_interface/rust/src/msg/rmw.rs
[0.363s] -- Up-to-date: /home/jack/work/install/detect_interface/share/detect_interface/rust/src/lib.rs
[0.363s] -- Up-to-date: /home/jack/work/install/detect_interface/share/detect_interface/rust/build.rs
[0.363s] -- Up-to-date: /home/jack/work/install/detect_interface/share/detect_interface/msg/DetectionResults.idl
[0.363s] -- Up-to-date: /home/jack/work/install/detect_interface/share/detect_interface/msg/BoundingBox.idl
[0.363s] -- Up-to-date: /home/jack/work/install/detect_interface/share/detect_interface/msg/DetectionResults.msg
[0.363s] -- Up-to-date: /home/jack/work/install/detect_interface/share/detect_interface/msg/BoundingBox.msg
[0.364s] -- Up-to-date: /home/jack/work/install/detect_interface/share/ament_index/resource_index/package_run_dependencies/detect_interface
[0.364s] -- Up-to-date: /home/jack/work/install/detect_interface/share/ament_index/resource_index/parent_prefix_path/detect_interface
[0.364s] -- Up-to-date: /home/jack/work/install/detect_interface/share/detect_interface/environment/ament_prefix_path.sh
[0.364s] -- Up-to-date: /home/jack/work/install/detect_interface/share/detect_interface/environment/ament_prefix_path.dsv
[0.364s] -- Up-to-date: /home/jack/work/install/detect_interface/share/detect_interface/environment/path.sh
[0.364s] -- Up-to-date: /home/jack/work/install/detect_interface/share/detect_interface/environment/path.dsv
[0.364s] -- Up-to-date: /home/jack/work/install/detect_interface/share/detect_interface/local_setup.bash
[0.364s] -- Up-to-date: /home/jack/work/install/detect_interface/share/detect_interface/local_setup.sh
[0.364s] -- Up-to-date: /home/jack/work/install/detect_interface/share/detect_interface/local_setup.zsh
[0.364s] -- Up-to-date: /home/jack/work/install/detect_interface/share/detect_interface/local_setup.dsv
[0.364s] -- Installing: /home/jack/work/install/detect_interface/share/detect_interface/package.dsv
[0.365s] -- Up-to-date: /home/jack/work/install/detect_interface/share/ament_index/resource_index/packages/detect_interface
[0.365s] -- Up-to-date: /home/jack/work/install/detect_interface/share/detect_interface/cmake/export_detect_interface__rosidl_generator_cExport.cmake
[0.365s] -- Up-to-date: /home/jack/work/install/detect_interface/share/detect_interface/cmake/export_detect_interface__rosidl_generator_cExport-noconfig.cmake
[0.365s] -- Up-to-date: /home/jack/work/install/detect_interface/share/detect_interface/cmake/export_detect_interface__rosidl_typesupport_fastrtps_cExport.cmake
[0.365s] -- Up-to-date: /home/jack/work/install/detect_interface/share/detect_interface/cmake/export_detect_interface__rosidl_typesupport_fastrtps_cExport-noconfig.cmake
[0.365s] -- Up-to-date: /home/jack/work/install/detect_interface/share/detect_interface/cmake/export_detect_interface__rosidl_generator_cppExport.cmake
[0.366s] -- Up-to-date: /home/jack/work/install/detect_interface/share/detect_interface/cmake/export_detect_interface__rosidl_typesupport_fastrtps_cppExport.cmake
[0.366s] -- Up-to-date: /home/jack/work/install/detect_interface/share/detect_interface/cmake/export_detect_interface__rosidl_typesupport_fastrtps_cppExport-noconfig.cmake
[0.366s] -- Up-to-date: /home/jack/work/install/detect_interface/share/detect_interface/cmake/detect_interface__rosidl_typesupport_introspection_cExport.cmake
[0.366s] -- Up-to-date: /home/jack/work/install/detect_interface/share/detect_interface/cmake/detect_interface__rosidl_typesupport_introspection_cExport-noconfig.cmake
[0.366s] -- Up-to-date: /home/jack/work/install/detect_interface/share/detect_interface/cmake/detect_interface__rosidl_typesupport_cExport.cmake
[0.366s] -- Up-to-date: /home/jack/work/install/detect_interface/share/detect_interface/cmake/detect_interface__rosidl_typesupport_cExport-noconfig.cmake
[0.366s] -- Up-to-date: /home/jack/work/install/detect_interface/share/detect_interface/cmake/detect_interface__rosidl_typesupport_introspection_cppExport.cmake
[0.367s] -- Up-to-date: /home/jack/work/install/detect_interface/share/detect_interface/cmake/detect_interface__rosidl_typesupport_introspection_cppExport-noconfig.cmake
[0.368s] -- Up-to-date: /home/jack/work/install/detect_interface/share/detect_interface/cmake/detect_interface__rosidl_typesupport_cppExport.cmake
[0.368s] -- Up-to-date: /home/jack/work/install/detect_interface/share/detect_interface/cmake/detect_interface__rosidl_typesupport_cppExport-noconfig.cmake
[0.368s] -- Up-to-date: /home/jack/work/install/detect_interface/share/detect_interface/cmake/export_detect_interface__rosidl_generator_pyExport.cmake
[0.369s] -- Up-to-date: /home/jack/work/install/detect_interface/share/detect_interface/cmake/export_detect_interface__rosidl_generator_pyExport-noconfig.cmake
[0.369s] -- Up-to-date: /home/jack/work/install/detect_interface/share/detect_interface/cmake/rosidl_cmake-extras.cmake
[0.369s] -- Up-to-date: /home/jack/work/install/detect_interface/share/detect_interface/cmake/ament_cmake_export_dependencies-extras.cmake
[0.369s] -- Up-to-date: /home/jack/work/install/detect_interface/share/detect_interface/cmake/ament_cmake_export_include_directories-extras.cmake
[0.370s] -- Up-to-date: /home/jack/work/install/detect_interface/share/detect_interface/cmake/ament_cmake_export_libraries-extras.cmake
[0.370s] -- Up-to-date: /home/jack/work/install/detect_interface/share/detect_interface/cmake/ament_cmake_export_targets-extras.cmake
[0.370s] -- Up-to-date: /home/jack/work/install/detect_interface/share/detect_interface/cmake/rosidl_cmake_export_typesupport_targets-extras.cmake
[0.370s] -- Up-to-date: /home/jack/work/install/detect_interface/share/detect_interface/cmake/rosidl_cmake_export_typesupport_libraries-extras.cmake
[0.371s] -- Up-to-date: /home/jack/work/install/detect_interface/share/detect_interface/cmake/detect_interfaceConfig.cmake
[0.371s] -- Up-to-date: /home/jack/work/install/detect_interface/share/detect_interface/cmake/detect_interfaceConfig-version.cmake
[0.371s] -- Up-to-date: /home/jack/work/install/detect_interface/share/detect_interface/package.xml
[0.392s] Invoked command in '/home/jack/work/build/detect_interface' returned '0': CMAKE_PREFIX_PATH=/opt/ros/humble /usr/bin/cmake --install /home/jack/work/build/detect_interface
