[0.010s] Invoking command in '/home/jack/work/build/hiwin_interfaces': CMAKE_PREFIX_PATH=${CMAKE_PREFIX_PATH}:/home/jack/work/install/yolov7_obj_detect:/home/jack/work/install/hiwin_example:/home/jack/work/install/hiwin_control:/home/jack/work/install/center:/opt/ros/humble /usr/bin/cmake /home/jack/work/src/Hiwin_libmodbus/hiwin_interfaces -DCMAKE_INSTALL_PREFIX=/home/jack/work/install/hiwin_interfaces
[0.111s] -- The C compiler identification is GNU 11.4.0
[0.169s] -- The CXX compiler identification is GNU 11.4.0
[0.176s] -- Detecting C compiler ABI info
[0.237s] -- Detecting C compiler ABI info - done
[0.244s] -- Check for working C compiler: /usr/bin/cc - skipped
[0.244s] -- Detecting C compile features
[0.244s] -- Detecting C compile features - done
[0.247s] -- Detecting CXX compiler ABI info
[0.323s] -- Detecting CXX compiler ABI info - done
[0.332s] -- Check for working CXX compiler: /usr/bin/c++ - skipped
[0.332s] -- Detecting CXX compile features
[0.332s] -- Detecting CXX compile features - done
[0.336s] -- Found ament_cmake: 1.3.14 (/opt/ros/humble/share/ament_cmake/cmake)
[0.674s] -- Found Python3: /usr/bin/python3 (found version "3.10.12") found components: Interpreter 
[0.764s] -- Found geometry_msgs: 4.9.1 (/opt/ros/humble/share/geometry_msgs/cmake)
[0.791s] -- Found rosidl_generator_c: 3.1.8 (/opt/ros/humble/share/rosidl_generator_c/cmake)
[0.796s] -- Found rosidl_adapter: 3.1.8 (/opt/ros/humble/share/rosidl_adapter/cmake)
[0.803s] -- Found rosidl_generator_cpp: 3.1.8 (/opt/ros/humble/share/rosidl_generator_cpp/cmake)
[0.813s] -- Using all available rosidl_typesupport_c: rosidl_typesupport_fastrtps_c;rosidl_typesupport_introspection_c
[0.831s] -- Using all available rosidl_typesupport_cpp: rosidl_typesupport_fastrtps_cpp;rosidl_typesupport_introspection_cpp
[0.864s] -- Found rosidl_default_generators: 1.2.1 (/opt/ros/humble/share/rosidl_default_generators/cmake)
[1.127s] -- Found ament_cmake_ros: 0.10.0 (/opt/ros/humble/share/ament_cmake_ros/cmake)
[1.482s] -- Using all available rosidl_typesupport_c: rosidl_typesupport_fastrtps_c;rosidl_typesupport_introspection_c
[1.624s] -- Using all available rosidl_typesupport_cpp: rosidl_typesupport_fastrtps_cpp;rosidl_typesupport_introspection_cpp
[1.645s] -- Found PythonInterp: /usr/bin/python3 (found suitable version "3.10.12", minimum required is "3.6") 
[1.646s] -- Found python_cmake_module: 0.10.0 (/opt/ros/humble/share/python_cmake_module/cmake)
[1.672s] -- Found PythonLibs: /usr/lib/x86_64-linux-gnu/libpython3.10.so (found suitable version "3.10.12", minimum required is "3.5") 
[1.672s] -- Using PYTHON_EXECUTABLE: /usr/bin/python3
[1.672s] -- Using PYTHON_INCLUDE_DIRS: /usr/include/python3.10
[1.672s] -- Using PYTHON_LIBRARIES: /usr/lib/x86_64-linux-gnu/libpython3.10.so
[1.689s] -- Found PythonExtra: .so  
[1.862s] -- Using numpy include directory: /home/jack/.local/lib/python3.10/site-packages/numpy/core/include
[1.958s] -- Found ament_lint_auto: 0.12.15 (/opt/ros/humble/share/ament_lint_auto/cmake)
[1.979s] -- Added test 'lint_cmake' to check CMake code style
[1.980s] -- Added test 'xmllint' to check XML markup files
[1.983s] -- Configuring done
[2.033s] -- Generating done
[2.045s] -- Build files have been written to: /home/jack/work/build/hiwin_interfaces
[2.053s] Invoked command in '/home/jack/work/build/hiwin_interfaces' returned '0': CMAKE_PREFIX_PATH=${CMAKE_PREFIX_PATH}:/home/jack/work/install/yolov7_obj_detect:/home/jack/work/install/hiwin_example:/home/jack/work/install/hiwin_control:/home/jack/work/install/center:/opt/ros/humble /usr/bin/cmake /home/jack/work/src/Hiwin_libmodbus/hiwin_interfaces -DCMAKE_INSTALL_PREFIX=/home/jack/work/install/hiwin_interfaces
[2.055s] Invoking command in '/home/jack/work/build/hiwin_interfaces': CMAKE_PREFIX_PATH=${CMAKE_PREFIX_PATH}:/home/jack/work/install/yolov7_obj_detect:/home/jack/work/install/hiwin_example:/home/jack/work/install/hiwin_control:/home/jack/work/install/center:/opt/ros/humble /usr/bin/cmake --build /home/jack/work/build/hiwin_interfaces -- -j16 -l16
[2.092s] [  2%] [34m[1mGenerating C code for ROS interfaces[0m
[2.103s] [  5%] [34m[1mGenerating C++ code for ROS interfaces[0m
[2.107s] [  7%] [34m[1mGenerating Rust code for ROS interfaces[0m
[2.109s] [  7%] Built target ament_cmake_python_copy_hiwin_interfaces
[2.286s] running egg_info
[2.287s] creating hiwin_interfaces.egg-info
[2.299s] writing hiwin_interfaces.egg-info/PKG-INFO
[2.299s] writing dependency_links to hiwin_interfaces.egg-info/dependency_links.txt
[2.300s] writing top-level names to hiwin_interfaces.egg-info/top_level.txt
[2.300s] writing manifest file 'hiwin_interfaces.egg-info/SOURCES.txt'
[2.333s] reading manifest file 'hiwin_interfaces.egg-info/SOURCES.txt'
[2.334s] writing manifest file 'hiwin_interfaces.egg-info/SOURCES.txt'
[2.363s] [  7%] Built target ament_cmake_python_build_hiwin_interfaces_egg
[2.639s] [ 12%] [32mBuilding C object CMakeFiles/hiwin_interfaces__rosidl_generator_c.dir/rosidl_generator_c/hiwin_interfaces/srv/detail/robot_command__functions.c.o[0m
[2.639s] [ 12%] [32mBuilding C object CMakeFiles/hiwin_interfaces__rosidl_generator_c.dir/rosidl_generator_c/hiwin_interfaces/srv/detail/hiwinmodbus__functions.c.o[0m
[2.724s] [ 15%] [32m[1mLinking C shared library libhiwin_interfaces__rosidl_generator_c.so[0m
[2.769s] [ 15%] Built target hiwin_interfaces__rosidl_generator_c
[2.777s] [ 15%] Built target hiwin_interfaces__rs
[2.780s] [ 17%] [34m[1mGenerating C type support for eProsima Fast-RTPS[0m
[2.781s] [ 20%] [34m[1mGenerating C introspection for ROS interfaces[0m
[2.782s] [ 22%] [34m[1mGenerating C type support dispatch for ROS interfaces[0m
[2.922s] [ 22%] Built target hiwin_interfaces__cpp
[2.935s] [ 25%] [34m[1mGenerating C++ introspection for ROS interfaces[0m
[2.937s] [ 27%] [34m[1mGenerating C++ type support for eProsima Fast-RTPS[0m
[2.941s] [ 30%] [34m[1mGenerating C++ type support dispatch for ROS interfaces[0m
[3.604s] [ 32%] [32mBuilding CXX object CMakeFiles/hiwin_interfaces__rosidl_typesupport_c.dir/rosidl_typesupport_c/hiwin_interfaces/srv/hiwinmodbus__type_support.cpp.o[0m
[3.612s] [ 35%] [32mBuilding CXX object CMakeFiles/hiwin_interfaces__rosidl_typesupport_c.dir/rosidl_typesupport_c/hiwin_interfaces/srv/robot_command__type_support.cpp.o[0m
[3.706s] [ 37%] [32m[1mLinking CXX shared library libhiwin_interfaces__rosidl_typesupport_c.so[0m
[3.734s] [ 40%] [32mBuilding CXX object CMakeFiles/hiwin_interfaces__rosidl_typesupport_fastrtps_c.dir/rosidl_typesupport_fastrtps_c/hiwin_interfaces/srv/detail/hiwinmodbus__type_support_c.cpp.o[0m
[3.754s] [ 42%] [32mBuilding CXX object CMakeFiles/hiwin_interfaces__rosidl_typesupport_fastrtps_c.dir/rosidl_typesupport_fastrtps_c/hiwin_interfaces/srv/detail/robot_command__type_support_c.cpp.o[0m
[3.771s] [ 45%] [32mBuilding C object CMakeFiles/hiwin_interfaces__rosidl_typesupport_introspection_c.dir/rosidl_typesupport_introspection_c/hiwin_interfaces/srv/detail/hiwinmodbus__type_support.c.o[0m
[3.774s] [ 47%] [32mBuilding CXX object CMakeFiles/hiwin_interfaces__rosidl_typesupport_cpp.dir/rosidl_typesupport_cpp/hiwin_interfaces/srv/hiwinmodbus__type_support.cpp.o[0m
[3.776s] [ 50%] [32mBuilding C object CMakeFiles/hiwin_interfaces__rosidl_typesupport_introspection_c.dir/rosidl_typesupport_introspection_c/hiwin_interfaces/srv/detail/robot_command__type_support.c.o[0m
[3.777s] [ 52%] [32mBuilding CXX object CMakeFiles/hiwin_interfaces__rosidl_typesupport_cpp.dir/rosidl_typesupport_cpp/hiwin_interfaces/srv/robot_command__type_support.cpp.o[0m
[3.808s] [ 52%] Built target hiwin_interfaces__rosidl_typesupport_c
[3.820s] [ 55%] [32mBuilding CXX object CMakeFiles/hiwin_interfaces__rosidl_typesupport_introspection_cpp.dir/rosidl_typesupport_introspection_cpp/hiwin_interfaces/srv/detail/robot_command__type_support.cpp.o[0m
[3.822s] [ 57%] [32mBuilding CXX object CMakeFiles/hiwin_interfaces__rosidl_typesupport_introspection_cpp.dir/rosidl_typesupport_introspection_cpp/hiwin_interfaces/srv/detail/hiwinmodbus__type_support.cpp.o[0m
[3.912s] [ 60%] [32mBuilding CXX object CMakeFiles/hiwin_interfaces__rosidl_typesupport_fastrtps_cpp.dir/rosidl_typesupport_fastrtps_cpp/hiwin_interfaces/srv/detail/dds_fastrtps/hiwinmodbus__type_support.cpp.o[0m
[3.917s] [ 62%] [32mBuilding CXX object CMakeFiles/hiwin_interfaces__rosidl_typesupport_fastrtps_cpp.dir/rosidl_typesupport_fastrtps_cpp/hiwin_interfaces/srv/detail/dds_fastrtps/robot_command__type_support.cpp.o[0m
[3.943s] [ 65%] [32m[1mLinking C shared library libhiwin_interfaces__rosidl_typesupport_introspection_c.so[0m
[4.040s] [ 65%] Built target hiwin_interfaces__rosidl_typesupport_introspection_c
[4.543s] [ 67%] [32m[1mLinking CXX shared library libhiwin_interfaces__rosidl_typesupport_cpp.so[0m
[4.645s] [ 67%] Built target hiwin_interfaces__rosidl_typesupport_cpp
[4.700s] [ 70%] [32m[1mLinking CXX shared library libhiwin_interfaces__rosidl_typesupport_fastrtps_c.so[0m
[4.741s] [ 72%] [32m[1mLinking CXX shared library libhiwin_interfaces__rosidl_typesupport_introspection_cpp.so[0m
[4.777s] [ 72%] Built target hiwin_interfaces__rosidl_typesupport_fastrtps_c
[4.839s] [ 72%] Built target hiwin_interfaces__rosidl_typesupport_introspection_cpp
[4.987s] [ 75%] [32m[1mLinking CXX shared library libhiwin_interfaces__rosidl_typesupport_fastrtps_cpp.so[0m
[5.068s] [ 75%] Built target hiwin_interfaces__rosidl_typesupport_fastrtps_cpp
[5.086s] [ 75%] Built target hiwin_interfaces
[5.108s] [ 77%] [34m[1mGenerating Python code for ROS interfaces[0m
[5.866s] [ 77%] Built target hiwin_interfaces__py
[5.887s] [ 82%] [32mBuilding C object CMakeFiles/hiwin_interfaces__rosidl_generator_py.dir/rosidl_generator_py/hiwin_interfaces/srv/_hiwinmodbus_s.c.o[0m
[5.887s] [ 82%] [32mBuilding C object CMakeFiles/hiwin_interfaces__rosidl_generator_py.dir/rosidl_generator_py/hiwin_interfaces/srv/_robot_command_s.c.o[0m
[6.011s] [ 85%] [32m[1mLinking C shared library rosidl_generator_py/hiwin_interfaces/libhiwin_interfaces__rosidl_generator_py.so[0m
[6.046s] [ 85%] Built target hiwin_interfaces__rosidl_generator_py
[6.062s] [ 87%] [32mBuilding C object CMakeFiles/hiwin_interfaces__rosidl_typesupport_fastrtps_c__pyext.dir/rosidl_generator_py/hiwin_interfaces/_hiwin_interfaces_s.ep.rosidl_typesupport_fastrtps_c.c.o[0m
[6.070s] [ 92%] [32mBuilding C object CMakeFiles/hiwin_interfaces__rosidl_typesupport_c__pyext.dir/rosidl_generator_py/hiwin_interfaces/_hiwin_interfaces_s.ep.rosidl_typesupport_c.c.o[0m
[6.070s] [ 92%] [32mBuilding C object CMakeFiles/hiwin_interfaces__rosidl_typesupport_introspection_c__pyext.dir/rosidl_generator_py/hiwin_interfaces/_hiwin_interfaces_s.ep.rosidl_typesupport_introspection_c.c.o[0m
[6.162s] [ 95%] [32m[1mLinking C shared library rosidl_generator_py/hiwin_interfaces/hiwin_interfaces_s__rosidl_typesupport_fastrtps_c.cpython-310-x86_64-linux-gnu.so[0m
[6.172s] [ 97%] [32m[1mLinking C shared library rosidl_generator_py/hiwin_interfaces/hiwin_interfaces_s__rosidl_typesupport_introspection_c.cpython-310-x86_64-linux-gnu.so[0m
[6.183s] [100%] [32m[1mLinking C shared library rosidl_generator_py/hiwin_interfaces/hiwin_interfaces_s__rosidl_typesupport_c.cpython-310-x86_64-linux-gnu.so[0m
[6.207s] [100%] Built target hiwin_interfaces__rosidl_typesupport_fastrtps_c__pyext
[6.220s] [100%] Built target hiwin_interfaces__rosidl_typesupport_introspection_c__pyext
[6.234s] [100%] Built target hiwin_interfaces__rosidl_typesupport_c__pyext
[6.246s] Invoked command in '/home/jack/work/build/hiwin_interfaces' returned '0': CMAKE_PREFIX_PATH=${CMAKE_PREFIX_PATH}:/home/jack/work/install/yolov7_obj_detect:/home/jack/work/install/hiwin_example:/home/jack/work/install/hiwin_control:/home/jack/work/install/center:/opt/ros/humble /usr/bin/cmake --build /home/jack/work/build/hiwin_interfaces -- -j16 -l16
[6.248s] Invoking command in '/home/jack/work/build/hiwin_interfaces': CMAKE_PREFIX_PATH=${CMAKE_PREFIX_PATH}:/home/jack/work/install/yolov7_obj_detect:/home/jack/work/install/hiwin_example:/home/jack/work/install/hiwin_control:/home/jack/work/install/center:/opt/ros/humble /usr/bin/cmake --install /home/jack/work/build/hiwin_interfaces
[6.254s] -- Install configuration: ""
[6.254s] -- Installing: /home/jack/work/install/hiwin_interfaces/share/ament_index/resource_index/rosidl_interfaces/hiwin_interfaces
[6.254s] -- Installing: /home/jack/work/install/hiwin_interfaces/include/hiwin_interfaces/hiwin_interfaces
[6.255s] -- Installing: /home/jack/work/install/hiwin_interfaces/include/hiwin_interfaces/hiwin_interfaces/msg
[6.255s] -- Installing: /home/jack/work/install/hiwin_interfaces/include/hiwin_interfaces/hiwin_interfaces/msg/rosidl_generator_c__visibility_control.h
[6.255s] -- Installing: /home/jack/work/install/hiwin_interfaces/include/hiwin_interfaces/hiwin_interfaces/srv
[6.255s] -- Installing: /home/jack/work/install/hiwin_interfaces/include/hiwin_interfaces/hiwin_interfaces/srv/robot_command.h
[6.255s] -- Installing: /home/jack/work/install/hiwin_interfaces/include/hiwin_interfaces/hiwin_interfaces/srv/detail
[6.255s] -- Installing: /home/jack/work/install/hiwin_interfaces/include/hiwin_interfaces/hiwin_interfaces/srv/detail/robot_command__type_support.h
[6.255s] -- Installing: /home/jack/work/install/hiwin_interfaces/include/hiwin_interfaces/hiwin_interfaces/srv/detail/hiwinmodbus__functions.c
[6.255s] -- Installing: /home/jack/work/install/hiwin_interfaces/include/hiwin_interfaces/hiwin_interfaces/srv/detail/hiwinmodbus__functions.h
[6.255s] -- Installing: /home/jack/work/install/hiwin_interfaces/include/hiwin_interfaces/hiwin_interfaces/srv/detail/hiwinmodbus__type_support.h
[6.255s] -- Installing: /home/jack/work/install/hiwin_interfaces/include/hiwin_interfaces/hiwin_interfaces/srv/detail/robot_command__functions.h
[6.255s] -- Installing: /home/jack/work/install/hiwin_interfaces/include/hiwin_interfaces/hiwin_interfaces/srv/detail/robot_command__functions.c
[6.256s] -- Installing: /home/jack/work/install/hiwin_interfaces/include/hiwin_interfaces/hiwin_interfaces/srv/detail/hiwinmodbus__struct.h
[6.256s] -- Installing: /home/jack/work/install/hiwin_interfaces/include/hiwin_interfaces/hiwin_interfaces/srv/detail/robot_command__struct.h
[6.256s] -- Installing: /home/jack/work/install/hiwin_interfaces/include/hiwin_interfaces/hiwin_interfaces/srv/hiwinmodbus.h
[6.256s] -- Installing: /home/jack/work/install/hiwin_interfaces/share/hiwin_interfaces/environment/library_path.sh
[6.256s] -- Installing: /home/jack/work/install/hiwin_interfaces/share/hiwin_interfaces/environment/library_path.dsv
[6.256s] -- Installing: /home/jack/work/install/hiwin_interfaces/lib/libhiwin_interfaces__rosidl_generator_c.so
[6.256s] -- Set runtime path of "/home/jack/work/install/hiwin_interfaces/lib/libhiwin_interfaces__rosidl_generator_c.so" to ""
[6.256s] -- Up-to-date: /home/jack/work/install/hiwin_interfaces/include/hiwin_interfaces/hiwin_interfaces
[6.256s] -- Up-to-date: /home/jack/work/install/hiwin_interfaces/include/hiwin_interfaces/hiwin_interfaces/msg
[6.256s] -- Installing: /home/jack/work/install/hiwin_interfaces/include/hiwin_interfaces/hiwin_interfaces/msg/rosidl_typesupport_fastrtps_c__visibility_control.h
[6.256s] -- Up-to-date: /home/jack/work/install/hiwin_interfaces/include/hiwin_interfaces/hiwin_interfaces/srv
[6.257s] -- Up-to-date: /home/jack/work/install/hiwin_interfaces/include/hiwin_interfaces/hiwin_interfaces/srv/detail
[6.257s] -- Installing: /home/jack/work/install/hiwin_interfaces/include/hiwin_interfaces/hiwin_interfaces/srv/detail/robot_command__rosidl_typesupport_fastrtps_c.h
[6.257s] -- Installing: /home/jack/work/install/hiwin_interfaces/include/hiwin_interfaces/hiwin_interfaces/srv/detail/hiwinmodbus__rosidl_typesupport_fastrtps_c.h
[6.257s] -- Installing: /home/jack/work/install/hiwin_interfaces/lib/libhiwin_interfaces__rosidl_typesupport_fastrtps_c.so
[6.257s] -- Set runtime path of "/home/jack/work/install/hiwin_interfaces/lib/libhiwin_interfaces__rosidl_typesupport_fastrtps_c.so" to ""
[6.257s] -- Up-to-date: /home/jack/work/install/hiwin_interfaces/include/hiwin_interfaces/hiwin_interfaces
[6.257s] -- Up-to-date: /home/jack/work/install/hiwin_interfaces/include/hiwin_interfaces/hiwin_interfaces/msg
[6.257s] -- Installing: /home/jack/work/install/hiwin_interfaces/include/hiwin_interfaces/hiwin_interfaces/msg/rosidl_generator_cpp__visibility_control.hpp
[6.258s] -- Up-to-date: /home/jack/work/install/hiwin_interfaces/include/hiwin_interfaces/hiwin_interfaces/srv
[6.258s] -- Installing: /home/jack/work/install/hiwin_interfaces/include/hiwin_interfaces/hiwin_interfaces/srv/robot_command.hpp
[6.258s] -- Installing: /home/jack/work/install/hiwin_interfaces/include/hiwin_interfaces/hiwin_interfaces/srv/hiwinmodbus.hpp
[6.258s] -- Up-to-date: /home/jack/work/install/hiwin_interfaces/include/hiwin_interfaces/hiwin_interfaces/srv/detail
[6.258s] -- Installing: /home/jack/work/install/hiwin_interfaces/include/hiwin_interfaces/hiwin_interfaces/srv/detail/robot_command__type_support.hpp
[6.258s] -- Installing: /home/jack/work/install/hiwin_interfaces/include/hiwin_interfaces/hiwin_interfaces/srv/detail/robot_command__struct.hpp
[6.258s] -- Installing: /home/jack/work/install/hiwin_interfaces/include/hiwin_interfaces/hiwin_interfaces/srv/detail/robot_command__builder.hpp
[6.258s] -- Installing: /home/jack/work/install/hiwin_interfaces/include/hiwin_interfaces/hiwin_interfaces/srv/detail/hiwinmodbus__type_support.hpp
[6.258s] -- Installing: /home/jack/work/install/hiwin_interfaces/include/hiwin_interfaces/hiwin_interfaces/srv/detail/robot_command__traits.hpp
[6.258s] -- Installing: /home/jack/work/install/hiwin_interfaces/include/hiwin_interfaces/hiwin_interfaces/srv/detail/hiwinmodbus__builder.hpp
[6.259s] -- Installing: /home/jack/work/install/hiwin_interfaces/include/hiwin_interfaces/hiwin_interfaces/srv/detail/hiwinmodbus__struct.hpp
[6.259s] -- Installing: /home/jack/work/install/hiwin_interfaces/include/hiwin_interfaces/hiwin_interfaces/srv/detail/hiwinmodbus__traits.hpp
[6.259s] -- Up-to-date: /home/jack/work/install/hiwin_interfaces/include/hiwin_interfaces/hiwin_interfaces
[6.259s] -- Up-to-date: /home/jack/work/install/hiwin_interfaces/include/hiwin_interfaces/hiwin_interfaces/msg
[6.259s] -- Installing: /home/jack/work/install/hiwin_interfaces/include/hiwin_interfaces/hiwin_interfaces/msg/rosidl_typesupport_fastrtps_cpp__visibility_control.h
[6.259s] -- Up-to-date: /home/jack/work/install/hiwin_interfaces/include/hiwin_interfaces/hiwin_interfaces/srv
[6.259s] -- Up-to-date: /home/jack/work/install/hiwin_interfaces/include/hiwin_interfaces/hiwin_interfaces/srv/detail
[6.259s] -- Installing: /home/jack/work/install/hiwin_interfaces/include/hiwin_interfaces/hiwin_interfaces/srv/detail/hiwinmodbus__rosidl_typesupport_fastrtps_cpp.hpp
[6.259s] -- Installing: /home/jack/work/install/hiwin_interfaces/include/hiwin_interfaces/hiwin_interfaces/srv/detail/dds_fastrtps
[6.259s] -- Installing: /home/jack/work/install/hiwin_interfaces/include/hiwin_interfaces/hiwin_interfaces/srv/detail/robot_command__rosidl_typesupport_fastrtps_cpp.hpp
[6.259s] -- Installing: /home/jack/work/install/hiwin_interfaces/lib/libhiwin_interfaces__rosidl_typesupport_fastrtps_cpp.so
[6.260s] -- Set runtime path of "/home/jack/work/install/hiwin_interfaces/lib/libhiwin_interfaces__rosidl_typesupport_fastrtps_cpp.so" to ""
[6.260s] -- Up-to-date: /home/jack/work/install/hiwin_interfaces/include/hiwin_interfaces/hiwin_interfaces
[6.260s] -- Up-to-date: /home/jack/work/install/hiwin_interfaces/include/hiwin_interfaces/hiwin_interfaces/msg
[6.260s] -- Installing: /home/jack/work/install/hiwin_interfaces/include/hiwin_interfaces/hiwin_interfaces/msg/rosidl_typesupport_introspection_c__visibility_control.h
[6.260s] -- Up-to-date: /home/jack/work/install/hiwin_interfaces/include/hiwin_interfaces/hiwin_interfaces/srv
[6.260s] -- Up-to-date: /home/jack/work/install/hiwin_interfaces/include/hiwin_interfaces/hiwin_interfaces/srv/detail
[6.260s] -- Installing: /home/jack/work/install/hiwin_interfaces/include/hiwin_interfaces/hiwin_interfaces/srv/detail/hiwinmodbus__type_support.c
[6.260s] -- Installing: /home/jack/work/install/hiwin_interfaces/include/hiwin_interfaces/hiwin_interfaces/srv/detail/hiwinmodbus__rosidl_typesupport_introspection_c.h
[6.260s] -- Installing: /home/jack/work/install/hiwin_interfaces/include/hiwin_interfaces/hiwin_interfaces/srv/detail/robot_command__type_support.c
[6.260s] -- Installing: /home/jack/work/install/hiwin_interfaces/include/hiwin_interfaces/hiwin_interfaces/srv/detail/robot_command__rosidl_typesupport_introspection_c.h
[6.261s] -- Installing: /home/jack/work/install/hiwin_interfaces/lib/libhiwin_interfaces__rosidl_typesupport_introspection_c.so
[6.261s] -- Set runtime path of "/home/jack/work/install/hiwin_interfaces/lib/libhiwin_interfaces__rosidl_typesupport_introspection_c.so" to ""
[6.261s] -- Installing: /home/jack/work/install/hiwin_interfaces/lib/libhiwin_interfaces__rosidl_typesupport_c.so
[6.261s] -- Set runtime path of "/home/jack/work/install/hiwin_interfaces/lib/libhiwin_interfaces__rosidl_typesupport_c.so" to ""
[6.261s] -- Up-to-date: /home/jack/work/install/hiwin_interfaces/include/hiwin_interfaces/hiwin_interfaces
[6.261s] -- Up-to-date: /home/jack/work/install/hiwin_interfaces/include/hiwin_interfaces/hiwin_interfaces/srv
[6.261s] -- Up-to-date: /home/jack/work/install/hiwin_interfaces/include/hiwin_interfaces/hiwin_interfaces/srv/detail
[6.261s] -- Installing: /home/jack/work/install/hiwin_interfaces/include/hiwin_interfaces/hiwin_interfaces/srv/detail/hiwinmodbus__type_support.cpp
[6.261s] -- Installing: /home/jack/work/install/hiwin_interfaces/include/hiwin_interfaces/hiwin_interfaces/srv/detail/hiwinmodbus__rosidl_typesupport_introspection_cpp.hpp
[6.261s] -- Installing: /home/jack/work/install/hiwin_interfaces/include/hiwin_interfaces/hiwin_interfaces/srv/detail/robot_command__rosidl_typesupport_introspection_cpp.hpp
[6.261s] -- Installing: /home/jack/work/install/hiwin_interfaces/include/hiwin_interfaces/hiwin_interfaces/srv/detail/robot_command__type_support.cpp
[6.261s] -- Installing: /home/jack/work/install/hiwin_interfaces/lib/libhiwin_interfaces__rosidl_typesupport_introspection_cpp.so
[6.262s] -- Set runtime path of "/home/jack/work/install/hiwin_interfaces/lib/libhiwin_interfaces__rosidl_typesupport_introspection_cpp.so" to ""
[6.262s] -- Installing: /home/jack/work/install/hiwin_interfaces/lib/libhiwin_interfaces__rosidl_typesupport_cpp.so
[6.262s] -- Set runtime path of "/home/jack/work/install/hiwin_interfaces/lib/libhiwin_interfaces__rosidl_typesupport_cpp.so" to ""
[6.262s] -- Installing: /home/jack/work/install/hiwin_interfaces/share/hiwin_interfaces/environment/pythonpath.sh
[6.262s] -- Installing: /home/jack/work/install/hiwin_interfaces/share/hiwin_interfaces/environment/pythonpath.dsv
[6.262s] -- Installing: /home/jack/work/install/hiwin_interfaces/local/lib/python3.10/dist-packages/hiwin_interfaces-0.0.0-py3.10.egg-info
[6.262s] -- Installing: /home/jack/work/install/hiwin_interfaces/local/lib/python3.10/dist-packages/hiwin_interfaces-0.0.0-py3.10.egg-info/top_level.txt
[6.262s] -- Installing: /home/jack/work/install/hiwin_interfaces/local/lib/python3.10/dist-packages/hiwin_interfaces-0.0.0-py3.10.egg-info/PKG-INFO
[6.262s] -- Installing: /home/jack/work/install/hiwin_interfaces/local/lib/python3.10/dist-packages/hiwin_interfaces-0.0.0-py3.10.egg-info/dependency_links.txt
[6.262s] -- Installing: /home/jack/work/install/hiwin_interfaces/local/lib/python3.10/dist-packages/hiwin_interfaces-0.0.0-py3.10.egg-info/SOURCES.txt
[6.262s] -- Installing: /home/jack/work/install/hiwin_interfaces/local/lib/python3.10/dist-packages/hiwin_interfaces
[6.263s] -- Installing: /home/jack/work/install/hiwin_interfaces/local/lib/python3.10/dist-packages/hiwin_interfaces/__init__.py
[6.263s] -- Installing: /home/jack/work/install/hiwin_interfaces/local/lib/python3.10/dist-packages/hiwin_interfaces/_hiwin_interfaces_s.ep.rosidl_typesupport_c.c
[6.263s] -- Installing: /home/jack/work/install/hiwin_interfaces/local/lib/python3.10/dist-packages/hiwin_interfaces/_hiwin_interfaces_s.ep.rosidl_typesupport_introspection_c.c
[6.263s] -- Installing: /home/jack/work/install/hiwin_interfaces/local/lib/python3.10/dist-packages/hiwin_interfaces/_hiwin_interfaces_s.ep.rosidl_typesupport_fastrtps_c.c
[6.263s] -- Installing: /home/jack/work/install/hiwin_interfaces/local/lib/python3.10/dist-packages/hiwin_interfaces/hiwin_interfaces_s__rosidl_typesupport_c.cpython-310-x86_64-linux-gnu.so
[6.263s] -- Installing: /home/jack/work/install/hiwin_interfaces/local/lib/python3.10/dist-packages/hiwin_interfaces/hiwin_interfaces_s__rosidl_typesupport_introspection_c.cpython-310-x86_64-linux-gnu.so
[6.263s] -- Installing: /home/jack/work/install/hiwin_interfaces/local/lib/python3.10/dist-packages/hiwin_interfaces/srv
[6.263s] -- Installing: /home/jack/work/install/hiwin_interfaces/local/lib/python3.10/dist-packages/hiwin_interfaces/srv/__init__.py
[6.263s] -- Installing: /home/jack/work/install/hiwin_interfaces/local/lib/python3.10/dist-packages/hiwin_interfaces/srv/_robot_command_s.c
[6.263s] -- Installing: /home/jack/work/install/hiwin_interfaces/local/lib/python3.10/dist-packages/hiwin_interfaces/srv/_hiwinmodbus_s.c
[6.263s] -- Installing: /home/jack/work/install/hiwin_interfaces/local/lib/python3.10/dist-packages/hiwin_interfaces/srv/_robot_command.py
[6.263s] -- Installing: /home/jack/work/install/hiwin_interfaces/local/lib/python3.10/dist-packages/hiwin_interfaces/srv/_hiwinmodbus.py
[6.264s] -- Installing: /home/jack/work/install/hiwin_interfaces/local/lib/python3.10/dist-packages/hiwin_interfaces/libhiwin_interfaces__rosidl_generator_py.so
[6.264s] -- Installing: /home/jack/work/install/hiwin_interfaces/local/lib/python3.10/dist-packages/hiwin_interfaces/hiwin_interfaces_s__rosidl_typesupport_fastrtps_c.cpython-310-x86_64-linux-gnu.so
[6.302s] Listing '/home/jack/work/install/hiwin_interfaces/local/lib/python3.10/dist-packages/hiwin_interfaces'...
[6.302s] Compiling '/home/jack/work/install/hiwin_interfaces/local/lib/python3.10/dist-packages/hiwin_interfaces/__init__.py'...
[6.302s] Listing '/home/jack/work/install/hiwin_interfaces/local/lib/python3.10/dist-packages/hiwin_interfaces/srv'...
[6.302s] Compiling '/home/jack/work/install/hiwin_interfaces/local/lib/python3.10/dist-packages/hiwin_interfaces/srv/__init__.py'...
[6.303s] Compiling '/home/jack/work/install/hiwin_interfaces/local/lib/python3.10/dist-packages/hiwin_interfaces/srv/_hiwinmodbus.py'...
[6.303s] Compiling '/home/jack/work/install/hiwin_interfaces/local/lib/python3.10/dist-packages/hiwin_interfaces/srv/_robot_command.py'...
[6.307s] -- Installing: /home/jack/work/install/hiwin_interfaces/local/lib/python3.10/dist-packages/hiwin_interfaces/hiwin_interfaces_s__rosidl_typesupport_fastrtps_c.cpython-310-x86_64-linux-gnu.so
[6.307s] -- Set runtime path of "/home/jack/work/install/hiwin_interfaces/local/lib/python3.10/dist-packages/hiwin_interfaces/hiwin_interfaces_s__rosidl_typesupport_fastrtps_c.cpython-310-x86_64-linux-gnu.so" to ""
[6.307s] -- Installing: /home/jack/work/install/hiwin_interfaces/local/lib/python3.10/dist-packages/hiwin_interfaces/hiwin_interfaces_s__rosidl_typesupport_introspection_c.cpython-310-x86_64-linux-gnu.so
[6.307s] -- Set runtime path of "/home/jack/work/install/hiwin_interfaces/local/lib/python3.10/dist-packages/hiwin_interfaces/hiwin_interfaces_s__rosidl_typesupport_introspection_c.cpython-310-x86_64-linux-gnu.so" to ""
[6.307s] -- Installing: /home/jack/work/install/hiwin_interfaces/local/lib/python3.10/dist-packages/hiwin_interfaces/hiwin_interfaces_s__rosidl_typesupport_c.cpython-310-x86_64-linux-gnu.so
[6.307s] -- Set runtime path of "/home/jack/work/install/hiwin_interfaces/local/lib/python3.10/dist-packages/hiwin_interfaces/hiwin_interfaces_s__rosidl_typesupport_c.cpython-310-x86_64-linux-gnu.so" to ""
[6.307s] -- Installing: /home/jack/work/install/hiwin_interfaces/lib/libhiwin_interfaces__rosidl_generator_py.so
[6.308s] -- Set runtime path of "/home/jack/work/install/hiwin_interfaces/lib/libhiwin_interfaces__rosidl_generator_py.so" to ""
[6.308s] -- Installing: /home/jack/work/install/hiwin_interfaces/share/ament_index/resource_index/rust_packages/hiwin_interfaces
[6.308s] -- Installing: /home/jack/work/install/hiwin_interfaces/share/hiwin_interfaces/rust
[6.308s] -- Installing: /home/jack/work/install/hiwin_interfaces/share/hiwin_interfaces/rust/Cargo.toml
[6.308s] -- Installing: /home/jack/work/install/hiwin_interfaces/share/hiwin_interfaces/rust/src
[6.308s] -- Installing: /home/jack/work/install/hiwin_interfaces/share/hiwin_interfaces/rust/src/srv
[6.308s] -- Installing: /home/jack/work/install/hiwin_interfaces/share/hiwin_interfaces/rust/src/srv/rmw.rs
[6.308s] -- Installing: /home/jack/work/install/hiwin_interfaces/share/hiwin_interfaces/rust/src/srv.rs
[6.308s] -- Installing: /home/jack/work/install/hiwin_interfaces/share/hiwin_interfaces/rust/src/lib.rs
[6.308s] -- Installing: /home/jack/work/install/hiwin_interfaces/share/hiwin_interfaces/rust/build.rs
[6.309s] -- Installing: /home/jack/work/install/hiwin_interfaces/share/hiwin_interfaces/srv/Hiwinmodbus.idl
[6.309s] -- Installing: /home/jack/work/install/hiwin_interfaces/share/hiwin_interfaces/srv/RobotCommand.idl
[6.309s] -- Installing: /home/jack/work/install/hiwin_interfaces/share/hiwin_interfaces/srv/Hiwinmodbus.srv
[6.309s] -- Installing: /home/jack/work/install/hiwin_interfaces/share/hiwin_interfaces/srv/Hiwinmodbus_Request.msg
[6.309s] -- Installing: /home/jack/work/install/hiwin_interfaces/share/hiwin_interfaces/srv/Hiwinmodbus_Response.msg
[6.309s] -- Installing: /home/jack/work/install/hiwin_interfaces/share/hiwin_interfaces/srv/RobotCommand.srv
[6.309s] -- Installing: /home/jack/work/install/hiwin_interfaces/share/hiwin_interfaces/srv/RobotCommand_Request.msg
[6.309s] -- Installing: /home/jack/work/install/hiwin_interfaces/share/hiwin_interfaces/srv/RobotCommand_Response.msg
[6.309s] -- Installing: /home/jack/work/install/hiwin_interfaces/share/ament_index/resource_index/package_run_dependencies/hiwin_interfaces
[6.309s] -- Installing: /home/jack/work/install/hiwin_interfaces/share/ament_index/resource_index/parent_prefix_path/hiwin_interfaces
[6.309s] -- Installing: /home/jack/work/install/hiwin_interfaces/share/hiwin_interfaces/environment/ament_prefix_path.sh
[6.310s] -- Installing: /home/jack/work/install/hiwin_interfaces/share/hiwin_interfaces/environment/ament_prefix_path.dsv
[6.310s] -- Installing: /home/jack/work/install/hiwin_interfaces/share/hiwin_interfaces/environment/path.sh
[6.310s] -- Installing: /home/jack/work/install/hiwin_interfaces/share/hiwin_interfaces/environment/path.dsv
[6.310s] -- Installing: /home/jack/work/install/hiwin_interfaces/share/hiwin_interfaces/local_setup.bash
[6.310s] -- Installing: /home/jack/work/install/hiwin_interfaces/share/hiwin_interfaces/local_setup.sh
[6.310s] -- Installing: /home/jack/work/install/hiwin_interfaces/share/hiwin_interfaces/local_setup.zsh
[6.310s] -- Installing: /home/jack/work/install/hiwin_interfaces/share/hiwin_interfaces/local_setup.dsv
[6.310s] -- Installing: /home/jack/work/install/hiwin_interfaces/share/hiwin_interfaces/package.dsv
[6.310s] -- Installing: /home/jack/work/install/hiwin_interfaces/share/ament_index/resource_index/packages/hiwin_interfaces
[6.311s] -- Installing: /home/jack/work/install/hiwin_interfaces/share/hiwin_interfaces/cmake/export_hiwin_interfaces__rosidl_generator_cExport.cmake
[6.311s] -- Installing: /home/jack/work/install/hiwin_interfaces/share/hiwin_interfaces/cmake/export_hiwin_interfaces__rosidl_generator_cExport-noconfig.cmake
[6.311s] -- Installing: /home/jack/work/install/hiwin_interfaces/share/hiwin_interfaces/cmake/export_hiwin_interfaces__rosidl_typesupport_fastrtps_cExport.cmake
[6.311s] -- Installing: /home/jack/work/install/hiwin_interfaces/share/hiwin_interfaces/cmake/export_hiwin_interfaces__rosidl_typesupport_fastrtps_cExport-noconfig.cmake
[6.311s] -- Installing: /home/jack/work/install/hiwin_interfaces/share/hiwin_interfaces/cmake/export_hiwin_interfaces__rosidl_generator_cppExport.cmake
[6.311s] -- Installing: /home/jack/work/install/hiwin_interfaces/share/hiwin_interfaces/cmake/export_hiwin_interfaces__rosidl_typesupport_fastrtps_cppExport.cmake
[6.311s] -- Installing: /home/jack/work/install/hiwin_interfaces/share/hiwin_interfaces/cmake/export_hiwin_interfaces__rosidl_typesupport_fastrtps_cppExport-noconfig.cmake
[6.311s] -- Installing: /home/jack/work/install/hiwin_interfaces/share/hiwin_interfaces/cmake/hiwin_interfaces__rosidl_typesupport_introspection_cExport.cmake
[6.312s] -- Installing: /home/jack/work/install/hiwin_interfaces/share/hiwin_interfaces/cmake/hiwin_interfaces__rosidl_typesupport_introspection_cExport-noconfig.cmake
[6.312s] -- Installing: /home/jack/work/install/hiwin_interfaces/share/hiwin_interfaces/cmake/hiwin_interfaces__rosidl_typesupport_cExport.cmake
[6.312s] -- Installing: /home/jack/work/install/hiwin_interfaces/share/hiwin_interfaces/cmake/hiwin_interfaces__rosidl_typesupport_cExport-noconfig.cmake
[6.312s] -- Installing: /home/jack/work/install/hiwin_interfaces/share/hiwin_interfaces/cmake/hiwin_interfaces__rosidl_typesupport_introspection_cppExport.cmake
[6.312s] -- Installing: /home/jack/work/install/hiwin_interfaces/share/hiwin_interfaces/cmake/hiwin_interfaces__rosidl_typesupport_introspection_cppExport-noconfig.cmake
[6.312s] -- Installing: /home/jack/work/install/hiwin_interfaces/share/hiwin_interfaces/cmake/hiwin_interfaces__rosidl_typesupport_cppExport.cmake
[6.312s] -- Installing: /home/jack/work/install/hiwin_interfaces/share/hiwin_interfaces/cmake/hiwin_interfaces__rosidl_typesupport_cppExport-noconfig.cmake
[6.312s] -- Installing: /home/jack/work/install/hiwin_interfaces/share/hiwin_interfaces/cmake/export_hiwin_interfaces__rosidl_generator_pyExport.cmake
[6.312s] -- Installing: /home/jack/work/install/hiwin_interfaces/share/hiwin_interfaces/cmake/export_hiwin_interfaces__rosidl_generator_pyExport-noconfig.cmake
[6.313s] -- Installing: /home/jack/work/install/hiwin_interfaces/share/hiwin_interfaces/cmake/rosidl_cmake-extras.cmake
[6.313s] -- Installing: /home/jack/work/install/hiwin_interfaces/share/hiwin_interfaces/cmake/ament_cmake_export_dependencies-extras.cmake
[6.313s] -- Installing: /home/jack/work/install/hiwin_interfaces/share/hiwin_interfaces/cmake/ament_cmake_export_include_directories-extras.cmake
[6.313s] -- Installing: /home/jack/work/install/hiwin_interfaces/share/hiwin_interfaces/cmake/ament_cmake_export_libraries-extras.cmake
[6.313s] -- Installing: /home/jack/work/install/hiwin_interfaces/share/hiwin_interfaces/cmake/ament_cmake_export_targets-extras.cmake
[6.313s] -- Installing: /home/jack/work/install/hiwin_interfaces/share/hiwin_interfaces/cmake/rosidl_cmake_export_typesupport_targets-extras.cmake
[6.313s] -- Installing: /home/jack/work/install/hiwin_interfaces/share/hiwin_interfaces/cmake/rosidl_cmake_export_typesupport_libraries-extras.cmake
[6.313s] -- Installing: /home/jack/work/install/hiwin_interfaces/share/hiwin_interfaces/cmake/hiwin_interfacesConfig.cmake
[6.313s] -- Installing: /home/jack/work/install/hiwin_interfaces/share/hiwin_interfaces/cmake/hiwin_interfacesConfig-version.cmake
[6.314s] -- Installing: /home/jack/work/install/hiwin_interfaces/share/hiwin_interfaces/package.xml
[6.315s] Invoked command in '/home/jack/work/build/hiwin_interfaces' returned '0': CMAKE_PREFIX_PATH=${CMAKE_PREFIX_PATH}:/home/jack/work/install/yolov7_obj_detect:/home/jack/work/install/hiwin_example:/home/jack/work/install/hiwin_control:/home/jack/work/install/center:/opt/ros/humble /usr/bin/cmake --install /home/jack/work/build/hiwin_interfaces
