[  3%] Built target charuco_detector_interfaces__cpp
[  6%] Built target charuco_detector_interfaces__rs
[  6%] Built target ament_cmake_python_copy_charuco_detector_interfaces
[ 15%] Built target charuco_detector_interfaces__rosidl_generator_c
[ 25%] Built target charuco_detector_interfaces__rosidl_typesupport_cpp
[ 34%] Built target charuco_detector_interfaces__rosidl_typesupport_fastrtps_cpp
[ 43%] Built target charuco_detector_interfaces__rosidl_typesupport_introspection_cpp
[ 53%] Built target charuco_detector_interfaces__rosidl_typesupport_introspection_c
[ 62%] Built target charuco_detector_interfaces__rosidl_typesupport_fastrtps_c
[ 71%] Built target charuco_detector_interfaces__rosidl_typesupport_c
[ 71%] Built target charuco_detector_interfaces
[ 75%] Built target charuco_detector_interfaces__py
[ 78%] [32mBuilding C object CMakeFiles/charuco_detector_interfaces__rosidl_generator_py.dir/rosidl_generator_py/charuco_detector_interfaces/srv/_eye2base_s.c.o[0m
[01m[K/home/jack/work/build/charuco_detector_interfaces/rosidl_generator_py/charuco_detector_interfaces/srv/_eye2base_s.c:11:10:[m[K [01;31m[Kfatal error: [m[Knumpy/ndarrayobject.h: No such file or directory
   11 | #include [01;31m[K"numpy/ndarrayobject.h"[m[K
      |          [01;31m[K^~~~~~~~~~~~~~~~~~~~~~~[m[K
compilation terminated.
gmake[2]: *** [CMakeFiles/charuco_detector_interfaces__rosidl_generator_py.dir/build.make:76: CMakeFiles/charuco_detector_interfaces__rosidl_generator_py.dir/rosidl_generator_py/charuco_detector_interfaces/srv/_eye2base_s.c.o] Error 1
gmake[1]: *** [CMakeFiles/Makefile2:494: CMakeFiles/charuco_detector_interfaces__rosidl_generator_py.dir/all] Error 2
gmake[1]: *** Waiting for unfinished jobs....
running egg_info
writing charuco_detector_interfaces.egg-info/PKG-INFO
writing dependency_links to charuco_detector_interfaces.egg-info/dependency_links.txt
writing top-level names to charuco_detector_interfaces.egg-info/top_level.txt
reading manifest file 'charuco_detector_interfaces.egg-info/SOURCES.txt'
writing manifest file 'charuco_detector_interfaces.egg-info/SOURCES.txt'
[ 78%] Built target ament_cmake_python_build_charuco_detector_interfaces_egg
gmake: *** [Makefile:146: all] Error 2
