[0.012s] Invoking command in '/home/jack/work/build/detect_interface': CMAKE_PREFIX_PATH=/opt/ros/humble /usr/bin/cmake --build /home/jack/work/build/detect_interface -- -j16 -l16
[0.050s] [  2%] Built target detect_interface__rs
[0.052s] [ 12%] Built target detect_interface__rosidl_generator_c
[0.057s] [ 15%] Built target detect_interface__cpp
[0.059s] [ 15%] Built target ament_cmake_python_copy_detect_interface
[0.075s] [ 25%] Built target detect_interface__rosidl_typesupport_c
[0.076s] [ 35%] Built target detect_interface__rosidl_typesupport_fastrtps_c
[0.083s] [ 45%] Built target detect_interface__rosidl_typesupport_introspection_c
[0.086s] [ 55%] Built target detect_interface__rosidl_typesupport_fastrtps_cpp
[0.087s] [ 72%] Built target detect_interface__rosidl_typesupport_cpp
[0.087s] [ 75%] Built target detect_interface__rosidl_typesupport_introspection_cpp
[0.099s] [ 75%] Built target detect_interface
[0.112s] [ 77%] Built target detect_interface__py
[0.133s] [ 82%] [32mBuilding C object CMakeFiles/detect_interface__rosidl_generator_py.dir/rosidl_generator_py/detect_interface/msg/_detection_results_s.c.o[0m
[0.133s] [ 82%] [32mBuilding C object CMakeFiles/detect_interface__rosidl_generator_py.dir/rosidl_generator_py/detect_interface/msg/_bounding_box_s.c.o[0m
[0.205s] [01m[K/home/jack/work/build/detect_interface/rosidl_generator_py/detect_interface/msg/_bounding_box_s.c:11:10:[m[K [01;31m[Kfatal error: [m[Knumpy/ndarrayobject.h: No such file or directory
[0.205s]    11 | #include [01;31m[K"numpy/ndarrayobject.h"[m[K
[0.205s]       |          [01;31m[K^~~~~~~~~~~~~~~~~~~~~~~[m[K
[0.206s] compilation terminated.
[0.207s] gmake[2]: *** [CMakeFiles/detect_interface__rosidl_generator_py.dir/build.make:90: CMakeFiles/detect_interface__rosidl_generator_py.dir/rosidl_generator_py/detect_interface/msg/_bounding_box_s.c.o] Error 1
[0.207s] gmake[2]: *** Waiting for unfinished jobs....
[0.212s] [01m[K/home/jack/work/build/detect_interface/rosidl_generator_py/detect_interface/msg/_detection_results_s.c:11:10:[m[K [01;31m[Kfatal error: [m[Knumpy/ndarrayobject.h: No such file or directory
[0.212s]    11 | #include [01;31m[K"numpy/ndarrayobject.h"[m[K
[0.213s]       |          [01;31m[K^~~~~~~~~~~~~~~~~~~~~~~[m[K
[0.213s] compilation terminated.
[0.213s] gmake[2]: *** [CMakeFiles/detect_interface__rosidl_generator_py.dir/build.make:76: CMakeFiles/detect_interface__rosidl_generator_py.dir/rosidl_generator_py/detect_interface/msg/_detection_results_s.c.o] Error 1
[0.214s] gmake[1]: *** [CMakeFiles/Makefile2:494: CMakeFiles/detect_interface__rosidl_generator_py.dir/all] Error 2
[0.214s] gmake[1]: *** Waiting for unfinished jobs....
[0.271s] running egg_info
[0.279s] writing detect_interface.egg-info/PKG-INFO
[0.280s] writing dependency_links to detect_interface.egg-info/dependency_links.txt
[0.280s] writing top-level names to detect_interface.egg-info/top_level.txt
[0.304s] reading manifest file 'detect_interface.egg-info/SOURCES.txt'
[0.304s] writing manifest file 'detect_interface.egg-info/SOURCES.txt'
[0.327s] [ 82%] Built target ament_cmake_python_build_detect_interface_egg
[0.328s] gmake: *** [Makefile:146: all] Error 2
