[0.015s] Invoking command in '/home/jack/work/build/realsense2_camera_msgs': CMAKE_PREFIX_PATH=${CMAKE_PREFIX_PATH}:/home/jack/work/install/yolov7_obj_detect:/home/jack/work/install/hiwin_example:/home/jack/work/install/hiwin_control:/home/jack/work/install/center:/opt/ros/humble /usr/bin/cmake --build /home/jack/work/build/realsense2_camera_msgs -- -j16 -l16
[0.073s] [  1%] Built target realsense2_camera_msgs__rs
[0.073s] [  3%] Built target realsense2_camera_msgs__cpp
[0.081s] [ 14%] Built target realsense2_camera_msgs__rosidl_generator_c
[0.084s] [ 14%] Built target ament_cmake_python_copy_realsense2_camera_msgs
[0.116s] [ 25%] Built target realsense2_camera_msgs__rosidl_typesupport_introspection_cpp
[0.120s] [ 35%] Built target realsense2_camera_msgs__rosidl_typesupport_cpp
[0.122s] [ 46%] Built target realsense2_camera_msgs__rosidl_typesupport_fastrtps_cpp
[0.126s] [ 57%] Built target realsense2_camera_msgs__rosidl_typesupport_c
[0.126s] [ 68%] Built target realsense2_camera_msgs__rosidl_typesupport_introspection_c
[0.128s] [ 79%] Built target realsense2_camera_msgs__rosidl_typesupport_fastrtps_c
[0.147s] [ 79%] Built target realsense2_camera_msgs
[0.166s] [ 81%] Built target realsense2_camera_msgs__py
[0.190s] [ 84%] [32mBuilding C object CMakeFiles/realsense2_camera_msgs__rosidl_generator_py.dir/rosidl_generator_py/realsense2_camera_msgs/msg/_imu_info_s.c.o[0m
[0.190s] [ 84%] [32mBuilding C object CMakeFiles/realsense2_camera_msgs__rosidl_generator_py.dir/rosidl_generator_py/realsense2_camera_msgs/msg/_extrinsics_s.c.o[0m
[0.192s] [ 87%] [32mBuilding C object CMakeFiles/realsense2_camera_msgs__rosidl_generator_py.dir/rosidl_generator_py/realsense2_camera_msgs/msg/_rgbd_s.c.o[0m
[0.192s] [ 87%] [32mBuilding C object CMakeFiles/realsense2_camera_msgs__rosidl_generator_py.dir/rosidl_generator_py/realsense2_camera_msgs/msg/_metadata_s.c.o[0m
[0.195s] [ 89%] [32mBuilding C object CMakeFiles/realsense2_camera_msgs__rosidl_generator_py.dir/rosidl_generator_py/realsense2_camera_msgs/srv/_device_info_s.c.o[0m
[0.275s] [01m[K/home/jack/work/build/realsense2_camera_msgs/rosidl_generator_py/realsense2_camera_msgs/msg/_imu_info_s.c:11:10:[m[K [01;31m[Kfatal error: [m[Knumpy/ndarrayobject.h: No such file or directory
[0.275s]    11 | #include [01;31m[K"numpy/ndarrayobject.h"[m[K
[0.275s]       |          [01;31m[K^~~~~~~~~~~~~~~~~~~~~~~[m[K
[0.276s] compilation terminated.
[0.276s] gmake[2]: *** [CMakeFiles/realsense2_camera_msgs__rosidl_generator_py.dir/build.make:76: CMakeFiles/realsense2_camera_msgs__rosidl_generator_py.dir/rosidl_generator_py/realsense2_camera_msgs/msg/_imu_info_s.c.o] Error 1
[0.277s] gmake[2]: *** Waiting for unfinished jobs....
[0.279s] [01m[K/home/jack/work/build/realsense2_camera_msgs/rosidl_generator_py/realsense2_camera_msgs/msg/_extrinsics_s.c:11:10:[m[K [01;31m[Kfatal error: [m[Knumpy/ndarrayobject.h: No such file or directory
[0.279s]    11 | #include [01;31m[K"numpy/ndarrayobject.h"[m[K
[0.279s]       |          [01;31m[K^~~~~~~~~~~~~~~~~~~~~~~[m[K
[0.279s] compilation terminated.
[0.281s] gmake[2]: *** [CMakeFiles/realsense2_camera_msgs__rosidl_generator_py.dir/build.make:90: CMakeFiles/realsense2_camera_msgs__rosidl_generator_py.dir/rosidl_generator_py/realsense2_camera_msgs/msg/_extrinsics_s.c.o] Error 1
[0.282s] [01m[K/home/jack/work/build/realsense2_camera_msgs/rosidl_generator_py/realsense2_camera_msgs/msg/_rgbd_s.c:11:10:[m[K [01;31m[Kfatal error: [m[Knumpy/ndarrayobject.h: No such file or directory
[0.282s]    11 | #include [01;31m[K"numpy/ndarrayobject.h"[m[K
[0.282s]       |          [01;31m[K^~~~~~~~~~~~~~~~~~~~~~~[m[K
[0.282s] compilation terminated.
[0.283s] gmake[2]: *** [CMakeFiles/realsense2_camera_msgs__rosidl_generator_py.dir/build.make:118: CMakeFiles/realsense2_camera_msgs__rosidl_generator_py.dir/rosidl_generator_py/realsense2_camera_msgs/msg/_rgbd_s.c.o] Error 1
[0.286s] [01m[K/home/jack/work/build/realsense2_camera_msgs/rosidl_generator_py/realsense2_camera_msgs/msg/_metadata_s.c:11:10:[m[K [01;31m[Kfatal error: [m[Knumpy/ndarrayobject.h: No such file or directory
[0.286s]    11 | #include [01;31m[K"numpy/ndarrayobject.h"[m[K
[0.286s]       |          [01;31m[K^~~~~~~~~~~~~~~~~~~~~~~[m[K
[0.286s] compilation terminated.
[0.286s] [01m[K/home/jack/work/build/realsense2_camera_msgs/rosidl_generator_py/realsense2_camera_msgs/srv/_device_info_s.c:11:10:[m[K [01;31m[Kfatal error: [m[Knumpy/ndarrayobject.h: No such file or directory
[0.286s]    11 | #include [01;31m[K"numpy/ndarrayobject.h"[m[K
[0.286s]       |          [01;31m[K^~~~~~~~~~~~~~~~~~~~~~~[m[K
[0.286s] compilation terminated.
[0.288s] gmake[2]: *** [CMakeFiles/realsense2_camera_msgs__rosidl_generator_py.dir/build.make:104: CMakeFiles/realsense2_camera_msgs__rosidl_generator_py.dir/rosidl_generator_py/realsense2_camera_msgs/msg/_metadata_s.c.o] Error 1
[0.288s] gmake[2]: *** [CMakeFiles/realsense2_camera_msgs__rosidl_generator_py.dir/build.make:132: CMakeFiles/realsense2_camera_msgs__rosidl_generator_py.dir/rosidl_generator_py/realsense2_camera_msgs/srv/_device_info_s.c.o] Error 1
[0.299s] gmake[1]: *** [CMakeFiles/Makefile2:494: CMakeFiles/realsense2_camera_msgs__rosidl_generator_py.dir/all] Error 2
[0.299s] gmake[1]: *** Waiting for unfinished jobs....
[0.308s] running egg_info
[0.316s] writing realsense2_camera_msgs.egg-info/PKG-INFO
[0.316s] writing dependency_links to realsense2_camera_msgs.egg-info/dependency_links.txt
[0.316s] writing top-level names to realsense2_camera_msgs.egg-info/top_level.txt
[0.342s] reading manifest file 'realsense2_camera_msgs.egg-info/SOURCES.txt'
[0.343s] writing manifest file 'realsense2_camera_msgs.egg-info/SOURCES.txt'
[0.366s] [ 89%] Built target ament_cmake_python_build_realsense2_camera_msgs_egg
[0.367s] gmake: *** [Makefile:146: all] Error 2
