[0.014s] Invoking command in '/home/jack/work/build/detect_interface': CMAKE_PREFIX_PATH=/opt/ros/humble /usr/bin/cmake --build /home/jack/work/build/detect_interface -- -j16 -l16
[0.055s] [  2%] Built target detect_interface__rs
[0.059s] [ 15%] Built target detect_interface__rosidl_generator_c
[0.059s] [ 15%] Built target detect_interface__cpp
[0.070s] [ 15%] Built target ament_cmake_python_copy_detect_interface
[0.080s] [ 25%] Built target detect_interface__rosidl_typesupport_fastrtps_c
[0.089s] [ 35%] Built target detect_interface__rosidl_typesupport_cpp
[0.094s] [ 45%] Built target detect_interface__rosidl_typesupport_fastrtps_cpp
[0.094s] [ 55%] Built target detect_interface__rosidl_typesupport_introspection_cpp
[0.095s] [ 65%] Built target detect_interface__rosidl_typesupport_introspection_c
[0.104s] [ 75%] Built target detect_interface__rosidl_typesupport_c
[0.124s] [ 75%] Built target detect_interface
[0.141s] [ 77%] Built target detect_interface__py
[0.161s] [ 82%] [32mBuilding C object CMakeFiles/detect_interface__rosidl_generator_py.dir/rosidl_generator_py/detect_interface/msg/_detection_results_s.c.o[0m
[0.161s] [ 82%] [32mBuilding C object CMakeFiles/detect_interface__rosidl_generator_py.dir/rosidl_generator_py/detect_interface/msg/_bounding_box_s.c.o[0m
[0.243s] [01m[K/home/jack/work/build/detect_interface/rosidl_generator_py/detect_interface/msg/_detection_results_s.c:11:10:[m[K [01;31m[Kfatal error: [m[Knumpy/ndarrayobject.h: No such file or directory
[0.243s]    11 | #include [01;31m[K"numpy/ndarrayobject.h"[m[K
[0.243s]       |          [01;31m[K^~~~~~~~~~~~~~~~~~~~~~~[m[K
[0.243s] compilation terminated.
[0.245s] gmake[2]: *** [CMakeFiles/detect_interface__rosidl_generator_py.dir/build.make:76: CMakeFiles/detect_interface__rosidl_generator_py.dir/rosidl_generator_py/detect_interface/msg/_detection_results_s.c.o] Error 1
[0.246s] gmake[2]: *** Waiting for unfinished jobs....
[0.246s] [01m[K/home/jack/work/build/detect_interface/rosidl_generator_py/detect_interface/msg/_bounding_box_s.c:11:10:[m[K [01;31m[Kfatal error: [m[Knumpy/ndarrayobject.h: No such file or directory
[0.246s]    11 | #include [01;31m[K"numpy/ndarrayobject.h"[m[K
[0.246s]       |          [01;31m[K^~~~~~~~~~~~~~~~~~~~~~~[m[K
[0.246s] compilation terminated.
[0.248s] gmake[2]: *** [CMakeFiles/detect_interface__rosidl_generator_py.dir/build.make:90: CMakeFiles/detect_interface__rosidl_generator_py.dir/rosidl_generator_py/detect_interface/msg/_bounding_box_s.c.o] Error 1
[0.248s] gmake[1]: *** [CMakeFiles/Makefile2:494: CMakeFiles/detect_interface__rosidl_generator_py.dir/all] Error 2
[0.248s] gmake[1]: *** Waiting for unfinished jobs....
[0.321s] running egg_info
[0.340s] writing detect_interface.egg-info/PKG-INFO
[0.340s] writing dependency_links to detect_interface.egg-info/dependency_links.txt
[0.340s] writing top-level names to detect_interface.egg-info/top_level.txt
[0.386s] reading manifest file 'detect_interface.egg-info/SOURCES.txt'
[0.387s] writing manifest file 'detect_interface.egg-info/SOURCES.txt'
[0.407s] [ 82%] Built target ament_cmake_python_build_detect_interface_egg
[0.408s] gmake: *** [Makefile:146: all] Error 2
