[0.015s] Invoking command in '/home/jack/work/build/realsense2_camera_msgs': CMAKE_PREFIX_PATH=/opt/ros/humble /usr/bin/cmake --build /home/jack/work/build/realsense2_camera_msgs -- -j16 -l16
[0.098s] [  1%] Built target realsense2_camera_msgs__rs
[0.102s] [  3%] Built target realsense2_camera_msgs__cpp
[0.109s] [ 14%] Built target realsense2_camera_msgs__rosidl_generator_c
[0.116s] [ 14%] Built target ament_cmake_python_copy_realsense2_camera_msgs
[0.139s] [ 25%] Built target realsense2_camera_msgs__rosidl_typesupport_fastrtps_cpp
[0.145s] [ 35%] Built target realsense2_camera_msgs__rosidl_typesupport_introspection_cpp
[0.145s] [ 46%] Built target realsense2_camera_msgs__rosidl_typesupport_fastrtps_c
[0.147s] [ 57%] Built target realsense2_camera_msgs__rosidl_typesupport_introspection_c
[0.151s] [ 68%] Built target realsense2_camera_msgs__rosidl_typesupport_cpp
[0.153s] [ 79%] Built target realsense2_camera_msgs__rosidl_typesupport_c
[0.167s] [ 79%] Built target realsense2_camera_msgs
[0.181s] [ 81%] Built target realsense2_camera_msgs__py
[0.200s] [ 82%] [32mBuilding C object CMakeFiles/realsense2_camera_msgs__rosidl_generator_py.dir/rosidl_generator_py/realsense2_camera_msgs/msg/_imu_info_s.c.o[0m
[0.201s] [ 84%] [32mBuilding C object CMakeFiles/realsense2_camera_msgs__rosidl_generator_py.dir/rosidl_generator_py/realsense2_camera_msgs/msg/_extrinsics_s.c.o[0m
[0.201s] [ 85%] [32mBuilding C object CMakeFiles/realsense2_camera_msgs__rosidl_generator_py.dir/rosidl_generator_py/realsense2_camera_msgs/srv/_device_info_s.c.o[0m
[0.202s] [ 87%] [32mBuilding C object CMakeFiles/realsense2_camera_msgs__rosidl_generator_py.dir/rosidl_generator_py/realsense2_camera_msgs/msg/_rgbd_s.c.o[0m
[0.202s] [ 89%] [32mBuilding C object CMakeFiles/realsense2_camera_msgs__rosidl_generator_py.dir/rosidl_generator_py/realsense2_camera_msgs/msg/_metadata_s.c.o[0m
[0.317s] [01m[K/home/jack/work/build/realsense2_camera_msgs/rosidl_generator_py/realsense2_camera_msgs/msg/_rgbd_s.c:11:10:[m[K [01;31m[Kfatal error: [m[Knumpy/ndarrayobject.h: No such file or directory
[0.317s]    11 | #include [01;31m[K"numpy/ndarrayobject.h"[m[K
[0.317s]       |          [01;31m[K^~~~~~~~~~~~~~~~~~~~~~~[m[K
[0.317s] [01m[K/home/jack/work/build/realsense2_camera_msgs/rosidl_generator_py/realsense2_camera_msgs/msg/_extrinsics_s.c:11:10:[m[K [01;31m[Kfatal error: [m[Knumpy/ndarrayobject.h: No such file or directory
[0.317s]    11 | #include [01;31m[K"numpy/ndarrayobject.h"[m[K
[0.317s]       |          [01;31m[K^~~~~~~~~~~~~~~~~~~~~~~[m[K
[0.317s] compilation terminated.
[0.317s] compilation terminated.
[0.317s] [01m[K/home/jack/work/build/realsense2_camera_msgs/rosidl_generator_py/realsense2_camera_msgs/msg/_imu_info_s.c:11:10:[m[K [01;31m[Kfatal error: [m[Knumpy/ndarrayobject.h: No such file or directory
[0.317s]    11 | #include [01;31m[K"numpy/ndarrayobject.h"[m[K
[0.318s]       |          [01;31m[K^~~~~~~~~~~~~~~~~~~~~~~[m[K
[0.318s] compilation terminated.
[0.318s] [01m[K/home/jack/work/build/realsense2_camera_msgs/rosidl_generator_py/realsense2_camera_msgs/msg/_metadata_s.c:11:10:[m[K [01;31m[Kfatal error: [m[Knumpy/ndarrayobject.h: No such file or directory
[0.318s]    11 | #include [01;31m[K"numpy/ndarrayobject.h"[m[K
[0.318s]       |          [01;31m[K^~~~~~~~~~~~~~~~~~~~~~~[m[K
[0.318s] compilation terminated.
[0.318s] [01m[K/home/jack/work/build/realsense2_camera_msgs/rosidl_generator_py/realsense2_camera_msgs/srv/_device_info_s.c:11:10:[m[K [01;31m[Kfatal error: [m[Knumpy/ndarrayobject.h: No such file or directory
[0.318s]    11 | #include [01;31m[K"numpy/ndarrayobject.h"[m[K
[0.318s]       |          [01;31m[K^~~~~~~~~~~~~~~~~~~~~~~[m[K
[0.318s] compilation terminated.
[0.319s] gmake[2]: *** [CMakeFiles/realsense2_camera_msgs__rosidl_generator_py.dir/build.make:90: CMakeFiles/realsense2_camera_msgs__rosidl_generator_py.dir/rosidl_generator_py/realsense2_camera_msgs/msg/_extrinsics_s.c.o] Error 1
[0.319s] gmake[2]: *** Waiting for unfinished jobs....
[0.319s] gmake[2]: *** [CMakeFiles/realsense2_camera_msgs__rosidl_generator_py.dir/build.make:104: CMakeFiles/realsense2_camera_msgs__rosidl_generator_py.dir/rosidl_generator_py/realsense2_camera_msgs/msg/_metadata_s.c.o] Error 1
[0.319s] gmake[2]: *** [CMakeFiles/realsense2_camera_msgs__rosidl_generator_py.dir/build.make:76: CMakeFiles/realsense2_camera_msgs__rosidl_generator_py.dir/rosidl_generator_py/realsense2_camera_msgs/msg/_imu_info_s.c.o] Error 1
[0.320s] gmake[2]: *** [CMakeFiles/realsense2_camera_msgs__rosidl_generator_py.dir/build.make:132: CMakeFiles/realsense2_camera_msgs__rosidl_generator_py.dir/rosidl_generator_py/realsense2_camera_msgs/srv/_device_info_s.c.o] Error 1
[0.320s] gmake[2]: *** [CMakeFiles/realsense2_camera_msgs__rosidl_generator_py.dir/build.make:118: CMakeFiles/realsense2_camera_msgs__rosidl_generator_py.dir/rosidl_generator_py/realsense2_camera_msgs/msg/_rgbd_s.c.o] Error 1
[0.320s] gmake[1]: *** [CMakeFiles/Makefile2:494: CMakeFiles/realsense2_camera_msgs__rosidl_generator_py.dir/all] Error 2
[0.320s] gmake[1]: *** Waiting for unfinished jobs....
[0.351s] running egg_info
[0.358s] writing realsense2_camera_msgs.egg-info/PKG-INFO
[0.358s] writing dependency_links to realsense2_camera_msgs.egg-info/dependency_links.txt
[0.359s] writing top-level names to realsense2_camera_msgs.egg-info/top_level.txt
[0.386s] reading manifest file 'realsense2_camera_msgs.egg-info/SOURCES.txt'
[0.390s] writing manifest file 'realsense2_camera_msgs.egg-info/SOURCES.txt'
[0.405s] [ 89%] Built target ament_cmake_python_build_realsense2_camera_msgs_egg
[0.406s] gmake: *** [Makefile:146: all] Error 2
