[0.015s] Invoking command in '/home/jack/work/build/hiwin_interfaces': CMAKE_PREFIX_PATH=/opt/ros/humble /usr/bin/cmake --build /home/jack/work/build/hiwin_interfaces -- -j16 -l16
[0.094s] [  2%] Built target hiwin_interfaces__cpp
[0.094s] [  5%] Built target hiwin_interfaces__rs
[0.112s] [ 15%] Built target hiwin_interfaces__rosidl_generator_c
[0.116s] [ 15%] Built target ament_cmake_python_copy_hiwin_interfaces
[0.136s] [ 25%] Built target hiwin_interfaces__rosidl_typesupport_introspection_cpp
[0.141s] [ 35%] Built target hiwin_interfaces__rosidl_typesupport_cpp
[0.141s] [ 45%] Built target hiwin_interfaces__rosidl_typesupport_fastrtps_cpp
[0.153s] [ 55%] Built target hiwin_interfaces__rosidl_typesupport_c
[0.154s] [ 65%] Built target hiwin_interfaces__rosidl_typesupport_introspection_c
[0.155s] [ 75%] Built target hiwin_interfaces__rosidl_typesupport_fastrtps_c
[0.176s] [ 75%] Built target hiwin_interfaces
[0.196s] [ 77%] Built target hiwin_interfaces__py
[0.217s] [ 82%] [32mBuilding C object CMakeFiles/hiwin_interfaces__rosidl_generator_py.dir/rosidl_generator_py/hiwin_interfaces/srv/_hiwinmodbus_s.c.o[0m
[0.217s] [ 82%] [32mBuilding C object CMakeFiles/hiwin_interfaces__rosidl_generator_py.dir/rosidl_generator_py/hiwin_interfaces/srv/_robot_command_s.c.o[0m
[0.316s] [01m[K/home/jack/work/build/hiwin_interfaces/rosidl_generator_py/hiwin_interfaces/srv/_robot_command_s.c:11:10:[m[K [01;31m[Kfatal error: [m[Knumpy/ndarrayobject.h: No such file or directory
[0.316s]    11 | #include [01;31m[K"numpy/ndarrayobject.h"[m[K
[0.316s]       |          [01;31m[K^~~~~~~~~~~~~~~~~~~~~~~[m[K
[0.316s] [01m[K/home/jack/work/build/hiwin_interfaces/rosidl_generator_py/hiwin_interfaces/srv/_hiwinmodbus_s.c:11:10:[m[K [01;31m[Kfatal error: [m[Knumpy/ndarrayobject.h: No such file or directory
[0.316s]    11 | #include [01;31m[K"numpy/ndarrayobject.h"[m[K
[0.316s]       |          [01;31m[K^~~~~~~~~~~~~~~~~~~~~~~[m[K
[0.316s] compilation terminated.
[0.316s] compilation terminated.
[0.320s] gmake[2]: *** [CMakeFiles/hiwin_interfaces__rosidl_generator_py.dir/build.make:76: CMakeFiles/hiwin_interfaces__rosidl_generator_py.dir/rosidl_generator_py/hiwin_interfaces/srv/_hiwinmodbus_s.c.o] Error 1
[0.320s] gmake[2]: *** Waiting for unfinished jobs....
[0.321s] gmake[2]: *** [CMakeFiles/hiwin_interfaces__rosidl_generator_py.dir/build.make:90: CMakeFiles/hiwin_interfaces__rosidl_generator_py.dir/rosidl_generator_py/hiwin_interfaces/srv/_robot_command_s.c.o] Error 1
[0.321s] gmake[1]: *** [CMakeFiles/Makefile2:494: CMakeFiles/hiwin_interfaces__rosidl_generator_py.dir/all] Error 2
[0.322s] gmake[1]: *** Waiting for unfinished jobs....
[0.390s] running egg_info
[0.399s] writing hiwin_interfaces.egg-info/PKG-INFO
[0.400s] writing dependency_links to hiwin_interfaces.egg-info/dependency_links.txt
[0.400s] writing top-level names to hiwin_interfaces.egg-info/top_level.txt
[0.431s] reading manifest file 'hiwin_interfaces.egg-info/SOURCES.txt'
[0.432s] writing manifest file 'hiwin_interfaces.egg-info/SOURCES.txt'
[0.451s] [ 82%] Built target ament_cmake_python_build_hiwin_interfaces_egg
[0.452s] gmake: *** [Makefile:146: all] Error 2
