[  2%] Built target detect_interface__cpp
[ 12%] Built target detect_interface__rosidl_generator_c
[ 15%] Built target detect_interface__rs
[ 15%] Built target ament_cmake_python_copy_detect_interface
[ 25%] Built target detect_interface__rosidl_typesupport_fastrtps_cpp
[ 35%] Built target detect_interface__rosidl_typesupport_introspection_cpp
[ 45%] Built target detect_interface__rosidl_typesupport_cpp
[ 55%] Built target detect_interface__rosidl_typesupport_fastrtps_c
[ 65%] Built target detect_interface__rosidl_typesupport_c
[ 75%] Built target detect_interface__rosidl_typesupport_introspection_c
[ 75%] Built target detect_interface
[ 77%] Built target detect_interface__py
[ 80%] [32mBuilding C object CMakeFiles/detect_interface__rosidl_generator_py.dir/rosidl_generator_py/detect_interface/msg/_detection_results_s.c.o[0m
[ 82%] [32mBuilding C object CMakeFiles/detect_interface__rosidl_generator_py.dir/rosidl_generator_py/detect_interface/msg/_bounding_box_s.c.o[0m
running egg_info
writing detect_interface.egg-info/PKG-INFO
writing dependency_links to detect_interface.egg-info/dependency_links.txt
writing top-level names to detect_interface.egg-info/top_level.txt
reading manifest file 'detect_interface.egg-info/SOURCES.txt'
writing manifest file 'detect_interface.egg-info/SOURCES.txt'
[ 82%] Built target ament_cmake_python_build_detect_interface_egg
