running egg_info
creating ../../../../build/yolov7_obj_detect/yolov7_obj_detect.egg-info
writing ../../../../build/yolov7_obj_detect/yolov7_obj_detect.egg-info/PKG-INFO
writing dependency_links to ../../../../build/yolov7_obj_detect/yolov7_obj_detect.egg-info/dependency_links.txt
writing entry points to ../../../../build/yolov7_obj_detect/yolov7_obj_detect.egg-info/entry_points.txt
writing requirements to ../../../../build/yolov7_obj_detect/yolov7_obj_detect.egg-info/requires.txt
writing top-level names to ../../../../build/yolov7_obj_detect/yolov7_obj_detect.egg-info/top_level.txt
writing manifest file '../../../../build/yolov7_obj_detect/yolov7_obj_detect.egg-info/SOURCES.txt'
reading manifest file '../../../../build/yolov7_obj_detect/yolov7_obj_detect.egg-info/SOURCES.txt'
writing manifest file '../../../../build/yolov7_obj_detect/yolov7_obj_detect.egg-info/SOURCES.txt'
running build
running build_py
creating /home/jack/work/build/yolov7_obj_detect/build
creating /home/jack/work/build/yolov7_obj_detect/build/lib
creating /home/jack/work/build/yolov7_obj_detect/build/lib/yolov7_obj_detect
copying yolov7_obj_detect/__init__.py -> /home/jack/work/build/yolov7_obj_detect/build/lib/yolov7_obj_detect
copying yolov7_obj_detect/len.py -> /home/jack/work/build/yolov7_obj_detect/build/lib/yolov7_obj_detect
copying yolov7_obj_detect/object_detection.py -> /home/jack/work/build/yolov7_obj_detect/build/lib/yolov7_obj_detect
creating /home/jack/work/build/yolov7_obj_detect/build/lib/models
copying models/__init__.py -> /home/jack/work/build/yolov7_obj_detect/build/lib/models
copying models/experimental.py -> /home/jack/work/build/yolov7_obj_detect/build/lib/models
copying models/yolo.py -> /home/jack/work/build/yolov7_obj_detect/build/lib/models
copying models/common.py -> /home/jack/work/build/yolov7_obj_detect/build/lib/models
creating /home/jack/work/build/yolov7_obj_detect/build/lib/utils
copying utils/loss.py -> /home/jack/work/build/yolov7_obj_detect/build/lib/utils
copying utils/general.py -> /home/jack/work/build/yolov7_obj_detect/build/lib/utils
copying utils/activations.py -> /home/jack/work/build/yolov7_obj_detect/build/lib/utils
copying utils/__init__.py -> /home/jack/work/build/yolov7_obj_detect/build/lib/utils
copying utils/add_nms.py -> /home/jack/work/build/yolov7_obj_detect/build/lib/utils
copying utils/metrics.py -> /home/jack/work/build/yolov7_obj_detect/build/lib/utils
copying utils/plots.py -> /home/jack/work/build/yolov7_obj_detect/build/lib/utils
copying utils/torch_utils.py -> /home/jack/work/build/yolov7_obj_detect/build/lib/utils
copying utils/datasets.py -> /home/jack/work/build/yolov7_obj_detect/build/lib/utils
copying utils/autoanchor.py -> /home/jack/work/build/yolov7_obj_detect/build/lib/utils
copying utils/google_utils.py -> /home/jack/work/build/yolov7_obj_detect/build/lib/utils
creating /home/jack/work/build/yolov7_obj_detect/build/lib/utils/aws
copying utils/aws/__init__.py -> /home/jack/work/build/yolov7_obj_detect/build/lib/utils/aws
copying utils/aws/resume.py -> /home/jack/work/build/yolov7_obj_detect/build/lib/utils/aws
creating /home/jack/work/build/yolov7_obj_detect/build/lib/utils/wandb_logging
copying utils/wandb_logging/__init__.py -> /home/jack/work/build/yolov7_obj_detect/build/lib/utils/wandb_logging
copying utils/wandb_logging/log_dataset.py -> /home/jack/work/build/yolov7_obj_detect/build/lib/utils/wandb_logging
copying utils/wandb_logging/wandb_utils.py -> /home/jack/work/build/yolov7_obj_detect/build/lib/utils/wandb_logging
running install
running install_lib
creating /home/jack/work/install/yolov7_obj_detect/lib/python3.10/site-packages/yolov7_obj_detect
copying /home/jack/work/build/yolov7_obj_detect/build/lib/yolov7_obj_detect/__init__.py -> /home/jack/work/install/yolov7_obj_detect/lib/python3.10/site-packages/yolov7_obj_detect
copying /home/jack/work/build/yolov7_obj_detect/build/lib/yolov7_obj_detect/len.py -> /home/jack/work/install/yolov7_obj_detect/lib/python3.10/site-packages/yolov7_obj_detect
copying /home/jack/work/build/yolov7_obj_detect/build/lib/yolov7_obj_detect/object_detection.py -> /home/jack/work/install/yolov7_obj_detect/lib/python3.10/site-packages/yolov7_obj_detect
creating /home/jack/work/install/yolov7_obj_detect/lib/python3.10/site-packages/models
copying /home/jack/work/build/yolov7_obj_detect/build/lib/models/__init__.py -> /home/jack/work/install/yolov7_obj_detect/lib/python3.10/site-packages/models
copying /home/jack/work/build/yolov7_obj_detect/build/lib/models/experimental.py -> /home/jack/work/install/yolov7_obj_detect/lib/python3.10/site-packages/models
copying /home/jack/work/build/yolov7_obj_detect/build/lib/models/yolo.py -> /home/jack/work/install/yolov7_obj_detect/lib/python3.10/site-packages/models
copying /home/jack/work/build/yolov7_obj_detect/build/lib/models/common.py -> /home/jack/work/install/yolov7_obj_detect/lib/python3.10/site-packages/models
creating /home/jack/work/install/yolov7_obj_detect/lib/python3.10/site-packages/utils
creating /home/jack/work/install/yolov7_obj_detect/lib/python3.10/site-packages/utils/aws
copying /home/jack/work/build/yolov7_obj_detect/build/lib/utils/aws/__init__.py -> /home/jack/work/install/yolov7_obj_detect/lib/python3.10/site-packages/utils/aws
copying /home/jack/work/build/yolov7_obj_detect/build/lib/utils/aws/resume.py -> /home/jack/work/install/yolov7_obj_detect/lib/python3.10/site-packages/utils/aws
copying /home/jack/work/build/yolov7_obj_detect/build/lib/utils/loss.py -> /home/jack/work/install/yolov7_obj_detect/lib/python3.10/site-packages/utils
creating /home/jack/work/install/yolov7_obj_detect/lib/python3.10/site-packages/utils/wandb_logging
copying /home/jack/work/build/yolov7_obj_detect/build/lib/utils/wandb_logging/__init__.py -> /home/jack/work/install/yolov7_obj_detect/lib/python3.10/site-packages/utils/wandb_logging
copying /home/jack/work/build/yolov7_obj_detect/build/lib/utils/wandb_logging/log_dataset.py -> /home/jack/work/install/yolov7_obj_detect/lib/python3.10/site-packages/utils/wandb_logging
copying /home/jack/work/build/yolov7_obj_detect/build/lib/utils/wandb_logging/wandb_utils.py -> /home/jack/work/install/yolov7_obj_detect/lib/python3.10/site-packages/utils/wandb_logging
copying /home/jack/work/build/yolov7_obj_detect/build/lib/utils/general.py -> /home/jack/work/install/yolov7_obj_detect/lib/python3.10/site-packages/utils
copying /home/jack/work/build/yolov7_obj_detect/build/lib/utils/activations.py -> /home/jack/work/install/yolov7_obj_detect/lib/python3.10/site-packages/utils
copying /home/jack/work/build/yolov7_obj_detect/build/lib/utils/__init__.py -> /home/jack/work/install/yolov7_obj_detect/lib/python3.10/site-packages/utils
copying /home/jack/work/build/yolov7_obj_detect/build/lib/utils/add_nms.py -> /home/jack/work/install/yolov7_obj_detect/lib/python3.10/site-packages/utils
copying /home/jack/work/build/yolov7_obj_detect/build/lib/utils/metrics.py -> /home/jack/work/install/yolov7_obj_detect/lib/python3.10/site-packages/utils
copying /home/jack/work/build/yolov7_obj_detect/build/lib/utils/plots.py -> /home/jack/work/install/yolov7_obj_detect/lib/python3.10/site-packages/utils
copying /home/jack/work/build/yolov7_obj_detect/build/lib/utils/torch_utils.py -> /home/jack/work/install/yolov7_obj_detect/lib/python3.10/site-packages/utils
copying /home/jack/work/build/yolov7_obj_detect/build/lib/utils/datasets.py -> /home/jack/work/install/yolov7_obj_detect/lib/python3.10/site-packages/utils
copying /home/jack/work/build/yolov7_obj_detect/build/lib/utils/autoanchor.py -> /home/jack/work/install/yolov7_obj_detect/lib/python3.10/site-packages/utils
copying /home/jack/work/build/yolov7_obj_detect/build/lib/utils/google_utils.py -> /home/jack/work/install/yolov7_obj_detect/lib/python3.10/site-packages/utils
byte-compiling /home/jack/work/install/yolov7_obj_detect/lib/python3.10/site-packages/yolov7_obj_detect/__init__.py to __init__.cpython-310.pyc
byte-compiling /home/jack/work/install/yolov7_obj_detect/lib/python3.10/site-packages/yolov7_obj_detect/len.py to len.cpython-310.pyc
byte-compiling /home/jack/work/install/yolov7_obj_detect/lib/python3.10/site-packages/yolov7_obj_detect/object_detection.py to object_detection.cpython-310.pyc
byte-compiling /home/jack/work/install/yolov7_obj_detect/lib/python3.10/site-packages/models/__init__.py to __init__.cpython-310.pyc
byte-compiling /home/jack/work/install/yolov7_obj_detect/lib/python3.10/site-packages/models/experimental.py to experimental.cpython-310.pyc
byte-compiling /home/jack/work/install/yolov7_obj_detect/lib/python3.10/site-packages/models/yolo.py to yolo.cpython-310.pyc
byte-compiling /home/jack/work/install/yolov7_obj_detect/lib/python3.10/site-packages/models/common.py to common.cpython-310.pyc
byte-compiling /home/jack/work/install/yolov7_obj_detect/lib/python3.10/site-packages/utils/aws/__init__.py to __init__.cpython-310.pyc
byte-compiling /home/jack/work/install/yolov7_obj_detect/lib/python3.10/site-packages/utils/aws/resume.py to resume.cpython-310.pyc
byte-compiling /home/jack/work/install/yolov7_obj_detect/lib/python3.10/site-packages/utils/loss.py to loss.cpython-310.pyc
byte-compiling /home/jack/work/install/yolov7_obj_detect/lib/python3.10/site-packages/utils/wandb_logging/__init__.py to __init__.cpython-310.pyc
byte-compiling /home/jack/work/install/yolov7_obj_detect/lib/python3.10/site-packages/utils/wandb_logging/log_dataset.py to log_dataset.cpython-310.pyc
byte-compiling /home/jack/work/install/yolov7_obj_detect/lib/python3.10/site-packages/utils/wandb_logging/wandb_utils.py to wandb_utils.cpython-310.pyc
byte-compiling /home/jack/work/install/yolov7_obj_detect/lib/python3.10/site-packages/utils/general.py to general.cpython-310.pyc
byte-compiling /home/jack/work/install/yolov7_obj_detect/lib/python3.10/site-packages/utils/activations.py to activations.cpython-310.pyc
byte-compiling /home/jack/work/install/yolov7_obj_detect/lib/python3.10/site-packages/utils/__init__.py to __init__.cpython-310.pyc
byte-compiling /home/jack/work/install/yolov7_obj_detect/lib/python3.10/site-packages/utils/add_nms.py to add_nms.cpython-310.pyc
byte-compiling /home/jack/work/install/yolov7_obj_detect/lib/python3.10/site-packages/utils/metrics.py to metrics.cpython-310.pyc
byte-compiling /home/jack/work/install/yolov7_obj_detect/lib/python3.10/site-packages/utils/plots.py to plots.cpython-310.pyc
byte-compiling /home/jack/work/install/yolov7_obj_detect/lib/python3.10/site-packages/utils/torch_utils.py to torch_utils.cpython-310.pyc
byte-compiling /home/jack/work/install/yolov7_obj_detect/lib/python3.10/site-packages/utils/datasets.py to datasets.cpython-310.pyc
byte-compiling /home/jack/work/install/yolov7_obj_detect/lib/python3.10/site-packages/utils/autoanchor.py to autoanchor.cpython-310.pyc
byte-compiling /home/jack/work/install/yolov7_obj_detect/lib/python3.10/site-packages/utils/google_utils.py to google_utils.cpython-310.pyc
running install_data
creating /home/jack/work/install/yolov7_obj_detect/share/ament_index
creating /home/jack/work/install/yolov7_obj_detect/share/ament_index/resource_index
creating /home/jack/work/install/yolov7_obj_detect/share/ament_index/resource_index/packages
copying resource/yolov7_obj_detect -> /home/jack/work/install/yolov7_obj_detect/share/ament_index/resource_index/packages
copying package.xml -> /home/jack/work/install/yolov7_obj_detect/share/yolov7_obj_detect
creating /home/jack/work/install/yolov7_obj_detect/share/yolov7_obj_detect/launch
copying launch/object_detection_launch.py -> /home/jack/work/install/yolov7_obj_detect/share/yolov7_obj_detect/launch
creating /home/jack/work/install/yolov7_obj_detect/share/yolov7_obj_detect/weights
copying weights/best.pt -> /home/jack/work/install/yolov7_obj_detect/share/yolov7_obj_detect/weights
copying weights/alldone.pt -> /home/jack/work/install/yolov7_obj_detect/share/yolov7_obj_detect/weights
copying weights/yolov7.pt -> /home/jack/work/install/yolov7_obj_detect/share/yolov7_obj_detect/weights
creating /home/jack/work/install/yolov7_obj_detect/lib/yolov7_obj_detect
creating /home/jack/work/install/yolov7_obj_detect/lib/yolov7_obj_detect/models
copying models/experimental.py -> /home/jack/work/install/yolov7_obj_detect/lib/yolov7_obj_detect/models/
copying models/common.py -> /home/jack/work/install/yolov7_obj_detect/lib/yolov7_obj_detect/models/
copying models/yolo.py -> /home/jack/work/install/yolov7_obj_detect/lib/yolov7_obj_detect/models/
creating /home/jack/work/install/yolov7_obj_detect/lib/yolov7_obj_detect/utils
copying utils/general.py -> /home/jack/work/install/yolov7_obj_detect/lib/yolov7_obj_detect/utils/
copying utils/torch_utils.py -> /home/jack/work/install/yolov7_obj_detect/lib/yolov7_obj_detect/utils/
copying utils/plots.py -> /home/jack/work/install/yolov7_obj_detect/lib/yolov7_obj_detect/utils/
copying utils/datasets.py -> /home/jack/work/install/yolov7_obj_detect/lib/yolov7_obj_detect/utils/
copying utils/google_utils.py -> /home/jack/work/install/yolov7_obj_detect/lib/yolov7_obj_detect/utils/
copying utils/activations.py -> /home/jack/work/install/yolov7_obj_detect/lib/yolov7_obj_detect/utils/
copying utils/add_nms.py -> /home/jack/work/install/yolov7_obj_detect/lib/yolov7_obj_detect/utils/
copying utils/autoanchor.py -> /home/jack/work/install/yolov7_obj_detect/lib/yolov7_obj_detect/utils/
copying utils/loss.py -> /home/jack/work/install/yolov7_obj_detect/lib/yolov7_obj_detect/utils/
copying utils/metrics.py -> /home/jack/work/install/yolov7_obj_detect/lib/yolov7_obj_detect/utils/
running install_egg_info
Copying ../../../../build/yolov7_obj_detect/yolov7_obj_detect.egg-info to /home/jack/work/install/yolov7_obj_detect/lib/python3.10/site-packages/yolov7_obj_detect-0.0.0-py3.10.egg-info
running install_scripts
Installing object_detection script to /home/jack/work/install/yolov7_obj_detect/lib/yolov7_obj_detect
writing list of installed files to '/home/jack/work/build/yolov7_obj_detect/install.log'
