[1.017s] Invoking command in '/home/jack/work/src/pool/detect/yolov7_obj_detect': CMAKE_PREFIX_PATH=/home/jack/work/install/detect_interface:/home/jack/work/install/realsense2_description:/home/jack/work/install/realsense2_camera:/home/jack/work/install/realsense2_camera_msgs:/home/jack/work/install/hiwin_service_client:/home/jack/work/install/hiwin_libmodbus:/home/jack/work/install/hiwin_interfaces LD_LIBRARY_PATH=/home/jack/work/install/detect_interface/lib:/home/jack/work/install/realsense2_camera/lib:/home/jack/work/install/realsense2_camera_msgs/lib:/home/jack/work/install/hiwin_libmodbus/lib:/home/jack/work/install/hiwin_interfaces/lib:/opt/ros/humble/opt/rviz_ogre_vendor/lib:/opt/ros/humble/lib/x86_64-linux-gnu:/opt/ros/humble/lib:/usr/local/nvidia/lib:/usr/local/nvidia/lib64 PYTHONPATH=/home/jack/work/build/yolov7_obj_detect/prefix_override:/usr/lib/python3/dist-packages/colcon_core/task/python/colcon_distutils_commands:/home/jack/work/install/yolov7_obj_detect/lib/python3.10/site-packages:${PYTHONPATH} /usr/bin/python3 -W ignore:setup.py install is deprecated -W ignore:easy_install command is deprecated setup.py egg_info --egg-base ../../../../build/yolov7_obj_detect build --build-base /home/jack/work/build/yolov7_obj_detect/build install --record /home/jack/work/build/yolov7_obj_detect/install.log --single-version-externally-managed install_data
[1.206s] running egg_info
[1.207s] creating ../../../../build/yolov7_obj_detect/yolov7_obj_detect.egg-info
[1.216s] writing ../../../../build/yolov7_obj_detect/yolov7_obj_detect.egg-info/PKG-INFO
[1.216s] writing dependency_links to ../../../../build/yolov7_obj_detect/yolov7_obj_detect.egg-info/dependency_links.txt
[1.217s] writing entry points to ../../../../build/yolov7_obj_detect/yolov7_obj_detect.egg-info/entry_points.txt
[1.217s] writing requirements to ../../../../build/yolov7_obj_detect/yolov7_obj_detect.egg-info/requires.txt
[1.217s] writing top-level names to ../../../../build/yolov7_obj_detect/yolov7_obj_detect.egg-info/top_level.txt
[1.217s] writing manifest file '../../../../build/yolov7_obj_detect/yolov7_obj_detect.egg-info/SOURCES.txt'
[1.237s] reading manifest file '../../../../build/yolov7_obj_detect/yolov7_obj_detect.egg-info/SOURCES.txt'
[1.238s] writing manifest file '../../../../build/yolov7_obj_detect/yolov7_obj_detect.egg-info/SOURCES.txt'
[1.238s] running build
[1.238s] running build_py
[1.238s] creating /home/jack/work/build/yolov7_obj_detect/build
[1.238s] creating /home/jack/work/build/yolov7_obj_detect/build/lib
[1.239s] creating /home/jack/work/build/yolov7_obj_detect/build/lib/yolov7_obj_detect
[1.239s] copying yolov7_obj_detect/__init__.py -> /home/jack/work/build/yolov7_obj_detect/build/lib/yolov7_obj_detect
[1.239s] copying yolov7_obj_detect/len.py -> /home/jack/work/build/yolov7_obj_detect/build/lib/yolov7_obj_detect
[1.239s] copying yolov7_obj_detect/object_detection.py -> /home/jack/work/build/yolov7_obj_detect/build/lib/yolov7_obj_detect
[1.239s] creating /home/jack/work/build/yolov7_obj_detect/build/lib/models
[1.239s] copying models/__init__.py -> /home/jack/work/build/yolov7_obj_detect/build/lib/models
[1.239s] copying models/experimental.py -> /home/jack/work/build/yolov7_obj_detect/build/lib/models
[1.239s] copying models/yolo.py -> /home/jack/work/build/yolov7_obj_detect/build/lib/models
[1.239s] copying models/common.py -> /home/jack/work/build/yolov7_obj_detect/build/lib/models
[1.239s] creating /home/jack/work/build/yolov7_obj_detect/build/lib/utils
[1.239s] copying utils/loss.py -> /home/jack/work/build/yolov7_obj_detect/build/lib/utils
[1.240s] copying utils/general.py -> /home/jack/work/build/yolov7_obj_detect/build/lib/utils
[1.240s] copying utils/activations.py -> /home/jack/work/build/yolov7_obj_detect/build/lib/utils
[1.240s] copying utils/__init__.py -> /home/jack/work/build/yolov7_obj_detect/build/lib/utils
[1.240s] copying utils/add_nms.py -> /home/jack/work/build/yolov7_obj_detect/build/lib/utils
[1.240s] copying utils/metrics.py -> /home/jack/work/build/yolov7_obj_detect/build/lib/utils
[1.240s] copying utils/plots.py -> /home/jack/work/build/yolov7_obj_detect/build/lib/utils
[1.240s] copying utils/torch_utils.py -> /home/jack/work/build/yolov7_obj_detect/build/lib/utils
[1.240s] copying utils/datasets.py -> /home/jack/work/build/yolov7_obj_detect/build/lib/utils
[1.240s] copying utils/autoanchor.py -> /home/jack/work/build/yolov7_obj_detect/build/lib/utils
[1.240s] copying utils/google_utils.py -> /home/jack/work/build/yolov7_obj_detect/build/lib/utils
[1.240s] creating /home/jack/work/build/yolov7_obj_detect/build/lib/utils/aws
[1.241s] copying utils/aws/__init__.py -> /home/jack/work/build/yolov7_obj_detect/build/lib/utils/aws
[1.241s] copying utils/aws/resume.py -> /home/jack/work/build/yolov7_obj_detect/build/lib/utils/aws
[1.241s] creating /home/jack/work/build/yolov7_obj_detect/build/lib/utils/wandb_logging
[1.241s] copying utils/wandb_logging/__init__.py -> /home/jack/work/build/yolov7_obj_detect/build/lib/utils/wandb_logging
[1.241s] copying utils/wandb_logging/log_dataset.py -> /home/jack/work/build/yolov7_obj_detect/build/lib/utils/wandb_logging
[1.241s] copying utils/wandb_logging/wandb_utils.py -> /home/jack/work/build/yolov7_obj_detect/build/lib/utils/wandb_logging
[1.241s] running install
[1.245s] running install_lib
[1.255s] creating /home/jack/work/install/yolov7_obj_detect/lib/python3.10/site-packages/yolov7_obj_detect
[1.255s] copying /home/jack/work/build/yolov7_obj_detect/build/lib/yolov7_obj_detect/__init__.py -> /home/jack/work/install/yolov7_obj_detect/lib/python3.10/site-packages/yolov7_obj_detect
[1.255s] copying /home/jack/work/build/yolov7_obj_detect/build/lib/yolov7_obj_detect/len.py -> /home/jack/work/install/yolov7_obj_detect/lib/python3.10/site-packages/yolov7_obj_detect
[1.256s] copying /home/jack/work/build/yolov7_obj_detect/build/lib/yolov7_obj_detect/object_detection.py -> /home/jack/work/install/yolov7_obj_detect/lib/python3.10/site-packages/yolov7_obj_detect
[1.256s] creating /home/jack/work/install/yolov7_obj_detect/lib/python3.10/site-packages/models
[1.256s] copying /home/jack/work/build/yolov7_obj_detect/build/lib/models/__init__.py -> /home/jack/work/install/yolov7_obj_detect/lib/python3.10/site-packages/models
[1.256s] copying /home/jack/work/build/yolov7_obj_detect/build/lib/models/experimental.py -> /home/jack/work/install/yolov7_obj_detect/lib/python3.10/site-packages/models
[1.256s] copying /home/jack/work/build/yolov7_obj_detect/build/lib/models/yolo.py -> /home/jack/work/install/yolov7_obj_detect/lib/python3.10/site-packages/models
[1.256s] copying /home/jack/work/build/yolov7_obj_detect/build/lib/models/common.py -> /home/jack/work/install/yolov7_obj_detect/lib/python3.10/site-packages/models
[1.256s] creating /home/jack/work/install/yolov7_obj_detect/lib/python3.10/site-packages/utils
[1.256s] creating /home/jack/work/install/yolov7_obj_detect/lib/python3.10/site-packages/utils/aws
[1.256s] copying /home/jack/work/build/yolov7_obj_detect/build/lib/utils/aws/__init__.py -> /home/jack/work/install/yolov7_obj_detect/lib/python3.10/site-packages/utils/aws
[1.256s] copying /home/jack/work/build/yolov7_obj_detect/build/lib/utils/aws/resume.py -> /home/jack/work/install/yolov7_obj_detect/lib/python3.10/site-packages/utils/aws
[1.256s] copying /home/jack/work/build/yolov7_obj_detect/build/lib/utils/loss.py -> /home/jack/work/install/yolov7_obj_detect/lib/python3.10/site-packages/utils
[1.257s] creating /home/jack/work/install/yolov7_obj_detect/lib/python3.10/site-packages/utils/wandb_logging
[1.257s] copying /home/jack/work/build/yolov7_obj_detect/build/lib/utils/wandb_logging/__init__.py -> /home/jack/work/install/yolov7_obj_detect/lib/python3.10/site-packages/utils/wandb_logging
[1.257s] copying /home/jack/work/build/yolov7_obj_detect/build/lib/utils/wandb_logging/log_dataset.py -> /home/jack/work/install/yolov7_obj_detect/lib/python3.10/site-packages/utils/wandb_logging
[1.257s] copying /home/jack/work/build/yolov7_obj_detect/build/lib/utils/wandb_logging/wandb_utils.py -> /home/jack/work/install/yolov7_obj_detect/lib/python3.10/site-packages/utils/wandb_logging
[1.257s] copying /home/jack/work/build/yolov7_obj_detect/build/lib/utils/general.py -> /home/jack/work/install/yolov7_obj_detect/lib/python3.10/site-packages/utils
[1.257s] copying /home/jack/work/build/yolov7_obj_detect/build/lib/utils/activations.py -> /home/jack/work/install/yolov7_obj_detect/lib/python3.10/site-packages/utils
[1.257s] copying /home/jack/work/build/yolov7_obj_detect/build/lib/utils/__init__.py -> /home/jack/work/install/yolov7_obj_detect/lib/python3.10/site-packages/utils
[1.257s] copying /home/jack/work/build/yolov7_obj_detect/build/lib/utils/add_nms.py -> /home/jack/work/install/yolov7_obj_detect/lib/python3.10/site-packages/utils
[1.257s] copying /home/jack/work/build/yolov7_obj_detect/build/lib/utils/metrics.py -> /home/jack/work/install/yolov7_obj_detect/lib/python3.10/site-packages/utils
[1.257s] copying /home/jack/work/build/yolov7_obj_detect/build/lib/utils/plots.py -> /home/jack/work/install/yolov7_obj_detect/lib/python3.10/site-packages/utils
[1.257s] copying /home/jack/work/build/yolov7_obj_detect/build/lib/utils/torch_utils.py -> /home/jack/work/install/yolov7_obj_detect/lib/python3.10/site-packages/utils
[1.258s] copying /home/jack/work/build/yolov7_obj_detect/build/lib/utils/datasets.py -> /home/jack/work/install/yolov7_obj_detect/lib/python3.10/site-packages/utils
[1.258s] copying /home/jack/work/build/yolov7_obj_detect/build/lib/utils/autoanchor.py -> /home/jack/work/install/yolov7_obj_detect/lib/python3.10/site-packages/utils
[1.258s] copying /home/jack/work/build/yolov7_obj_detect/build/lib/utils/google_utils.py -> /home/jack/work/install/yolov7_obj_detect/lib/python3.10/site-packages/utils
[1.258s] byte-compiling /home/jack/work/install/yolov7_obj_detect/lib/python3.10/site-packages/yolov7_obj_detect/__init__.py to __init__.cpython-310.pyc
[1.258s] byte-compiling /home/jack/work/install/yolov7_obj_detect/lib/python3.10/site-packages/yolov7_obj_detect/len.py to len.cpython-310.pyc
[1.258s] byte-compiling /home/jack/work/install/yolov7_obj_detect/lib/python3.10/site-packages/yolov7_obj_detect/object_detection.py to object_detection.cpython-310.pyc
[1.260s] byte-compiling /home/jack/work/install/yolov7_obj_detect/lib/python3.10/site-packages/models/__init__.py to __init__.cpython-310.pyc
[1.260s] byte-compiling /home/jack/work/install/yolov7_obj_detect/lib/python3.10/site-packages/models/experimental.py to experimental.cpython-310.pyc
[1.262s] byte-compiling /home/jack/work/install/yolov7_obj_detect/lib/python3.10/site-packages/models/yolo.py to yolo.cpython-310.pyc
[1.268s] byte-compiling /home/jack/work/install/yolov7_obj_detect/lib/python3.10/site-packages/models/common.py to common.cpython-310.pyc
[1.283s] byte-compiling /home/jack/work/install/yolov7_obj_detect/lib/python3.10/site-packages/utils/aws/__init__.py to __init__.cpython-310.pyc
[1.283s] byte-compiling /home/jack/work/install/yolov7_obj_detect/lib/python3.10/site-packages/utils/aws/resume.py to resume.cpython-310.pyc
[1.284s] byte-compiling /home/jack/work/install/yolov7_obj_detect/lib/python3.10/site-packages/utils/loss.py to loss.cpython-310.pyc
[1.293s] byte-compiling /home/jack/work/install/yolov7_obj_detect/lib/python3.10/site-packages/utils/wandb_logging/__init__.py to __init__.cpython-310.pyc
[1.293s] byte-compiling /home/jack/work/install/yolov7_obj_detect/lib/python3.10/site-packages/utils/wandb_logging/log_dataset.py to log_dataset.cpython-310.pyc
[1.293s] byte-compiling /home/jack/work/install/yolov7_obj_detect/lib/python3.10/site-packages/utils/wandb_logging/wandb_utils.py to wandb_utils.cpython-310.pyc
[1.296s] byte-compiling /home/jack/work/install/yolov7_obj_detect/lib/python3.10/site-packages/utils/general.py to general.cpython-310.pyc
[1.301s] byte-compiling /home/jack/work/install/yolov7_obj_detect/lib/python3.10/site-packages/utils/activations.py to activations.cpython-310.pyc
[1.301s] byte-compiling /home/jack/work/install/yolov7_obj_detect/lib/python3.10/site-packages/utils/__init__.py to __init__.cpython-310.pyc
[1.301s] byte-compiling /home/jack/work/install/yolov7_obj_detect/lib/python3.10/site-packages/utils/add_nms.py to add_nms.cpython-310.pyc
[1.302s] byte-compiling /home/jack/work/install/yolov7_obj_detect/lib/python3.10/site-packages/utils/metrics.py to metrics.cpython-310.pyc
[1.303s] byte-compiling /home/jack/work/install/yolov7_obj_detect/lib/python3.10/site-packages/utils/plots.py to plots.cpython-310.pyc
[1.307s] byte-compiling /home/jack/work/install/yolov7_obj_detect/lib/python3.10/site-packages/utils/torch_utils.py to torch_utils.cpython-310.pyc
[1.309s] byte-compiling /home/jack/work/install/yolov7_obj_detect/lib/python3.10/site-packages/utils/datasets.py to datasets.cpython-310.pyc
[1.318s] byte-compiling /home/jack/work/install/yolov7_obj_detect/lib/python3.10/site-packages/utils/autoanchor.py to autoanchor.cpython-310.pyc
[1.319s] byte-compiling /home/jack/work/install/yolov7_obj_detect/lib/python3.10/site-packages/utils/google_utils.py to google_utils.cpython-310.pyc
[1.320s] running install_data
[1.320s] creating /home/jack/work/install/yolov7_obj_detect/share/ament_index
[1.320s] creating /home/jack/work/install/yolov7_obj_detect/share/ament_index/resource_index
[1.320s] creating /home/jack/work/install/yolov7_obj_detect/share/ament_index/resource_index/packages
[1.320s] copying resource/yolov7_obj_detect -> /home/jack/work/install/yolov7_obj_detect/share/ament_index/resource_index/packages
[1.320s] copying package.xml -> /home/jack/work/install/yolov7_obj_detect/share/yolov7_obj_detect
[1.320s] creating /home/jack/work/install/yolov7_obj_detect/share/yolov7_obj_detect/launch
[1.320s] copying launch/object_detection_launch.py -> /home/jack/work/install/yolov7_obj_detect/share/yolov7_obj_detect/launch
[1.321s] creating /home/jack/work/install/yolov7_obj_detect/share/yolov7_obj_detect/weights
[1.321s] copying weights/best.pt -> /home/jack/work/install/yolov7_obj_detect/share/yolov7_obj_detect/weights
[1.359s] copying weights/alldone.pt -> /home/jack/work/install/yolov7_obj_detect/share/yolov7_obj_detect/weights
[1.398s] copying weights/yolov7.pt -> /home/jack/work/install/yolov7_obj_detect/share/yolov7_obj_detect/weights
[1.435s] creating /home/jack/work/install/yolov7_obj_detect/lib/yolov7_obj_detect
[1.435s] creating /home/jack/work/install/yolov7_obj_detect/lib/yolov7_obj_detect/models
[1.435s] copying models/experimental.py -> /home/jack/work/install/yolov7_obj_detect/lib/yolov7_obj_detect/models/
[1.436s] copying models/common.py -> /home/jack/work/install/yolov7_obj_detect/lib/yolov7_obj_detect/models/
[1.436s] copying models/yolo.py -> /home/jack/work/install/yolov7_obj_detect/lib/yolov7_obj_detect/models/
[1.436s] creating /home/jack/work/install/yolov7_obj_detect/lib/yolov7_obj_detect/utils
[1.436s] copying utils/general.py -> /home/jack/work/install/yolov7_obj_detect/lib/yolov7_obj_detect/utils/
[1.436s] copying utils/torch_utils.py -> /home/jack/work/install/yolov7_obj_detect/lib/yolov7_obj_detect/utils/
[1.436s] copying utils/plots.py -> /home/jack/work/install/yolov7_obj_detect/lib/yolov7_obj_detect/utils/
[1.436s] copying utils/datasets.py -> /home/jack/work/install/yolov7_obj_detect/lib/yolov7_obj_detect/utils/
[1.436s] copying utils/google_utils.py -> /home/jack/work/install/yolov7_obj_detect/lib/yolov7_obj_detect/utils/
[1.436s] copying utils/activations.py -> /home/jack/work/install/yolov7_obj_detect/lib/yolov7_obj_detect/utils/
[1.436s] copying utils/add_nms.py -> /home/jack/work/install/yolov7_obj_detect/lib/yolov7_obj_detect/utils/
[1.436s] copying utils/autoanchor.py -> /home/jack/work/install/yolov7_obj_detect/lib/yolov7_obj_detect/utils/
[1.436s] copying utils/loss.py -> /home/jack/work/install/yolov7_obj_detect/lib/yolov7_obj_detect/utils/
[1.436s] copying utils/metrics.py -> /home/jack/work/install/yolov7_obj_detect/lib/yolov7_obj_detect/utils/
[1.436s] running install_egg_info
[1.447s] Copying ../../../../build/yolov7_obj_detect/yolov7_obj_detect.egg-info to /home/jack/work/install/yolov7_obj_detect/lib/python3.10/site-packages/yolov7_obj_detect-0.0.0-py3.10.egg-info
[1.447s] running install_scripts
[1.537s] Installing object_detection script to /home/jack/work/install/yolov7_obj_detect/lib/yolov7_obj_detect
[1.537s] writing list of installed files to '/home/jack/work/build/yolov7_obj_detect/install.log'
[1.566s] Invoked command in '/home/jack/work/src/pool/detect/yolov7_obj_detect' returned '0': CMAKE_PREFIX_PATH=/home/jack/work/install/detect_interface:/home/jack/work/install/realsense2_description:/home/jack/work/install/realsense2_camera:/home/jack/work/install/realsense2_camera_msgs:/home/jack/work/install/hiwin_service_client:/home/jack/work/install/hiwin_libmodbus:/home/jack/work/install/hiwin_interfaces LD_LIBRARY_PATH=/home/jack/work/install/detect_interface/lib:/home/jack/work/install/realsense2_camera/lib:/home/jack/work/install/realsense2_camera_msgs/lib:/home/jack/work/install/hiwin_libmodbus/lib:/home/jack/work/install/hiwin_interfaces/lib:/opt/ros/humble/opt/rviz_ogre_vendor/lib:/opt/ros/humble/lib/x86_64-linux-gnu:/opt/ros/humble/lib:/usr/local/nvidia/lib:/usr/local/nvidia/lib64 PYTHONPATH=/home/jack/work/build/yolov7_obj_detect/prefix_override:/usr/lib/python3/dist-packages/colcon_core/task/python/colcon_distutils_commands:/home/jack/work/install/yolov7_obj_detect/lib/python3.10/site-packages:${PYTHONPATH} /usr/bin/python3 -W ignore:setup.py install is deprecated -W ignore:easy_install command is deprecated setup.py egg_info --egg-base ../../../../build/yolov7_obj_detect build --build-base /home/jack/work/build/yolov7_obj_detect/build install --record /home/jack/work/build/yolov7_obj_detect/install.log --single-version-externally-managed install_data
