/home/jack/work/install/hiwin_control/lib/python3.10/site-packages/hiwin_control/billiards_planner_ui.py
/home/jack/work/install/hiwin_control/lib/python3.10/site-packages/hiwin_control/pool_strat_v2.py
/home/jack/work/install/hiwin_control/lib/python3.10/site-packages/hiwin_control/__init__.py
/home/jack/work/install/hiwin_control/lib/python3.10/site-packages/hiwin_control/base_strat.py
/home/jack/work/install/hiwin_control/lib/python3.10/site-packages/hiwin_control/nine_arm_controller.py
/home/jack/work/install/hiwin_control/lib/python3.10/site-packages/hiwin_control/pool_arm_controller.py
/home/jack/work/install/hiwin_control/lib/python3.10/site-packages/hiwin_control/aruco_arm_controller.py
/home/jack/work/install/hiwin_control/lib/python3.10/site-packages/hiwin_control/team_selection.py
/home/jack/work/install/hiwin_control/lib/python3.10/site-packages/hiwin_control/arm_controller_copy.py
/home/jack/work/install/hiwin_control/lib/python3.10/site-packages/hiwin_control/arm_controller_v2.py
/home/jack/work/install/hiwin_control/lib/python3.10/site-packages/hiwin_control/pool_arm_controller_copy.py
/home/jack/work/install/hiwin_control/lib/python3.10/site-packages/hiwin_control/testbeat_arm_controller.py
/home/jack/work/install/hiwin_control/lib/python3.10/site-packages/hiwin_control/nine_ball_pool0805.py
/home/jack/work/install/hiwin_control/lib/python3.10/site-packages/hiwin_control/yaml_test.py
/home/jack/work/install/hiwin_control/lib/python3.10/site-packages/hiwin_control/rush_arm_controller.py
/home/jack/work/install/hiwin_control/lib/python3.10/site-packages/hiwin_control/aruco_table_cali.py
/home/jack/work/install/hiwin_control/lib/python3.10/site-packages/hiwin_control/transformations.py
/home/jack/work/install/hiwin_control/lib/python3.10/site-packages/hiwin_control/test_function.py
/home/jack/work/install/hiwin_control/lib/python3.10/site-packages/hiwin_control/quaternion_to_rotation.py
/home/jack/work/install/hiwin_control/lib/python3.10/site-packages/hiwin_control/yyy_arm_controller.py
/home/jack/work/install/hiwin_control/lib/python3.10/site-packages/hiwin_control/aruco_pose_estimator.py
/home/jack/work/install/hiwin_control/lib/python3.10/site-packages/hiwin_control/nine_ball_strat.py
/home/jack/work/install/hiwin_control/lib/python3.10/site-packages/hiwin_control/pool_aim_ui.py
/home/jack/work/install/hiwin_control/lib/python3.10/site-packages/hiwin_control/stream_rs.py
/home/jack/work/install/hiwin_control/lib/python3.10/site-packages/hiwin_control/arm_controller.py
/home/jack/work/install/hiwin_control/lib/python3.10/site-packages/hiwin_control/__pycache__/billiards_planner_ui.cpython-310.pyc
/home/jack/work/install/hiwin_control/lib/python3.10/site-packages/hiwin_control/__pycache__/pool_strat_v2.cpython-310.pyc
/home/jack/work/install/hiwin_control/lib/python3.10/site-packages/hiwin_control/__pycache__/__init__.cpython-310.pyc
/home/jack/work/install/hiwin_control/lib/python3.10/site-packages/hiwin_control/__pycache__/base_strat.cpython-310.pyc
/home/jack/work/install/hiwin_control/lib/python3.10/site-packages/hiwin_control/__pycache__/nine_arm_controller.cpython-310.pyc
/home/jack/work/install/hiwin_control/lib/python3.10/site-packages/hiwin_control/__pycache__/pool_arm_controller.cpython-310.pyc
/home/jack/work/install/hiwin_control/lib/python3.10/site-packages/hiwin_control/__pycache__/aruco_arm_controller.cpython-310.pyc
/home/jack/work/install/hiwin_control/lib/python3.10/site-packages/hiwin_control/__pycache__/team_selection.cpython-310.pyc
/home/jack/work/install/hiwin_control/lib/python3.10/site-packages/hiwin_control/__pycache__/arm_controller_copy.cpython-310.pyc
/home/jack/work/install/hiwin_control/lib/python3.10/site-packages/hiwin_control/__pycache__/arm_controller_v2.cpython-310.pyc
/home/jack/work/install/hiwin_control/lib/python3.10/site-packages/hiwin_control/__pycache__/pool_arm_controller_copy.cpython-310.pyc
/home/jack/work/install/hiwin_control/lib/python3.10/site-packages/hiwin_control/__pycache__/testbeat_arm_controller.cpython-310.pyc
/home/jack/work/install/hiwin_control/lib/python3.10/site-packages/hiwin_control/__pycache__/nine_ball_pool0805.cpython-310.pyc
/home/jack/work/install/hiwin_control/lib/python3.10/site-packages/hiwin_control/__pycache__/yaml_test.cpython-310.pyc
/home/jack/work/install/hiwin_control/lib/python3.10/site-packages/hiwin_control/__pycache__/rush_arm_controller.cpython-310.pyc
/home/jack/work/install/hiwin_control/lib/python3.10/site-packages/hiwin_control/__pycache__/aruco_table_cali.cpython-310.pyc
/home/jack/work/install/hiwin_control/lib/python3.10/site-packages/hiwin_control/__pycache__/transformations.cpython-310.pyc
/home/jack/work/install/hiwin_control/lib/python3.10/site-packages/hiwin_control/__pycache__/test_function.cpython-310.pyc
/home/jack/work/install/hiwin_control/lib/python3.10/site-packages/hiwin_control/__pycache__/quaternion_to_rotation.cpython-310.pyc
/home/jack/work/install/hiwin_control/lib/python3.10/site-packages/hiwin_control/__pycache__/yyy_arm_controller.cpython-310.pyc
/home/jack/work/install/hiwin_control/lib/python3.10/site-packages/hiwin_control/__pycache__/aruco_pose_estimator.cpython-310.pyc
/home/jack/work/install/hiwin_control/lib/python3.10/site-packages/hiwin_control/__pycache__/nine_ball_strat.cpython-310.pyc
/home/jack/work/install/hiwin_control/lib/python3.10/site-packages/hiwin_control/__pycache__/pool_aim_ui.cpython-310.pyc
/home/jack/work/install/hiwin_control/lib/python3.10/site-packages/hiwin_control/__pycache__/stream_rs.cpython-310.pyc
/home/jack/work/install/hiwin_control/lib/python3.10/site-packages/hiwin_control/__pycache__/arm_controller.cpython-310.pyc
/home/jack/work/install/hiwin_control/share/ament_index/resource_index/packages/hiwin_control
/home/jack/work/install/hiwin_control/share/hiwin_control/package.xml
/home/jack/work/install/hiwin_control/lib/python3.10/site-packages/hiwin_control-0.0.0-py3.10.egg-info/top_level.txt
/home/jack/work/install/hiwin_control/lib/python3.10/site-packages/hiwin_control-0.0.0-py3.10.egg-info/PKG-INFO
/home/jack/work/install/hiwin_control/lib/python3.10/site-packages/hiwin_control-0.0.0-py3.10.egg-info/dependency_links.txt
/home/jack/work/install/hiwin_control/lib/python3.10/site-packages/hiwin_control-0.0.0-py3.10.egg-info/entry_points.txt
/home/jack/work/install/hiwin_control/lib/python3.10/site-packages/hiwin_control-0.0.0-py3.10.egg-info/SOURCES.txt
/home/jack/work/install/hiwin_control/lib/python3.10/site-packages/hiwin_control-0.0.0-py3.10.egg-info/requires.txt
/home/jack/work/install/hiwin_control/lib/python3.10/site-packages/hiwin_control-0.0.0-py3.10.egg-info/zip-safe
/home/jack/work/install/hiwin_control/lib/hiwin_control/arm_controller
/home/jack/work/install/hiwin_control/lib/hiwin_control/arm_controller_v2
/home/jack/work/install/hiwin_control/lib/hiwin_control/aruco_table_cali
/home/jack/work/install/hiwin_control/lib/hiwin_control/billiards_planner
/home/jack/work/install/hiwin_control/lib/hiwin_control/my_pool
/home/jack/work/install/hiwin_control/lib/hiwin_control/nine_arm_controller
/home/jack/work/install/hiwin_control/lib/hiwin_control/pool_arm_controller
/home/jack/work/install/hiwin_control/lib/hiwin_control/rush_arm_controller
/home/jack/work/install/hiwin_control/lib/hiwin_control/stream_rs
/home/jack/work/install/hiwin_control/lib/hiwin_control/team_selection
/home/jack/work/install/hiwin_control/lib/hiwin_control/testbeat_arm_controller
/home/jack/work/install/hiwin_control/lib/hiwin_control/yyy_arm_controller
