[0.032s] Invoking command in '/home/jack/work/build/detect_interface': CMAKE_PREFIX_PATH=${CMAKE_PREFIX_PATH}:/home/jack/work/install/yolov7_obj_detect:/home/jack/work/install/hiwin_example:/home/jack/work/install/hiwin_control:/home/jack/work/install/center:/opt/ros/humble /usr/bin/cmake --build /home/jack/work/build/detect_interface -- -j16 -l16
[0.098s] [  2%] Built target detect_interface__cpp
[0.103s] [ 15%] Built target detect_interface__rs
[0.104s] [ 15%] Built target detect_interface__rosidl_generator_c
[0.143s] [ 15%] Built target ament_cmake_python_copy_detect_interface
[0.148s] [ 25%] Built target detect_interface__rosidl_typesupport_fastrtps_cpp
[0.152s] [ 35%] Built target detect_interface__rosidl_typesupport_cpp
[0.157s] [ 45%] Built target detect_interface__rosidl_typesupport_introspection_cpp
[0.186s] [ 55%] Built target detect_interface__rosidl_typesupport_c
[0.191s] [ 65%] Built target detect_interface__rosidl_typesupport_introspection_c
[0.196s] [ 75%] Built target detect_interface__rosidl_typesupport_fastrtps_c
[0.222s] [ 75%] Built target detect_interface
[0.252s] [ 77%] Built target detect_interface__py
[0.301s] [ 82%] [32mBuilding C object CMakeFiles/detect_interface__rosidl_generator_py.dir/rosidl_generator_py/detect_interface/msg/_bounding_box_s.c.o[0m
[0.302s] [ 82%] [32mBuilding C object CMakeFiles/detect_interface__rosidl_generator_py.dir/rosidl_generator_py/detect_interface/msg/_detection_results_s.c.o[0m
[0.542s] [ 85%] [32m[1mLinking C shared library rosidl_generator_py/detect_interface/libdetect_interface__rosidl_generator_py.so[0m
[0.544s] running egg_info
[0.566s] writing detect_interface.egg-info/PKG-INFO
[0.567s] writing dependency_links to detect_interface.egg-info/dependency_links.txt
[0.567s] writing top-level names to detect_interface.egg-info/top_level.txt
[0.630s] reading manifest file 'detect_interface.egg-info/SOURCES.txt'
[0.631s] writing manifest file 'detect_interface.egg-info/SOURCES.txt'
[0.639s] [ 85%] Built target detect_interface__rosidl_generator_py
[0.692s] [ 87%] [32m[1mLinking C shared library rosidl_generator_py/detect_interface/detect_interface_s__rosidl_typesupport_fastrtps_c.cpython-310-x86_64-linux-gnu.so[0m
[0.694s] [ 90%] [32m[1mLinking C shared library rosidl_generator_py/detect_interface/detect_interface_s__rosidl_typesupport_introspection_c.cpython-310-x86_64-linux-gnu.so[0m
[0.696s] [ 90%] Built target ament_cmake_python_build_detect_interface_egg
[0.722s] [ 92%] [32m[1mLinking C shared library rosidl_generator_py/detect_interface/detect_interface_s__rosidl_typesupport_c.cpython-310-x86_64-linux-gnu.so[0m
[0.772s] [ 95%] Built target detect_interface__rosidl_typesupport_introspection_c__pyext
[0.792s] [ 97%] Built target detect_interface__rosidl_typesupport_fastrtps_c__pyext
[0.798s] [100%] Built target detect_interface__rosidl_typesupport_c__pyext
[0.821s] Invoked command in '/home/jack/work/build/detect_interface' returned '0': CMAKE_PREFIX_PATH=${CMAKE_PREFIX_PATH}:/home/jack/work/install/yolov7_obj_detect:/home/jack/work/install/hiwin_example:/home/jack/work/install/hiwin_control:/home/jack/work/install/center:/opt/ros/humble /usr/bin/cmake --build /home/jack/work/build/detect_interface -- -j16 -l16
[0.837s] Invoking command in '/home/jack/work/build/detect_interface': CMAKE_PREFIX_PATH=${CMAKE_PREFIX_PATH}:/home/jack/work/install/yolov7_obj_detect:/home/jack/work/install/hiwin_example:/home/jack/work/install/hiwin_control:/home/jack/work/install/center:/opt/ros/humble /usr/bin/cmake --install /home/jack/work/build/detect_interface
[0.850s] -- Install configuration: ""
[0.850s] -- Up-to-date: /home/jack/work/install/detect_interface/share/ament_index/resource_index/rosidl_interfaces/detect_interface
[0.850s] -- Up-to-date: /home/jack/work/install/detect_interface/include/detect_interface/detect_interface
[0.851s] -- Up-to-date: /home/jack/work/install/detect_interface/include/detect_interface/detect_interface/msg
[0.851s] -- Up-to-date: /home/jack/work/install/detect_interface/include/detect_interface/detect_interface/msg/rosidl_generator_c__visibility_control.h
[0.851s] -- Up-to-date: /home/jack/work/install/detect_interface/include/detect_interface/detect_interface/msg/detection_results.h
[0.851s] -- Up-to-date: /home/jack/work/install/detect_interface/include/detect_interface/detect_interface/msg/bounding_box.h
[0.851s] -- Up-to-date: /home/jack/work/install/detect_interface/include/detect_interface/detect_interface/msg/detail
[0.851s] -- Up-to-date: /home/jack/work/install/detect_interface/include/detect_interface/detect_interface/msg/detail/bounding_box__functions.h
[0.851s] -- Up-to-date: /home/jack/work/install/detect_interface/include/detect_interface/detect_interface/msg/detail/bounding_box__type_support.h
[0.851s] -- Up-to-date: /home/jack/work/install/detect_interface/include/detect_interface/detect_interface/msg/detail/detection_results__functions.h
[0.851s] -- Up-to-date: /home/jack/work/install/detect_interface/include/detect_interface/detect_interface/msg/detail/bounding_box__struct.h
[0.852s] -- Up-to-date: /home/jack/work/install/detect_interface/include/detect_interface/detect_interface/msg/detail/detection_results__type_support.h
[0.852s] -- Up-to-date: /home/jack/work/install/detect_interface/include/detect_interface/detect_interface/msg/detail/detection_results__struct.h
[0.852s] -- Up-to-date: /home/jack/work/install/detect_interface/include/detect_interface/detect_interface/msg/detail/bounding_box__functions.c
[0.852s] -- Up-to-date: /home/jack/work/install/detect_interface/include/detect_interface/detect_interface/msg/detail/detection_results__functions.c
[0.852s] -- Up-to-date: /home/jack/work/install/detect_interface/share/detect_interface/environment/library_path.sh
[0.852s] -- Up-to-date: /home/jack/work/install/detect_interface/share/detect_interface/environment/library_path.dsv
[0.852s] -- Up-to-date: /home/jack/work/install/detect_interface/lib/libdetect_interface__rosidl_generator_c.so
[0.852s] -- Up-to-date: /home/jack/work/install/detect_interface/include/detect_interface/detect_interface
[0.852s] -- Up-to-date: /home/jack/work/install/detect_interface/include/detect_interface/detect_interface/msg
[0.852s] -- Up-to-date: /home/jack/work/install/detect_interface/include/detect_interface/detect_interface/msg/rosidl_typesupport_fastrtps_c__visibility_control.h
[0.852s] -- Up-to-date: /home/jack/work/install/detect_interface/include/detect_interface/detect_interface/msg/detail
[0.852s] -- Up-to-date: /home/jack/work/install/detect_interface/include/detect_interface/detect_interface/msg/detail/bounding_box__rosidl_typesupport_fastrtps_c.h
[0.852s] -- Up-to-date: /home/jack/work/install/detect_interface/include/detect_interface/detect_interface/msg/detail/detection_results__rosidl_typesupport_fastrtps_c.h
[0.853s] -- Up-to-date: /home/jack/work/install/detect_interface/lib/libdetect_interface__rosidl_typesupport_fastrtps_c.so
[0.853s] -- Up-to-date: /home/jack/work/install/detect_interface/include/detect_interface/detect_interface
[0.853s] -- Up-to-date: /home/jack/work/install/detect_interface/include/detect_interface/detect_interface/msg
[0.853s] -- Up-to-date: /home/jack/work/install/detect_interface/include/detect_interface/detect_interface/msg/bounding_box.hpp
[0.853s] -- Up-to-date: /home/jack/work/install/detect_interface/include/detect_interface/detect_interface/msg/rosidl_generator_cpp__visibility_control.hpp
[0.853s] -- Up-to-date: /home/jack/work/install/detect_interface/include/detect_interface/detect_interface/msg/detail
[0.853s] -- Up-to-date: /home/jack/work/install/detect_interface/include/detect_interface/detect_interface/msg/detail/detection_results__struct.hpp
[0.853s] -- Up-to-date: /home/jack/work/install/detect_interface/include/detect_interface/detect_interface/msg/detail/bounding_box__type_support.hpp
[0.853s] -- Up-to-date: /home/jack/work/install/detect_interface/include/detect_interface/detect_interface/msg/detail/bounding_box__struct.hpp
[0.853s] -- Up-to-date: /home/jack/work/install/detect_interface/include/detect_interface/detect_interface/msg/detail/detection_results__traits.hpp
[0.853s] -- Up-to-date: /home/jack/work/install/detect_interface/include/detect_interface/detect_interface/msg/detail/detection_results__builder.hpp
[0.854s] -- Up-to-date: /home/jack/work/install/detect_interface/include/detect_interface/detect_interface/msg/detail/bounding_box__traits.hpp
[0.854s] -- Up-to-date: /home/jack/work/install/detect_interface/include/detect_interface/detect_interface/msg/detail/bounding_box__builder.hpp
[0.854s] -- Up-to-date: /home/jack/work/install/detect_interface/include/detect_interface/detect_interface/msg/detail/detection_results__type_support.hpp
[0.854s] -- Up-to-date: /home/jack/work/install/detect_interface/include/detect_interface/detect_interface/msg/detection_results.hpp
[0.854s] -- Up-to-date: /home/jack/work/install/detect_interface/include/detect_interface/detect_interface
[0.854s] -- Up-to-date: /home/jack/work/install/detect_interface/include/detect_interface/detect_interface/msg
[0.854s] -- Up-to-date: /home/jack/work/install/detect_interface/include/detect_interface/detect_interface/msg/rosidl_typesupport_fastrtps_cpp__visibility_control.h
[0.854s] -- Up-to-date: /home/jack/work/install/detect_interface/include/detect_interface/detect_interface/msg/detail
[0.854s] -- Up-to-date: /home/jack/work/install/detect_interface/include/detect_interface/detect_interface/msg/detail/bounding_box__rosidl_typesupport_fastrtps_cpp.hpp
[0.855s] -- Up-to-date: /home/jack/work/install/detect_interface/include/detect_interface/detect_interface/msg/detail/dds_fastrtps
[0.855s] -- Up-to-date: /home/jack/work/install/detect_interface/include/detect_interface/detect_interface/msg/detail/detection_results__rosidl_typesupport_fastrtps_cpp.hpp
[0.855s] -- Up-to-date: /home/jack/work/install/detect_interface/lib/libdetect_interface__rosidl_typesupport_fastrtps_cpp.so
[0.856s] -- Up-to-date: /home/jack/work/install/detect_interface/include/detect_interface/detect_interface
[0.856s] -- Up-to-date: /home/jack/work/install/detect_interface/include/detect_interface/detect_interface/msg
[0.856s] -- Up-to-date: /home/jack/work/install/detect_interface/include/detect_interface/detect_interface/msg/rosidl_typesupport_introspection_c__visibility_control.h
[0.857s] -- Up-to-date: /home/jack/work/install/detect_interface/include/detect_interface/detect_interface/msg/detail
[0.857s] -- Up-to-date: /home/jack/work/install/detect_interface/include/detect_interface/detect_interface/msg/detail/detection_results__type_support.c
[0.857s] -- Up-to-date: /home/jack/work/install/detect_interface/include/detect_interface/detect_interface/msg/detail/bounding_box__rosidl_typesupport_introspection_c.h
[0.857s] -- Up-to-date: /home/jack/work/install/detect_interface/include/detect_interface/detect_interface/msg/detail/bounding_box__type_support.c
[0.857s] -- Up-to-date: /home/jack/work/install/detect_interface/include/detect_interface/detect_interface/msg/detail/detection_results__rosidl_typesupport_introspection_c.h
[0.858s] -- Up-to-date: /home/jack/work/install/detect_interface/lib/libdetect_interface__rosidl_typesupport_introspection_c.so
[0.858s] -- Up-to-date: /home/jack/work/install/detect_interface/lib/libdetect_interface__rosidl_typesupport_c.so
[0.858s] -- Up-to-date: /home/jack/work/install/detect_interface/include/detect_interface/detect_interface
[0.858s] -- Up-to-date: /home/jack/work/install/detect_interface/include/detect_interface/detect_interface/msg
[0.858s] -- Up-to-date: /home/jack/work/install/detect_interface/include/detect_interface/detect_interface/msg/detail
[0.858s] -- Up-to-date: /home/jack/work/install/detect_interface/include/detect_interface/detect_interface/msg/detail/bounding_box__rosidl_typesupport_introspection_cpp.hpp
[0.859s] -- Up-to-date: /home/jack/work/install/detect_interface/include/detect_interface/detect_interface/msg/detail/detection_results__rosidl_typesupport_introspection_cpp.hpp
[0.859s] -- Up-to-date: /home/jack/work/install/detect_interface/include/detect_interface/detect_interface/msg/detail/bounding_box__type_support.cpp
[0.859s] -- Up-to-date: /home/jack/work/install/detect_interface/include/detect_interface/detect_interface/msg/detail/detection_results__type_support.cpp
[0.859s] -- Up-to-date: /home/jack/work/install/detect_interface/lib/libdetect_interface__rosidl_typesupport_introspection_cpp.so
[0.859s] -- Up-to-date: /home/jack/work/install/detect_interface/lib/libdetect_interface__rosidl_typesupport_cpp.so
[0.860s] -- Up-to-date: /home/jack/work/install/detect_interface/share/detect_interface/environment/pythonpath.sh
[0.860s] -- Up-to-date: /home/jack/work/install/detect_interface/share/detect_interface/environment/pythonpath.dsv
[0.860s] -- Up-to-date: /home/jack/work/install/detect_interface/local/lib/python3.10/dist-packages/detect_interface-0.0.0-py3.10.egg-info
[0.860s] -- Installing: /home/jack/work/install/detect_interface/local/lib/python3.10/dist-packages/detect_interface-0.0.0-py3.10.egg-info/top_level.txt
[0.860s] -- Installing: /home/jack/work/install/detect_interface/local/lib/python3.10/dist-packages/detect_interface-0.0.0-py3.10.egg-info/PKG-INFO
[0.860s] -- Installing: /home/jack/work/install/detect_interface/local/lib/python3.10/dist-packages/detect_interface-0.0.0-py3.10.egg-info/dependency_links.txt
[0.861s] -- Installing: /home/jack/work/install/detect_interface/local/lib/python3.10/dist-packages/detect_interface-0.0.0-py3.10.egg-info/SOURCES.txt
[0.861s] -- Up-to-date: /home/jack/work/install/detect_interface/local/lib/python3.10/dist-packages/detect_interface
[0.861s] -- Up-to-date: /home/jack/work/install/detect_interface/local/lib/python3.10/dist-packages/detect_interface/__init__.py
[0.861s] -- Up-to-date: /home/jack/work/install/detect_interface/local/lib/python3.10/dist-packages/detect_interface/_detect_interface_s.ep.rosidl_typesupport_introspection_c.c
[0.861s] -- Installing: /home/jack/work/install/detect_interface/local/lib/python3.10/dist-packages/detect_interface/detect_interface_s__rosidl_typesupport_introspection_c.cpython-310-x86_64-linux-gnu.so
[0.862s] -- Installing: /home/jack/work/install/detect_interface/local/lib/python3.10/dist-packages/detect_interface/detect_interface_s__rosidl_typesupport_fastrtps_c.cpython-310-x86_64-linux-gnu.so
[0.862s] -- Installing: /home/jack/work/install/detect_interface/local/lib/python3.10/dist-packages/detect_interface/libdetect_interface__rosidl_generator_py.so
[0.862s] -- Up-to-date: /home/jack/work/install/detect_interface/local/lib/python3.10/dist-packages/detect_interface/_detect_interface_s.ep.rosidl_typesupport_c.c
[0.862s] -- Installing: /home/jack/work/install/detect_interface/local/lib/python3.10/dist-packages/detect_interface/detect_interface_s__rosidl_typesupport_c.cpython-310-x86_64-linux-gnu.so
[0.862s] -- Up-to-date: /home/jack/work/install/detect_interface/local/lib/python3.10/dist-packages/detect_interface/msg
[0.862s] -- Up-to-date: /home/jack/work/install/detect_interface/local/lib/python3.10/dist-packages/detect_interface/msg/__init__.py
[0.863s] -- Up-to-date: /home/jack/work/install/detect_interface/local/lib/python3.10/dist-packages/detect_interface/msg/_bounding_box.py
[0.863s] -- Up-to-date: /home/jack/work/install/detect_interface/local/lib/python3.10/dist-packages/detect_interface/msg/_detection_results.py
[0.863s] -- Up-to-date: /home/jack/work/install/detect_interface/local/lib/python3.10/dist-packages/detect_interface/msg/_bounding_box_s.c
[0.863s] -- Up-to-date: /home/jack/work/install/detect_interface/local/lib/python3.10/dist-packages/detect_interface/msg/_detection_results_s.c
[0.863s] -- Up-to-date: /home/jack/work/install/detect_interface/local/lib/python3.10/dist-packages/detect_interface/_detect_interface_s.ep.rosidl_typesupport_fastrtps_c.c
[0.913s] Listing '/home/jack/work/install/detect_interface/local/lib/python3.10/dist-packages/detect_interface'...
[0.913s] Listing '/home/jack/work/install/detect_interface/local/lib/python3.10/dist-packages/detect_interface/msg'...
[0.919s] -- Installing: /home/jack/work/install/detect_interface/local/lib/python3.10/dist-packages/detect_interface/detect_interface_s__rosidl_typesupport_fastrtps_c.cpython-310-x86_64-linux-gnu.so
[0.919s] -- Set runtime path of "/home/jack/work/install/detect_interface/local/lib/python3.10/dist-packages/detect_interface/detect_interface_s__rosidl_typesupport_fastrtps_c.cpython-310-x86_64-linux-gnu.so" to ""
[0.919s] -- Installing: /home/jack/work/install/detect_interface/local/lib/python3.10/dist-packages/detect_interface/detect_interface_s__rosidl_typesupport_introspection_c.cpython-310-x86_64-linux-gnu.so
[0.919s] -- Set runtime path of "/home/jack/work/install/detect_interface/local/lib/python3.10/dist-packages/detect_interface/detect_interface_s__rosidl_typesupport_introspection_c.cpython-310-x86_64-linux-gnu.so" to ""
[0.920s] -- Installing: /home/jack/work/install/detect_interface/local/lib/python3.10/dist-packages/detect_interface/detect_interface_s__rosidl_typesupport_c.cpython-310-x86_64-linux-gnu.so
[0.920s] -- Set runtime path of "/home/jack/work/install/detect_interface/local/lib/python3.10/dist-packages/detect_interface/detect_interface_s__rosidl_typesupport_c.cpython-310-x86_64-linux-gnu.so" to ""
[0.920s] -- Installing: /home/jack/work/install/detect_interface/lib/libdetect_interface__rosidl_generator_py.so
[0.920s] -- Set runtime path of "/home/jack/work/install/detect_interface/lib/libdetect_interface__rosidl_generator_py.so" to ""
[0.921s] -- Up-to-date: /home/jack/work/install/detect_interface/share/ament_index/resource_index/rust_packages/detect_interface
[0.921s] -- Up-to-date: /home/jack/work/install/detect_interface/share/detect_interface/rust
[0.921s] -- Up-to-date: /home/jack/work/install/detect_interface/share/detect_interface/rust/Cargo.toml
[0.921s] -- Up-to-date: /home/jack/work/install/detect_interface/share/detect_interface/rust/src
[0.921s] -- Up-to-date: /home/jack/work/install/detect_interface/share/detect_interface/rust/src/msg.rs
[0.922s] -- Up-to-date: /home/jack/work/install/detect_interface/share/detect_interface/rust/src/msg
[0.922s] -- Up-to-date: /home/jack/work/install/detect_interface/share/detect_interface/rust/src/msg/rmw.rs
[0.922s] -- Up-to-date: /home/jack/work/install/detect_interface/share/detect_interface/rust/src/lib.rs
[0.922s] -- Up-to-date: /home/jack/work/install/detect_interface/share/detect_interface/rust/build.rs
[0.922s] -- Up-to-date: /home/jack/work/install/detect_interface/share/detect_interface/msg/DetectionResults.idl
[0.922s] -- Up-to-date: /home/jack/work/install/detect_interface/share/detect_interface/msg/BoundingBox.idl
[0.923s] -- Up-to-date: /home/jack/work/install/detect_interface/share/detect_interface/msg/DetectionResults.msg
[0.923s] -- Up-to-date: /home/jack/work/install/detect_interface/share/detect_interface/msg/BoundingBox.msg
[0.923s] -- Up-to-date: /home/jack/work/install/detect_interface/share/ament_index/resource_index/package_run_dependencies/detect_interface
[0.923s] -- Up-to-date: /home/jack/work/install/detect_interface/share/ament_index/resource_index/parent_prefix_path/detect_interface
[0.924s] -- Up-to-date: /home/jack/work/install/detect_interface/share/detect_interface/environment/ament_prefix_path.sh
[0.924s] -- Up-to-date: /home/jack/work/install/detect_interface/share/detect_interface/environment/ament_prefix_path.dsv
[0.924s] -- Up-to-date: /home/jack/work/install/detect_interface/share/detect_interface/environment/path.sh
[0.924s] -- Up-to-date: /home/jack/work/install/detect_interface/share/detect_interface/environment/path.dsv
[0.924s] -- Up-to-date: /home/jack/work/install/detect_interface/share/detect_interface/local_setup.bash
[0.924s] -- Up-to-date: /home/jack/work/install/detect_interface/share/detect_interface/local_setup.sh
[0.924s] -- Up-to-date: /home/jack/work/install/detect_interface/share/detect_interface/local_setup.zsh
[0.925s] -- Up-to-date: /home/jack/work/install/detect_interface/share/detect_interface/local_setup.dsv
[0.925s] -- Installing: /home/jack/work/install/detect_interface/share/detect_interface/package.dsv
[0.925s] -- Up-to-date: /home/jack/work/install/detect_interface/share/ament_index/resource_index/packages/detect_interface
[0.926s] -- Up-to-date: /home/jack/work/install/detect_interface/share/detect_interface/cmake/export_detect_interface__rosidl_generator_cExport.cmake
[0.927s] -- Up-to-date: /home/jack/work/install/detect_interface/share/detect_interface/cmake/export_detect_interface__rosidl_generator_cExport-noconfig.cmake
[0.927s] -- Up-to-date: /home/jack/work/install/detect_interface/share/detect_interface/cmake/export_detect_interface__rosidl_typesupport_fastrtps_cExport.cmake
[0.927s] -- Up-to-date: /home/jack/work/install/detect_interface/share/detect_interface/cmake/export_detect_interface__rosidl_typesupport_fastrtps_cExport-noconfig.cmake
[0.928s] -- Up-to-date: /home/jack/work/install/detect_interface/share/detect_interface/cmake/export_detect_interface__rosidl_generator_cppExport.cmake
[0.928s] -- Up-to-date: /home/jack/work/install/detect_interface/share/detect_interface/cmake/export_detect_interface__rosidl_typesupport_fastrtps_cppExport.cmake
[0.928s] -- Up-to-date: /home/jack/work/install/detect_interface/share/detect_interface/cmake/export_detect_interface__rosidl_typesupport_fastrtps_cppExport-noconfig.cmake
[0.929s] -- Up-to-date: /home/jack/work/install/detect_interface/share/detect_interface/cmake/detect_interface__rosidl_typesupport_introspection_cExport.cmake
[0.929s] -- Up-to-date: /home/jack/work/install/detect_interface/share/detect_interface/cmake/detect_interface__rosidl_typesupport_introspection_cExport-noconfig.cmake
[0.930s] -- Up-to-date: /home/jack/work/install/detect_interface/share/detect_interface/cmake/detect_interface__rosidl_typesupport_cExport.cmake
[0.930s] -- Up-to-date: /home/jack/work/install/detect_interface/share/detect_interface/cmake/detect_interface__rosidl_typesupport_cExport-noconfig.cmake
[0.930s] -- Up-to-date: /home/jack/work/install/detect_interface/share/detect_interface/cmake/detect_interface__rosidl_typesupport_introspection_cppExport.cmake
[0.931s] -- Up-to-date: /home/jack/work/install/detect_interface/share/detect_interface/cmake/detect_interface__rosidl_typesupport_introspection_cppExport-noconfig.cmake
[0.932s] -- Up-to-date: /home/jack/work/install/detect_interface/share/detect_interface/cmake/detect_interface__rosidl_typesupport_cppExport.cmake
[0.932s] -- Up-to-date: /home/jack/work/install/detect_interface/share/detect_interface/cmake/detect_interface__rosidl_typesupport_cppExport-noconfig.cmake
[0.932s] -- Up-to-date: /home/jack/work/install/detect_interface/share/detect_interface/cmake/export_detect_interface__rosidl_generator_pyExport.cmake
[0.933s] -- Up-to-date: /home/jack/work/install/detect_interface/share/detect_interface/cmake/export_detect_interface__rosidl_generator_pyExport-noconfig.cmake
[0.933s] -- Up-to-date: /home/jack/work/install/detect_interface/share/detect_interface/cmake/rosidl_cmake-extras.cmake
[0.933s] -- Up-to-date: /home/jack/work/install/detect_interface/share/detect_interface/cmake/ament_cmake_export_dependencies-extras.cmake
[0.933s] -- Up-to-date: /home/jack/work/install/detect_interface/share/detect_interface/cmake/ament_cmake_export_include_directories-extras.cmake
[0.933s] -- Up-to-date: /home/jack/work/install/detect_interface/share/detect_interface/cmake/ament_cmake_export_libraries-extras.cmake
[0.933s] -- Up-to-date: /home/jack/work/install/detect_interface/share/detect_interface/cmake/ament_cmake_export_targets-extras.cmake
[0.934s] -- Up-to-date: /home/jack/work/install/detect_interface/share/detect_interface/cmake/rosidl_cmake_export_typesupport_targets-extras.cmake
[0.935s] -- Up-to-date: /home/jack/work/install/detect_interface/share/detect_interface/cmake/rosidl_cmake_export_typesupport_libraries-extras.cmake
[0.935s] -- Up-to-date: /home/jack/work/install/detect_interface/share/detect_interface/cmake/detect_interfaceConfig.cmake
[0.935s] -- Up-to-date: /home/jack/work/install/detect_interface/share/detect_interface/cmake/detect_interfaceConfig-version.cmake
[0.935s] -- Up-to-date: /home/jack/work/install/detect_interface/share/detect_interface/package.xml
[0.949s] Invoked command in '/home/jack/work/build/detect_interface' returned '0': CMAKE_PREFIX_PATH=${CMAKE_PREFIX_PATH}:/home/jack/work/install/yolov7_obj_detect:/home/jack/work/install/hiwin_example:/home/jack/work/install/hiwin_control:/home/jack/work/install/center:/opt/ros/humble /usr/bin/cmake --install /home/jack/work/build/detect_interface
