[0.025s] Invoking command in '/home/jack/work/build/realsense2_camera_msgs': CMAKE_PREFIX_PATH=${CMAKE_PREFIX_PATH}:/home/jack/work/install/yolov7_obj_detect:/home/jack/work/install/hiwin_example:/home/jack/work/install/hiwin_control:/home/jack/work/install/center:/opt/ros/humble /usr/bin/cmake --build /home/jack/work/build/realsense2_camera_msgs -- -j16 -l16
[0.101s] [  1%] Built target realsense2_camera_msgs__rs
[0.127s] [ 12%] Built target realsense2_camera_msgs__rosidl_generator_c
[0.130s] [ 14%] Built target realsense2_camera_msgs__cpp
[0.145s] [ 14%] Built target ament_cmake_python_copy_realsense2_camera_msgs
[0.183s] [ 25%] Built target realsense2_camera_msgs__rosidl_typesupport_fastrtps_c
[0.188s] [ 35%] Built target realsense2_camera_msgs__rosidl_typesupport_c
[0.188s] [ 46%] Built target realsense2_camera_msgs__rosidl_typesupport_cpp
[0.200s] [ 57%] Built target realsense2_camera_msgs__rosidl_typesupport_introspection_cpp
[0.208s] [ 68%] Built target realsense2_camera_msgs__rosidl_typesupport_fastrtps_cpp
[0.213s] [ 79%] Built target realsense2_camera_msgs__rosidl_typesupport_introspection_c
[0.246s] [ 79%] Built target realsense2_camera_msgs
[0.280s] [ 81%] Built target realsense2_camera_msgs__py
[0.326s] [ 82%] [32mBuilding C object CMakeFiles/realsense2_camera_msgs__rosidl_generator_py.dir/rosidl_generator_py/realsense2_camera_msgs/msg/_imu_info_s.c.o[0m
[0.353s] [ 84%] [32mBuilding C object CMakeFiles/realsense2_camera_msgs__rosidl_generator_py.dir/rosidl_generator_py/realsense2_camera_msgs/msg/_extrinsics_s.c.o[0m
[0.353s] [ 85%] [32mBuilding C object CMakeFiles/realsense2_camera_msgs__rosidl_generator_py.dir/rosidl_generator_py/realsense2_camera_msgs/msg/_metadata_s.c.o[0m
[0.353s] [ 87%] [32mBuilding C object CMakeFiles/realsense2_camera_msgs__rosidl_generator_py.dir/rosidl_generator_py/realsense2_camera_msgs/srv/_device_info_s.c.o[0m
[0.353s] [ 89%] [32mBuilding C object CMakeFiles/realsense2_camera_msgs__rosidl_generator_py.dir/rosidl_generator_py/realsense2_camera_msgs/msg/_rgbd_s.c.o[0m
[0.451s] [01m[K/home/jack/work/build/realsense2_camera_msgs/rosidl_generator_py/realsense2_camera_msgs/srv/_device_info_s.c:11:10:[m[K [01;31m[Kfatal error: [m[Knumpy/ndarrayobject.h: No such file or directory
[0.451s]    11 | #include [01;31m[K"numpy/ndarrayobject.h"[m[K
[0.452s]       |          [01;31m[K^~~~~~~~~~~~~~~~~~~~~~~[m[K
[0.452s] compilation terminated.
[0.452s] gmake[2]: *** [CMakeFiles/realsense2_camera_msgs__rosidl_generator_py.dir/build.make:132: CMakeFiles/realsense2_camera_msgs__rosidl_generator_py.dir/rosidl_generator_py/realsense2_camera_msgs/srv/_device_info_s.c.o] Error 1
[0.452s] gmake[2]: *** Waiting for unfinished jobs....
[0.452s] [01m[K/home/jack/work/build/realsense2_camera_msgs/rosidl_generator_py/realsense2_camera_msgs/msg/_imu_info_s.c:11:10:[m[K [01;31m[Kfatal error: [m[Knumpy/ndarrayobject.h: No such file or directory
[0.452s]    11 | #include [01;31m[K"numpy/ndarrayobject.h"[m[K
[0.452s]       |          [01;31m[K^~~~~~~~~~~~~~~~~~~~~~~[m[K
[0.452s] compilation terminated.
[0.453s] gmake[2]: *** [CMakeFiles/realsense2_camera_msgs__rosidl_generator_py.dir/build.make:76: CMakeFiles/realsense2_camera_msgs__rosidl_generator_py.dir/rosidl_generator_py/realsense2_camera_msgs/msg/_imu_info_s.c.o] Error 1
[0.478s] [01m[K/home/jack/work/build/realsense2_camera_msgs/rosidl_generator_py/realsense2_camera_msgs/msg/_extrinsics_s.c:11:10:[m[K [01;31m[Kfatal error: [m[Knumpy/ndarrayobject.h: No such file or directory
[0.478s]    11 | #include [01;31m[K"numpy/ndarrayobject.h"[m[K
[0.478s]       |          [01;31m[K^~~~~~~~~~~~~~~~~~~~~~~[m[K
[0.478s] compilation terminated.
[0.482s] gmake[2]: *** [CMakeFiles/realsense2_camera_msgs__rosidl_generator_py.dir/build.make:90: CMakeFiles/realsense2_camera_msgs__rosidl_generator_py.dir/rosidl_generator_py/realsense2_camera_msgs/msg/_extrinsics_s.c.o] Error 1
[0.485s] running egg_info
[0.487s] [01m[K/home/jack/work/build/realsense2_camera_msgs/rosidl_generator_py/realsense2_camera_msgs/msg/_rgbd_s.c:11:10:[m[K [01;31m[Kfatal error: [m[Knumpy/ndarrayobject.h: No such file or directory
[0.487s]    11 | #include [01;31m[K"numpy/ndarrayobject.h"[m[K
[0.487s]       |          [01;31m[K^~~~~~~~~~~~~~~~~~~~~~~[m[K
[0.487s] compilation terminated.
[0.488s] gmake[2]: *** [CMakeFiles/realsense2_camera_msgs__rosidl_generator_py.dir/build.make:118: CMakeFiles/realsense2_camera_msgs__rosidl_generator_py.dir/rosidl_generator_py/realsense2_camera_msgs/msg/_rgbd_s.c.o] Error 1
[0.504s] writing realsense2_camera_msgs.egg-info/PKG-INFO
[0.505s] writing dependency_links to realsense2_camera_msgs.egg-info/dependency_links.txt
[0.505s] writing top-level names to realsense2_camera_msgs.egg-info/top_level.txt
[0.514s] [01m[K/home/jack/work/build/realsense2_camera_msgs/rosidl_generator_py/realsense2_camera_msgs/msg/_metadata_s.c:11:10:[m[K [01;31m[Kfatal error: [m[Knumpy/ndarrayobject.h: No such file or directory
[0.514s]    11 | #include [01;31m[K"numpy/ndarrayobject.h"[m[K
[0.514s]       |          [01;31m[K^~~~~~~~~~~~~~~~~~~~~~~[m[K
[0.514s] compilation terminated.
[0.516s] gmake[2]: *** [CMakeFiles/realsense2_camera_msgs__rosidl_generator_py.dir/build.make:104: CMakeFiles/realsense2_camera_msgs__rosidl_generator_py.dir/rosidl_generator_py/realsense2_camera_msgs/msg/_metadata_s.c.o] Error 1
[0.516s] gmake[1]: *** [CMakeFiles/Makefile2:494: CMakeFiles/realsense2_camera_msgs__rosidl_generator_py.dir/all] Error 2
[0.516s] gmake[1]: *** Waiting for unfinished jobs....
[0.564s] reading manifest file 'realsense2_camera_msgs.egg-info/SOURCES.txt'
[0.564s] writing manifest file 'realsense2_camera_msgs.egg-info/SOURCES.txt'
[0.602s] [ 89%] Built target ament_cmake_python_build_realsense2_camera_msgs_egg
[0.608s] gmake: *** [Makefile:146: all] Error 2
[0.609s] Invoked command in '/home/jack/work/build/realsense2_camera_msgs' returned '2': CMAKE_PREFIX_PATH=${CMAKE_PREFIX_PATH}:/home/jack/work/install/yolov7_obj_detect:/home/jack/work/install/hiwin_example:/home/jack/work/install/hiwin_control:/home/jack/work/install/center:/opt/ros/humble /usr/bin/cmake --build /home/jack/work/build/realsense2_camera_msgs -- -j16 -l16
