[0.058s] Invoking command in '/home/jack/work/build/hiwin_libmodbus': CMAKE_PREFIX_PATH=/home/jack/work/install/hiwin_interfaces:/home/jack/work/install/realsense2_description:/home/jack/work/install/realsense2_camera:/home/jack/work/install/realsense2_camera_msgs:/home/jack/work/install/hiwin_service_client:/home/jack/work/install/hiwin_libmodbus:/home/jack/work/install/detect_interface:/home/jack/work/install/yolov7_obj_detect:/home/jack/work/install/hiwin_example:/home/jack/work/install/hiwin_control:/home/jack/work/install/center:/opt/ros/humble LD_LIBRARY_PATH=/home/jack/work/install/hiwin_interfaces/lib:/home/jack/work/install/realsense2_camera/lib:/home/jack/work/install/realsense2_camera_msgs/lib:/home/jack/work/install/hiwin_libmodbus/lib:/home/jack/work/install/detect_interface/lib:/opt/ros/humble/opt/rviz_ogre_vendor/lib:/opt/ros/humble/lib/x86_64-linux-gnu:/opt/ros/humble/lib:/usr/local/nvidia/lib:/usr/local/nvidia/lib64 /usr/bin/cmake --build /home/jack/work/build/hiwin_libmodbus -- -j16 -l16
[0.105s] [ 42%] Built target hiwin_libmodbus
[0.114s] [ 42%] Built target ament_cmake_python_copy_hiwin_libmodbus
[0.125s] [ 57%] Built target hiwin_libmodbus_node
[0.128s] [ 71%] Built target hiwin_libmodbus_ctype_wrapper
[0.128s] [ 85%] Built target hiwinmodbus_server
[0.134s] [100%] Built target hiwinlibmodbus_server
[0.267s] running egg_info
[0.277s] writing hiwin_libmodbus.egg-info/PKG-INFO
[0.277s] writing dependency_links to hiwin_libmodbus.egg-info/dependency_links.txt
[0.277s] writing top-level names to hiwin_libmodbus.egg-info/top_level.txt
[0.305s] reading manifest file 'hiwin_libmodbus.egg-info/SOURCES.txt'
[0.306s] writing manifest file 'hiwin_libmodbus.egg-info/SOURCES.txt'
[0.332s] [100%] Built target ament_cmake_python_build_hiwin_libmodbus_egg
[0.523s] Invoked command in '/home/jack/work/build/hiwin_libmodbus' returned '0': CMAKE_PREFIX_PATH=/home/jack/work/install/hiwin_interfaces:/home/jack/work/install/realsense2_description:/home/jack/work/install/realsense2_camera:/home/jack/work/install/realsense2_camera_msgs:/home/jack/work/install/hiwin_service_client:/home/jack/work/install/hiwin_libmodbus:/home/jack/work/install/detect_interface:/home/jack/work/install/yolov7_obj_detect:/home/jack/work/install/hiwin_example:/home/jack/work/install/hiwin_control:/home/jack/work/install/center:/opt/ros/humble LD_LIBRARY_PATH=/home/jack/work/install/hiwin_interfaces/lib:/home/jack/work/install/realsense2_camera/lib:/home/jack/work/install/realsense2_camera_msgs/lib:/home/jack/work/install/hiwin_libmodbus/lib:/home/jack/work/install/detect_interface/lib:/opt/ros/humble/opt/rviz_ogre_vendor/lib:/opt/ros/humble/lib/x86_64-linux-gnu:/opt/ros/humble/lib:/usr/local/nvidia/lib:/usr/local/nvidia/lib64 /usr/bin/cmake --build /home/jack/work/build/hiwin_libmodbus -- -j16 -l16
[0.524s] Invoking command in '/home/jack/work/build/hiwin_libmodbus': CMAKE_PREFIX_PATH=/home/jack/work/install/hiwin_interfaces:/home/jack/work/install/realsense2_description:/home/jack/work/install/realsense2_camera:/home/jack/work/install/realsense2_camera_msgs:/home/jack/work/install/hiwin_service_client:/home/jack/work/install/hiwin_libmodbus:/home/jack/work/install/detect_interface:/home/jack/work/install/yolov7_obj_detect:/home/jack/work/install/hiwin_example:/home/jack/work/install/hiwin_control:/home/jack/work/install/center:/opt/ros/humble LD_LIBRARY_PATH=/home/jack/work/install/hiwin_interfaces/lib:/home/jack/work/install/realsense2_camera/lib:/home/jack/work/install/realsense2_camera_msgs/lib:/home/jack/work/install/hiwin_libmodbus/lib:/home/jack/work/install/detect_interface/lib:/opt/ros/humble/opt/rviz_ogre_vendor/lib:/opt/ros/humble/lib/x86_64-linux-gnu:/opt/ros/humble/lib:/usr/local/nvidia/lib:/usr/local/nvidia/lib64 /usr/bin/cmake --install /home/jack/work/build/hiwin_libmodbus
[0.528s] -- Install configuration: ""
[0.528s] -- Up-to-date: /home/jack/work/install/hiwin_libmodbus/include
[0.529s] -- Up-to-date: /home/jack/work/install/hiwin_libmodbus/include/hiwin_libmodbus
[0.529s] -- Up-to-date: /home/jack/work/install/hiwin_libmodbus/include/hiwin_libmodbus/visibility_control.h
[0.529s] -- Up-to-date: /home/jack/work/install/hiwin_libmodbus/include/hiwin_libmodbus/hiwin_libmodbus.hpp
[0.529s] -- Up-to-date: /home/jack/work/install/hiwin_libmodbus/lib/libhiwin_libmodbus.so
[0.529s] -- Up-to-date: /home/jack/work/install/hiwin_libmodbus/lib/libhiwin_libmodbus_ctype_wrapper.so
[0.529s] -- Up-to-date: /home/jack/work/install/hiwin_libmodbus/lib/hiwin_libmodbus/hiwinmodbus_server
[0.529s] -- Up-to-date: /home/jack/work/install/hiwin_libmodbus/lib/hiwin_libmodbus/hiwinlibmodbus_server
[0.529s] -- Up-to-date: /home/jack/work/install/hiwin_libmodbus/lib/hiwin_libmodbus/hiwin_libmodbus_node
[0.529s] -- Up-to-date: /home/jack/work/install/hiwin_libmodbus/share/hiwin_libmodbus/environment/pythonpath.sh
[0.529s] -- Up-to-date: /home/jack/work/install/hiwin_libmodbus/share/hiwin_libmodbus/environment/pythonpath.dsv
[0.530s] -- Up-to-date: /home/jack/work/install/hiwin_libmodbus/local/lib/python3.10/dist-packages/hiwin_libmodbus-0.0.0-py3.10.egg-info
[0.530s] -- Installing: /home/jack/work/install/hiwin_libmodbus/local/lib/python3.10/dist-packages/hiwin_libmodbus-0.0.0-py3.10.egg-info/top_level.txt
[0.530s] -- Installing: /home/jack/work/install/hiwin_libmodbus/local/lib/python3.10/dist-packages/hiwin_libmodbus-0.0.0-py3.10.egg-info/PKG-INFO
[0.530s] -- Installing: /home/jack/work/install/hiwin_libmodbus/local/lib/python3.10/dist-packages/hiwin_libmodbus-0.0.0-py3.10.egg-info/dependency_links.txt
[0.530s] -- Installing: /home/jack/work/install/hiwin_libmodbus/local/lib/python3.10/dist-packages/hiwin_libmodbus-0.0.0-py3.10.egg-info/SOURCES.txt
[0.530s] -- Up-to-date: /home/jack/work/install/hiwin_libmodbus/local/lib/python3.10/dist-packages/hiwin_libmodbus
[0.530s] -- Up-to-date: /home/jack/work/install/hiwin_libmodbus/local/lib/python3.10/dist-packages/hiwin_libmodbus/__init__.py
[0.530s] -- Up-to-date: /home/jack/work/install/hiwin_libmodbus/local/lib/python3.10/dist-packages/hiwin_libmodbus/hiwin_libmodbus.py
[0.553s] Listing '/home/jack/work/install/hiwin_libmodbus/local/lib/python3.10/dist-packages/hiwin_libmodbus'...
[0.557s] -- Up-to-date: /home/jack/work/install/hiwin_libmodbus/lib/hiwin_libmodbus/Hiwin_API_test.py
[0.557s] -- Up-to-date: /home/jack/work/install/hiwin_libmodbus/share/hiwin_libmodbus/environment/library_path.sh
[0.557s] -- Up-to-date: /home/jack/work/install/hiwin_libmodbus/share/hiwin_libmodbus/environment/library_path.dsv
[0.557s] -- Up-to-date: /home/jack/work/install/hiwin_libmodbus/share/ament_index/resource_index/package_run_dependencies/hiwin_libmodbus
[0.557s] -- Up-to-date: /home/jack/work/install/hiwin_libmodbus/share/ament_index/resource_index/parent_prefix_path/hiwin_libmodbus
[0.557s] -- Up-to-date: /home/jack/work/install/hiwin_libmodbus/share/hiwin_libmodbus/environment/ament_prefix_path.sh
[0.557s] -- Up-to-date: /home/jack/work/install/hiwin_libmodbus/share/hiwin_libmodbus/environment/ament_prefix_path.dsv
[0.557s] -- Up-to-date: /home/jack/work/install/hiwin_libmodbus/share/hiwin_libmodbus/environment/path.sh
[0.557s] -- Up-to-date: /home/jack/work/install/hiwin_libmodbus/share/hiwin_libmodbus/environment/path.dsv
[0.557s] -- Up-to-date: /home/jack/work/install/hiwin_libmodbus/share/hiwin_libmodbus/local_setup.bash
[0.557s] -- Up-to-date: /home/jack/work/install/hiwin_libmodbus/share/hiwin_libmodbus/local_setup.sh
[0.557s] -- Up-to-date: /home/jack/work/install/hiwin_libmodbus/share/hiwin_libmodbus/local_setup.zsh
[0.558s] -- Up-to-date: /home/jack/work/install/hiwin_libmodbus/share/hiwin_libmodbus/local_setup.dsv
[0.558s] -- Installing: /home/jack/work/install/hiwin_libmodbus/share/hiwin_libmodbus/package.dsv
[0.558s] -- Up-to-date: /home/jack/work/install/hiwin_libmodbus/share/ament_index/resource_index/packages/hiwin_libmodbus
[0.558s] -- Up-to-date: /home/jack/work/install/hiwin_libmodbus/share/hiwin_libmodbus/cmake/export_hiwin_libmodbusExport.cmake
[0.558s] -- Up-to-date: /home/jack/work/install/hiwin_libmodbus/share/hiwin_libmodbus/cmake/export_hiwin_libmodbusExport-noconfig.cmake
[0.558s] -- Up-to-date: /home/jack/work/install/hiwin_libmodbus/share/hiwin_libmodbus/cmake/ament_cmake_export_include_directories-extras.cmake
[0.558s] -- Up-to-date: /home/jack/work/install/hiwin_libmodbus/share/hiwin_libmodbus/cmake/ament_cmake_export_libraries-extras.cmake
[0.558s] -- Up-to-date: /home/jack/work/install/hiwin_libmodbus/share/hiwin_libmodbus/cmake/ament_cmake_export_targets-extras.cmake
[0.558s] -- Up-to-date: /home/jack/work/install/hiwin_libmodbus/share/hiwin_libmodbus/cmake/hiwin_libmodbusConfig.cmake
[0.558s] -- Up-to-date: /home/jack/work/install/hiwin_libmodbus/share/hiwin_libmodbus/cmake/hiwin_libmodbusConfig-version.cmake
[0.558s] -- Up-to-date: /home/jack/work/install/hiwin_libmodbus/share/hiwin_libmodbus/package.xml
[0.560s] Invoked command in '/home/jack/work/build/hiwin_libmodbus' returned '0': CMAKE_PREFIX_PATH=/home/jack/work/install/hiwin_interfaces:/home/jack/work/install/realsense2_description:/home/jack/work/install/realsense2_camera:/home/jack/work/install/realsense2_camera_msgs:/home/jack/work/install/hiwin_service_client:/home/jack/work/install/hiwin_libmodbus:/home/jack/work/install/detect_interface:/home/jack/work/install/yolov7_obj_detect:/home/jack/work/install/hiwin_example:/home/jack/work/install/hiwin_control:/home/jack/work/install/center:/opt/ros/humble LD_LIBRARY_PATH=/home/jack/work/install/hiwin_interfaces/lib:/home/jack/work/install/realsense2_camera/lib:/home/jack/work/install/realsense2_camera_msgs/lib:/home/jack/work/install/hiwin_libmodbus/lib:/home/jack/work/install/detect_interface/lib:/opt/ros/humble/opt/rviz_ogre_vendor/lib:/opt/ros/humble/lib/x86_64-linux-gnu:/opt/ros/humble/lib:/usr/local/nvidia/lib:/usr/local/nvidia/lib64 /usr/bin/cmake --install /home/jack/work/build/hiwin_libmodbus
