-- Found ament_cmake_ros: 0.10.0 (/opt/ros/humble/share/ament_cmake_ros/cmake)
-- Found geometry_msgs: 4.9.1 (/opt/ros/humble/share/geometry_msgs/cmake)
-- Found rosidl_generator_c: 3.1.8 (/opt/ros/humble/share/rosidl_generator_c/cmake)
-- Found rosidl_adapter: 3.1.8 (/opt/ros/humble/share/rosidl_adapter/cmake)
-- Found rosidl_generator_cpp: 3.1.8 (/opt/ros/humble/share/rosidl_generator_cpp/cmake)
-- Using all available rosidl_typesupport_c: rosidl_typesupport_fastrtps_c;rosidl_typesupport_introspection_c
-- Using all available rosidl_typesupport_cpp: rosidl_typesupport_fastrtps_cpp;rosidl_typesupport_introspection_cpp
-- Found sensor_msgs: 4.9.1 (/opt/ros/humble/share/sensor_msgs/cmake)
[31mCMake Error at CMakeLists.txt:16 (find_package):
  By not providing "Findcamera_calibration_parsers.cmake" in
  CMAKE_MODULE_PATH this project has asked CMake to find a package
  configuration file provided by "camera_calibration_parsers", but CMake did
  not find one.

  Could not find a package configuration file provided by
  "camera_calibration_parsers" with any of the following names:

    camera_calibration_parsersConfig.cmake
    camera_calibration_parsers-config.cmake

  Add the installation prefix of "camera_calibration_parsers" to
  CMAKE_PREFIX_PATH or set "camera_calibration_parsers_DIR" to a directory
  containing one of the above files.  If "camera_calibration_parsers"
  provides a separate development package or SDK, be sure it has been
  installed.

[0m
-- Configuring incomplete, errors occurred!
See also "/home/jack/work/build/visp_bridge/CMakeFiles/CMakeOutput.log".
gmake: *** [Makefile:254: cmake_check_build_system] Error 1
