[0.014s] Invoking command in '/home/jack/work/build/visp_bridge': CMAKE_PREFIX_PATH=${CMAKE_PREFIX_PATH}:/home/jack/work/install/yolov7_obj_detect:/home/jack/work/install/hiwin_example:/home/jack/work/install/hiwin_control:/home/jack/work/install/center:/opt/ros/humble /usr/bin/cmake --build /home/jack/work/build/visp_bridge -- -j16 -l16
[0.034s] -- Found ament_cmake_ros: 0.10.0 (/opt/ros/humble/share/ament_cmake_ros/cmake)
[0.197s] -- Found geometry_msgs: 4.9.1 (/opt/ros/humble/share/geometry_msgs/cmake)
[0.225s] -- Found rosidl_generator_c: 3.1.8 (/opt/ros/humble/share/rosidl_generator_c/cmake)
[0.228s] -- Found rosidl_adapter: 3.1.8 (/opt/ros/humble/share/rosidl_adapter/cmake)
[0.236s] -- Found rosidl_generator_cpp: 3.1.8 (/opt/ros/humble/share/rosidl_generator_cpp/cmake)
[0.249s] -- Using all available rosidl_typesupport_c: rosidl_typesupport_fastrtps_c;rosidl_typesupport_introspection_c
[0.267s] -- Using all available rosidl_typesupport_cpp: rosidl_typesupport_fastrtps_cpp;rosidl_typesupport_introspection_cpp
[0.303s] -- Found sensor_msgs: 4.9.1 (/opt/ros/humble/share/sensor_msgs/cmake)
[0.322s] [31mCMake Error at CMakeLists.txt:16 (find_package):
[0.322s]   By not providing "Findcamera_calibration_parsers.cmake" in
[0.322s]   CMAKE_MODULE_PATH this project has asked CMake to find a package
[0.323s]   configuration file provided by "camera_calibration_parsers", but CMake did
[0.323s]   not find one.
[0.323s] 
[0.323s]   Could not find a package configuration file provided by
[0.323s]   "camera_calibration_parsers" with any of the following names:
[0.323s] 
[0.323s]     camera_calibration_parsersConfig.cmake
[0.323s]     camera_calibration_parsers-config.cmake
[0.323s] 
[0.323s]   Add the installation prefix of "camera_calibration_parsers" to
[0.323s]   CMAKE_PREFIX_PATH or set "camera_calibration_parsers_DIR" to a directory
[0.323s]   containing one of the above files.  If "camera_calibration_parsers"
[0.323s]   provides a separate development package or SDK, be sure it has been
[0.323s]   installed.
[0.324s] 
[0.324s] [0m
[0.324s] -- Configuring incomplete, errors occurred!
[0.324s] See also "/home/jack/work/build/visp_bridge/CMakeFiles/CMakeOutput.log".
[0.325s] gmake: *** [Makefile:254: cmake_check_build_system] Error 1
[0.327s] Invoked command in '/home/jack/work/build/visp_bridge' returned '2': CMAKE_PREFIX_PATH=${CMAKE_PREFIX_PATH}:/home/jack/work/install/yolov7_obj_detect:/home/jack/work/install/hiwin_example:/home/jack/work/install/hiwin_control:/home/jack/work/install/center:/opt/ros/humble /usr/bin/cmake --build /home/jack/work/build/visp_bridge -- -j16 -l16
