[0.029s] Invoking command in '/home/jack/work/build/detect_interface': CMAKE_PREFIX_PATH=${CMAKE_PREFIX_PATH}:/home/jack/work/install/yolov7_obj_detect:/home/jack/work/install/hiwin_example:/home/jack/work/install/hiwin_control:/home/jack/work/install/center:/opt/ros/humble /usr/bin/cmake --build /home/jack/work/build/detect_interface -- -j16 -l16
[0.102s] [  2%] Built target detect_interface__rs
[0.102s] [ 12%] Built target detect_interface__rosidl_generator_c
[0.142s] [ 15%] Built target detect_interface__cpp
[0.144s] [ 25%] Built target detect_interface__rosidl_typesupport_fastrtps_c
[0.151s] [ 25%] Built target ament_cmake_python_copy_detect_interface
[0.162s] [ 35%] Built target detect_interface__rosidl_typesupport_c
[0.169s] [ 45%] Built target detect_interface__rosidl_typesupport_introspection_c
[0.211s] [ 55%] Built target detect_interface__rosidl_typesupport_fastrtps_cpp
[0.222s] [ 65%] Built target detect_interface__rosidl_typesupport_cpp
[0.230s] [ 75%] Built target detect_interface__rosidl_typesupport_introspection_cpp
[0.268s] [ 75%] Built target detect_interface
[0.308s] [ 77%] Built target detect_interface__py
[0.364s] [ 80%] [32mBuilding C object CMakeFiles/detect_interface__rosidl_generator_py.dir/rosidl_generator_py/detect_interface/msg/_detection_results_s.c.o[0m
[0.364s] [ 82%] [32mBuilding C object CMakeFiles/detect_interface__rosidl_generator_py.dir/rosidl_generator_py/detect_interface/msg/_bounding_box_s.c.o[0m
[0.494s] [01m[K/home/jack/work/build/detect_interface/rosidl_generator_py/detect_interface/msg/_bounding_box_s.c:11:10:[m[K [01;31m[Kfatal error: [m[Knumpy/ndarrayobject.h: No such file or directory
[0.494s]    11 | #include [01;31m[K"numpy/ndarrayobject.h"[m[K
[0.494s]       |          [01;31m[K^~~~~~~~~~~~~~~~~~~~~~~[m[K
[0.494s] compilation terminated.
[0.494s] gmake[2]: *** [CMakeFiles/detect_interface__rosidl_generator_py.dir/build.make:90: CMakeFiles/detect_interface__rosidl_generator_py.dir/rosidl_generator_py/detect_interface/msg/_bounding_box_s.c.o] Error 1
[0.494s] gmake[2]: *** Waiting for unfinished jobs....
[0.510s] [01m[K/home/jack/work/build/detect_interface/rosidl_generator_py/detect_interface/msg/_detection_results_s.c:11:10:[m[K [01;31m[Kfatal error: [m[Knumpy/ndarrayobject.h: No such file or directory
[0.510s]    11 | #include [01;31m[K"numpy/ndarrayobject.h"[m[K
[0.510s]       |          [01;31m[K^~~~~~~~~~~~~~~~~~~~~~~[m[K
[0.510s] compilation terminated.
[0.511s] gmake[2]: *** [CMakeFiles/detect_interface__rosidl_generator_py.dir/build.make:76: CMakeFiles/detect_interface__rosidl_generator_py.dir/rosidl_generator_py/detect_interface/msg/_detection_results_s.c.o] Error 1
[0.511s] gmake[1]: *** [CMakeFiles/Makefile2:494: CMakeFiles/detect_interface__rosidl_generator_py.dir/all] Error 2
[0.512s] gmake[1]: *** Waiting for unfinished jobs....
[0.582s] running egg_info
[0.595s] writing detect_interface.egg-info/PKG-INFO
[0.595s] writing dependency_links to detect_interface.egg-info/dependency_links.txt
[0.595s] writing top-level names to detect_interface.egg-info/top_level.txt
[0.633s] reading manifest file 'detect_interface.egg-info/SOURCES.txt'
[0.634s] writing manifest file 'detect_interface.egg-info/SOURCES.txt'
[0.665s] [ 82%] Built target ament_cmake_python_build_detect_interface_egg
[0.667s] gmake: *** [Makefile:146: all] Error 2
