[0.018s] Invoking command in '/home/jack/work/build/charuco_detector_interfaces': CMAKE_PREFIX_PATH=${CMAKE_PREFIX_PATH}:/home/jack/work/install/yolov7_obj_detect:/home/jack/work/install/hiwin_example:/home/jack/work/install/hiwin_control:/home/jack/work/install/center:/opt/ros/humble /usr/bin/cmake --build /home/jack/work/build/charuco_detector_interfaces -- -j16 -l16
[0.066s] [  9%] Built target charuco_detector_interfaces__rosidl_generator_c
[0.067s] [ 12%] Built target charuco_detector_interfaces__cpp
[0.070s] [ 15%] Built target charuco_detector_interfaces__rs
[0.084s] [ 15%] Built target ament_cmake_python_copy_charuco_detector_interfaces
[0.117s] [ 25%] Built target charuco_detector_interfaces__rosidl_typesupport_introspection_c
[0.118s] [ 34%] Built target charuco_detector_interfaces__rosidl_typesupport_introspection_cpp
[0.121s] [ 43%] Built target charuco_detector_interfaces__rosidl_typesupport_fastrtps_cpp
[0.122s] [ 53%] Built target charuco_detector_interfaces__rosidl_typesupport_c
[0.123s] [ 62%] Built target charuco_detector_interfaces__rosidl_typesupport_fastrtps_c
[0.124s] [ 71%] Built target charuco_detector_interfaces__rosidl_typesupport_cpp
[0.151s] [ 71%] Built target charuco_detector_interfaces
[0.178s] [ 75%] Built target charuco_detector_interfaces__py
[0.206s] [ 81%] Built target charuco_detector_interfaces__rosidl_generator_py
[0.250s] [ 87%] Built target charuco_detector_interfaces__rosidl_typesupport_fastrtps_c__pyext
[0.254s] [ 93%] Built target charuco_detector_interfaces__rosidl_typesupport_introspection_c__pyext
[0.258s] [100%] Built target charuco_detector_interfaces__rosidl_typesupport_c__pyext
[0.341s] running egg_info
[0.351s] writing charuco_detector_interfaces.egg-info/PKG-INFO
[0.351s] writing dependency_links to charuco_detector_interfaces.egg-info/dependency_links.txt
[0.352s] writing top-level names to charuco_detector_interfaces.egg-info/top_level.txt
[0.382s] reading manifest file 'charuco_detector_interfaces.egg-info/SOURCES.txt'
[0.383s] writing manifest file 'charuco_detector_interfaces.egg-info/SOURCES.txt'
[0.407s] [100%] Built target ament_cmake_python_build_charuco_detector_interfaces_egg
