[0.027s] Invoking command in '/home/jack/work/build/detect_interface': CMAKE_PREFIX_PATH=${CMAKE_PREFIX_PATH}:/home/jack/work/install/yolov7_obj_detect:/home/jack/work/install/hiwin_example:/home/jack/work/install/hiwin_control:/home/jack/work/install/center:/opt/ros/humble /usr/bin/cmake --build /home/jack/work/build/detect_interface -- -j16 -l16
[0.118s] [  5%] Built target detect_interface__cpp
[0.118s] [  5%] Built target detect_interface__rs
[0.127s] [ 15%] Built target detect_interface__rosidl_generator_c
[0.148s] [ 15%] Built target ament_cmake_python_copy_detect_interface
[0.163s] [ 25%] Built target detect_interface__rosidl_typesupport_introspection_cpp
[0.200s] [ 35%] Built target detect_interface__rosidl_typesupport_cpp
[0.201s] [ 45%] Built target detect_interface__rosidl_typesupport_introspection_c
[0.208s] [ 55%] Built target detect_interface__rosidl_typesupport_c
[0.221s] [ 65%] Built target detect_interface__rosidl_typesupport_fastrtps_c
[0.226s] [ 75%] Built target detect_interface__rosidl_typesupport_fastrtps_cpp
[0.272s] [ 75%] Built target detect_interface
[0.330s] [ 77%] Built target detect_interface__py
[0.355s] [35m[1mConsolidate compiler generated dependencies of target detect_interface__rosidl_generator_py[0m
[0.372s] [ 85%] Built target detect_interface__rosidl_generator_py
[0.429s] [ 90%] Built target detect_interface__rosidl_typesupport_introspection_c__pyext
[0.442s] [ 97%] Built target detect_interface__rosidl_typesupport_c__pyext
[0.446s] [100%] Built target detect_interface__rosidl_typesupport_fastrtps_c__pyext
[0.581s] running egg_info
[0.598s] writing detect_interface.egg-info/PKG-INFO
[0.600s] writing dependency_links to detect_interface.egg-info/dependency_links.txt
[0.604s] writing top-level names to detect_interface.egg-info/top_level.txt
[0.634s] reading manifest file 'detect_interface.egg-info/SOURCES.txt'
[0.635s] writing manifest file 'detect_interface.egg-info/SOURCES.txt'
[0.669s] [100%] Built target ament_cmake_python_build_detect_interface_egg
[0.693s] Invoked command in '/home/jack/work/build/detect_interface' returned '0': CMAKE_PREFIX_PATH=${CMAKE_PREFIX_PATH}:/home/jack/work/install/yolov7_obj_detect:/home/jack/work/install/hiwin_example:/home/jack/work/install/hiwin_control:/home/jack/work/install/center:/opt/ros/humble /usr/bin/cmake --build /home/jack/work/build/detect_interface -- -j16 -l16
[0.694s] Invoking command in '/home/jack/work/build/detect_interface': CMAKE_PREFIX_PATH=${CMAKE_PREFIX_PATH}:/home/jack/work/install/yolov7_obj_detect:/home/jack/work/install/hiwin_example:/home/jack/work/install/hiwin_control:/home/jack/work/install/center:/opt/ros/humble /usr/bin/cmake --install /home/jack/work/build/detect_interface
[0.727s] -- Install configuration: ""
[0.727s] -- Up-to-date: /home/jack/work/install/detect_interface/share/ament_index/resource_index/rosidl_interfaces/detect_interface
[0.730s] -- Up-to-date: /home/jack/work/install/detect_interface/include/detect_interface/detect_interface
[0.730s] -- Up-to-date: /home/jack/work/install/detect_interface/include/detect_interface/detect_interface/msg
[0.730s] -- Up-to-date: /home/jack/work/install/detect_interface/include/detect_interface/detect_interface/msg/rosidl_generator_c__visibility_control.h
[0.730s] -- Up-to-date: /home/jack/work/install/detect_interface/include/detect_interface/detect_interface/msg/detection_results.h
[0.730s] -- Up-to-date: /home/jack/work/install/detect_interface/include/detect_interface/detect_interface/msg/bounding_box.h
[0.730s] -- Up-to-date: /home/jack/work/install/detect_interface/include/detect_interface/detect_interface/msg/detail
[0.730s] -- Up-to-date: /home/jack/work/install/detect_interface/include/detect_interface/detect_interface/msg/detail/bounding_box__functions.h
[0.730s] -- Up-to-date: /home/jack/work/install/detect_interface/include/detect_interface/detect_interface/msg/detail/bounding_box__type_support.h
[0.730s] -- Up-to-date: /home/jack/work/install/detect_interface/include/detect_interface/detect_interface/msg/detail/detection_results__functions.h
[0.730s] -- Up-to-date: /home/jack/work/install/detect_interface/include/detect_interface/detect_interface/msg/detail/bounding_box__struct.h
[0.731s] -- Up-to-date: /home/jack/work/install/detect_interface/include/detect_interface/detect_interface/msg/detail/detection_results__type_support.h
[0.731s] -- Up-to-date: /home/jack/work/install/detect_interface/include/detect_interface/detect_interface/msg/detail/detection_results__struct.h
[0.731s] -- Up-to-date: /home/jack/work/install/detect_interface/include/detect_interface/detect_interface/msg/detail/bounding_box__functions.c
[0.731s] -- Up-to-date: /home/jack/work/install/detect_interface/include/detect_interface/detect_interface/msg/detail/detection_results__functions.c
[0.731s] -- Up-to-date: /home/jack/work/install/detect_interface/share/detect_interface/environment/library_path.sh
[0.731s] -- Up-to-date: /home/jack/work/install/detect_interface/share/detect_interface/environment/library_path.dsv
[0.731s] -- Up-to-date: /home/jack/work/install/detect_interface/lib/libdetect_interface__rosidl_generator_c.so
[0.731s] -- Up-to-date: /home/jack/work/install/detect_interface/include/detect_interface/detect_interface
[0.731s] -- Up-to-date: /home/jack/work/install/detect_interface/include/detect_interface/detect_interface/msg
[0.731s] -- Up-to-date: /home/jack/work/install/detect_interface/include/detect_interface/detect_interface/msg/rosidl_typesupport_fastrtps_c__visibility_control.h
[0.731s] -- Up-to-date: /home/jack/work/install/detect_interface/include/detect_interface/detect_interface/msg/detail
[0.731s] -- Up-to-date: /home/jack/work/install/detect_interface/include/detect_interface/detect_interface/msg/detail/bounding_box__rosidl_typesupport_fastrtps_c.h
[0.732s] -- Up-to-date: /home/jack/work/install/detect_interface/include/detect_interface/detect_interface/msg/detail/detection_results__rosidl_typesupport_fastrtps_c.h
[0.732s] -- Up-to-date: /home/jack/work/install/detect_interface/lib/libdetect_interface__rosidl_typesupport_fastrtps_c.so
[0.732s] -- Up-to-date: /home/jack/work/install/detect_interface/include/detect_interface/detect_interface
[0.732s] -- Up-to-date: /home/jack/work/install/detect_interface/include/detect_interface/detect_interface/msg
[0.732s] -- Up-to-date: /home/jack/work/install/detect_interface/include/detect_interface/detect_interface/msg/bounding_box.hpp
[0.732s] -- Up-to-date: /home/jack/work/install/detect_interface/include/detect_interface/detect_interface/msg/rosidl_generator_cpp__visibility_control.hpp
[0.732s] -- Up-to-date: /home/jack/work/install/detect_interface/include/detect_interface/detect_interface/msg/detail
[0.732s] -- Up-to-date: /home/jack/work/install/detect_interface/include/detect_interface/detect_interface/msg/detail/detection_results__struct.hpp
[0.732s] -- Up-to-date: /home/jack/work/install/detect_interface/include/detect_interface/detect_interface/msg/detail/bounding_box__type_support.hpp
[0.732s] -- Up-to-date: /home/jack/work/install/detect_interface/include/detect_interface/detect_interface/msg/detail/bounding_box__struct.hpp
[0.732s] -- Up-to-date: /home/jack/work/install/detect_interface/include/detect_interface/detect_interface/msg/detail/detection_results__traits.hpp
[0.732s] -- Up-to-date: /home/jack/work/install/detect_interface/include/detect_interface/detect_interface/msg/detail/detection_results__builder.hpp
[0.733s] -- Up-to-date: /home/jack/work/install/detect_interface/include/detect_interface/detect_interface/msg/detail/bounding_box__traits.hpp
[0.733s] -- Up-to-date: /home/jack/work/install/detect_interface/include/detect_interface/detect_interface/msg/detail/bounding_box__builder.hpp
[0.733s] -- Up-to-date: /home/jack/work/install/detect_interface/include/detect_interface/detect_interface/msg/detail/detection_results__type_support.hpp
[0.733s] -- Up-to-date: /home/jack/work/install/detect_interface/include/detect_interface/detect_interface/msg/detection_results.hpp
[0.733s] -- Up-to-date: /home/jack/work/install/detect_interface/include/detect_interface/detect_interface
[0.733s] -- Up-to-date: /home/jack/work/install/detect_interface/include/detect_interface/detect_interface/msg
[0.733s] -- Up-to-date: /home/jack/work/install/detect_interface/include/detect_interface/detect_interface/msg/rosidl_typesupport_fastrtps_cpp__visibility_control.h
[0.733s] -- Up-to-date: /home/jack/work/install/detect_interface/include/detect_interface/detect_interface/msg/detail
[0.733s] -- Up-to-date: /home/jack/work/install/detect_interface/include/detect_interface/detect_interface/msg/detail/bounding_box__rosidl_typesupport_fastrtps_cpp.hpp
[0.733s] -- Up-to-date: /home/jack/work/install/detect_interface/include/detect_interface/detect_interface/msg/detail/dds_fastrtps
[0.733s] -- Up-to-date: /home/jack/work/install/detect_interface/include/detect_interface/detect_interface/msg/detail/detection_results__rosidl_typesupport_fastrtps_cpp.hpp
[0.734s] -- Up-to-date: /home/jack/work/install/detect_interface/lib/libdetect_interface__rosidl_typesupport_fastrtps_cpp.so
[0.734s] -- Up-to-date: /home/jack/work/install/detect_interface/include/detect_interface/detect_interface
[0.734s] -- Up-to-date: /home/jack/work/install/detect_interface/include/detect_interface/detect_interface/msg
[0.734s] -- Up-to-date: /home/jack/work/install/detect_interface/include/detect_interface/detect_interface/msg/rosidl_typesupport_introspection_c__visibility_control.h
[0.734s] -- Up-to-date: /home/jack/work/install/detect_interface/include/detect_interface/detect_interface/msg/detail
[0.734s] -- Up-to-date: /home/jack/work/install/detect_interface/include/detect_interface/detect_interface/msg/detail/detection_results__type_support.c
[0.735s] -- Up-to-date: /home/jack/work/install/detect_interface/include/detect_interface/detect_interface/msg/detail/bounding_box__rosidl_typesupport_introspection_c.h
[0.735s] -- Up-to-date: /home/jack/work/install/detect_interface/include/detect_interface/detect_interface/msg/detail/bounding_box__type_support.c
[0.735s] -- Up-to-date: /home/jack/work/install/detect_interface/include/detect_interface/detect_interface/msg/detail/detection_results__rosidl_typesupport_introspection_c.h
[0.735s] -- Up-to-date: /home/jack/work/install/detect_interface/lib/libdetect_interface__rosidl_typesupport_introspection_c.so
[0.735s] -- Up-to-date: /home/jack/work/install/detect_interface/lib/libdetect_interface__rosidl_typesupport_c.so
[0.735s] -- Up-to-date: /home/jack/work/install/detect_interface/include/detect_interface/detect_interface
[0.735s] -- Up-to-date: /home/jack/work/install/detect_interface/include/detect_interface/detect_interface/msg
[0.735s] -- Up-to-date: /home/jack/work/install/detect_interface/include/detect_interface/detect_interface/msg/detail
[0.735s] -- Up-to-date: /home/jack/work/install/detect_interface/include/detect_interface/detect_interface/msg/detail/bounding_box__rosidl_typesupport_introspection_cpp.hpp
[0.735s] -- Up-to-date: /home/jack/work/install/detect_interface/include/detect_interface/detect_interface/msg/detail/detection_results__rosidl_typesupport_introspection_cpp.hpp
[0.736s] -- Up-to-date: /home/jack/work/install/detect_interface/include/detect_interface/detect_interface/msg/detail/bounding_box__type_support.cpp
[0.736s] -- Up-to-date: /home/jack/work/install/detect_interface/include/detect_interface/detect_interface/msg/detail/detection_results__type_support.cpp
[0.736s] -- Up-to-date: /home/jack/work/install/detect_interface/lib/libdetect_interface__rosidl_typesupport_introspection_cpp.so
[0.736s] -- Up-to-date: /home/jack/work/install/detect_interface/lib/libdetect_interface__rosidl_typesupport_cpp.so
[0.736s] -- Up-to-date: /home/jack/work/install/detect_interface/share/detect_interface/environment/pythonpath.sh
[0.736s] -- Up-to-date: /home/jack/work/install/detect_interface/share/detect_interface/environment/pythonpath.dsv
[0.736s] -- Up-to-date: /home/jack/work/install/detect_interface/local/lib/python3.10/dist-packages/detect_interface-0.0.0-py3.10.egg-info
[0.736s] -- Installing: /home/jack/work/install/detect_interface/local/lib/python3.10/dist-packages/detect_interface-0.0.0-py3.10.egg-info/top_level.txt
[0.736s] -- Installing: /home/jack/work/install/detect_interface/local/lib/python3.10/dist-packages/detect_interface-0.0.0-py3.10.egg-info/PKG-INFO
[0.736s] -- Installing: /home/jack/work/install/detect_interface/local/lib/python3.10/dist-packages/detect_interface-0.0.0-py3.10.egg-info/dependency_links.txt
[0.736s] -- Installing: /home/jack/work/install/detect_interface/local/lib/python3.10/dist-packages/detect_interface-0.0.0-py3.10.egg-info/SOURCES.txt
[0.737s] -- Up-to-date: /home/jack/work/install/detect_interface/local/lib/python3.10/dist-packages/detect_interface
[0.737s] -- Up-to-date: /home/jack/work/install/detect_interface/local/lib/python3.10/dist-packages/detect_interface/__init__.py
[0.737s] -- Up-to-date: /home/jack/work/install/detect_interface/local/lib/python3.10/dist-packages/detect_interface/_detect_interface_s.ep.rosidl_typesupport_introspection_c.c
[0.737s] -- Up-to-date: /home/jack/work/install/detect_interface/local/lib/python3.10/dist-packages/detect_interface/detect_interface_s__rosidl_typesupport_introspection_c.cpython-310-x86_64-linux-gnu.so
[0.737s] -- Up-to-date: /home/jack/work/install/detect_interface/local/lib/python3.10/dist-packages/detect_interface/detect_interface_s__rosidl_typesupport_fastrtps_c.cpython-310-x86_64-linux-gnu.so
[0.737s] -- Up-to-date: /home/jack/work/install/detect_interface/local/lib/python3.10/dist-packages/detect_interface/libdetect_interface__rosidl_generator_py.so
[0.737s] -- Up-to-date: /home/jack/work/install/detect_interface/local/lib/python3.10/dist-packages/detect_interface/_detect_interface_s.ep.rosidl_typesupport_c.c
[0.737s] -- Up-to-date: /home/jack/work/install/detect_interface/local/lib/python3.10/dist-packages/detect_interface/detect_interface_s__rosidl_typesupport_c.cpython-310-x86_64-linux-gnu.so
[0.737s] -- Up-to-date: /home/jack/work/install/detect_interface/local/lib/python3.10/dist-packages/detect_interface/msg
[0.737s] -- Up-to-date: /home/jack/work/install/detect_interface/local/lib/python3.10/dist-packages/detect_interface/msg/__init__.py
[0.737s] -- Up-to-date: /home/jack/work/install/detect_interface/local/lib/python3.10/dist-packages/detect_interface/msg/_bounding_box.py
[0.738s] -- Up-to-date: /home/jack/work/install/detect_interface/local/lib/python3.10/dist-packages/detect_interface/msg/_detection_results.py
[0.738s] -- Up-to-date: /home/jack/work/install/detect_interface/local/lib/python3.10/dist-packages/detect_interface/msg/_bounding_box_s.c
[0.738s] -- Up-to-date: /home/jack/work/install/detect_interface/local/lib/python3.10/dist-packages/detect_interface/msg/_detection_results_s.c
[0.738s] -- Up-to-date: /home/jack/work/install/detect_interface/local/lib/python3.10/dist-packages/detect_interface/_detect_interface_s.ep.rosidl_typesupport_fastrtps_c.c
[0.764s] Listing '/home/jack/work/install/detect_interface/local/lib/python3.10/dist-packages/detect_interface'...
[0.764s] Listing '/home/jack/work/install/detect_interface/local/lib/python3.10/dist-packages/detect_interface/msg'...
[0.772s] -- Up-to-date: /home/jack/work/install/detect_interface/local/lib/python3.10/dist-packages/detect_interface/detect_interface_s__rosidl_typesupport_fastrtps_c.cpython-310-x86_64-linux-gnu.so
[0.772s] -- Up-to-date: /home/jack/work/install/detect_interface/local/lib/python3.10/dist-packages/detect_interface/detect_interface_s__rosidl_typesupport_introspection_c.cpython-310-x86_64-linux-gnu.so
[0.772s] -- Up-to-date: /home/jack/work/install/detect_interface/local/lib/python3.10/dist-packages/detect_interface/detect_interface_s__rosidl_typesupport_c.cpython-310-x86_64-linux-gnu.so
[0.773s] -- Up-to-date: /home/jack/work/install/detect_interface/lib/libdetect_interface__rosidl_generator_py.so
[0.774s] -- Up-to-date: /home/jack/work/install/detect_interface/share/ament_index/resource_index/rust_packages/detect_interface
[0.775s] -- Up-to-date: /home/jack/work/install/detect_interface/share/detect_interface/rust
[0.775s] -- Up-to-date: /home/jack/work/install/detect_interface/share/detect_interface/rust/Cargo.toml
[0.775s] -- Up-to-date: /home/jack/work/install/detect_interface/share/detect_interface/rust/src
[0.775s] -- Up-to-date: /home/jack/work/install/detect_interface/share/detect_interface/rust/src/msg.rs
[0.775s] -- Up-to-date: /home/jack/work/install/detect_interface/share/detect_interface/rust/src/msg
[0.775s] -- Up-to-date: /home/jack/work/install/detect_interface/share/detect_interface/rust/src/msg/rmw.rs
[0.776s] -- Up-to-date: /home/jack/work/install/detect_interface/share/detect_interface/rust/src/lib.rs
[0.778s] -- Up-to-date: /home/jack/work/install/detect_interface/share/detect_interface/rust/build.rs
[0.778s] -- Up-to-date: /home/jack/work/install/detect_interface/share/detect_interface/msg/DetectionResults.idl
[0.778s] -- Up-to-date: /home/jack/work/install/detect_interface/share/detect_interface/msg/BoundingBox.idl
[0.778s] -- Up-to-date: /home/jack/work/install/detect_interface/share/detect_interface/msg/DetectionResults.msg
[0.778s] -- Up-to-date: /home/jack/work/install/detect_interface/share/detect_interface/msg/BoundingBox.msg
[0.779s] -- Up-to-date: /home/jack/work/install/detect_interface/share/ament_index/resource_index/package_run_dependencies/detect_interface
[0.779s] -- Up-to-date: /home/jack/work/install/detect_interface/share/ament_index/resource_index/parent_prefix_path/detect_interface
[0.779s] -- Up-to-date: /home/jack/work/install/detect_interface/share/detect_interface/environment/ament_prefix_path.sh
[0.779s] -- Up-to-date: /home/jack/work/install/detect_interface/share/detect_interface/environment/ament_prefix_path.dsv
[0.779s] -- Up-to-date: /home/jack/work/install/detect_interface/share/detect_interface/environment/path.sh
[0.780s] -- Up-to-date: /home/jack/work/install/detect_interface/share/detect_interface/environment/path.dsv
[0.780s] -- Up-to-date: /home/jack/work/install/detect_interface/share/detect_interface/local_setup.bash
[0.780s] -- Up-to-date: /home/jack/work/install/detect_interface/share/detect_interface/local_setup.sh
[0.781s] -- Up-to-date: /home/jack/work/install/detect_interface/share/detect_interface/local_setup.zsh
[0.781s] -- Up-to-date: /home/jack/work/install/detect_interface/share/detect_interface/local_setup.dsv
[0.781s] -- Installing: /home/jack/work/install/detect_interface/share/detect_interface/package.dsv
[0.782s] -- Up-to-date: /home/jack/work/install/detect_interface/share/ament_index/resource_index/packages/detect_interface
[0.783s] -- Up-to-date: /home/jack/work/install/detect_interface/share/detect_interface/cmake/export_detect_interface__rosidl_generator_cExport.cmake
[0.783s] -- Up-to-date: /home/jack/work/install/detect_interface/share/detect_interface/cmake/export_detect_interface__rosidl_generator_cExport-noconfig.cmake
[0.783s] -- Up-to-date: /home/jack/work/install/detect_interface/share/detect_interface/cmake/export_detect_interface__rosidl_typesupport_fastrtps_cExport.cmake
[0.783s] -- Up-to-date: /home/jack/work/install/detect_interface/share/detect_interface/cmake/export_detect_interface__rosidl_typesupport_fastrtps_cExport-noconfig.cmake
[0.785s] -- Up-to-date: /home/jack/work/install/detect_interface/share/detect_interface/cmake/export_detect_interface__rosidl_generator_cppExport.cmake
[0.786s] -- Up-to-date: /home/jack/work/install/detect_interface/share/detect_interface/cmake/export_detect_interface__rosidl_typesupport_fastrtps_cppExport.cmake
[0.786s] -- Up-to-date: /home/jack/work/install/detect_interface/share/detect_interface/cmake/export_detect_interface__rosidl_typesupport_fastrtps_cppExport-noconfig.cmake
[0.786s] -- Up-to-date: /home/jack/work/install/detect_interface/share/detect_interface/cmake/detect_interface__rosidl_typesupport_introspection_cExport.cmake
[0.786s] -- Up-to-date: /home/jack/work/install/detect_interface/share/detect_interface/cmake/detect_interface__rosidl_typesupport_introspection_cExport-noconfig.cmake
[0.786s] -- Up-to-date: /home/jack/work/install/detect_interface/share/detect_interface/cmake/detect_interface__rosidl_typesupport_cExport.cmake
[0.786s] -- Up-to-date: /home/jack/work/install/detect_interface/share/detect_interface/cmake/detect_interface__rosidl_typesupport_cExport-noconfig.cmake
[0.786s] -- Up-to-date: /home/jack/work/install/detect_interface/share/detect_interface/cmake/detect_interface__rosidl_typesupport_introspection_cppExport.cmake
[0.786s] -- Up-to-date: /home/jack/work/install/detect_interface/share/detect_interface/cmake/detect_interface__rosidl_typesupport_introspection_cppExport-noconfig.cmake
[0.786s] -- Up-to-date: /home/jack/work/install/detect_interface/share/detect_interface/cmake/detect_interface__rosidl_typesupport_cppExport.cmake
[0.786s] -- Up-to-date: /home/jack/work/install/detect_interface/share/detect_interface/cmake/detect_interface__rosidl_typesupport_cppExport-noconfig.cmake
[0.787s] -- Up-to-date: /home/jack/work/install/detect_interface/share/detect_interface/cmake/export_detect_interface__rosidl_generator_pyExport.cmake
[0.787s] -- Up-to-date: /home/jack/work/install/detect_interface/share/detect_interface/cmake/export_detect_interface__rosidl_generator_pyExport-noconfig.cmake
[0.787s] -- Up-to-date: /home/jack/work/install/detect_interface/share/detect_interface/cmake/rosidl_cmake-extras.cmake
[0.787s] -- Up-to-date: /home/jack/work/install/detect_interface/share/detect_interface/cmake/ament_cmake_export_dependencies-extras.cmake
[0.787s] -- Up-to-date: /home/jack/work/install/detect_interface/share/detect_interface/cmake/ament_cmake_export_include_directories-extras.cmake
[0.787s] -- Up-to-date: /home/jack/work/install/detect_interface/share/detect_interface/cmake/ament_cmake_export_libraries-extras.cmake
[0.787s] -- Up-to-date: /home/jack/work/install/detect_interface/share/detect_interface/cmake/ament_cmake_export_targets-extras.cmake
[0.787s] -- Up-to-date: /home/jack/work/install/detect_interface/share/detect_interface/cmake/rosidl_cmake_export_typesupport_targets-extras.cmake
[0.787s] -- Up-to-date: /home/jack/work/install/detect_interface/share/detect_interface/cmake/rosidl_cmake_export_typesupport_libraries-extras.cmake
[0.787s] -- Up-to-date: /home/jack/work/install/detect_interface/share/detect_interface/cmake/detect_interfaceConfig.cmake
[0.787s] -- Up-to-date: /home/jack/work/install/detect_interface/share/detect_interface/cmake/detect_interfaceConfig-version.cmake
[0.787s] -- Up-to-date: /home/jack/work/install/detect_interface/share/detect_interface/package.xml
[0.788s] Invoked command in '/home/jack/work/build/detect_interface' returned '0': CMAKE_PREFIX_PATH=${CMAKE_PREFIX_PATH}:/home/jack/work/install/yolov7_obj_detect:/home/jack/work/install/hiwin_example:/home/jack/work/install/hiwin_control:/home/jack/work/install/center:/opt/ros/humble /usr/bin/cmake --install /home/jack/work/build/detect_interface
