[ 12%] Built target detect_interface__rs
[ 12%] Built target detect_interface__rosidl_generator_c
[ 15%] Built target detect_interface__cpp
[ 15%] Built target ament_cmake_python_copy_detect_interface
[ 25%] Built target detect_interface__rosidl_typesupport_c
[ 35%] Built target detect_interface__rosidl_typesupport_fastrtps_c
[ 45%] Built target detect_interface__rosidl_typesupport_introspection_c
[ 55%] Built target detect_interface__rosidl_typesupport_fastrtps_cpp
[ 65%] Built target detect_interface__rosidl_typesupport_introspection_cpp
[ 75%] Built target detect_interface__rosidl_typesupport_cpp
[ 75%] Built target detect_interface
[ 77%] Built target detect_interface__py
[35m[1mConsolidate compiler generated dependencies of target detect_interface__rosidl_generator_py[0m
[ 85%] Built target detect_interface__rosidl_generator_py
[ 90%] Built target detect_interface__rosidl_typesupport_fastrtps_c__pyext
[ 95%] Built target detect_interface__rosidl_typesupport_c__pyext
[100%] Built target detect_interface__rosidl_typesupport_introspection_c__pyext
running egg_info
writing detect_interface.egg-info/PKG-INFO
writing dependency_links to detect_interface.egg-info/dependency_links.txt
writing top-level names to detect_interface.egg-info/top_level.txt
reading manifest file 'detect_interface.egg-info/SOURCES.txt'
writing manifest file 'detect_interface.egg-info/SOURCES.txt'
[100%] Built target ament_cmake_python_build_detect_interface_egg
-- Install configuration: ""
-- Up-to-date: /home/jack/work/install/detect_interface/share/ament_index/resource_index/rosidl_interfaces/detect_interface
-- Up-to-date: /home/jack/work/install/detect_interface/include/detect_interface/detect_interface
-- Up-to-date: /home/jack/work/install/detect_interface/include/detect_interface/detect_interface/msg
-- Up-to-date: /home/jack/work/install/detect_interface/include/detect_interface/detect_interface/msg/rosidl_generator_c__visibility_control.h
-- Up-to-date: /home/jack/work/install/detect_interface/include/detect_interface/detect_interface/msg/detection_results.h
-- Up-to-date: /home/jack/work/install/detect_interface/include/detect_interface/detect_interface/msg/bounding_box.h
-- Up-to-date: /home/jack/work/install/detect_interface/include/detect_interface/detect_interface/msg/detail
-- Up-to-date: /home/jack/work/install/detect_interface/include/detect_interface/detect_interface/msg/detail/bounding_box__functions.h
-- Up-to-date: /home/jack/work/install/detect_interface/include/detect_interface/detect_interface/msg/detail/bounding_box__type_support.h
-- Up-to-date: /home/jack/work/install/detect_interface/include/detect_interface/detect_interface/msg/detail/detection_results__functions.h
-- Up-to-date: /home/jack/work/install/detect_interface/include/detect_interface/detect_interface/msg/detail/bounding_box__struct.h
-- Up-to-date: /home/jack/work/install/detect_interface/include/detect_interface/detect_interface/msg/detail/detection_results__type_support.h
-- Up-to-date: /home/jack/work/install/detect_interface/include/detect_interface/detect_interface/msg/detail/detection_results__struct.h
-- Up-to-date: /home/jack/work/install/detect_interface/include/detect_interface/detect_interface/msg/detail/bounding_box__functions.c
-- Up-to-date: /home/jack/work/install/detect_interface/include/detect_interface/detect_interface/msg/detail/detection_results__functions.c
-- Up-to-date: /home/jack/work/install/detect_interface/share/detect_interface/environment/library_path.sh
-- Up-to-date: /home/jack/work/install/detect_interface/share/detect_interface/environment/library_path.dsv
-- Up-to-date: /home/jack/work/install/detect_interface/lib/libdetect_interface__rosidl_generator_c.so
-- Up-to-date: /home/jack/work/install/detect_interface/include/detect_interface/detect_interface
-- Up-to-date: /home/jack/work/install/detect_interface/include/detect_interface/detect_interface/msg
-- Up-to-date: /home/jack/work/install/detect_interface/include/detect_interface/detect_interface/msg/rosidl_typesupport_fastrtps_c__visibility_control.h
-- Up-to-date: /home/jack/work/install/detect_interface/include/detect_interface/detect_interface/msg/detail
-- Up-to-date: /home/jack/work/install/detect_interface/include/detect_interface/detect_interface/msg/detail/bounding_box__rosidl_typesupport_fastrtps_c.h
-- Up-to-date: /home/jack/work/install/detect_interface/include/detect_interface/detect_interface/msg/detail/detection_results__rosidl_typesupport_fastrtps_c.h
-- Up-to-date: /home/jack/work/install/detect_interface/lib/libdetect_interface__rosidl_typesupport_fastrtps_c.so
-- Up-to-date: /home/jack/work/install/detect_interface/include/detect_interface/detect_interface
-- Up-to-date: /home/jack/work/install/detect_interface/include/detect_interface/detect_interface/msg
-- Up-to-date: /home/jack/work/install/detect_interface/include/detect_interface/detect_interface/msg/bounding_box.hpp
-- Up-to-date: /home/jack/work/install/detect_interface/include/detect_interface/detect_interface/msg/rosidl_generator_cpp__visibility_control.hpp
-- Up-to-date: /home/jack/work/install/detect_interface/include/detect_interface/detect_interface/msg/detail
-- Up-to-date: /home/jack/work/install/detect_interface/include/detect_interface/detect_interface/msg/detail/detection_results__struct.hpp
-- Up-to-date: /home/jack/work/install/detect_interface/include/detect_interface/detect_interface/msg/detail/bounding_box__type_support.hpp
-- Up-to-date: /home/jack/work/install/detect_interface/include/detect_interface/detect_interface/msg/detail/bounding_box__struct.hpp
-- Up-to-date: /home/jack/work/install/detect_interface/include/detect_interface/detect_interface/msg/detail/detection_results__traits.hpp
-- Up-to-date: /home/jack/work/install/detect_interface/include/detect_interface/detect_interface/msg/detail/detection_results__builder.hpp
-- Up-to-date: /home/jack/work/install/detect_interface/include/detect_interface/detect_interface/msg/detail/bounding_box__traits.hpp
-- Up-to-date: /home/jack/work/install/detect_interface/include/detect_interface/detect_interface/msg/detail/bounding_box__builder.hpp
-- Up-to-date: /home/jack/work/install/detect_interface/include/detect_interface/detect_interface/msg/detail/detection_results__type_support.hpp
-- Up-to-date: /home/jack/work/install/detect_interface/include/detect_interface/detect_interface/msg/detection_results.hpp
-- Up-to-date: /home/jack/work/install/detect_interface/include/detect_interface/detect_interface
-- Up-to-date: /home/jack/work/install/detect_interface/include/detect_interface/detect_interface/msg
-- Up-to-date: /home/jack/work/install/detect_interface/include/detect_interface/detect_interface/msg/rosidl_typesupport_fastrtps_cpp__visibility_control.h
-- Up-to-date: /home/jack/work/install/detect_interface/include/detect_interface/detect_interface/msg/detail
-- Up-to-date: /home/jack/work/install/detect_interface/include/detect_interface/detect_interface/msg/detail/bounding_box__rosidl_typesupport_fastrtps_cpp.hpp
-- Up-to-date: /home/jack/work/install/detect_interface/include/detect_interface/detect_interface/msg/detail/dds_fastrtps
-- Up-to-date: /home/jack/work/install/detect_interface/include/detect_interface/detect_interface/msg/detail/detection_results__rosidl_typesupport_fastrtps_cpp.hpp
-- Up-to-date: /home/jack/work/install/detect_interface/lib/libdetect_interface__rosidl_typesupport_fastrtps_cpp.so
-- Up-to-date: /home/jack/work/install/detect_interface/include/detect_interface/detect_interface
-- Up-to-date: /home/jack/work/install/detect_interface/include/detect_interface/detect_interface/msg
-- Up-to-date: /home/jack/work/install/detect_interface/include/detect_interface/detect_interface/msg/rosidl_typesupport_introspection_c__visibility_control.h
-- Up-to-date: /home/jack/work/install/detect_interface/include/detect_interface/detect_interface/msg/detail
-- Up-to-date: /home/jack/work/install/detect_interface/include/detect_interface/detect_interface/msg/detail/detection_results__type_support.c
-- Up-to-date: /home/jack/work/install/detect_interface/include/detect_interface/detect_interface/msg/detail/bounding_box__rosidl_typesupport_introspection_c.h
-- Up-to-date: /home/jack/work/install/detect_interface/include/detect_interface/detect_interface/msg/detail/bounding_box__type_support.c
-- Up-to-date: /home/jack/work/install/detect_interface/include/detect_interface/detect_interface/msg/detail/detection_results__rosidl_typesupport_introspection_c.h
-- Up-to-date: /home/jack/work/install/detect_interface/lib/libdetect_interface__rosidl_typesupport_introspection_c.so
-- Up-to-date: /home/jack/work/install/detect_interface/lib/libdetect_interface__rosidl_typesupport_c.so
-- Up-to-date: /home/jack/work/install/detect_interface/include/detect_interface/detect_interface
-- Up-to-date: /home/jack/work/install/detect_interface/include/detect_interface/detect_interface/msg
-- Up-to-date: /home/jack/work/install/detect_interface/include/detect_interface/detect_interface/msg/detail
-- Up-to-date: /home/jack/work/install/detect_interface/include/detect_interface/detect_interface/msg/detail/bounding_box__rosidl_typesupport_introspection_cpp.hpp
-- Up-to-date: /home/jack/work/install/detect_interface/include/detect_interface/detect_interface/msg/detail/detection_results__rosidl_typesupport_introspection_cpp.hpp
-- Up-to-date: /home/jack/work/install/detect_interface/include/detect_interface/detect_interface/msg/detail/bounding_box__type_support.cpp
-- Up-to-date: /home/jack/work/install/detect_interface/include/detect_interface/detect_interface/msg/detail/detection_results__type_support.cpp
-- Up-to-date: /home/jack/work/install/detect_interface/lib/libdetect_interface__rosidl_typesupport_introspection_cpp.so
-- Up-to-date: /home/jack/work/install/detect_interface/lib/libdetect_interface__rosidl_typesupport_cpp.so
-- Up-to-date: /home/jack/work/install/detect_interface/share/detect_interface/environment/pythonpath.sh
-- Up-to-date: /home/jack/work/install/detect_interface/share/detect_interface/environment/pythonpath.dsv
-- Up-to-date: /home/jack/work/install/detect_interface/local/lib/python3.10/dist-packages/detect_interface-0.0.0-py3.10.egg-info
-- Installing: /home/jack/work/install/detect_interface/local/lib/python3.10/dist-packages/detect_interface-0.0.0-py3.10.egg-info/top_level.txt
-- Installing: /home/jack/work/install/detect_interface/local/lib/python3.10/dist-packages/detect_interface-0.0.0-py3.10.egg-info/PKG-INFO
-- Installing: /home/jack/work/install/detect_interface/local/lib/python3.10/dist-packages/detect_interface-0.0.0-py3.10.egg-info/dependency_links.txt
-- Installing: /home/jack/work/install/detect_interface/local/lib/python3.10/dist-packages/detect_interface-0.0.0-py3.10.egg-info/SOURCES.txt
-- Up-to-date: /home/jack/work/install/detect_interface/local/lib/python3.10/dist-packages/detect_interface
-- Up-to-date: /home/jack/work/install/detect_interface/local/lib/python3.10/dist-packages/detect_interface/__init__.py
-- Up-to-date: /home/jack/work/install/detect_interface/local/lib/python3.10/dist-packages/detect_interface/_detect_interface_s.ep.rosidl_typesupport_introspection_c.c
-- Up-to-date: /home/jack/work/install/detect_interface/local/lib/python3.10/dist-packages/detect_interface/detect_interface_s__rosidl_typesupport_introspection_c.cpython-310-x86_64-linux-gnu.so
-- Up-to-date: /home/jack/work/install/detect_interface/local/lib/python3.10/dist-packages/detect_interface/detect_interface_s__rosidl_typesupport_fastrtps_c.cpython-310-x86_64-linux-gnu.so
-- Up-to-date: /home/jack/work/install/detect_interface/local/lib/python3.10/dist-packages/detect_interface/libdetect_interface__rosidl_generator_py.so
-- Up-to-date: /home/jack/work/install/detect_interface/local/lib/python3.10/dist-packages/detect_interface/_detect_interface_s.ep.rosidl_typesupport_c.c
-- Up-to-date: /home/jack/work/install/detect_interface/local/lib/python3.10/dist-packages/detect_interface/detect_interface_s__rosidl_typesupport_c.cpython-310-x86_64-linux-gnu.so
-- Up-to-date: /home/jack/work/install/detect_interface/local/lib/python3.10/dist-packages/detect_interface/msg
-- Up-to-date: /home/jack/work/install/detect_interface/local/lib/python3.10/dist-packages/detect_interface/msg/__init__.py
-- Up-to-date: /home/jack/work/install/detect_interface/local/lib/python3.10/dist-packages/detect_interface/msg/_bounding_box.py
-- Up-to-date: /home/jack/work/install/detect_interface/local/lib/python3.10/dist-packages/detect_interface/msg/_detection_results.py
-- Up-to-date: /home/jack/work/install/detect_interface/local/lib/python3.10/dist-packages/detect_interface/msg/_bounding_box_s.c
-- Up-to-date: /home/jack/work/install/detect_interface/local/lib/python3.10/dist-packages/detect_interface/msg/_detection_results_s.c
-- Up-to-date: /home/jack/work/install/detect_interface/local/lib/python3.10/dist-packages/detect_interface/_detect_interface_s.ep.rosidl_typesupport_fastrtps_c.c
Listing '/home/jack/work/install/detect_interface/local/lib/python3.10/dist-packages/detect_interface'...
Listing '/home/jack/work/install/detect_interface/local/lib/python3.10/dist-packages/detect_interface/msg'...
-- Up-to-date: /home/jack/work/install/detect_interface/local/lib/python3.10/dist-packages/detect_interface/detect_interface_s__rosidl_typesupport_fastrtps_c.cpython-310-x86_64-linux-gnu.so
-- Up-to-date: /home/jack/work/install/detect_interface/local/lib/python3.10/dist-packages/detect_interface/detect_interface_s__rosidl_typesupport_introspection_c.cpython-310-x86_64-linux-gnu.so
-- Up-to-date: /home/jack/work/install/detect_interface/local/lib/python3.10/dist-packages/detect_interface/detect_interface_s__rosidl_typesupport_c.cpython-310-x86_64-linux-gnu.so
-- Up-to-date: /home/jack/work/install/detect_interface/lib/libdetect_interface__rosidl_generator_py.so
-- Up-to-date: /home/jack/work/install/detect_interface/share/ament_index/resource_index/rust_packages/detect_interface
-- Up-to-date: /home/jack/work/install/detect_interface/share/detect_interface/rust
-- Up-to-date: /home/jack/work/install/detect_interface/share/detect_interface/rust/Cargo.toml
-- Up-to-date: /home/jack/work/install/detect_interface/share/detect_interface/rust/src
-- Up-to-date: /home/jack/work/install/detect_interface/share/detect_interface/rust/src/msg.rs
-- Up-to-date: /home/jack/work/install/detect_interface/share/detect_interface/rust/src/msg
-- Up-to-date: /home/jack/work/install/detect_interface/share/detect_interface/rust/src/msg/rmw.rs
-- Up-to-date: /home/jack/work/install/detect_interface/share/detect_interface/rust/src/lib.rs
-- Up-to-date: /home/jack/work/install/detect_interface/share/detect_interface/rust/build.rs
-- Up-to-date: /home/jack/work/install/detect_interface/share/detect_interface/msg/DetectionResults.idl
-- Up-to-date: /home/jack/work/install/detect_interface/share/detect_interface/msg/BoundingBox.idl
-- Up-to-date: /home/jack/work/install/detect_interface/share/detect_interface/msg/DetectionResults.msg
-- Up-to-date: /home/jack/work/install/detect_interface/share/detect_interface/msg/BoundingBox.msg
-- Up-to-date: /home/jack/work/install/detect_interface/share/ament_index/resource_index/package_run_dependencies/detect_interface
-- Up-to-date: /home/jack/work/install/detect_interface/share/ament_index/resource_index/parent_prefix_path/detect_interface
-- Up-to-date: /home/jack/work/install/detect_interface/share/detect_interface/environment/ament_prefix_path.sh
-- Up-to-date: /home/jack/work/install/detect_interface/share/detect_interface/environment/ament_prefix_path.dsv
-- Up-to-date: /home/jack/work/install/detect_interface/share/detect_interface/environment/path.sh
-- Up-to-date: /home/jack/work/install/detect_interface/share/detect_interface/environment/path.dsv
-- Up-to-date: /home/jack/work/install/detect_interface/share/detect_interface/local_setup.bash
-- Up-to-date: /home/jack/work/install/detect_interface/share/detect_interface/local_setup.sh
-- Up-to-date: /home/jack/work/install/detect_interface/share/detect_interface/local_setup.zsh
-- Up-to-date: /home/jack/work/install/detect_interface/share/detect_interface/local_setup.dsv
-- Installing: /home/jack/work/install/detect_interface/share/detect_interface/package.dsv
-- Up-to-date: /home/jack/work/install/detect_interface/share/ament_index/resource_index/packages/detect_interface
-- Up-to-date: /home/jack/work/install/detect_interface/share/detect_interface/cmake/export_detect_interface__rosidl_generator_cExport.cmake
-- Up-to-date: /home/jack/work/install/detect_interface/share/detect_interface/cmake/export_detect_interface__rosidl_generator_cExport-noconfig.cmake
-- Up-to-date: /home/jack/work/install/detect_interface/share/detect_interface/cmake/export_detect_interface__rosidl_typesupport_fastrtps_cExport.cmake
-- Up-to-date: /home/jack/work/install/detect_interface/share/detect_interface/cmake/export_detect_interface__rosidl_typesupport_fastrtps_cExport-noconfig.cmake
-- Up-to-date: /home/jack/work/install/detect_interface/share/detect_interface/cmake/export_detect_interface__rosidl_generator_cppExport.cmake
-- Up-to-date: /home/jack/work/install/detect_interface/share/detect_interface/cmake/export_detect_interface__rosidl_typesupport_fastrtps_cppExport.cmake
-- Up-to-date: /home/jack/work/install/detect_interface/share/detect_interface/cmake/export_detect_interface__rosidl_typesupport_fastrtps_cppExport-noconfig.cmake
-- Up-to-date: /home/jack/work/install/detect_interface/share/detect_interface/cmake/detect_interface__rosidl_typesupport_introspection_cExport.cmake
-- Up-to-date: /home/jack/work/install/detect_interface/share/detect_interface/cmake/detect_interface__rosidl_typesupport_introspection_cExport-noconfig.cmake
-- Up-to-date: /home/jack/work/install/detect_interface/share/detect_interface/cmake/detect_interface__rosidl_typesupport_cExport.cmake
-- Up-to-date: /home/jack/work/install/detect_interface/share/detect_interface/cmake/detect_interface__rosidl_typesupport_cExport-noconfig.cmake
-- Up-to-date: /home/jack/work/install/detect_interface/share/detect_interface/cmake/detect_interface__rosidl_typesupport_introspection_cppExport.cmake
-- Up-to-date: /home/jack/work/install/detect_interface/share/detect_interface/cmake/detect_interface__rosidl_typesupport_introspection_cppExport-noconfig.cmake
-- Up-to-date: /home/jack/work/install/detect_interface/share/detect_interface/cmake/detect_interface__rosidl_typesupport_cppExport.cmake
-- Up-to-date: /home/jack/work/install/detect_interface/share/detect_interface/cmake/detect_interface__rosidl_typesupport_cppExport-noconfig.cmake
-- Up-to-date: /home/jack/work/install/detect_interface/share/detect_interface/cmake/export_detect_interface__rosidl_generator_pyExport.cmake
-- Up-to-date: /home/jack/work/install/detect_interface/share/detect_interface/cmake/export_detect_interface__rosidl_generator_pyExport-noconfig.cmake
-- Up-to-date: /home/jack/work/install/detect_interface/share/detect_interface/cmake/rosidl_cmake-extras.cmake
-- Up-to-date: /home/jack/work/install/detect_interface/share/detect_interface/cmake/ament_cmake_export_dependencies-extras.cmake
-- Up-to-date: /home/jack/work/install/detect_interface/share/detect_interface/cmake/ament_cmake_export_include_directories-extras.cmake
-- Up-to-date: /home/jack/work/install/detect_interface/share/detect_interface/cmake/ament_cmake_export_libraries-extras.cmake
-- Up-to-date: /home/jack/work/install/detect_interface/share/detect_interface/cmake/ament_cmake_export_targets-extras.cmake
-- Up-to-date: /home/jack/work/install/detect_interface/share/detect_interface/cmake/rosidl_cmake_export_typesupport_targets-extras.cmake
-- Up-to-date: /home/jack/work/install/detect_interface/share/detect_interface/cmake/rosidl_cmake_export_typesupport_libraries-extras.cmake
-- Up-to-date: /home/jack/work/install/detect_interface/share/detect_interface/cmake/detect_interfaceConfig.cmake
-- Up-to-date: /home/jack/work/install/detect_interface/share/detect_interface/cmake/detect_interfaceConfig-version.cmake
-- Up-to-date: /home/jack/work/install/detect_interface/share/detect_interface/package.xml
